To honour the JVM settings for this build a single-use Daemon process will be forked. For more on this, please refer to https://docs.gradle.org/8.8/userguide/gradle_daemon.html#sec:disabling_the_daemon in the Gradle documentation.
Daemon will be stopped at the end of the build 
> Task :clean
> Task :checkKotlinGradlePluginConfigurationErrors
> Task :processResources
> Task :processTestResources NO-SOURCE

> Task :compileKotlin
w: file:///C:/Users/Capaciti/Documents/Openex/Openx3.0/src/main/kotlin/com/openex/core/service/MatchingEngine.kt:191:9 Parameter 'previousStatus' is never used

> Task :compileJava NO-SOURCE
> Task :classes
> Task :compileTestKotlin
> Task :compileTestJava NO-SOURCE
> Task :testClasses UP-TO-DATE

> Task :test

MatchingEngineTest STANDARD_OUT
    15:14:56.141 [Test worker] INFO org.springframework.test.context.support.AnnotationConfigContextLoaderUtils -- Could not detect default configuration classes for test class [com.openex.core.service.MatchingEngineTest]: MatchingEngineTest does not declare any static, non-private, non-final, nested classes annotated with @Configuration.
    15:14:56.358 [Test worker] INFO org.springframework.boot.test.context.SpringBootTestContextBootstrapper -- Found @SpringBootConfiguration com.openex.core.OpenExApplication for test class com.openex.core.service.MatchingEngineTest

      .   ____          _            __ _ _
     /\\ / ___'_ __ _ _(_)_ __  __ _ \ \ \ \
    ( ( )\___ | '_ | '_| | '_ \/ _` | \ \ \ \
     \\/  ___)| |_)| | | | | || (_| |  ) ) ) )
      '  |____| .__|_| |_|_| |_\__, | / / / /
     =========|_|==============|___/=/_/_/_/

     :: Spring Boot ::                (v3.3.2)

    2026-08-18T15:14:57.377+02:00  INFO 18700 --- [openex] [    Test worker] c.o.core.service.MatchingEngineTest      : Starting MatchingEngineTest using Java 21.0.11 with PID 18700 (started by Capaciti in C:\Users\Capaciti\Documents\Openex\Openx3.0)
    2026-08-18T15:14:57.379+02:00 DEBUG 18700 --- [openex] [    Test worker] c.o.core.service.MatchingEngineTest      : Running with Spring Boot v3.3.2, Spring v6.1.11
    2026-08-18T15:14:57.380+02:00  INFO 18700 --- [openex] [    Test worker] c.o.core.service.MatchingEngineTest      : No active profile set, falling back to 1 default profile: "default"
    2026-08-18T15:14:58.923+02:00  INFO 18700 --- [openex] [    Test worker] .s.d.r.c.RepositoryConfigurationDelegate : Bootstrapping Spring Data JPA repositories in DEFAULT mode.
    2026-08-18T15:14:59.075+02:00  INFO 18700 --- [openex] [    Test worker] .s.d.r.c.RepositoryConfigurationDelegate : Finished Spring Data repository scanning in 134 ms. Found 4 JPA repository interfaces.
    2026-08-18T15:15:00.426+02:00  INFO 18700 --- [openex] [    Test worker] com.zaxxer.hikari.HikariDataSource       : HikariPool-1 - Starting...
    2026-08-18T15:15:00.837+02:00  INFO 18700 --- [openex] [    Test worker] com.zaxxer.hikari.pool.HikariPool        : HikariPool-1 - Added connection org.postgresql.jdbc.PgConnection@3dea226b
    2026-08-18T15:15:00.840+02:00  INFO 18700 --- [openex] [    Test worker] com.zaxxer.hikari.HikariDataSource       : HikariPool-1 - Start completed.
    2026-08-18T15:15:00.893+02:00  INFO 18700 --- [openex] [    Test worker] org.flywaydb.core.FlywayExecutor         : Database: jdbc:postgresql://localhost:5432/openex (PostgreSQL 18.4)
    2026-08-18T15:15:00.922+02:00  WARN 18700 --- [openex] [    Test worker] o.f.c.internal.database.base.Database    : Flyway upgrade recommended: PostgreSQL 18.4 is newer than this version of Flyway and support has not been tested. The latest supported version of PostgreSQL is 16.
    2026-08-18T15:15:01.047+02:00  INFO 18700 --- [openex] [    Test worker] o.f.core.internal.command.DbValidate     : Successfully validated 6 migrations (execution time 00:00.101s)
    2026-08-18T15:15:01.100+02:00  INFO 18700 --- [openex] [    Test worker] o.f.core.internal.command.DbMigrate      : Current version of schema "public": 6
    2026-08-18T15:15:01.104+02:00  INFO 18700 --- [openex] [    Test worker] o.f.core.internal.command.DbMigrate      : Schema "public" is up to date. No migration necessary.
    2026-08-18T15:15:01.361+02:00  INFO 18700 --- [openex] [    Test worker] o.hibernate.jpa.internal.util.LogHelper  : HHH000204: Processing PersistenceUnitInfo [name: default]
    2026-08-18T15:15:01.539+02:00  INFO 18700 --- [openex] [    Test worker] org.hibernate.Version                    : HHH000412: Hibernate ORM core version 6.5.2.Final
    2026-08-18T15:15:01.652+02:00  INFO 18700 --- [openex] [    Test worker] o.h.c.internal.RegionFactoryInitiator    : HHH000026: Second-level cache disabled
    2026-08-18T15:15:02.480+02:00  INFO 18700 --- [openex] [    Test worker] o.s.o.j.p.SpringPersistenceUnitInfo      : No LoadTimeWeaver setup: ignoring JPA class transformer
    2026-08-18T15:15:04.021+02:00  INFO 18700 --- [openex] [    Test worker] o.h.e.t.j.p.i.JtaPlatformInitiator       : HHH000489: No JTA platform available (set 'hibernate.transaction.jta.platform' to enable JTA platform integration)
    2026-08-18T15:15:04.083+02:00  INFO 18700 --- [openex] [    Test worker] j.LocalContainerEntityManagerFactoryBean : Initialized JPA EntityManagerFactory for persistence unit 'default'
    2026-08-18T15:15:06.704+02:00  INFO 18700 --- [openex] [    Test worker] o.s.m.s.b.SimpleBrokerMessageHandler     : Starting...
    2026-08-18T15:15:06.705+02:00  INFO 18700 --- [openex] [    Test worker] o.s.m.s.b.SimpleBrokerMessageHandler     : BrokerAvailabilityEvent[available=true, SimpleBrokerMessageHandler [org.springframework.messaging.simp.broker.DefaultSubscriptionRegistry@56ed9270]]
    2026-08-18T15:15:06.706+02:00  INFO 18700 --- [openex] [    Test worker] o.s.m.s.b.SimpleBrokerMessageHandler     : Started.
    2026-08-18T15:15:06.719+02:00  INFO 18700 --- [openex] [    Test worker] c.o.core.service.MatchingEngineTest      : Started MatchingEngineTest in 10.006 seconds (process running for 12.101)

MatchingEngineTest > incoming order partially fills against a smaller resting order() STANDARD_ERROR
    WARNING: A Java agent has been loaded dynamically (C:\Users\Capaciti\.gradle\caches\modules-2\files-2.1\net.bytebuddy\byte-buddy-agent\1.14.18\417558ea01fe9f0e8a94af28b9469d281c4e3984\byte-buddy-agent-1.14.18.jar)
    WARNING: If a serviceability tool is in use, please run with -XX:+EnableDynamicAgentLoading to hide this warning
    WARNING: If a serviceability tool is not in use, please run with -Djdk.instrument.traceUsage for more information
    WARNING: Dynamic loading of agents will be disallowed by default in a future release

OpenJDK 64-Bit Server VM warning: Sharing is only supported for boot loader classes because bootstrap classpath has been appended

> Task :test

MatchingEngineTest > incoming order partially fills against a smaller resting order() STANDARD_OUT
    2026-08-18T15:15:07.634+02:00 DEBUG 18700 --- [openex] [    Test worker] org.hibernate.SQL                        : 
        select
            le1_0.id,
            le1_0.account_id,
            le1_0.amount,
            le1_0.asset,
            le1_0.created_at,
            le1_0.entry_type,
            le1_0.reference_id,
            le1_0.reference_type 
        from
            ledger_entries le1_0 
        where
            le1_0.id=?
    2026-08-18T15:15:07.664+02:00 DEBUG 18700 --- [openex] [    Test worker] org.hibernate.SQL                        : 
        select
            le1_0.id,
            le1_0.account_id,
            le1_0.amount,
            le1_0.asset,
            le1_0.created_at,
            le1_0.entry_type,
            le1_0.reference_id,
            le1_0.reference_type 
        from
            ledger_entries le1_0 
        where
            le1_0.id=?
    2026-08-18T15:15:07.777+02:00 DEBUG 18700 --- [openex] [    Test worker] org.hibernate.SQL                        : 
        select
            w1_0.id,
            w1_0.account_id,
            w1_0.asset,
            w1_0.balance,
            w1_0.reserved,
            w1_0.updated_at,
            w1_0.version 
        from
            wallets w1_0 
        where
            w1_0.account_id=? 
            and w1_0.asset=?
    2026-08-18T15:15:07.788+02:00 DEBUG 18700 --- [openex] [    Test worker] org.hibernate.SQL                        : 
        select
            w1_0.id,
            w1_0.account_id,
            w1_0.asset,
            w1_0.balance,
            w1_0.reserved,
            w1_0.updated_at,
            w1_0.version 
        from
            wallets w1_0 
        where
            w1_0.id=?
    2026-08-18T15:15:07.799+02:00 DEBUG 18700 --- [openex] [    Test worker] org.hibernate.SQL                        : 
        select
            o1_0.id,
            o1_0.account_id,
            o1_0.created_at,
            o1_0.idempotency_key,
            o1_0.price,
            o1_0.quantity,
            o1_0.remaining_quantity,
            o1_0.side,
            o1_0.status,
            o1_0.symbol,
            o1_0.type,
            o1_0.updated_at,
            o1_0.version 
        from
            orders o1_0 
        where
            o1_0.idempotency_key=?
    2026-08-18T15:15:07.826+02:00 DEBUG 18700 --- [openex] [    Test worker] org.hibernate.SQL                        : 
        select
            o1_0.id,
            o1_0.account_id,
            o1_0.created_at,
            o1_0.idempotency_key,
            o1_0.price,
            o1_0.quantity,
            o1_0.remaining_quantity,
            o1_0.side,
            o1_0.status,
            o1_0.symbol,
            o1_0.type,
            o1_0.updated_at,
            o1_0.version 
        from
            orders o1_0 
        where
            o1_0.idempotency_key=?

MatchingEngineTest > incoming order partially fills against a smaller resting order() FAILED
    org.opentest4j.AssertionFailedError: expected: <PARTIALLY_FILLED> but was: <FILLED>
        at app//org.junit.jupiter.api.AssertionFailureBuilder.build(AssertionFailureBuilder.java:151)
        at app//org.junit.jupiter.api.AssertionFailureBuilder.buildAndThrow(AssertionFailureBuilder.java:132)
        at app//org.junit.jupiter.api.AssertEquals.failNotEqual(AssertEquals.java:197)
        at app//org.junit.jupiter.api.AssertEquals.assertEquals(AssertEquals.java:182)
        at app//org.junit.jupiter.api.AssertEquals.assertEquals(AssertEquals.java:177)
        at app//org.junit.jupiter.api.Assertions.assertEquals(Assertions.java:1145)
        at app//com.openex.core.service.MatchingEngineTest.incoming order partially fills against a smaller resting order(MatchingEngineTest.kt:87)

MatchingEngineTest > at equal price the earlier resting order is matched first() STANDARD_OUT
    2026-08-18T15:15:07.913+02:00 DEBUG 18700 --- [openex] [    Test worker] org.hibernate.SQL                        : 
        select
            le1_0.id,
            le1_0.account_id,
            le1_0.amount,
            le1_0.asset,
            le1_0.created_at,
            le1_0.entry_type,
            le1_0.reference_id,
            le1_0.reference_type 
        from
            ledger_entries le1_0 
        where
            le1_0.id=?
    2026-08-18T15:15:07.919+02:00 DEBUG 18700 --- [openex] [    Test worker] org.hibernate.SQL                        : 
        select
            le1_0.id,
            le1_0.account_id,
            le1_0.amount,
            le1_0.asset,
            le1_0.created_at,
            le1_0.entry_type,
            le1_0.reference_id,
            le1_0.reference_type 
        from
            ledger_entries le1_0 
        where
            le1_0.id=?
    2026-08-18T15:15:07.926+02:00 DEBUG 18700 --- [openex] [    Test worker] org.hibernate.SQL                        : 
        select
            w1_0.id,
            w1_0.account_id,
            w1_0.asset,
            w1_0.balance,
            w1_0.reserved,
            w1_0.updated_at,
            w1_0.version 
        from
            wallets w1_0 
        where
            w1_0.account_id=? 
            and w1_0.asset=?
    2026-08-18T15:15:07.930+02:00 DEBUG 18700 --- [openex] [    Test worker] org.hibernate.SQL                        : 
        select
            w1_0.id,
            w1_0.account_id,
            w1_0.asset,
            w1_0.balance,
            w1_0.reserved,
            w1_0.updated_at,
            w1_0.version 
        from
            wallets w1_0 
        where
            w1_0.id=?
    2026-08-18T15:15:07.938+02:00 DEBUG 18700 --- [openex] [    Test worker] org.hibernate.SQL                        : 
        select
            o1_0.id,
            o1_0.account_id,
            o1_0.created_at,
            o1_0.idempotency_key,
            o1_0.price,
            o1_0.quantity,
            o1_0.remaining_quantity,
            o1_0.side,
            o1_0.status,
            o1_0.symbol,
            o1_0.type,
            o1_0.updated_at,
            o1_0.version 
        from
            orders o1_0 
        where
            o1_0.idempotency_key=?
    2026-08-18T15:15:07.972+02:00 DEBUG 18700 --- [openex] [    Test worker] org.hibernate.SQL                        : 
        insert 
        into
            ledger_entries
            (account_id, amount, asset, created_at, entry_type, reference_id, reference_type, id) 
        values
            (?, ?, ?, ?, ?, ?, ?, ?)
    2026-08-18T15:15:07.988+02:00 DEBUG 18700 --- [openex] [    Test worker] org.hibernate.SQL                        : 
        insert 
        into
            ledger_entries
            (account_id, amount, asset, created_at, entry_type, reference_id, reference_type, id) 
        values
            (?, ?, ?, ?, ?, ?, ?, ?)
    2026-08-18T15:15:07.996+02:00 DEBUG 18700 --- [openex] [    Test worker] org.hibernate.SQL                        : 
        insert 
        into
            wallets
            (account_id, asset, balance, reserved, updated_at, version, id) 
        values
            (?, ?, ?, ?, ?, ?, ?)
    2026-08-18T15:15:07.999+02:00 DEBUG 18700 --- [openex] [    Test worker] org.hibernate.SQL                        : 
        select
            w1_0.id,
            w1_0.account_id,
            w1_0.asset,
            w1_0.balance,
            w1_0.reserved,
            w1_0.updated_at,
            w1_0.version 
        from
            wallets w1_0 
        where
            w1_0.account_id=? 
            and w1_0.asset=?
    2026-08-18T15:15:08.004+02:00 DEBUG 18700 --- [openex] [    Test worker] org.hibernate.SQL                        : 
        select
            o1_0.id,
            o1_0.account_id,
            o1_0.created_at,
            o1_0.idempotency_key,
            o1_0.price,
            o1_0.quantity,
            o1_0.remaining_quantity,
            o1_0.side,
            o1_0.status,
            o1_0.symbol,
            o1_0.type,
            o1_0.updated_at,
            o1_0.version 
        from
            orders o1_0 
        where
            o1_0.id=?
    2026-08-18T15:15:08.010+02:00  INFO 18700 --- [openex] [    Test worker] com.openex.core.service.OrderService     : Order placed: id=0f4d2018-dd31-4fc1-b78f-d4d9e1cb0b5c account=22222222-2222-2222-2222-222222222222 SELL 1 DOGE-USD @ 1.00
    2026-08-18T15:15:08.018+02:00 DEBUG 18700 --- [openex] [    Test worker] org.hibernate.SQL                        : 
        insert 
        into
            orders
            (account_id, created_at, idempotency_key, price, quantity, remaining_quantity, side, status, symbol, type, updated_at, version, id) 
        values
            (?, ?, ?, ?, ?, ?, ?, ?, ?, ?, ?, ?, ?)
    2026-08-18T15:15:08.026+02:00 DEBUG 18700 --- [openex] [    Test worker] org.hibernate.SQL                        : 
        update
            wallets 
        set
            account_id=?,
            asset=?,
            balance=?,
            reserved=?,
            updated_at=?,
            version=? 
        where
            id=? 
            and version=?
    2026-08-18T15:15:08.031+02:00 DEBUG 18700 --- [openex] [    Test worker] org.hibernate.SQL                        : 
        select
            o1_0.id,
            o1_0.account_id,
            o1_0.created_at,
            o1_0.idempotency_key,
            o1_0.price,
            o1_0.quantity,
            o1_0.remaining_quantity,
            o1_0.side,
            o1_0.status,
            o1_0.symbol,
            o1_0.type,
            o1_0.updated_at,
            o1_0.version 
        from
            orders o1_0
    2026-08-18T15:15:08.165+02:00 DEBUG 18700 --- [openex] [    Test worker] org.hibernate.SQL                        : 
        select
            o1_0.id,
            o1_0.account_id,
            o1_0.created_at,
            o1_0.idempotency_key,
            o1_0.price,
            o1_0.quantity,
            o1_0.remaining_quantity,
            o1_0.side,
            o1_0.status,
            o1_0.symbol,
            o1_0.type,
            o1_0.updated_at,
            o1_0.version 
        from
            orders o1_0 
        where
            o1_0.symbol=? 
            and o1_0.status in (?, ?)
    2026-08-18T15:15:08.719+02:00 DEBUG 18700 --- [openex] [    Test worker] org.hibernate.SQL                        : 
        select
            o1_0.id,
            o1_0.account_id,
            o1_0.created_at,
            o1_0.idempotency_key,
            o1_0.price,
            o1_0.quantity,
            o1_0.remaining_quantity,
            o1_0.side,
            o1_0.status,
            o1_0.symbol,
            o1_0.type,
            o1_0.updated_at,
            o1_0.version 
        from
            orders o1_0 
        where
            o1_0.idempotency_key=?
    2026-08-18T15:15:08.732+02:00 DEBUG 18700 --- [openex] [    Test worker] org.hibernate.SQL                        : 
        select
            w1_0.id,
            w1_0.account_id,
            w1_0.asset,
            w1_0.balance,
            w1_0.reserved,
            w1_0.updated_at,
            w1_0.version 
        from
            wallets w1_0 
        where
            w1_0.account_id=? 
            and w1_0.asset=?
    2026-08-18T15:15:08.737+02:00 DEBUG 18700 --- [openex] [    Test worker] org.hibernate.SQL                        : 
        select
            o1_0.id,
            o1_0.account_id,
            o1_0.created_at,
            o1_0.idempotency_key,
            o1_0.price,
            o1_0.quantity,
            o1_0.remaining_quantity,
            o1_0.side,
            o1_0.status,
            o1_0.symbol,
            o1_0.type,
            o1_0.updated_at,
            o1_0.version 
        from
            orders o1_0 
        where
            o1_0.id=?
    2026-08-18T15:15:08.740+02:00  INFO 18700 --- [openex] [    Test worker] com.openex.core.service.OrderService     : Order placed: id=3b152991-99af-40ea-9e3c-215db1a53d44 account=22222222-2222-2222-2222-222222222222 SELL 1 DOGE-USD @ 1.00
    2026-08-18T15:15:08.757+02:00 DEBUG 18700 --- [openex] [    Test worker] org.hibernate.SQL                        : 
        insert 
        into
            orders
            (account_id, created_at, idempotency_key, price, quantity, remaining_quantity, side, status, symbol, type, updated_at, version, id) 
        values
            (?, ?, ?, ?, ?, ?, ?, ?, ?, ?, ?, ?, ?)
    2026-08-18T15:15:08.759+02:00 DEBUG 18700 --- [openex] [    Test worker] org.hibernate.SQL                        : 
        update
            wallets 
        set
            account_id=?,
            asset=?,
            balance=?,
            reserved=?,
            updated_at=?,
            version=? 
        where
            id=? 
            and version=?
    2026-08-18T15:15:08.761+02:00 DEBUG 18700 --- [openex] [    Test worker] org.hibernate.SQL                        : 
        select
            o1_0.id,
            o1_0.account_id,
            o1_0.created_at,
            o1_0.idempotency_key,
            o1_0.price,
            o1_0.quantity,
            o1_0.remaining_quantity,
            o1_0.side,
            o1_0.status,
            o1_0.symbol,
            o1_0.type,
            o1_0.updated_at,
            o1_0.version 
        from
            orders o1_0
    2026-08-18T15:15:08.807+02:00 DEBUG 18700 --- [openex] [    Test worker] org.hibernate.SQL                        : 
        select
            o1_0.id,
            o1_0.account_id,
            o1_0.created_at,
            o1_0.idempotency_key,
            o1_0.price,
            o1_0.quantity,
            o1_0.remaining_quantity,
            o1_0.side,
            o1_0.status,
            o1_0.symbol,
            o1_0.type,
            o1_0.updated_at,
            o1_0.version 
        from
            orders o1_0 
        where
            o1_0.symbol=? 
            and o1_0.status in (?, ?)
    2026-08-18T15:15:08.824+02:00 DEBUG 18700 --- [openex] [    Test worker] org.hibernate.SQL                        : 
        select
            o1_0.id,
            o1_0.account_id,
            o1_0.created_at,
            o1_0.idempotency_key,
            o1_0.price,
            o1_0.quantity,
            o1_0.remaining_quantity,
            o1_0.side,
            o1_0.status,
            o1_0.symbol,
            o1_0.type,
            o1_0.updated_at,
            o1_0.version 
        from
            orders o1_0 
        where
            o1_0.idempotency_key=?
    2026-08-18T15:15:08.834+02:00 DEBUG 18700 --- [openex] [    Test worker] org.hibernate.SQL                        : 
        select
            w1_0.id,
            w1_0.account_id,
            w1_0.asset,
            w1_0.balance,
            w1_0.reserved,
            w1_0.updated_at,
            w1_0.version 
        from
            wallets w1_0 
        where
            w1_0.account_id=? 
            and w1_0.asset=?
    2026-08-18T15:15:08.837+02:00 DEBUG 18700 --- [openex] [    Test worker] org.hibernate.SQL                        : 
        select
            o1_0.id,
            o1_0.account_id,
            o1_0.created_at,
            o1_0.idempotency_key,
            o1_0.price,
            o1_0.quantity,
            o1_0.remaining_quantity,
            o1_0.side,
            o1_0.status,
            o1_0.symbol,
            o1_0.type,
            o1_0.updated_at,
            o1_0.version 
        from
            orders o1_0 
        where
            o1_0.id=?
    2026-08-18T15:15:08.839+02:00  INFO 18700 --- [openex] [    Test worker] com.openex.core.service.OrderService     : Order placed: id=2b174a28-fa6b-4a50-8e1d-6a76c7e7b2a2 account=11111111-1111-1111-1111-111111111111 BUY 1 DOGE-USD @ 1.00
    2026-08-18T15:15:08.843+02:00 DEBUG 18700 --- [openex] [    Test worker] org.hibernate.SQL                        : 
        insert 
        into
            orders
            (account_id, created_at, idempotency_key, price, quantity, remaining_quantity, side, status, symbol, type, updated_at, version, id) 
        values
            (?, ?, ?, ?, ?, ?, ?, ?, ?, ?, ?, ?, ?)
    2026-08-18T15:15:08.847+02:00 DEBUG 18700 --- [openex] [    Test worker] org.hibernate.SQL                        : 
        update
            wallets 
        set
            account_id=?,
            asset=?,
            balance=?,
            reserved=?,
            updated_at=?,
            version=? 
        where
            id=? 
            and version=?
    2026-08-18T15:15:08.851+02:00 DEBUG 18700 --- [openex] [    Test worker] org.hibernate.SQL                        : 
        select
            o1_0.id,
            o1_0.account_id,
            o1_0.created_at,
            o1_0.idempotency_key,
            o1_0.price,
            o1_0.quantity,
            o1_0.remaining_quantity,
            o1_0.side,
            o1_0.status,
            o1_0.symbol,
            o1_0.type,
            o1_0.updated_at,
            o1_0.version 
        from
            orders o1_0
    2026-08-18T15:15:08.909+02:00 DEBUG 18700 --- [openex] [    Test worker] org.hibernate.SQL                        : 
        select
            t1_0.id,
            t1_0.buy_order_id,
            t1_0.executed_at,
            t1_0.price,
            t1_0.quantity,
            t1_0.sell_order_id,
            t1_0.symbol 
        from
            trades t1_0 
        where
            t1_0.id=?
    2026-08-18T15:15:08.932+02:00 DEBUG 18700 --- [openex] [    Test worker] org.hibernate.SQL                        : 
        select
            w1_0.id,
            w1_0.account_id,
            w1_0.asset,
            w1_0.balance,
            w1_0.reserved,
            w1_0.updated_at,
            w1_0.version 
        from
            wallets w1_0 
        where
            w1_0.account_id=? 
            and w1_0.asset=?
    2026-08-18T15:15:08.940+02:00 DEBUG 18700 --- [openex] [    Test worker] org.hibernate.SQL                        : 
        insert 
        into
            trades
            (buy_order_id, executed_at, price, quantity, sell_order_id, symbol, id) 
        values
            (?, ?, ?, ?, ?, ?, ?)
    2026-08-18T15:15:08.944+02:00 DEBUG 18700 --- [openex] [    Test worker] org.hibernate.SQL                        : 
        update
            wallets 
        set
            account_id=?,
            asset=?,
            balance=?,
            reserved=?,
            updated_at=?,
            version=? 
        where
            id=? 
            and version=?
    2026-08-18T15:15:08.946+02:00 DEBUG 18700 --- [openex] [    Test worker] org.hibernate.SQL                        : 
        select
            w1_0.id,
            w1_0.account_id,
            w1_0.asset,
            w1_0.balance,
            w1_0.reserved,
            w1_0.updated_at,
            w1_0.version 
        from
            wallets w1_0 
        where
            w1_0.account_id=? 
            and w1_0.asset=?
    2026-08-18T15:15:08.950+02:00 DEBUG 18700 --- [openex] [    Test worker] org.hibernate.SQL                        : 
        select
            le1_0.id,
            le1_0.account_id,
            le1_0.amount,
            le1_0.asset,
            le1_0.created_at,
            le1_0.entry_type,
            le1_0.reference_id,
            le1_0.reference_type 
        from
            ledger_entries le1_0 
        where
            le1_0.id=?
    2026-08-18T15:15:08.952+02:00 DEBUG 18700 --- [openex] [    Test worker] org.hibernate.SQL                        : 
        select
            le1_0.id,
            le1_0.account_id,
            le1_0.amount,
            le1_0.asset,
            le1_0.created_at,
            le1_0.entry_type,
            le1_0.reference_id,
            le1_0.reference_type 
        from
            ledger_entries le1_0 
        where
            le1_0.id=?
    2026-08-18T15:15:08.957+02:00 DEBUG 18700 --- [openex] [    Test worker] org.hibernate.SQL                        : 
        insert 
        into
            ledger_entries
            (account_id, amount, asset, created_at, entry_type, reference_id, reference_type, id) 
        values
            (?, ?, ?, ?, ?, ?, ?, ?)
    2026-08-18T15:15:08.959+02:00 DEBUG 18700 --- [openex] [    Test worker] org.hibernate.SQL                        : 
        insert 
        into
            ledger_entries
            (account_id, amount, asset, created_at, entry_type, reference_id, reference_type, id) 
        values
            (?, ?, ?, ?, ?, ?, ?, ?)
    2026-08-18T15:15:08.961+02:00 DEBUG 18700 --- [openex] [    Test worker] org.hibernate.SQL                        : 
        update
            wallets 
        set
            account_id=?,
            asset=?,
            balance=?,
            reserved=?,
            updated_at=?,
            version=? 
        where
            id=? 
            and version=?
    2026-08-18T15:15:08.964+02:00 DEBUG 18700 --- [openex] [    Test worker] org.hibernate.SQL                        : 
        select
            w1_0.id,
            w1_0.account_id,
            w1_0.asset,
            w1_0.balance,
            w1_0.reserved,
            w1_0.updated_at,
            w1_0.version 
        from
            wallets w1_0 
        where
            w1_0.account_id=? 
            and w1_0.asset=?
    2026-08-18T15:15:08.973+02:00 DEBUG 18700 --- [openex] [    Test worker] org.hibernate.SQL                        : 
        update
            wallets 
        set
            account_id=?,
            asset=?,
            balance=?,
            reserved=?,
            updated_at=?,
            version=? 
        where
            id=? 
            and version=?
    2026-08-18T15:15:08.976+02:00 DEBUG 18700 --- [openex] [    Test worker] org.hibernate.SQL                        : 
        select
            w1_0.id,
            w1_0.account_id,
            w1_0.asset,
            w1_0.balance,
            w1_0.reserved,
            w1_0.updated_at,
            w1_0.version 
        from
            wallets w1_0 
        where
            w1_0.account_id=? 
            and w1_0.asset=?
    2026-08-18T15:15:08.978+02:00 DEBUG 18700 --- [openex] [    Test worker] org.hibernate.SQL                        : 
        select
            w1_0.id,
            w1_0.account_id,
            w1_0.asset,
            w1_0.balance,
            w1_0.reserved,
            w1_0.updated_at,
            w1_0.version 
        from
            wallets w1_0 
        where
            w1_0.id=?
    2026-08-18T15:15:08.979+02:00 DEBUG 18700 --- [openex] [    Test worker] org.hibernate.SQL                        : 
        select
            le1_0.id,
            le1_0.account_id,
            le1_0.amount,
            le1_0.asset,
            le1_0.created_at,
            le1_0.entry_type,
            le1_0.reference_id,
            le1_0.reference_type 
        from
            ledger_entries le1_0 
        where
            le1_0.id=?
    2026-08-18T15:15:08.981+02:00 DEBUG 18700 --- [openex] [    Test worker] org.hibernate.SQL                        : 
        select
            le1_0.id,
            le1_0.account_id,
            le1_0.amount,
            le1_0.asset,
            le1_0.created_at,
            le1_0.entry_type,
            le1_0.reference_id,
            le1_0.reference_type 
        from
            ledger_entries le1_0 
        where
            le1_0.id=?
    2026-08-18T15:15:09.009+02:00 DEBUG 18700 --- [openex] [    Test worker] org.hibernate.SQL                        : 
        insert 
        into
            wallets
            (account_id, asset, balance, reserved, updated_at, version, id) 
        values
            (?, ?, ?, ?, ?, ?, ?)
    2026-08-18T15:15:09.011+02:00 DEBUG 18700 --- [openex] [    Test worker] org.hibernate.SQL                        : 
        insert 
        into
            ledger_entries
            (account_id, amount, asset, created_at, entry_type, reference_id, reference_type, id) 
        values
            (?, ?, ?, ?, ?, ?, ?, ?)
    2026-08-18T15:15:09.013+02:00 DEBUG 18700 --- [openex] [    Test worker] org.hibernate.SQL                        : 
        insert 
        into
            ledger_entries
            (account_id, amount, asset, created_at, entry_type, reference_id, reference_type, id) 
        values
            (?, ?, ?, ?, ?, ?, ?, ?)
    2026-08-18T15:15:09.015+02:00 DEBUG 18700 --- [openex] [    Test worker] org.hibernate.SQL                        : 
        update
            orders 
        set
            account_id=?,
            created_at=?,
            idempotency_key=?,
            price=?,
            quantity=?,
            remaining_quantity=?,
            side=?,
            status=?,
            symbol=?,
            type=?,
            updated_at=?,
            version=? 
        where
            id=? 
            and version=?
    2026-08-18T15:15:09.018+02:00 DEBUG 18700 --- [openex] [    Test worker] org.hibernate.SQL                        : 
        update
            orders 
        set
            account_id=?,
            created_at=?,
            idempotency_key=?,
            price=?,
            quantity=?,
            remaining_quantity=?,
            side=?,
            status=?,
            symbol=?,
            type=?,
            updated_at=?,
            version=? 
        where
            id=? 
            and version=?
    2026-08-18T15:15:09.020+02:00 DEBUG 18700 --- [openex] [    Test worker] org.hibernate.SQL                        : 
        select
            o1_0.id,
            o1_0.account_id,
            o1_0.created_at,
            o1_0.idempotency_key,
            o1_0.price,
            o1_0.quantity,
            o1_0.remaining_quantity,
            o1_0.side,
            o1_0.status,
            o1_0.symbol,
            o1_0.type,
            o1_0.updated_at,
            o1_0.version 
        from
            orders o1_0 
        where
            o1_0.symbol=? 
            and o1_0.status in (?, ?)
    2026-08-18T15:15:09.022+02:00  INFO 18700 --- [openex] [    Test worker] com.openex.core.service.OrderService     : Order matched: id=2b174a28-fa6b-4a50-8e1d-6a76c7e7b2a2 status=FILLED remaining=0

MatchingEngineTest > at equal price the earlier resting order is matched first() PASSED

MatchingEngineTest > incoming buy order fully fills a matching resting sell order() STANDARD_OUT
    2026-08-18T15:15:09.033+02:00 DEBUG 18700 --- [openex] [    Test worker] org.hibernate.SQL                        : 
        select
            le1_0.id,
            le1_0.account_id,
            le1_0.amount,
            le1_0.asset,
            le1_0.created_at,
            le1_0.entry_type,
            le1_0.reference_id,
            le1_0.reference_type 
        from
            ledger_entries le1_0 
        where
            le1_0.id=?
    2026-08-18T15:15:09.035+02:00 DEBUG 18700 --- [openex] [    Test worker] org.hibernate.SQL                        : 
        select
            le1_0.id,
            le1_0.account_id,
            le1_0.amount,
            le1_0.asset,
            le1_0.created_at,
            le1_0.entry_type,
            le1_0.reference_id,
            le1_0.reference_type 
        from
            ledger_entries le1_0 
        where
            le1_0.id=?
    2026-08-18T15:15:09.039+02:00 DEBUG 18700 --- [openex] [    Test worker] org.hibernate.SQL                        : 
        select
            w1_0.id,
            w1_0.account_id,
            w1_0.asset,
            w1_0.balance,
            w1_0.reserved,
            w1_0.updated_at,
            w1_0.version 
        from
            wallets w1_0 
        where
            w1_0.account_id=? 
            and w1_0.asset=?
    2026-08-18T15:15:09.040+02:00 DEBUG 18700 --- [openex] [    Test worker] org.hibernate.SQL                        : 
        select
            w1_0.id,
            w1_0.account_id,
            w1_0.asset,
            w1_0.balance,
            w1_0.reserved,
            w1_0.updated_at,
            w1_0.version 
        from
            wallets w1_0 
        where
            w1_0.id=?
    2026-08-18T15:15:09.044+02:00 DEBUG 18700 --- [openex] [    Test worker] org.hibernate.SQL                        : 
        select
            o1_0.id,
            o1_0.account_id,
            o1_0.created_at,
            o1_0.idempotency_key,
            o1_0.price,
            o1_0.quantity,
            o1_0.remaining_quantity,
            o1_0.side,
            o1_0.status,
            o1_0.symbol,
            o1_0.type,
            o1_0.updated_at,
            o1_0.version 
        from
            orders o1_0 
        where
            o1_0.idempotency_key=?
    2026-08-18T15:15:09.047+02:00 DEBUG 18700 --- [openex] [    Test worker] org.hibernate.SQL                        : 
        insert 
        into
            ledger_entries
            (account_id, amount, asset, created_at, entry_type, reference_id, reference_type, id) 
        values
            (?, ?, ?, ?, ?, ?, ?, ?)
    2026-08-18T15:15:09.052+02:00 DEBUG 18700 --- [openex] [    Test worker] org.hibernate.SQL                        : 
        insert 
        into
            ledger_entries
            (account_id, amount, asset, created_at, entry_type, reference_id, reference_type, id) 
        values
            (?, ?, ?, ?, ?, ?, ?, ?)
    2026-08-18T15:15:09.053+02:00 DEBUG 18700 --- [openex] [    Test worker] org.hibernate.SQL                        : 
        insert 
        into
            wallets
            (account_id, asset, balance, reserved, updated_at, version, id) 
        values
            (?, ?, ?, ?, ?, ?, ?)
    2026-08-18T15:15:09.055+02:00 DEBUG 18700 --- [openex] [    Test worker] org.hibernate.SQL                        : 
        select
            w1_0.id,
            w1_0.account_id,
            w1_0.asset,
            w1_0.balance,
            w1_0.reserved,
            w1_0.updated_at,
            w1_0.version 
        from
            wallets w1_0 
        where
            w1_0.account_id=? 
            and w1_0.asset=?
    2026-08-18T15:15:09.059+02:00 DEBUG 18700 --- [openex] [    Test worker] org.hibernate.SQL                        : 
        select
            o1_0.id,
            o1_0.account_id,
            o1_0.created_at,
            o1_0.idempotency_key,
            o1_0.price,
            o1_0.quantity,
            o1_0.remaining_quantity,
            o1_0.side,
            o1_0.status,
            o1_0.symbol,
            o1_0.type,
            o1_0.updated_at,
            o1_0.version 
        from
            orders o1_0 
        where
            o1_0.id=?
    2026-08-18T15:15:09.062+02:00  INFO 18700 --- [openex] [    Test worker] com.openex.core.service.OrderService     : Order placed: id=543a6c4b-1176-4dec-b7ed-1b244291f98f account=22222222-2222-2222-2222-222222222222 SELL 1 MATCHFULL-USD @ 100.00
    2026-08-18T15:15:09.064+02:00 DEBUG 18700 --- [openex] [    Test worker] org.hibernate.SQL                        : 
        insert 
        into
            orders
            (account_id, created_at, idempotency_key, price, quantity, remaining_quantity, side, status, symbol, type, updated_at, version, id) 
        values
            (?, ?, ?, ?, ?, ?, ?, ?, ?, ?, ?, ?, ?)
    2026-08-18T15:15:09.066+02:00 DEBUG 18700 --- [openex] [    Test worker] org.hibernate.SQL                        : 
        update
            wallets 
        set
            account_id=?,
            asset=?,
            balance=?,
            reserved=?,
            updated_at=?,
            version=? 
        where
            id=? 
            and version=?
    2026-08-18T15:15:09.068+02:00 DEBUG 18700 --- [openex] [    Test worker] org.hibernate.SQL                        : 
        select
            o1_0.id,
            o1_0.account_id,
            o1_0.created_at,
            o1_0.idempotency_key,
            o1_0.price,
            o1_0.quantity,
            o1_0.remaining_quantity,
            o1_0.side,
            o1_0.status,
            o1_0.symbol,
            o1_0.type,
            o1_0.updated_at,
            o1_0.version 
        from
            orders o1_0
    2026-08-18T15:15:09.102+02:00 DEBUG 18700 --- [openex] [    Test worker] org.hibernate.SQL                        : 
        select
            o1_0.id,
            o1_0.account_id,
            o1_0.created_at,
            o1_0.idempotency_key,
            o1_0.price,
            o1_0.quantity,
            o1_0.remaining_quantity,
            o1_0.side,
            o1_0.status,
            o1_0.symbol,
            o1_0.type,
            o1_0.updated_at,
            o1_0.version 
        from
            orders o1_0 
        where
            o1_0.symbol=? 
            and o1_0.status in (?, ?)
    2026-08-18T15:15:09.109+02:00 DEBUG 18700 --- [openex] [    Test worker] org.hibernate.SQL                        : 
        select
            o1_0.id,
            o1_0.account_id,
            o1_0.created_at,
            o1_0.idempotency_key,
            o1_0.price,
            o1_0.quantity,
            o1_0.remaining_quantity,
            o1_0.side,
            o1_0.status,
            o1_0.symbol,
            o1_0.type,
            o1_0.updated_at,
            o1_0.version 
        from
            orders o1_0 
        where
            o1_0.idempotency_key=?
    2026-08-18T15:15:09.113+02:00 DEBUG 18700 --- [openex] [    Test worker] org.hibernate.SQL                        : 
        select
            w1_0.id,
            w1_0.account_id,
            w1_0.asset,
            w1_0.balance,
            w1_0.reserved,
            w1_0.updated_at,
            w1_0.version 
        from
            wallets w1_0 
        where
            w1_0.account_id=? 
            and w1_0.asset=?
    2026-08-18T15:15:09.115+02:00 DEBUG 18700 --- [openex] [    Test worker] org.hibernate.SQL                        : 
        select
            o1_0.id,
            o1_0.account_id,
            o1_0.created_at,
            o1_0.idempotency_key,
            o1_0.price,
            o1_0.quantity,
            o1_0.remaining_quantity,
            o1_0.side,
            o1_0.status,
            o1_0.symbol,
            o1_0.type,
            o1_0.updated_at,
            o1_0.version 
        from
            orders o1_0 
        where
            o1_0.id=?
    2026-08-18T15:15:09.117+02:00  INFO 18700 --- [openex] [    Test worker] com.openex.core.service.OrderService     : Order placed: id=2248faa4-a533-4c88-8dc2-dde8902575b8 account=11111111-1111-1111-1111-111111111111 BUY 1 MATCHFULL-USD @ 100.00
    2026-08-18T15:15:09.120+02:00 DEBUG 18700 --- [openex] [    Test worker] org.hibernate.SQL                        : 
        insert 
        into
            orders
            (account_id, created_at, idempotency_key, price, quantity, remaining_quantity, side, status, symbol, type, updated_at, version, id) 
        values
            (?, ?, ?, ?, ?, ?, ?, ?, ?, ?, ?, ?, ?)
    2026-08-18T15:15:09.122+02:00 DEBUG 18700 --- [openex] [    Test worker] org.hibernate.SQL                        : 
        update
            wallets 
        set
            account_id=?,
            asset=?,
            balance=?,
            reserved=?,
            updated_at=?,
            version=? 
        where
            id=? 
            and version=?
    2026-08-18T15:15:09.124+02:00 DEBUG 18700 --- [openex] [    Test worker] org.hibernate.SQL                        : 
        select
            o1_0.id,
            o1_0.account_id,
            o1_0.created_at,
            o1_0.idempotency_key,
            o1_0.price,
            o1_0.quantity,
            o1_0.remaining_quantity,
            o1_0.side,
            o1_0.status,
            o1_0.symbol,
            o1_0.type,
            o1_0.updated_at,
            o1_0.version 
        from
            orders o1_0
    2026-08-18T15:15:09.128+02:00 DEBUG 18700 --- [openex] [    Test worker] org.hibernate.SQL                        : 
        select
            t1_0.id,
            t1_0.buy_order_id,
            t1_0.executed_at,
            t1_0.price,
            t1_0.quantity,
            t1_0.sell_order_id,
            t1_0.symbol 
        from
            trades t1_0 
        where
            t1_0.id=?
    2026-08-18T15:15:09.132+02:00 DEBUG 18700 --- [openex] [    Test worker] org.hibernate.SQL                        : 
        select
            w1_0.id,
            w1_0.account_id,
            w1_0.asset,
            w1_0.balance,
            w1_0.reserved,
            w1_0.updated_at,
            w1_0.version 
        from
            wallets w1_0 
        where
            w1_0.account_id=? 
            and w1_0.asset=?
    2026-08-18T15:15:09.137+02:00 DEBUG 18700 --- [openex] [    Test worker] org.hibernate.SQL                        : 
        insert 
        into
            trades
            (buy_order_id, executed_at, price, quantity, sell_order_id, symbol, id) 
        values
            (?, ?, ?, ?, ?, ?, ?)
    2026-08-18T15:15:09.139+02:00 DEBUG 18700 --- [openex] [    Test worker] org.hibernate.SQL                        : 
        update
            wallets 
        set
            account_id=?,
            asset=?,
            balance=?,
            reserved=?,
            updated_at=?,
            version=? 
        where
            id=? 
            and version=?
    2026-08-18T15:15:09.141+02:00 DEBUG 18700 --- [openex] [    Test worker] org.hibernate.SQL                        : 
        select
            w1_0.id,
            w1_0.account_id,
            w1_0.asset,
            w1_0.balance,
            w1_0.reserved,
            w1_0.updated_at,
            w1_0.version 
        from
            wallets w1_0 
        where
            w1_0.account_id=? 
            and w1_0.asset=?
    2026-08-18T15:15:09.144+02:00 DEBUG 18700 --- [openex] [    Test worker] org.hibernate.SQL                        : 
        select
            le1_0.id,
            le1_0.account_id,
            le1_0.amount,
            le1_0.asset,
            le1_0.created_at,
            le1_0.entry_type,
            le1_0.reference_id,
            le1_0.reference_type 
        from
            ledger_entries le1_0 
        where
            le1_0.id=?
    2026-08-18T15:15:09.146+02:00 DEBUG 18700 --- [openex] [    Test worker] org.hibernate.SQL                        : 
        select
            le1_0.id,
            le1_0.account_id,
            le1_0.amount,
            le1_0.asset,
            le1_0.created_at,
            le1_0.entry_type,
            le1_0.reference_id,
            le1_0.reference_type 
        from
            ledger_entries le1_0 
        where
            le1_0.id=?
    2026-08-18T15:15:09.150+02:00 DEBUG 18700 --- [openex] [    Test worker] org.hibernate.SQL                        : 
        insert 
        into
            ledger_entries
            (account_id, amount, asset, created_at, entry_type, reference_id, reference_type, id) 
        values
            (?, ?, ?, ?, ?, ?, ?, ?)
    2026-08-18T15:15:09.152+02:00 DEBUG 18700 --- [openex] [    Test worker] org.hibernate.SQL                        : 
        insert 
        into
            ledger_entries
            (account_id, amount, asset, created_at, entry_type, reference_id, reference_type, id) 
        values
            (?, ?, ?, ?, ?, ?, ?, ?)
    2026-08-18T15:15:09.153+02:00 DEBUG 18700 --- [openex] [    Test worker] org.hibernate.SQL                        : 
        update
            wallets 
        set
            account_id=?,
            asset=?,
            balance=?,
            reserved=?,
            updated_at=?,
            version=? 
        where
            id=? 
            and version=?
    2026-08-18T15:15:09.155+02:00 DEBUG 18700 --- [openex] [    Test worker] org.hibernate.SQL                        : 
        select
            w1_0.id,
            w1_0.account_id,
            w1_0.asset,
            w1_0.balance,
            w1_0.reserved,
            w1_0.updated_at,
            w1_0.version 
        from
            wallets w1_0 
        where
            w1_0.account_id=? 
            and w1_0.asset=?
    2026-08-18T15:15:09.160+02:00 DEBUG 18700 --- [openex] [    Test worker] org.hibernate.SQL                        : 
        update
            wallets 
        set
            account_id=?,
            asset=?,
            balance=?,
            reserved=?,
            updated_at=?,
            version=? 
        where
            id=? 
            and version=?
    2026-08-18T15:15:09.162+02:00 DEBUG 18700 --- [openex] [    Test worker] org.hibernate.SQL                        : 
        select
            w1_0.id,
            w1_0.account_id,
            w1_0.asset,
            w1_0.balance,
            w1_0.reserved,
            w1_0.updated_at,
            w1_0.version 
        from
            wallets w1_0 
        where
            w1_0.account_id=? 
            and w1_0.asset=?
    2026-08-18T15:15:09.163+02:00 DEBUG 18700 --- [openex] [    Test worker] org.hibernate.SQL                        : 
        select
            w1_0.id,
            w1_0.account_id,
            w1_0.asset,
            w1_0.balance,
            w1_0.reserved,
            w1_0.updated_at,
            w1_0.version 
        from
            wallets w1_0 
        where
            w1_0.id=?
    2026-08-18T15:15:09.166+02:00 DEBUG 18700 --- [openex] [    Test worker] org.hibernate.SQL                        : 
        select
            le1_0.id,
            le1_0.account_id,
            le1_0.amount,
            le1_0.asset,
            le1_0.created_at,
            le1_0.entry_type,
            le1_0.reference_id,
            le1_0.reference_type 
        from
            ledger_entries le1_0 
        where
            le1_0.id=?
    2026-08-18T15:15:09.168+02:00 DEBUG 18700 --- [openex] [    Test worker] org.hibernate.SQL                        : 
        select
            le1_0.id,
            le1_0.account_id,
            le1_0.amount,
            le1_0.asset,
            le1_0.created_at,
            le1_0.entry_type,
            le1_0.reference_id,
            le1_0.reference_type 
        from
            ledger_entries le1_0 
        where
            le1_0.id=?
    2026-08-18T15:15:09.173+02:00 DEBUG 18700 --- [openex] [    Test worker] org.hibernate.SQL                        : 
        insert 
        into
            wallets
            (account_id, asset, balance, reserved, updated_at, version, id) 
        values
            (?, ?, ?, ?, ?, ?, ?)
    2026-08-18T15:15:09.175+02:00 DEBUG 18700 --- [openex] [    Test worker] org.hibernate.SQL                        : 
        insert 
        into
            ledger_entries
            (account_id, amount, asset, created_at, entry_type, reference_id, reference_type, id) 
        values
            (?, ?, ?, ?, ?, ?, ?, ?)
    2026-08-18T15:15:09.176+02:00 DEBUG 18700 --- [openex] [    Test worker] org.hibernate.SQL                        : 
        insert 
        into
            ledger_entries
            (account_id, amount, asset, created_at, entry_type, reference_id, reference_type, id) 
        values
            (?, ?, ?, ?, ?, ?, ?, ?)
    2026-08-18T15:15:09.178+02:00 DEBUG 18700 --- [openex] [    Test worker] org.hibernate.SQL                        : 
        update
            orders 
        set
            account_id=?,
            created_at=?,
            idempotency_key=?,
            price=?,
            quantity=?,
            remaining_quantity=?,
            side=?,
            status=?,
            symbol=?,
            type=?,
            updated_at=?,
            version=? 
        where
            id=? 
            and version=?
    2026-08-18T15:15:09.180+02:00 DEBUG 18700 --- [openex] [    Test worker] org.hibernate.SQL                        : 
        update
            orders 
        set
            account_id=?,
            created_at=?,
            idempotency_key=?,
            price=?,
            quantity=?,
            remaining_quantity=?,
            side=?,
            status=?,
            symbol=?,
            type=?,
            updated_at=?,
            version=? 
        where
            id=? 
            and version=?
    2026-08-18T15:15:09.182+02:00 DEBUG 18700 --- [openex] [    Test worker] org.hibernate.SQL                        : 
        select
            o1_0.id,
            o1_0.account_id,
            o1_0.created_at,
            o1_0.idempotency_key,
            o1_0.price,
            o1_0.quantity,
            o1_0.remaining_quantity,
            o1_0.side,
            o1_0.status,
            o1_0.symbol,
            o1_0.type,
            o1_0.updated_at,
            o1_0.version 
        from
            orders o1_0 
        where
            o1_0.symbol=? 
            and o1_0.status in (?, ?)
    2026-08-18T15:15:09.186+02:00  INFO 18700 --- [openex] [    Test worker] com.openex.core.service.OrderService     : Order matched: id=2248faa4-a533-4c88-8dc2-dde8902575b8 status=FILLED remaining=0
    2026-08-18T15:15:09.191+02:00 DEBUG 18700 --- [openex] [    Test worker] org.hibernate.SQL                        : 
        select
            t1_0.id,
            t1_0.buy_order_id,
            t1_0.executed_at,
            t1_0.price,
            t1_0.quantity,
            t1_0.sell_order_id,
            t1_0.symbol 
        from
            trades t1_0

MatchingEngineTest > incoming buy order fully fills a matching resting sell order() PASSED

MatchingEngineTest > cheaper resting sell order is matched before a pricier one() STANDARD_OUT
    2026-08-18T15:15:09.211+02:00 DEBUG 18700 --- [openex] [    Test worker] org.hibernate.SQL                        : 
        select
            le1_0.id,
            le1_0.account_id,
            le1_0.amount,
            le1_0.asset,
            le1_0.created_at,
            le1_0.entry_type,
            le1_0.reference_id,
            le1_0.reference_type 
        from
            ledger_entries le1_0 
        where
            le1_0.id=?
    2026-08-18T15:15:09.213+02:00 DEBUG 18700 --- [openex] [    Test worker] org.hibernate.SQL                        : 
        select
            le1_0.id,
            le1_0.account_id,
            le1_0.amount,
            le1_0.asset,
            le1_0.created_at,
            le1_0.entry_type,
            le1_0.reference_id,
            le1_0.reference_type 
        from
            ledger_entries le1_0 
        where
            le1_0.id=?
    2026-08-18T15:15:09.217+02:00 DEBUG 18700 --- [openex] [    Test worker] org.hibernate.SQL                        : 
        select
            w1_0.id,
            w1_0.account_id,
            w1_0.asset,
            w1_0.balance,
            w1_0.reserved,
            w1_0.updated_at,
            w1_0.version 
        from
            wallets w1_0 
        where
            w1_0.account_id=? 
            and w1_0.asset=?
    2026-08-18T15:15:09.219+02:00 DEBUG 18700 --- [openex] [    Test worker] org.hibernate.SQL                        : 
        select
            w1_0.id,
            w1_0.account_id,
            w1_0.asset,
            w1_0.balance,
            w1_0.reserved,
            w1_0.updated_at,
            w1_0.version 
        from
            wallets w1_0 
        where
            w1_0.id=?
    2026-08-18T15:15:09.224+02:00 DEBUG 18700 --- [openex] [    Test worker] org.hibernate.SQL                        : 
        select
            o1_0.id,
            o1_0.account_id,
            o1_0.created_at,
            o1_0.idempotency_key,
            o1_0.price,
            o1_0.quantity,
            o1_0.remaining_quantity,
            o1_0.side,
            o1_0.status,
            o1_0.symbol,
            o1_0.type,
            o1_0.updated_at,
            o1_0.version 
        from
            orders o1_0 
        where
            o1_0.idempotency_key=?
    2026-08-18T15:15:09.227+02:00 DEBUG 18700 --- [openex] [    Test worker] org.hibernate.SQL                        : 
        insert 
        into
            ledger_entries
            (account_id, amount, asset, created_at, entry_type, reference_id, reference_type, id) 
        values
            (?, ?, ?, ?, ?, ?, ?, ?)
    2026-08-18T15:15:09.229+02:00 DEBUG 18700 --- [openex] [    Test worker] org.hibernate.SQL                        : 
        insert 
        into
            ledger_entries
            (account_id, amount, asset, created_at, entry_type, reference_id, reference_type, id) 
        values
            (?, ?, ?, ?, ?, ?, ?, ?)
    2026-08-18T15:15:09.230+02:00 DEBUG 18700 --- [openex] [    Test worker] org.hibernate.SQL                        : 
        insert 
        into
            wallets
            (account_id, asset, balance, reserved, updated_at, version, id) 
        values
            (?, ?, ?, ?, ?, ?, ?)
    2026-08-18T15:15:09.232+02:00 DEBUG 18700 --- [openex] [    Test worker] org.hibernate.SQL                        : 
        select
            w1_0.id,
            w1_0.account_id,
            w1_0.asset,
            w1_0.balance,
            w1_0.reserved,
            w1_0.updated_at,
            w1_0.version 
        from
            wallets w1_0 
        where
            w1_0.account_id=? 
            and w1_0.asset=?
    2026-08-18T15:15:09.234+02:00 DEBUG 18700 --- [openex] [    Test worker] org.hibernate.SQL                        : 
        select
            o1_0.id,
            o1_0.account_id,
            o1_0.created_at,
            o1_0.idempotency_key,
            o1_0.price,
            o1_0.quantity,
            o1_0.remaining_quantity,
            o1_0.side,
            o1_0.status,
            o1_0.symbol,
            o1_0.type,
            o1_0.updated_at,
            o1_0.version 
        from
            orders o1_0 
        where
            o1_0.id=?
    2026-08-18T15:15:09.236+02:00  INFO 18700 --- [openex] [    Test worker] com.openex.core.service.OrderService     : Order placed: id=5d13cb5d-481f-43a7-a634-7a2b0add6c07 account=22222222-2222-2222-2222-222222222222 SELL 1 SOL-USD @ 20.00
    2026-08-18T15:15:09.238+02:00 DEBUG 18700 --- [openex] [    Test worker] org.hibernate.SQL                        : 
        insert 
        into
            orders
            (account_id, created_at, idempotency_key, price, quantity, remaining_quantity, side, status, symbol, type, updated_at, version, id) 
        values
            (?, ?, ?, ?, ?, ?, ?, ?, ?, ?, ?, ?, ?)
    2026-08-18T15:15:09.240+02:00 DEBUG 18700 --- [openex] [    Test worker] org.hibernate.SQL                        : 
        update
            wallets 
        set
            account_id=?,
            asset=?,
            balance=?,
            reserved=?,
            updated_at=?,
            version=? 
        where
            id=? 
            and version=?
    2026-08-18T15:15:09.243+02:00 DEBUG 18700 --- [openex] [    Test worker] org.hibernate.SQL                        : 
        select
            o1_0.id,
            o1_0.account_id,
            o1_0.created_at,
            o1_0.idempotency_key,
            o1_0.price,
            o1_0.quantity,
            o1_0.remaining_quantity,
            o1_0.side,
            o1_0.status,
            o1_0.symbol,
            o1_0.type,
            o1_0.updated_at,
            o1_0.version 
        from
            orders o1_0
    2026-08-18T15:15:09.269+02:00 DEBUG 18700 --- [openex] [    Test worker] org.hibernate.SQL                        : 
        select
            o1_0.id,
            o1_0.account_id,
            o1_0.created_at,
            o1_0.idempotency_key,
            o1_0.price,
            o1_0.quantity,
            o1_0.remaining_quantity,
            o1_0.side,
            o1_0.status,
            o1_0.symbol,
            o1_0.type,
            o1_0.updated_at,
            o1_0.version 
        from
            orders o1_0 
        where
            o1_0.symbol=? 
            and o1_0.status in (?, ?)
    2026-08-18T15:15:09.273+02:00 DEBUG 18700 --- [openex] [    Test worker] org.hibernate.SQL                        : 
        select
            o1_0.id,
            o1_0.account_id,
            o1_0.created_at,
            o1_0.idempotency_key,
            o1_0.price,
            o1_0.quantity,
            o1_0.remaining_quantity,
            o1_0.side,
            o1_0.status,
            o1_0.symbol,
            o1_0.type,
            o1_0.updated_at,
            o1_0.version 
        from
            orders o1_0 
        where
            o1_0.idempotency_key=?
    2026-08-18T15:15:09.279+02:00 DEBUG 18700 --- [openex] [    Test worker] org.hibernate.SQL                        : 
        select
            w1_0.id,
            w1_0.account_id,
            w1_0.asset,
            w1_0.balance,
            w1_0.reserved,
            w1_0.updated_at,
            w1_0.version 
        from
            wallets w1_0 
        where
            w1_0.account_id=? 
            and w1_0.asset=?
    2026-08-18T15:15:09.281+02:00 DEBUG 18700 --- [openex] [    Test worker] org.hibernate.SQL                        : 
        select
            o1_0.id,
            o1_0.account_id,
            o1_0.created_at,
            o1_0.idempotency_key,
            o1_0.price,
            o1_0.quantity,
            o1_0.remaining_quantity,
            o1_0.side,
            o1_0.status,
            o1_0.symbol,
            o1_0.type,
            o1_0.updated_at,
            o1_0.version 
        from
            orders o1_0 
        where
            o1_0.id=?
    2026-08-18T15:15:09.283+02:00  INFO 18700 --- [openex] [    Test worker] com.openex.core.service.OrderService     : Order placed: id=7a70cbec-1c01-4294-aa6c-178065e70fbd account=22222222-2222-2222-2222-222222222222 SELL 1 SOL-USD @ 15.00
    2026-08-18T15:15:09.288+02:00 DEBUG 18700 --- [openex] [    Test worker] org.hibernate.SQL                        : 
        insert 
        into
            orders
            (account_id, created_at, idempotency_key, price, quantity, remaining_quantity, side, status, symbol, type, updated_at, version, id) 
        values
            (?, ?, ?, ?, ?, ?, ?, ?, ?, ?, ?, ?, ?)
    2026-08-18T15:15:09.290+02:00 DEBUG 18700 --- [openex] [    Test worker] org.hibernate.SQL                        : 
        update
            wallets 
        set
            account_id=?,
            asset=?,
            balance=?,
            reserved=?,
            updated_at=?,
            version=? 
        where
            id=? 
            and version=?
    2026-08-18T15:15:09.292+02:00 DEBUG 18700 --- [openex] [    Test worker] org.hibernate.SQL                        : 
        select
            o1_0.id,
            o1_0.account_id,
            o1_0.created_at,
            o1_0.idempotency_key,
            o1_0.price,
            o1_0.quantity,
            o1_0.remaining_quantity,
            o1_0.side,
            o1_0.status,
            o1_0.symbol,
            o1_0.type,
            o1_0.updated_at,
            o1_0.version 
        from
            orders o1_0
    2026-08-18T15:15:09.298+02:00 DEBUG 18700 --- [openex] [    Test worker] org.hibernate.SQL                        : 
        select
            o1_0.id,
            o1_0.account_id,
            o1_0.created_at,
            o1_0.idempotency_key,
            o1_0.price,
            o1_0.quantity,
            o1_0.remaining_quantity,
            o1_0.side,
            o1_0.status,
            o1_0.symbol,
            o1_0.type,
            o1_0.updated_at,
            o1_0.version 
        from
            orders o1_0 
        where
            o1_0.symbol=? 
            and o1_0.status in (?, ?)
    2026-08-18T15:15:09.305+02:00 DEBUG 18700 --- [openex] [    Test worker] org.hibernate.SQL                        : 
        select
            o1_0.id,
            o1_0.account_id,
            o1_0.created_at,
            o1_0.idempotency_key,
            o1_0.price,
            o1_0.quantity,
            o1_0.remaining_quantity,
            o1_0.side,
            o1_0.status,
            o1_0.symbol,
            o1_0.type,
            o1_0.updated_at,
            o1_0.version 
        from
            orders o1_0 
        where
            o1_0.idempotency_key=?
    2026-08-18T15:15:09.309+02:00 DEBUG 18700 --- [openex] [    Test worker] org.hibernate.SQL                        : 
        select
            w1_0.id,
            w1_0.account_id,
            w1_0.asset,
            w1_0.balance,
            w1_0.reserved,
            w1_0.updated_at,
            w1_0.version 
        from
            wallets w1_0 
        where
            w1_0.account_id=? 
            and w1_0.asset=?
    2026-08-18T15:15:09.311+02:00 DEBUG 18700 --- [openex] [    Test worker] org.hibernate.SQL                        : 
        select
            o1_0.id,
            o1_0.account_id,
            o1_0.created_at,
            o1_0.idempotency_key,
            o1_0.price,
            o1_0.quantity,
            o1_0.remaining_quantity,
            o1_0.side,
            o1_0.status,
            o1_0.symbol,
            o1_0.type,
            o1_0.updated_at,
            o1_0.version 
        from
            orders o1_0 
        where
            o1_0.id=?
    2026-08-18T15:15:09.312+02:00  INFO 18700 --- [openex] [    Test worker] com.openex.core.service.OrderService     : Order placed: id=eac04a8a-636d-40a9-87e5-f904d9a8cc6f account=11111111-1111-1111-1111-111111111111 BUY 1 SOL-USD @ 20.00
    2026-08-18T15:15:09.315+02:00 DEBUG 18700 --- [openex] [    Test worker] org.hibernate.SQL                        : 
        insert 
        into
            orders
            (account_id, created_at, idempotency_key, price, quantity, remaining_quantity, side, status, symbol, type, updated_at, version, id) 
        values
            (?, ?, ?, ?, ?, ?, ?, ?, ?, ?, ?, ?, ?)
    2026-08-18T15:15:09.319+02:00 DEBUG 18700 --- [openex] [    Test worker] org.hibernate.SQL                        : 
        update
            wallets 
        set
            account_id=?,
            asset=?,
            balance=?,
            reserved=?,
            updated_at=?,
            version=? 
        where
            id=? 
            and version=?
    2026-08-18T15:15:09.321+02:00 DEBUG 18700 --- [openex] [    Test worker] org.hibernate.SQL                        : 
        select
            o1_0.id,
            o1_0.account_id,
            o1_0.created_at,
            o1_0.idempotency_key,
            o1_0.price,
            o1_0.quantity,
            o1_0.remaining_quantity,
            o1_0.side,
            o1_0.status,
            o1_0.symbol,
            o1_0.type,
            o1_0.updated_at,
            o1_0.version 
        from
            orders o1_0
    2026-08-18T15:15:09.324+02:00 DEBUG 18700 --- [openex] [    Test worker] org.hibernate.SQL                        : 
        select
            t1_0.id,
            t1_0.buy_order_id,
            t1_0.executed_at,
            t1_0.price,
            t1_0.quantity,
            t1_0.sell_order_id,
            t1_0.symbol 
        from
            trades t1_0 
        where
            t1_0.id=?
    2026-08-18T15:15:09.329+02:00 DEBUG 18700 --- [openex] [    Test worker] org.hibernate.SQL                        : 
        select
            w1_0.id,
            w1_0.account_id,
            w1_0.asset,
            w1_0.balance,
            w1_0.reserved,
            w1_0.updated_at,
            w1_0.version 
        from
            wallets w1_0 
        where
            w1_0.account_id=? 
            and w1_0.asset=?
    2026-08-18T15:15:09.334+02:00 DEBUG 18700 --- [openex] [    Test worker] org.hibernate.SQL                        : 
        insert 
        into
            trades
            (buy_order_id, executed_at, price, quantity, sell_order_id, symbol, id) 
        values
            (?, ?, ?, ?, ?, ?, ?)
    2026-08-18T15:15:09.336+02:00 DEBUG 18700 --- [openex] [    Test worker] org.hibernate.SQL                        : 
        update
            wallets 
        set
            account_id=?,
            asset=?,
            balance=?,
            reserved=?,
            updated_at=?,
            version=? 
        where
            id=? 
            and version=?
    2026-08-18T15:15:09.339+02:00 DEBUG 18700 --- [openex] [    Test worker] org.hibernate.SQL                        : 
        select
            w1_0.id,
            w1_0.account_id,
            w1_0.asset,
            w1_0.balance,
            w1_0.reserved,
            w1_0.updated_at,
            w1_0.version 
        from
            wallets w1_0 
        where
            w1_0.account_id=? 
            and w1_0.asset=?
    2026-08-18T15:15:09.343+02:00 DEBUG 18700 --- [openex] [    Test worker] org.hibernate.SQL                        : 
        update
            wallets 
        set
            account_id=?,
            asset=?,
            balance=?,
            reserved=?,
            updated_at=?,
            version=? 
        where
            id=? 
            and version=?
    2026-08-18T15:15:09.345+02:00 DEBUG 18700 --- [openex] [    Test worker] org.hibernate.SQL                        : 
        select
            w1_0.id,
            w1_0.account_id,
            w1_0.asset,
            w1_0.balance,
            w1_0.reserved,
            w1_0.updated_at,
            w1_0.version 
        from
            wallets w1_0 
        where
            w1_0.account_id=? 
            and w1_0.asset=?
    2026-08-18T15:15:09.347+02:00 DEBUG 18700 --- [openex] [    Test worker] org.hibernate.SQL                        : 
        select
            le1_0.id,
            le1_0.account_id,
            le1_0.amount,
            le1_0.asset,
            le1_0.created_at,
            le1_0.entry_type,
            le1_0.reference_id,
            le1_0.reference_type 
        from
            ledger_entries le1_0 
        where
            le1_0.id=?
    2026-08-18T15:15:09.349+02:00 DEBUG 18700 --- [openex] [    Test worker] org.hibernate.SQL                        : 
        select
            le1_0.id,
            le1_0.account_id,
            le1_0.amount,
            le1_0.asset,
            le1_0.created_at,
            le1_0.entry_type,
            le1_0.reference_id,
            le1_0.reference_type 
        from
            ledger_entries le1_0 
        where
            le1_0.id=?
    2026-08-18T15:15:09.354+02:00 DEBUG 18700 --- [openex] [    Test worker] org.hibernate.SQL                        : 
        insert 
        into
            ledger_entries
            (account_id, amount, asset, created_at, entry_type, reference_id, reference_type, id) 
        values
            (?, ?, ?, ?, ?, ?, ?, ?)
    2026-08-18T15:15:09.356+02:00 DEBUG 18700 --- [openex] [    Test worker] org.hibernate.SQL                        : 
        insert 
        into
            ledger_entries
            (account_id, amount, asset, created_at, entry_type, reference_id, reference_type, id) 
        values
            (?, ?, ?, ?, ?, ?, ?, ?)
    2026-08-18T15:15:09.357+02:00 DEBUG 18700 --- [openex] [    Test worker] org.hibernate.SQL                        : 
        update
            wallets 
        set
            account_id=?,
            asset=?,
            balance=?,
            reserved=?,
            updated_at=?,
            version=? 
        where
            id=? 
            and version=?
    2026-08-18T15:15:09.358+02:00 DEBUG 18700 --- [openex] [    Test worker] org.hibernate.SQL                        : 
        select
            w1_0.id,
            w1_0.account_id,
            w1_0.asset,
            w1_0.balance,
            w1_0.reserved,
            w1_0.updated_at,
            w1_0.version 
        from
            wallets w1_0 
        where
            w1_0.account_id=? 
            and w1_0.asset=?
    2026-08-18T15:15:09.362+02:00 DEBUG 18700 --- [openex] [    Test worker] org.hibernate.SQL                        : 
        update
            wallets 
        set
            account_id=?,
            asset=?,
            balance=?,
            reserved=?,
            updated_at=?,
            version=? 
        where
            id=? 
            and version=?
    2026-08-18T15:15:09.363+02:00 DEBUG 18700 --- [openex] [    Test worker] org.hibernate.SQL                        : 
        select
            w1_0.id,
            w1_0.account_id,
            w1_0.asset,
            w1_0.balance,
            w1_0.reserved,
            w1_0.updated_at,
            w1_0.version 
        from
            wallets w1_0 
        where
            w1_0.account_id=? 
            and w1_0.asset=?
    2026-08-18T15:15:09.365+02:00 DEBUG 18700 --- [openex] [    Test worker] org.hibernate.SQL                        : 
        select
            w1_0.id,
            w1_0.account_id,
            w1_0.asset,
            w1_0.balance,
            w1_0.reserved,
            w1_0.updated_at,
            w1_0.version 
        from
            wallets w1_0 
        where
            w1_0.id=?
    2026-08-18T15:15:09.367+02:00 DEBUG 18700 --- [openex] [    Test worker] org.hibernate.SQL                        : 
        select
            le1_0.id,
            le1_0.account_id,
            le1_0.amount,
            le1_0.asset,
            le1_0.created_at,
            le1_0.entry_type,
            le1_0.reference_id,
            le1_0.reference_type 
        from
            ledger_entries le1_0 
        where
            le1_0.id=?
    2026-08-18T15:15:09.369+02:00 DEBUG 18700 --- [openex] [    Test worker] org.hibernate.SQL                        : 
        select
            le1_0.id,
            le1_0.account_id,
            le1_0.amount,
            le1_0.asset,
            le1_0.created_at,
            le1_0.entry_type,
            le1_0.reference_id,
            le1_0.reference_type 
        from
            ledger_entries le1_0 
        where
            le1_0.id=?
    2026-08-18T15:15:09.374+02:00 DEBUG 18700 --- [openex] [    Test worker] org.hibernate.SQL                        : 
        insert 
        into
            wallets
            (account_id, asset, balance, reserved, updated_at, version, id) 
        values
            (?, ?, ?, ?, ?, ?, ?)
    2026-08-18T15:15:09.375+02:00 DEBUG 18700 --- [openex] [    Test worker] org.hibernate.SQL                        : 
        insert 
        into
            ledger_entries
            (account_id, amount, asset, created_at, entry_type, reference_id, reference_type, id) 
        values
            (?, ?, ?, ?, ?, ?, ?, ?)
    2026-08-18T15:15:09.376+02:00 DEBUG 18700 --- [openex] [    Test worker] org.hibernate.SQL                        : 
        insert 
        into
            ledger_entries
            (account_id, amount, asset, created_at, entry_type, reference_id, reference_type, id) 
        values
            (?, ?, ?, ?, ?, ?, ?, ?)
    2026-08-18T15:15:09.378+02:00 DEBUG 18700 --- [openex] [    Test worker] org.hibernate.SQL                        : 
        update
            orders 
        set
            account_id=?,
            created_at=?,
            idempotency_key=?,
            price=?,
            quantity=?,
            remaining_quantity=?,
            side=?,
            status=?,
            symbol=?,
            type=?,
            updated_at=?,
            version=? 
        where
            id=? 
            and version=?
    2026-08-18T15:15:09.384+02:00 DEBUG 18700 --- [openex] [    Test worker] org.hibernate.SQL                        : 
        update
            orders 
        set
            account_id=?,
            created_at=?,
            idempotency_key=?,
            price=?,
            quantity=?,
            remaining_quantity=?,
            side=?,
            status=?,
            symbol=?,
            type=?,
            updated_at=?,
            version=? 
        where
            id=? 
            and version=?
    2026-08-18T15:15:09.387+02:00 DEBUG 18700 --- [openex] [    Test worker] org.hibernate.SQL                        : 
        select
            o1_0.id,
            o1_0.account_id,
            o1_0.created_at,
            o1_0.idempotency_key,
            o1_0.price,
            o1_0.quantity,
            o1_0.remaining_quantity,
            o1_0.side,
            o1_0.status,
            o1_0.symbol,
            o1_0.type,
            o1_0.updated_at,
            o1_0.version 
        from
            orders o1_0 
        where
            o1_0.symbol=? 
            and o1_0.status in (?, ?)
    2026-08-18T15:15:09.388+02:00  INFO 18700 --- [openex] [    Test worker] com.openex.core.service.OrderService     : Order matched: id=eac04a8a-636d-40a9-87e5-f904d9a8cc6f status=FILLED remaining=0
    2026-08-18T15:15:09.391+02:00 DEBUG 18700 --- [openex] [    Test worker] org.hibernate.SQL                        : 
        select
            t1_0.id,
            t1_0.buy_order_id,
            t1_0.executed_at,
            t1_0.price,
            t1_0.quantity,
            t1_0.sell_order_id,
            t1_0.symbol 
        from
            trades t1_0

MatchingEngineTest > cheaper resting sell order is matched before a pricier one() PASSED

OrderBookServiceTest STANDARD_OUT
    2026-08-18T15:15:09.410+02:00  INFO 18700 --- [openex] [    Test worker] t.c.s.AnnotationConfigContextLoaderUtils : Could not detect default configuration classes for test class [com.openex.core.service.OrderBookServiceTest]: OrderBookServiceTest does not declare any static, non-private, non-final, nested classes annotated with @Configuration.
    2026-08-18T15:15:09.422+02:00  INFO 18700 --- [openex] [    Test worker] .b.t.c.SpringBootTestContextBootstrapper : Found @SpringBootConfiguration com.openex.core.OpenExApplication for test class com.openex.core.service.OrderBookServiceTest

OrderBookServiceTest > order book sorts bids highest-first and asks lowest-first() STANDARD_OUT
    2026-08-18T15:15:09.442+02:00 DEBUG 18700 --- [openex] [    Test worker] org.hibernate.SQL                        : 
        select
            le1_0.id,
            le1_0.account_id,
            le1_0.amount,
            le1_0.asset,
            le1_0.created_at,
            le1_0.entry_type,
            le1_0.reference_id,
            le1_0.reference_type 
        from
            ledger_entries le1_0 
        where
            le1_0.id=?
    2026-08-18T15:15:09.444+02:00 DEBUG 18700 --- [openex] [    Test worker] org.hibernate.SQL                        : 
        select
            le1_0.id,
            le1_0.account_id,
            le1_0.amount,
            le1_0.asset,
            le1_0.created_at,
            le1_0.entry_type,
            le1_0.reference_id,
            le1_0.reference_type 
        from
            ledger_entries le1_0 
        where
            le1_0.id=?
    2026-08-18T15:15:09.447+02:00 DEBUG 18700 --- [openex] [    Test worker] org.hibernate.SQL                        : 
        select
            w1_0.id,
            w1_0.account_id,
            w1_0.asset,
            w1_0.balance,
            w1_0.reserved,
            w1_0.updated_at,
            w1_0.version 
        from
            wallets w1_0 
        where
            w1_0.account_id=? 
            and w1_0.asset=?
    2026-08-18T15:15:09.448+02:00 DEBUG 18700 --- [openex] [    Test worker] org.hibernate.SQL                        : 
        select
            w1_0.id,
            w1_0.account_id,
            w1_0.asset,
            w1_0.balance,
            w1_0.reserved,
            w1_0.updated_at,
            w1_0.version 
        from
            wallets w1_0 
        where
            w1_0.id=?
    2026-08-18T15:15:09.455+02:00 DEBUG 18700 --- [openex] [    Test worker] org.hibernate.SQL                        : 
        select
            o1_0.id,
            o1_0.account_id,
            o1_0.created_at,
            o1_0.idempotency_key,
            o1_0.price,
            o1_0.quantity,
            o1_0.remaining_quantity,
            o1_0.side,
            o1_0.status,
            o1_0.symbol,
            o1_0.type,
            o1_0.updated_at,
            o1_0.version 
        from
            orders o1_0 
        where
            o1_0.idempotency_key=?
    2026-08-18T15:15:09.457+02:00 DEBUG 18700 --- [openex] [    Test worker] org.hibernate.SQL                        : 
        insert 
        into
            ledger_entries
            (account_id, amount, asset, created_at, entry_type, reference_id, reference_type, id) 
        values
            (?, ?, ?, ?, ?, ?, ?, ?)
    2026-08-18T15:15:09.459+02:00 DEBUG 18700 --- [openex] [    Test worker] org.hibernate.SQL                        : 
        insert 
        into
            ledger_entries
            (account_id, amount, asset, created_at, entry_type, reference_id, reference_type, id) 
        values
            (?, ?, ?, ?, ?, ?, ?, ?)
    2026-08-18T15:15:09.460+02:00 DEBUG 18700 --- [openex] [    Test worker] org.hibernate.SQL                        : 
        insert 
        into
            wallets
            (account_id, asset, balance, reserved, updated_at, version, id) 
        values
            (?, ?, ?, ?, ?, ?, ?)
    2026-08-18T15:15:09.462+02:00 DEBUG 18700 --- [openex] [    Test worker] org.hibernate.SQL                        : 
        select
            w1_0.id,
            w1_0.account_id,
            w1_0.asset,
            w1_0.balance,
            w1_0.reserved,
            w1_0.updated_at,
            w1_0.version 
        from
            wallets w1_0 
        where
            w1_0.account_id=? 
            and w1_0.asset=?
    2026-08-18T15:15:09.463+02:00 DEBUG 18700 --- [openex] [    Test worker] org.hibernate.SQL                        : 
        select
            o1_0.id,
            o1_0.account_id,
            o1_0.created_at,
            o1_0.idempotency_key,
            o1_0.price,
            o1_0.quantity,
            o1_0.remaining_quantity,
            o1_0.side,
            o1_0.status,
            o1_0.symbol,
            o1_0.type,
            o1_0.updated_at,
            o1_0.version 
        from
            orders o1_0 
        where
            o1_0.id=?
    2026-08-18T15:15:09.464+02:00  INFO 18700 --- [openex] [    Test worker] com.openex.core.service.OrderService     : Order placed: id=f64795cd-75ee-4639-9140-0d6a4098456e account=22222222-2222-2222-2222-222222222222 SELL 1 OBTEST2a2dbb-USD @ 60.00
    2026-08-18T15:15:09.466+02:00 DEBUG 18700 --- [openex] [    Test worker] org.hibernate.SQL                        : 
        insert 
        into
            orders
            (account_id, created_at, idempotency_key, price, quantity, remaining_quantity, side, status, symbol, type, updated_at, version, id) 
        values
            (?, ?, ?, ?, ?, ?, ?, ?, ?, ?, ?, ?, ?)
    2026-08-18T15:15:09.471+02:00 DEBUG 18700 --- [openex] [    Test worker] org.hibernate.SQL                        : 
        update
            wallets 
        set
            account_id=?,
            asset=?,
            balance=?,
            reserved=?,
            updated_at=?,
            version=? 
        where
            id=? 
            and version=?
    2026-08-18T15:15:09.473+02:00 DEBUG 18700 --- [openex] [    Test worker] org.hibernate.SQL                        : 
        select
            o1_0.id,
            o1_0.account_id,
            o1_0.created_at,
            o1_0.idempotency_key,
            o1_0.price,
            o1_0.quantity,
            o1_0.remaining_quantity,
            o1_0.side,
            o1_0.status,
            o1_0.symbol,
            o1_0.type,
            o1_0.updated_at,
            o1_0.version 
        from
            orders o1_0
    2026-08-18T15:15:09.484+02:00 DEBUG 18700 --- [openex] [    Test worker] org.hibernate.SQL                        : 
        select
            o1_0.id,
            o1_0.account_id,
            o1_0.created_at,
            o1_0.idempotency_key,
            o1_0.price,
            o1_0.quantity,
            o1_0.remaining_quantity,
            o1_0.side,
            o1_0.status,
            o1_0.symbol,
            o1_0.type,
            o1_0.updated_at,
            o1_0.version 
        from
            orders o1_0 
        where
            o1_0.symbol=? 
            and o1_0.status in (?, ?)
    2026-08-18T15:15:09.488+02:00 DEBUG 18700 --- [openex] [    Test worker] org.hibernate.SQL                        : 
        select
            o1_0.id,
            o1_0.account_id,
            o1_0.created_at,
            o1_0.idempotency_key,
            o1_0.price,
            o1_0.quantity,
            o1_0.remaining_quantity,
            o1_0.side,
            o1_0.status,
            o1_0.symbol,
            o1_0.type,
            o1_0.updated_at,
            o1_0.version 
        from
            orders o1_0 
        where
            o1_0.idempotency_key=?
    2026-08-18T15:15:09.492+02:00 DEBUG 18700 --- [openex] [    Test worker] org.hibernate.SQL                        : 
        select
            w1_0.id,
            w1_0.account_id,
            w1_0.asset,
            w1_0.balance,
            w1_0.reserved,
            w1_0.updated_at,
            w1_0.version 
        from
            wallets w1_0 
        where
            w1_0.account_id=? 
            and w1_0.asset=?
    2026-08-18T15:15:09.493+02:00 DEBUG 18700 --- [openex] [    Test worker] org.hibernate.SQL                        : 
        select
            o1_0.id,
            o1_0.account_id,
            o1_0.created_at,
            o1_0.idempotency_key,
            o1_0.price,
            o1_0.quantity,
            o1_0.remaining_quantity,
            o1_0.side,
            o1_0.status,
            o1_0.symbol,
            o1_0.type,
            o1_0.updated_at,
            o1_0.version 
        from
            orders o1_0 
        where
            o1_0.id=?
    2026-08-18T15:15:09.494+02:00  INFO 18700 --- [openex] [    Test worker] com.openex.core.service.OrderService     : Order placed: id=f1474f06-cdbb-40f9-96f1-477f8ed888ad account=22222222-2222-2222-2222-222222222222 SELL 1 OBTEST2a2dbb-USD @ 55.00
    2026-08-18T15:15:09.497+02:00 DEBUG 18700 --- [openex] [    Test worker] org.hibernate.SQL                        : 
        insert 
        into
            orders
            (account_id, created_at, idempotency_key, price, quantity, remaining_quantity, side, status, symbol, type, updated_at, version, id) 
        values
            (?, ?, ?, ?, ?, ?, ?, ?, ?, ?, ?, ?, ?)
    2026-08-18T15:15:09.499+02:00 DEBUG 18700 --- [openex] [    Test worker] org.hibernate.SQL                        : 
        update
            wallets 
        set
            account_id=?,
            asset=?,
            balance=?,
            reserved=?,
            updated_at=?,
            version=? 
        where
            id=? 
            and version=?
    2026-08-18T15:15:09.500+02:00 DEBUG 18700 --- [openex] [    Test worker] org.hibernate.SQL                        : 
        select
            o1_0.id,
            o1_0.account_id,
            o1_0.created_at,
            o1_0.idempotency_key,
            o1_0.price,
            o1_0.quantity,
            o1_0.remaining_quantity,
            o1_0.side,
            o1_0.status,
            o1_0.symbol,
            o1_0.type,
            o1_0.updated_at,
            o1_0.version 
        from
            orders o1_0
    2026-08-18T15:15:09.505+02:00 DEBUG 18700 --- [openex] [    Test worker] org.hibernate.SQL                        : 
        select
            o1_0.id,
            o1_0.account_id,
            o1_0.created_at,
            o1_0.idempotency_key,
            o1_0.price,
            o1_0.quantity,
            o1_0.remaining_quantity,
            o1_0.side,
            o1_0.status,
            o1_0.symbol,
            o1_0.type,
            o1_0.updated_at,
            o1_0.version 
        from
            orders o1_0 
        where
            o1_0.symbol=? 
            and o1_0.status in (?, ?)
    2026-08-18T15:15:09.510+02:00 DEBUG 18700 --- [openex] [    Test worker] org.hibernate.SQL                        : 
        select
            o1_0.id,
            o1_0.account_id,
            o1_0.created_at,
            o1_0.idempotency_key,
            o1_0.price,
            o1_0.quantity,
            o1_0.remaining_quantity,
            o1_0.side,
            o1_0.status,
            o1_0.symbol,
            o1_0.type,
            o1_0.updated_at,
            o1_0.version 
        from
            orders o1_0 
        where
            o1_0.idempotency_key=?
    2026-08-18T15:15:09.514+02:00 DEBUG 18700 --- [openex] [    Test worker] org.hibernate.SQL                        : 
        select
            w1_0.id,
            w1_0.account_id,
            w1_0.asset,
            w1_0.balance,
            w1_0.reserved,
            w1_0.updated_at,
            w1_0.version 
        from
            wallets w1_0 
        where
            w1_0.account_id=? 
            and w1_0.asset=?
    2026-08-18T15:15:09.516+02:00 DEBUG 18700 --- [openex] [    Test worker] org.hibernate.SQL                        : 
        select
            o1_0.id,
            o1_0.account_id,
            o1_0.created_at,
            o1_0.idempotency_key,
            o1_0.price,
            o1_0.quantity,
            o1_0.remaining_quantity,
            o1_0.side,
            o1_0.status,
            o1_0.symbol,
            o1_0.type,
            o1_0.updated_at,
            o1_0.version 
        from
            orders o1_0 
        where
            o1_0.id=?
    2026-08-18T15:15:09.517+02:00  INFO 18700 --- [openex] [    Test worker] com.openex.core.service.OrderService     : Order placed: id=3875e613-ea09-483f-841c-613679f35758 account=11111111-1111-1111-1111-111111111111 BUY 1 OBTEST2a2dbb-USD @ 40.00
    2026-08-18T15:15:09.520+02:00 DEBUG 18700 --- [openex] [    Test worker] org.hibernate.SQL                        : 
        insert 
        into
            orders
            (account_id, created_at, idempotency_key, price, quantity, remaining_quantity, side, status, symbol, type, updated_at, version, id) 
        values
            (?, ?, ?, ?, ?, ?, ?, ?, ?, ?, ?, ?, ?)
    2026-08-18T15:15:09.522+02:00 DEBUG 18700 --- [openex] [    Test worker] org.hibernate.SQL                        : 
        update
            wallets 
        set
            account_id=?,
            asset=?,
            balance=?,
            reserved=?,
            updated_at=?,
            version=? 
        where
            id=? 
            and version=?
    2026-08-18T15:15:09.523+02:00 DEBUG 18700 --- [openex] [    Test worker] org.hibernate.SQL                        : 
        select
            o1_0.id,
            o1_0.account_id,
            o1_0.created_at,
            o1_0.idempotency_key,
            o1_0.price,
            o1_0.quantity,
            o1_0.remaining_quantity,
            o1_0.side,
            o1_0.status,
            o1_0.symbol,
            o1_0.type,
            o1_0.updated_at,
            o1_0.version 
        from
            orders o1_0
    2026-08-18T15:15:09.527+02:00 DEBUG 18700 --- [openex] [    Test worker] org.hibernate.SQL                        : 
        select
            o1_0.id,
            o1_0.account_id,
            o1_0.created_at,
            o1_0.idempotency_key,
            o1_0.price,
            o1_0.quantity,
            o1_0.remaining_quantity,
            o1_0.side,
            o1_0.status,
            o1_0.symbol,
            o1_0.type,
            o1_0.updated_at,
            o1_0.version 
        from
            orders o1_0 
        where
            o1_0.symbol=? 
            and o1_0.status in (?, ?)
    2026-08-18T15:15:09.531+02:00 DEBUG 18700 --- [openex] [    Test worker] org.hibernate.SQL                        : 
        select
            o1_0.id,
            o1_0.account_id,
            o1_0.created_at,
            o1_0.idempotency_key,
            o1_0.price,
            o1_0.quantity,
            o1_0.remaining_quantity,
            o1_0.side,
            o1_0.status,
            o1_0.symbol,
            o1_0.type,
            o1_0.updated_at,
            o1_0.version 
        from
            orders o1_0 
        where
            o1_0.idempotency_key=?
    2026-08-18T15:15:09.539+02:00 DEBUG 18700 --- [openex] [    Test worker] org.hibernate.SQL                        : 
        select
            w1_0.id,
            w1_0.account_id,
            w1_0.asset,
            w1_0.balance,
            w1_0.reserved,
            w1_0.updated_at,
            w1_0.version 
        from
            wallets w1_0 
        where
            w1_0.account_id=? 
            and w1_0.asset=?
    2026-08-18T15:15:09.542+02:00 DEBUG 18700 --- [openex] [    Test worker] org.hibernate.SQL                        : 
        select
            o1_0.id,
            o1_0.account_id,
            o1_0.created_at,
            o1_0.idempotency_key,
            o1_0.price,
            o1_0.quantity,
            o1_0.remaining_quantity,
            o1_0.side,
            o1_0.status,
            o1_0.symbol,
            o1_0.type,
            o1_0.updated_at,
            o1_0.version 
        from
            orders o1_0 
        where
            o1_0.id=?
    2026-08-18T15:15:09.543+02:00  INFO 18700 --- [openex] [    Test worker] com.openex.core.service.OrderService     : Order placed: id=226b0063-8af9-4a42-b2b7-da6ac7ce1e1e account=11111111-1111-1111-1111-111111111111 BUY 1 OBTEST2a2dbb-USD @ 45.00
    2026-08-18T15:15:09.545+02:00 DEBUG 18700 --- [openex] [    Test worker] org.hibernate.SQL                        : 
        insert 
        into
            orders
            (account_id, created_at, idempotency_key, price, quantity, remaining_quantity, side, status, symbol, type, updated_at, version, id) 
        values
            (?, ?, ?, ?, ?, ?, ?, ?, ?, ?, ?, ?, ?)
    2026-08-18T15:15:09.547+02:00 DEBUG 18700 --- [openex] [    Test worker] org.hibernate.SQL                        : 
        update
            wallets 
        set
            account_id=?,
            asset=?,
            balance=?,
            reserved=?,
            updated_at=?,
            version=? 
        where
            id=? 
            and version=?
    2026-08-18T15:15:09.548+02:00 DEBUG 18700 --- [openex] [    Test worker] org.hibernate.SQL                        : 
        select
            o1_0.id,
            o1_0.account_id,
            o1_0.created_at,
            o1_0.idempotency_key,
            o1_0.price,
            o1_0.quantity,
            o1_0.remaining_quantity,
            o1_0.side,
            o1_0.status,
            o1_0.symbol,
            o1_0.type,
            o1_0.updated_at,
            o1_0.version 
        from
            orders o1_0
    2026-08-18T15:15:09.553+02:00 DEBUG 18700 --- [openex] [    Test worker] org.hibernate.SQL                        : 
        select
            o1_0.id,
            o1_0.account_id,
            o1_0.created_at,
            o1_0.idempotency_key,
            o1_0.price,
            o1_0.quantity,
            o1_0.remaining_quantity,
            o1_0.side,
            o1_0.status,
            o1_0.symbol,
            o1_0.type,
            o1_0.updated_at,
            o1_0.version 
        from
            orders o1_0 
        where
            o1_0.symbol=? 
            and o1_0.status in (?, ?)
    2026-08-18T15:15:09.558+02:00 DEBUG 18700 --- [openex] [    Test worker] org.hibernate.SQL                        : 
        select
            o1_0.id,
            o1_0.account_id,
            o1_0.created_at,
            o1_0.idempotency_key,
            o1_0.price,
            o1_0.quantity,
            o1_0.remaining_quantity,
            o1_0.side,
            o1_0.status,
            o1_0.symbol,
            o1_0.type,
            o1_0.updated_at,
            o1_0.version 
        from
            orders o1_0 
        where
            o1_0.symbol=? 
            and o1_0.status in (?, ?)

OrderBookServiceTest > order book sorts bids highest-first and asks lowest-first() PASSED

OrderBookServiceTest > filled orders do not appear in the order book() STANDARD_OUT
    2026-08-18T15:15:09.568+02:00 DEBUG 18700 --- [openex] [    Test worker] org.hibernate.SQL                        : 
        select
            le1_0.id,
            le1_0.account_id,
            le1_0.amount,
            le1_0.asset,
            le1_0.created_at,
            le1_0.entry_type,
            le1_0.reference_id,
            le1_0.reference_type 
        from
            ledger_entries le1_0 
        where
            le1_0.id=?
    2026-08-18T15:15:09.569+02:00 DEBUG 18700 --- [openex] [    Test worker] org.hibernate.SQL                        : 
        select
            le1_0.id,
            le1_0.account_id,
            le1_0.amount,
            le1_0.asset,
            le1_0.created_at,
            le1_0.entry_type,
            le1_0.reference_id,
            le1_0.reference_type 
        from
            ledger_entries le1_0 
        where
            le1_0.id=?
    2026-08-18T15:15:09.572+02:00 DEBUG 18700 --- [openex] [    Test worker] org.hibernate.SQL                        : 
        select
            w1_0.id,
            w1_0.account_id,
            w1_0.asset,
            w1_0.balance,
            w1_0.reserved,
            w1_0.updated_at,
            w1_0.version 
        from
            wallets w1_0 
        where
            w1_0.account_id=? 
            and w1_0.asset=?
    2026-08-18T15:15:09.573+02:00 DEBUG 18700 --- [openex] [    Test worker] org.hibernate.SQL                        : 
        select
            w1_0.id,
            w1_0.account_id,
            w1_0.asset,
            w1_0.balance,
            w1_0.reserved,
            w1_0.updated_at,
            w1_0.version 
        from
            wallets w1_0 
        where
            w1_0.id=?
    2026-08-18T15:15:09.577+02:00 DEBUG 18700 --- [openex] [    Test worker] org.hibernate.SQL                        : 
        select
            o1_0.id,
            o1_0.account_id,
            o1_0.created_at,
            o1_0.idempotency_key,
            o1_0.price,
            o1_0.quantity,
            o1_0.remaining_quantity,
            o1_0.side,
            o1_0.status,
            o1_0.symbol,
            o1_0.type,
            o1_0.updated_at,
            o1_0.version 
        from
            orders o1_0 
        where
            o1_0.idempotency_key=?
    2026-08-18T15:15:09.580+02:00 DEBUG 18700 --- [openex] [    Test worker] org.hibernate.SQL                        : 
        insert 
        into
            ledger_entries
            (account_id, amount, asset, created_at, entry_type, reference_id, reference_type, id) 
        values
            (?, ?, ?, ?, ?, ?, ?, ?)
    2026-08-18T15:15:09.582+02:00 DEBUG 18700 --- [openex] [    Test worker] org.hibernate.SQL                        : 
        insert 
        into
            ledger_entries
            (account_id, amount, asset, created_at, entry_type, reference_id, reference_type, id) 
        values
            (?, ?, ?, ?, ?, ?, ?, ?)
    2026-08-18T15:15:09.588+02:00 DEBUG 18700 --- [openex] [    Test worker] org.hibernate.SQL                        : 
        insert 
        into
            wallets
            (account_id, asset, balance, reserved, updated_at, version, id) 
        values
            (?, ?, ?, ?, ?, ?, ?)
    2026-08-18T15:15:09.590+02:00 DEBUG 18700 --- [openex] [    Test worker] org.hibernate.SQL                        : 
        select
            w1_0.id,
            w1_0.account_id,
            w1_0.asset,
            w1_0.balance,
            w1_0.reserved,
            w1_0.updated_at,
            w1_0.version 
        from
            wallets w1_0 
        where
            w1_0.account_id=? 
            and w1_0.asset=?
    2026-08-18T15:15:09.591+02:00 DEBUG 18700 --- [openex] [    Test worker] org.hibernate.SQL                        : 
        select
            o1_0.id,
            o1_0.account_id,
            o1_0.created_at,
            o1_0.idempotency_key,
            o1_0.price,
            o1_0.quantity,
            o1_0.remaining_quantity,
            o1_0.side,
            o1_0.status,
            o1_0.symbol,
            o1_0.type,
            o1_0.updated_at,
            o1_0.version 
        from
            orders o1_0 
        where
            o1_0.id=?
    2026-08-18T15:15:09.592+02:00  INFO 18700 --- [openex] [    Test worker] com.openex.core.service.OrderService     : Order placed: id=af857d74-8c3e-4a10-859c-8e380c9da95e account=22222222-2222-2222-2222-222222222222 SELL 1 OBTEST8bc7d3-USD @ 50.00
    2026-08-18T15:15:09.594+02:00 DEBUG 18700 --- [openex] [    Test worker] org.hibernate.SQL                        : 
        insert 
        into
            orders
            (account_id, created_at, idempotency_key, price, quantity, remaining_quantity, side, status, symbol, type, updated_at, version, id) 
        values
            (?, ?, ?, ?, ?, ?, ?, ?, ?, ?, ?, ?, ?)
    2026-08-18T15:15:09.596+02:00 DEBUG 18700 --- [openex] [    Test worker] org.hibernate.SQL                        : 
        update
            wallets 
        set
            account_id=?,
            asset=?,
            balance=?,
            reserved=?,
            updated_at=?,
            version=? 
        where
            id=? 
            and version=?
    2026-08-18T15:15:09.597+02:00 DEBUG 18700 --- [openex] [    Test worker] org.hibernate.SQL                        : 
        select
            o1_0.id,
            o1_0.account_id,
            o1_0.created_at,
            o1_0.idempotency_key,
            o1_0.price,
            o1_0.quantity,
            o1_0.remaining_quantity,
            o1_0.side,
            o1_0.status,
            o1_0.symbol,
            o1_0.type,
            o1_0.updated_at,
            o1_0.version 
        from
            orders o1_0
    2026-08-18T15:15:09.607+02:00 DEBUG 18700 --- [openex] [    Test worker] org.hibernate.SQL                        : 
        select
            o1_0.id,
            o1_0.account_id,
            o1_0.created_at,
            o1_0.idempotency_key,
            o1_0.price,
            o1_0.quantity,
            o1_0.remaining_quantity,
            o1_0.side,
            o1_0.status,
            o1_0.symbol,
            o1_0.type,
            o1_0.updated_at,
            o1_0.version 
        from
            orders o1_0 
        where
            o1_0.symbol=? 
            and o1_0.status in (?, ?)
    2026-08-18T15:15:09.611+02:00 DEBUG 18700 --- [openex] [    Test worker] org.hibernate.SQL                        : 
        select
            o1_0.id,
            o1_0.account_id,
            o1_0.created_at,
            o1_0.idempotency_key,
            o1_0.price,
            o1_0.quantity,
            o1_0.remaining_quantity,
            o1_0.side,
            o1_0.status,
            o1_0.symbol,
            o1_0.type,
            o1_0.updated_at,
            o1_0.version 
        from
            orders o1_0 
        where
            o1_0.idempotency_key=?
    2026-08-18T15:15:09.614+02:00 DEBUG 18700 --- [openex] [    Test worker] org.hibernate.SQL                        : 
        select
            w1_0.id,
            w1_0.account_id,
            w1_0.asset,
            w1_0.balance,
            w1_0.reserved,
            w1_0.updated_at,
            w1_0.version 
        from
            wallets w1_0 
        where
            w1_0.account_id=? 
            and w1_0.asset=?
    2026-08-18T15:15:09.616+02:00 DEBUG 18700 --- [openex] [    Test worker] org.hibernate.SQL                        : 
        select
            o1_0.id,
            o1_0.account_id,
            o1_0.created_at,
            o1_0.idempotency_key,
            o1_0.price,
            o1_0.quantity,
            o1_0.remaining_quantity,
            o1_0.side,
            o1_0.status,
            o1_0.symbol,
            o1_0.type,
            o1_0.updated_at,
            o1_0.version 
        from
            orders o1_0 
        where
            o1_0.id=?
    2026-08-18T15:15:09.617+02:00  INFO 18700 --- [openex] [    Test worker] com.openex.core.service.OrderService     : Order placed: id=e5f73e3e-6e51-450f-b41b-61b4b215082a account=11111111-1111-1111-1111-111111111111 BUY 1 OBTEST8bc7d3-USD @ 50.00
    2026-08-18T15:15:09.619+02:00 DEBUG 18700 --- [openex] [    Test worker] org.hibernate.SQL                        : 
        insert 
        into
            orders
            (account_id, created_at, idempotency_key, price, quantity, remaining_quantity, side, status, symbol, type, updated_at, version, id) 
        values
            (?, ?, ?, ?, ?, ?, ?, ?, ?, ?, ?, ?, ?)
    2026-08-18T15:15:09.623+02:00 DEBUG 18700 --- [openex] [    Test worker] org.hibernate.SQL                        : 
        update
            wallets 
        set
            account_id=?,
            asset=?,
            balance=?,
            reserved=?,
            updated_at=?,
            version=? 
        where
            id=? 
            and version=?
    2026-08-18T15:15:09.625+02:00 DEBUG 18700 --- [openex] [    Test worker] org.hibernate.SQL                        : 
        select
            o1_0.id,
            o1_0.account_id,
            o1_0.created_at,
            o1_0.idempotency_key,
            o1_0.price,
            o1_0.quantity,
            o1_0.remaining_quantity,
            o1_0.side,
            o1_0.status,
            o1_0.symbol,
            o1_0.type,
            o1_0.updated_at,
            o1_0.version 
        from
            orders o1_0
    2026-08-18T15:15:09.627+02:00 DEBUG 18700 --- [openex] [    Test worker] org.hibernate.SQL                        : 
        select
            t1_0.id,
            t1_0.buy_order_id,
            t1_0.executed_at,
            t1_0.price,
            t1_0.quantity,
            t1_0.sell_order_id,
            t1_0.symbol 
        from
            trades t1_0 
        where
            t1_0.id=?
    2026-08-18T15:15:09.630+02:00 DEBUG 18700 --- [openex] [    Test worker] org.hibernate.SQL                        : 
        select
            w1_0.id,
            w1_0.account_id,
            w1_0.asset,
            w1_0.balance,
            w1_0.reserved,
            w1_0.updated_at,
            w1_0.version 
        from
            wallets w1_0 
        where
            w1_0.account_id=? 
            and w1_0.asset=?
    2026-08-18T15:15:09.633+02:00 DEBUG 18700 --- [openex] [    Test worker] org.hibernate.SQL                        : 
        insert 
        into
            trades
            (buy_order_id, executed_at, price, quantity, sell_order_id, symbol, id) 
        values
            (?, ?, ?, ?, ?, ?, ?)
    2026-08-18T15:15:09.636+02:00 DEBUG 18700 --- [openex] [    Test worker] org.hibernate.SQL                        : 
        update
            wallets 
        set
            account_id=?,
            asset=?,
            balance=?,
            reserved=?,
            updated_at=?,
            version=? 
        where
            id=? 
            and version=?
    2026-08-18T15:15:09.637+02:00 DEBUG 18700 --- [openex] [    Test worker] org.hibernate.SQL                        : 
        select
            w1_0.id,
            w1_0.account_id,
            w1_0.asset,
            w1_0.balance,
            w1_0.reserved,
            w1_0.updated_at,
            w1_0.version 
        from
            wallets w1_0 
        where
            w1_0.account_id=? 
            and w1_0.asset=?
    2026-08-18T15:15:09.639+02:00 DEBUG 18700 --- [openex] [    Test worker] org.hibernate.SQL                        : 
        select
            le1_0.id,
            le1_0.account_id,
            le1_0.amount,
            le1_0.asset,
            le1_0.created_at,
            le1_0.entry_type,
            le1_0.reference_id,
            le1_0.reference_type 
        from
            ledger_entries le1_0 
        where
            le1_0.id=?
    2026-08-18T15:15:09.640+02:00 DEBUG 18700 --- [openex] [    Test worker] org.hibernate.SQL                        : 
        select
            le1_0.id,
            le1_0.account_id,
            le1_0.amount,
            le1_0.asset,
            le1_0.created_at,
            le1_0.entry_type,
            le1_0.reference_id,
            le1_0.reference_type 
        from
            ledger_entries le1_0 
        where
            le1_0.id=?
    2026-08-18T15:15:09.643+02:00 DEBUG 18700 --- [openex] [    Test worker] org.hibernate.SQL                        : 
        insert 
        into
            ledger_entries
            (account_id, amount, asset, created_at, entry_type, reference_id, reference_type, id) 
        values
            (?, ?, ?, ?, ?, ?, ?, ?)
    2026-08-18T15:15:09.644+02:00 DEBUG 18700 --- [openex] [    Test worker] org.hibernate.SQL                        : 
        insert 
        into
            ledger_entries
            (account_id, amount, asset, created_at, entry_type, reference_id, reference_type, id) 
        values
            (?, ?, ?, ?, ?, ?, ?, ?)
    2026-08-18T15:15:09.645+02:00 DEBUG 18700 --- [openex] [    Test worker] org.hibernate.SQL                        : 
        update
            wallets 
        set
            account_id=?,
            asset=?,
            balance=?,
            reserved=?,
            updated_at=?,
            version=? 
        where
            id=? 
            and version=?
    2026-08-18T15:15:09.646+02:00 DEBUG 18700 --- [openex] [    Test worker] org.hibernate.SQL                        : 
        select
            w1_0.id,
            w1_0.account_id,
            w1_0.asset,
            w1_0.balance,
            w1_0.reserved,
            w1_0.updated_at,
            w1_0.version 
        from
            wallets w1_0 
        where
            w1_0.account_id=? 
            and w1_0.asset=?
    2026-08-18T15:15:09.649+02:00 DEBUG 18700 --- [openex] [    Test worker] org.hibernate.SQL                        : 
        update
            wallets 
        set
            account_id=?,
            asset=?,
            balance=?,
            reserved=?,
            updated_at=?,
            version=? 
        where
            id=? 
            and version=?
    2026-08-18T15:15:09.650+02:00 DEBUG 18700 --- [openex] [    Test worker] org.hibernate.SQL                        : 
        select
            w1_0.id,
            w1_0.account_id,
            w1_0.asset,
            w1_0.balance,
            w1_0.reserved,
            w1_0.updated_at,
            w1_0.version 
        from
            wallets w1_0 
        where
            w1_0.account_id=? 
            and w1_0.asset=?
    2026-08-18T15:15:09.652+02:00 DEBUG 18700 --- [openex] [    Test worker] org.hibernate.SQL                        : 
        select
            w1_0.id,
            w1_0.account_id,
            w1_0.asset,
            w1_0.balance,
            w1_0.reserved,
            w1_0.updated_at,
            w1_0.version 
        from
            wallets w1_0 
        where
            w1_0.id=?
    2026-08-18T15:15:09.654+02:00 DEBUG 18700 --- [openex] [    Test worker] org.hibernate.SQL                        : 
        select
            le1_0.id,
            le1_0.account_id,
            le1_0.amount,
            le1_0.asset,
            le1_0.created_at,
            le1_0.entry_type,
            le1_0.reference_id,
            le1_0.reference_type 
        from
            ledger_entries le1_0 
        where
            le1_0.id=?
    2026-08-18T15:15:09.656+02:00 DEBUG 18700 --- [openex] [    Test worker] org.hibernate.SQL                        : 
        select
            le1_0.id,
            le1_0.account_id,
            le1_0.amount,
            le1_0.asset,
            le1_0.created_at,
            le1_0.entry_type,
            le1_0.reference_id,
            le1_0.reference_type 
        from
            ledger_entries le1_0 
        where
            le1_0.id=?
    2026-08-18T15:15:09.661+02:00 DEBUG 18700 --- [openex] [    Test worker] org.hibernate.SQL                        : 
        insert 
        into
            wallets
            (account_id, asset, balance, reserved, updated_at, version, id) 
        values
            (?, ?, ?, ?, ?, ?, ?)
    2026-08-18T15:15:09.662+02:00 DEBUG 18700 --- [openex] [    Test worker] org.hibernate.SQL                        : 
        insert 
        into
            ledger_entries
            (account_id, amount, asset, created_at, entry_type, reference_id, reference_type, id) 
        values
            (?, ?, ?, ?, ?, ?, ?, ?)
    2026-08-18T15:15:09.664+02:00 DEBUG 18700 --- [openex] [    Test worker] org.hibernate.SQL                        : 
        insert 
        into
            ledger_entries
            (account_id, amount, asset, created_at, entry_type, reference_id, reference_type, id) 
        values
            (?, ?, ?, ?, ?, ?, ?, ?)
    2026-08-18T15:15:09.665+02:00 DEBUG 18700 --- [openex] [    Test worker] org.hibernate.SQL                        : 
        update
            orders 
        set
            account_id=?,
            created_at=?,
            idempotency_key=?,
            price=?,
            quantity=?,
            remaining_quantity=?,
            side=?,
            status=?,
            symbol=?,
            type=?,
            updated_at=?,
            version=? 
        where
            id=? 
            and version=?
    2026-08-18T15:15:09.667+02:00 DEBUG 18700 --- [openex] [    Test worker] org.hibernate.SQL                        : 
        update
            orders 
        set
            account_id=?,
            created_at=?,
            idempotency_key=?,
            price=?,
            quantity=?,
            remaining_quantity=?,
            side=?,
            status=?,
            symbol=?,
            type=?,
            updated_at=?,
            version=? 
        where
            id=? 
            and version=?
    2026-08-18T15:15:09.669+02:00 DEBUG 18700 --- [openex] [    Test worker] org.hibernate.SQL                        : 
        select
            o1_0.id,
            o1_0.account_id,
            o1_0.created_at,
            o1_0.idempotency_key,
            o1_0.price,
            o1_0.quantity,
            o1_0.remaining_quantity,
            o1_0.side,
            o1_0.status,
            o1_0.symbol,
            o1_0.type,
            o1_0.updated_at,
            o1_0.version 
        from
            orders o1_0 
        where
            o1_0.symbol=? 
            and o1_0.status in (?, ?)
    2026-08-18T15:15:09.672+02:00  INFO 18700 --- [openex] [    Test worker] com.openex.core.service.OrderService     : Order matched: id=e5f73e3e-6e51-450f-b41b-61b4b215082a status=FILLED remaining=0
    2026-08-18T15:15:09.674+02:00 DEBUG 18700 --- [openex] [    Test worker] org.hibernate.SQL                        : 
        select
            o1_0.id,
            o1_0.account_id,
            o1_0.created_at,
            o1_0.idempotency_key,
            o1_0.price,
            o1_0.quantity,
            o1_0.remaining_quantity,
            o1_0.side,
            o1_0.status,
            o1_0.symbol,
            o1_0.type,
            o1_0.updated_at,
            o1_0.version 
        from
            orders o1_0 
        where
            o1_0.symbol=? 
            and o1_0.status in (?, ?)

OrderBookServiceTest > filled orders do not appear in the order book() PASSED

OrderBookServiceTest > order book aggregates multiple orders at the same price level() STANDARD_OUT
    2026-08-18T15:15:09.685+02:00 DEBUG 18700 --- [openex] [    Test worker] org.hibernate.SQL                        : 
        select
            le1_0.id,
            le1_0.account_id,
            le1_0.amount,
            le1_0.asset,
            le1_0.created_at,
            le1_0.entry_type,
            le1_0.reference_id,
            le1_0.reference_type 
        from
            ledger_entries le1_0 
        where
            le1_0.id=?
    2026-08-18T15:15:09.687+02:00 DEBUG 18700 --- [openex] [    Test worker] org.hibernate.SQL                        : 
        select
            le1_0.id,
            le1_0.account_id,
            le1_0.amount,
            le1_0.asset,
            le1_0.created_at,
            le1_0.entry_type,
            le1_0.reference_id,
            le1_0.reference_type 
        from
            ledger_entries le1_0 
        where
            le1_0.id=?
    2026-08-18T15:15:09.689+02:00 DEBUG 18700 --- [openex] [    Test worker] org.hibernate.SQL                        : 
        select
            w1_0.id,
            w1_0.account_id,
            w1_0.asset,
            w1_0.balance,
            w1_0.reserved,
            w1_0.updated_at,
            w1_0.version 
        from
            wallets w1_0 
        where
            w1_0.account_id=? 
            and w1_0.asset=?
    2026-08-18T15:15:09.691+02:00 DEBUG 18700 --- [openex] [    Test worker] org.hibernate.SQL                        : 
        select
            w1_0.id,
            w1_0.account_id,
            w1_0.asset,
            w1_0.balance,
            w1_0.reserved,
            w1_0.updated_at,
            w1_0.version 
        from
            wallets w1_0 
        where
            w1_0.id=?
    2026-08-18T15:15:09.693+02:00 DEBUG 18700 --- [openex] [    Test worker] org.hibernate.SQL                        : 
        select
            o1_0.id,
            o1_0.account_id,
            o1_0.created_at,
            o1_0.idempotency_key,
            o1_0.price,
            o1_0.quantity,
            o1_0.remaining_quantity,
            o1_0.side,
            o1_0.status,
            o1_0.symbol,
            o1_0.type,
            o1_0.updated_at,
            o1_0.version 
        from
            orders o1_0 
        where
            o1_0.idempotency_key=?
    2026-08-18T15:15:09.695+02:00 DEBUG 18700 --- [openex] [    Test worker] org.hibernate.SQL                        : 
        insert 
        into
            ledger_entries
            (account_id, amount, asset, created_at, entry_type, reference_id, reference_type, id) 
        values
            (?, ?, ?, ?, ?, ?, ?, ?)
    2026-08-18T15:15:09.697+02:00 DEBUG 18700 --- [openex] [    Test worker] org.hibernate.SQL                        : 
        insert 
        into
            ledger_entries
            (account_id, amount, asset, created_at, entry_type, reference_id, reference_type, id) 
        values
            (?, ?, ?, ?, ?, ?, ?, ?)
    2026-08-18T15:15:09.698+02:00 DEBUG 18700 --- [openex] [    Test worker] org.hibernate.SQL                        : 
        insert 
        into
            wallets
            (account_id, asset, balance, reserved, updated_at, version, id) 
        values
            (?, ?, ?, ?, ?, ?, ?)
    2026-08-18T15:15:09.699+02:00 DEBUG 18700 --- [openex] [    Test worker] org.hibernate.SQL                        : 
        select
            w1_0.id,
            w1_0.account_id,
            w1_0.asset,
            w1_0.balance,
            w1_0.reserved,
            w1_0.updated_at,
            w1_0.version 
        from
            wallets w1_0 
        where
            w1_0.account_id=? 
            and w1_0.asset=?
    2026-08-18T15:15:09.701+02:00 DEBUG 18700 --- [openex] [    Test worker] org.hibernate.SQL                        : 
        select
            o1_0.id,
            o1_0.account_id,
            o1_0.created_at,
            o1_0.idempotency_key,
            o1_0.price,
            o1_0.quantity,
            o1_0.remaining_quantity,
            o1_0.side,
            o1_0.status,
            o1_0.symbol,
            o1_0.type,
            o1_0.updated_at,
            o1_0.version 
        from
            orders o1_0 
        where
            o1_0.id=?
    2026-08-18T15:15:09.702+02:00  INFO 18700 --- [openex] [    Test worker] com.openex.core.service.OrderService     : Order placed: id=ba81316c-9d49-4b0e-ae24-a0e668aa1860 account=22222222-2222-2222-2222-222222222222 SELL 1 OBTESTea5d1f-USD @ 50.00
    2026-08-18T15:15:09.704+02:00 DEBUG 18700 --- [openex] [    Test worker] org.hibernate.SQL                        : 
        insert 
        into
            orders
            (account_id, created_at, idempotency_key, price, quantity, remaining_quantity, side, status, symbol, type, updated_at, version, id) 
        values
            (?, ?, ?, ?, ?, ?, ?, ?, ?, ?, ?, ?, ?)
    2026-08-18T15:15:09.705+02:00 DEBUG 18700 --- [openex] [    Test worker] org.hibernate.SQL                        : 
        update
            wallets 
        set
            account_id=?,
            asset=?,
            balance=?,
            reserved=?,
            updated_at=?,
            version=? 
        where
            id=? 
            and version=?
    2026-08-18T15:15:09.706+02:00 DEBUG 18700 --- [openex] [    Test worker] org.hibernate.SQL                        : 
        select
            o1_0.id,
            o1_0.account_id,
            o1_0.created_at,
            o1_0.idempotency_key,
            o1_0.price,
            o1_0.quantity,
            o1_0.remaining_quantity,
            o1_0.side,
            o1_0.status,
            o1_0.symbol,
            o1_0.type,
            o1_0.updated_at,
            o1_0.version 
        from
            orders o1_0
    2026-08-18T15:15:09.718+02:00 DEBUG 18700 --- [openex] [    Test worker] org.hibernate.SQL                        : 
        select
            o1_0.id,
            o1_0.account_id,
            o1_0.created_at,
            o1_0.idempotency_key,
            o1_0.price,
            o1_0.quantity,
            o1_0.remaining_quantity,
            o1_0.side,
            o1_0.status,
            o1_0.symbol,
            o1_0.type,
            o1_0.updated_at,
            o1_0.version 
        from
            orders o1_0 
        where
            o1_0.symbol=? 
            and o1_0.status in (?, ?)
    2026-08-18T15:15:09.722+02:00 DEBUG 18700 --- [openex] [    Test worker] org.hibernate.SQL                        : 
        select
            o1_0.id,
            o1_0.account_id,
            o1_0.created_at,
            o1_0.idempotency_key,
            o1_0.price,
            o1_0.quantity,
            o1_0.remaining_quantity,
            o1_0.side,
            o1_0.status,
            o1_0.symbol,
            o1_0.type,
            o1_0.updated_at,
            o1_0.version 
        from
            orders o1_0 
        where
            o1_0.idempotency_key=?
    2026-08-18T15:15:09.725+02:00 DEBUG 18700 --- [openex] [    Test worker] org.hibernate.SQL                        : 
        select
            w1_0.id,
            w1_0.account_id,
            w1_0.asset,
            w1_0.balance,
            w1_0.reserved,
            w1_0.updated_at,
            w1_0.version 
        from
            wallets w1_0 
        where
            w1_0.account_id=? 
            and w1_0.asset=?
    2026-08-18T15:15:09.727+02:00 DEBUG 18700 --- [openex] [    Test worker] org.hibernate.SQL                        : 
        select
            o1_0.id,
            o1_0.account_id,
            o1_0.created_at,
            o1_0.idempotency_key,
            o1_0.price,
            o1_0.quantity,
            o1_0.remaining_quantity,
            o1_0.side,
            o1_0.status,
            o1_0.symbol,
            o1_0.type,
            o1_0.updated_at,
            o1_0.version 
        from
            orders o1_0 
        where
            o1_0.id=?
    2026-08-18T15:15:09.728+02:00  INFO 18700 --- [openex] [    Test worker] com.openex.core.service.OrderService     : Order placed: id=09c14655-b18b-487a-a2ac-7f4809b124a7 account=22222222-2222-2222-2222-222222222222 SELL 2 OBTESTea5d1f-USD @ 50.00
    2026-08-18T15:15:09.730+02:00 DEBUG 18700 --- [openex] [    Test worker] org.hibernate.SQL                        : 
        insert 
        into
            orders
            (account_id, created_at, idempotency_key, price, quantity, remaining_quantity, side, status, symbol, type, updated_at, version, id) 
        values
            (?, ?, ?, ?, ?, ?, ?, ?, ?, ?, ?, ?, ?)
    2026-08-18T15:15:09.732+02:00 DEBUG 18700 --- [openex] [    Test worker] org.hibernate.SQL                        : 
        update
            wallets 
        set
            account_id=?,
            asset=?,
            balance=?,
            reserved=?,
            updated_at=?,
            version=? 
        where
            id=? 
            and version=?
    2026-08-18T15:15:09.733+02:00 DEBUG 18700 --- [openex] [    Test worker] org.hibernate.SQL                        : 
        select
            o1_0.id,
            o1_0.account_id,
            o1_0.created_at,
            o1_0.idempotency_key,
            o1_0.price,
            o1_0.quantity,
            o1_0.remaining_quantity,
            o1_0.side,
            o1_0.status,
            o1_0.symbol,
            o1_0.type,
            o1_0.updated_at,
            o1_0.version 
        from
            orders o1_0
    2026-08-18T15:15:09.737+02:00 DEBUG 18700 --- [openex] [    Test worker] org.hibernate.SQL                        : 
        select
            o1_0.id,
            o1_0.account_id,
            o1_0.created_at,
            o1_0.idempotency_key,
            o1_0.price,
            o1_0.quantity,
            o1_0.remaining_quantity,
            o1_0.side,
            o1_0.status,
            o1_0.symbol,
            o1_0.type,
            o1_0.updated_at,
            o1_0.version 
        from
            orders o1_0 
        where
            o1_0.symbol=? 
            and o1_0.status in (?, ?)
    2026-08-18T15:15:09.740+02:00 DEBUG 18700 --- [openex] [    Test worker] org.hibernate.SQL                        : 
        select
            o1_0.id,
            o1_0.account_id,
            o1_0.created_at,
            o1_0.idempotency_key,
            o1_0.price,
            o1_0.quantity,
            o1_0.remaining_quantity,
            o1_0.side,
            o1_0.status,
            o1_0.symbol,
            o1_0.type,
            o1_0.updated_at,
            o1_0.version 
        from
            orders o1_0 
        where
            o1_0.symbol=? 
            and o1_0.status in (?, ?)

OrderBookServiceTest > order book aggregates multiple orders at the same price level() PASSED

OrderServiceTest STANDARD_OUT
    2026-08-18T15:15:09.752+02:00  INFO 18700 --- [openex] [    Test worker] t.c.s.AnnotationConfigContextLoaderUtils : Could not detect default configuration classes for test class [com.openex.core.service.OrderServiceTest]: OrderServiceTest does not declare any static, non-private, non-final, nested classes annotated with @Configuration.
    2026-08-18T15:15:09.757+02:00  INFO 18700 --- [openex] [    Test worker] .b.t.c.SpringBootTestContextBootstrapper : Found @SpringBootConfiguration com.openex.core.OpenExApplication for test class com.openex.core.service.OrderServiceTest

OrderServiceTest > partial fill updates both orders and settles only the matched quantity() STANDARD_OUT
    2026-08-18T15:15:09.770+02:00 DEBUG 18700 --- [openex] [    Test worker] org.hibernate.SQL                        : 
        select
            le1_0.id,
            le1_0.account_id,
            le1_0.amount,
            le1_0.asset,
            le1_0.created_at,
            le1_0.entry_type,
            le1_0.reference_id,
            le1_0.reference_type 
        from
            ledger_entries le1_0 
        where
            le1_0.id=?
    2026-08-18T15:15:09.775+02:00 DEBUG 18700 --- [openex] [    Test worker] org.hibernate.SQL                        : 
        select
            le1_0.id,
            le1_0.account_id,
            le1_0.amount,
            le1_0.asset,
            le1_0.created_at,
            le1_0.entry_type,
            le1_0.reference_id,
            le1_0.reference_type 
        from
            ledger_entries le1_0 
        where
            le1_0.id=?
    2026-08-18T15:15:09.779+02:00 DEBUG 18700 --- [openex] [    Test worker] org.hibernate.SQL                        : 
        select
            w1_0.id,
            w1_0.account_id,
            w1_0.asset,
            w1_0.balance,
            w1_0.reserved,
            w1_0.updated_at,
            w1_0.version 
        from
            wallets w1_0 
        where
            w1_0.account_id=? 
            and w1_0.asset=?
    2026-08-18T15:15:09.782+02:00 DEBUG 18700 --- [openex] [    Test worker] org.hibernate.SQL                        : 
        insert 
        into
            ledger_entries
            (account_id, amount, asset, created_at, entry_type, reference_id, reference_type, id) 
        values
            (?, ?, ?, ?, ?, ?, ?, ?)
    2026-08-18T15:15:09.786+02:00 DEBUG 18700 --- [openex] [    Test worker] org.hibernate.SQL                        : 
        insert 
        into
            ledger_entries
            (account_id, amount, asset, created_at, entry_type, reference_id, reference_type, id) 
        values
            (?, ?, ?, ?, ?, ?, ?, ?)
    2026-08-18T15:15:09.791+02:00 DEBUG 18700 --- [openex] [    Test worker] org.hibernate.SQL                        : 
        update
            wallets 
        set
            account_id=?,
            asset=?,
            balance=?,
            reserved=?,
            updated_at=?,
            version=? 
        where
            id=? 
            and version=?
    2026-08-18T15:15:09.794+02:00 DEBUG 18700 --- [openex] [    Test worker] org.hibernate.SQL                        : 
        select
            w1_0.id,
            w1_0.account_id,
            w1_0.asset,
            w1_0.balance,
            w1_0.reserved,
            w1_0.updated_at,
            w1_0.version 
        from
            wallets w1_0 
        where
            w1_0.account_id=? 
            and w1_0.asset=?
    2026-08-18T15:15:09.796+02:00 DEBUG 18700 --- [openex] [    Test worker] org.hibernate.SQL                        : 
        select
            w1_0.id,
            w1_0.account_id,
            w1_0.asset,
            w1_0.balance,
            w1_0.reserved,
            w1_0.updated_at,
            w1_0.version 
        from
            wallets w1_0 
        where
            w1_0.account_id=? 
            and w1_0.asset=?
    2026-08-18T15:15:09.856+02:00 DEBUG 18700 --- [openex] [    Test worker] org.hibernate.SQL                        : 
        select
            w1_0.id,
            w1_0.account_id,
            w1_0.asset,
            w1_0.balance,
            w1_0.reserved,
            w1_0.updated_at,
            w1_0.version 
        from
            wallets w1_0 
        where
            w1_0.account_id=? 
            and w1_0.asset=?
    2026-08-18T15:15:09.858+02:00 DEBUG 18700 --- [openex] [    Test worker] org.hibernate.SQL                        : 
        select
            o1_0.id,
            o1_0.account_id,
            o1_0.created_at,
            o1_0.idempotency_key,
            o1_0.price,
            o1_0.quantity,
            o1_0.remaining_quantity,
            o1_0.side,
            o1_0.status,
            o1_0.symbol,
            o1_0.type,
            o1_0.updated_at,
            o1_0.version 
        from
            orders o1_0 
        where
            o1_0.idempotency_key=?

OrderServiceTest > partial fill updates both orders and settles only the matched quantity() FAILED
    org.opentest4j.AssertionFailedError: expected: <OPEN> but was: <PARTIALLY_FILLED>
        at app//org.junit.jupiter.api.AssertionFailureBuilder.build(AssertionFailureBuilder.java:151)
        at app//org.junit.jupiter.api.AssertionFailureBuilder.buildAndThrow(AssertionFailureBuilder.java:132)
        at app//org.junit.jupiter.api.AssertEquals.failNotEqual(AssertEquals.java:197)
        at app//org.junit.jupiter.api.AssertEquals.assertEquals(AssertEquals.java:182)
        at app//org.junit.jupiter.api.AssertEquals.assertEquals(AssertEquals.java:177)
        at app//org.junit.jupiter.api.Assertions.assertEquals(Assertions.java:1145)
        at app//com.openex.core.service.OrderServiceTest.partial fill updates both orders and settles only the matched quantity(OrderServiceTest.kt:435)

OrderServiceTest > cancelling an open buy order releases the reserved USD() STANDARD_OUT
    2026-08-18T15:15:09.871+02:00 DEBUG 18700 --- [openex] [    Test worker] org.hibernate.SQL                        : 
        select
            o1_0.id,
            o1_0.account_id,
            o1_0.created_at,
            o1_0.idempotency_key,
            o1_0.price,
            o1_0.quantity,
            o1_0.remaining_quantity,
            o1_0.side,
            o1_0.status,
            o1_0.symbol,
            o1_0.type,
            o1_0.updated_at,
            o1_0.version 
        from
            orders o1_0 
        where
            o1_0.idempotency_key=?
    2026-08-18T15:15:09.876+02:00 DEBUG 18700 --- [openex] [    Test worker] org.hibernate.SQL                        : 
        select
            w1_0.id,
            w1_0.account_id,
            w1_0.asset,
            w1_0.balance,
            w1_0.reserved,
            w1_0.updated_at,
            w1_0.version 
        from
            wallets w1_0 
        where
            w1_0.account_id=? 
            and w1_0.asset=?

OrderServiceTest > cancelling an open buy order releases the reserved USD() FAILED
    com.openex.core.service.InsufficientFundsException: Insufficient available USD balance: have 3860.00000000 available, need 10000.00
        at app//com.openex.core.service.WalletService.reserve(WalletService.kt:151)
        at java.base@21.0.11/jdk.internal.reflect.DirectMethodHandleAccessor.invoke(DirectMethodHandleAccessor.java:103)
        at java.base@21.0.11/java.lang.reflect.Method.invoke(Method.java:580)
        at app//org.springframework.aop.support.AopUtils.invokeJoinpointUsingReflection(AopUtils.java:354)
        at app//org.springframework.aop.framework.ReflectiveMethodInvocation.invokeJoinpoint(ReflectiveMethodInvocation.java:196)
        at app//org.springframework.aop.framework.ReflectiveMethodInvocation.proceed(ReflectiveMethodInvocation.java:163)
        at app//org.springframework.aop.framework.CglibAopProxy$CglibMethodInvocation.proceed(CglibAopProxy.java:768)
        at app//org.springframework.transaction.interceptor.TransactionAspectSupport.invokeWithinTransaction(TransactionAspectSupport.java:379)
        at app//org.springframework.transaction.interceptor.TransactionInterceptor.invoke(TransactionInterceptor.java:119)
        at app//org.springframework.aop.framework.ReflectiveMethodInvocation.proceed(ReflectiveMethodInvocation.java:184)
        at app//org.springframework.aop.framework.CglibAopProxy$CglibMethodInvocation.proceed(CglibAopProxy.java:768)
        at app//org.springframework.aop.framework.CglibAopProxy$DynamicAdvisedInterceptor.intercept(CglibAopProxy.java:720)
        at app//com.openex.core.service.WalletService$$SpringCGLIB$$0.reserve(<generated>)
        at app//com.openex.core.service.OrderService.placeOrderInternal(OrderService.kt:117)
        at java.base@21.0.11/jdk.internal.reflect.DirectMethodHandleAccessor.invoke(DirectMethodHandleAccessor.java:103)
        at java.base@21.0.11/java.lang.reflect.Method.invoke(Method.java:580)
        at app//org.springframework.aop.support.AopUtils.invokeJoinpointUsingReflection(AopUtils.java:354)
        at app//org.springframework.aop.framework.ReflectiveMethodInvocation.invokeJoinpoint(ReflectiveMethodInvocation.java:196)
        at app//org.springframework.aop.framework.ReflectiveMethodInvocation.proceed(ReflectiveMethodInvocation.java:163)
        at app//org.springframework.aop.framework.CglibAopProxy$CglibMethodInvocation.proceed(CglibAopProxy.java:768)
        at app//org.springframework.transaction.interceptor.TransactionAspectSupport.invokeWithinTransaction(TransactionAspectSupport.java:379)
        at app//org.springframework.transaction.interceptor.TransactionInterceptor.invoke(TransactionInterceptor.java:119)
        at app//org.springframework.aop.framework.ReflectiveMethodInvocation.proceed(ReflectiveMethodInvocation.java:184)
        at app//org.springframework.aop.framework.CglibAopProxy$CglibMethodInvocation.proceed(CglibAopProxy.java:768)
        at app//org.springframework.aop.framework.CglibAopProxy$DynamicAdvisedInterceptor.intercept(CglibAopProxy.java:720)
        at app//com.openex.core.service.OrderService$$SpringCGLIB$$1.placeOrderInternal(<generated>)
        at java.base@21.0.11/jdk.internal.reflect.DirectMethodHandleAccessor.invoke(DirectMethodHandleAccessor.java:103)
        at java.base@21.0.11/java.lang.reflect.Method.invoke(Method.java:580)
        at app//org.springframework.aop.support.AopUtils.invokeJoinpointUsingReflection(AopUtils.java:354)
        at app//org.springframework.aop.framework.CglibAopProxy$DynamicAdvisedInterceptor.intercept(CglibAopProxy.java:716)
        at app//com.openex.core.service.OrderService$$SpringCGLIB$$0.placeOrderInternal(<generated>)
        at app//com.openex.core.service.OrderService.placeOrder(OrderService.kt:51)
        at java.base@21.0.11/jdk.internal.reflect.DirectMethodHandleAccessor.invoke(DirectMethodHandleAccessor.java:103)
        at java.base@21.0.11/java.lang.reflect.Method.invoke(Method.java:580)
        at app//org.springframework.aop.support.AopUtils.invokeJoinpointUsingReflection(AopUtils.java:354)
        at app//org.springframework.aop.framework.CglibAopProxy$DynamicAdvisedInterceptor.intercept(CglibAopProxy.java:716)
        at app//com.openex.core.service.OrderService$$SpringCGLIB$$1.placeOrder(<generated>)
        at app//com.openex.core.service.OrderServiceTest.cancelling an open buy order releases the reserved USD(OrderServiceTest.kt:185)

OrderServiceTest > cancelling someone else's order throws() STANDARD_OUT
    2026-08-18T15:15:09.908+02:00 DEBUG 18700 --- [openex] [    Test worker] org.hibernate.SQL                        : 
        select
            o1_0.id,
            o1_0.account_id,
            o1_0.created_at,
            o1_0.idempotency_key,
            o1_0.price,
            o1_0.quantity,
            o1_0.remaining_quantity,
            o1_0.side,
            o1_0.status,
            o1_0.symbol,
            o1_0.type,
            o1_0.updated_at,
            o1_0.version 
        from
            orders o1_0 
        where
            o1_0.idempotency_key=?

OrderServiceTest > cancelling someone else's order throws() PASSED

OrderServiceTest > cancelling an already-cancelled order is a no-op() STANDARD_OUT
    2026-08-18T15:15:09.936+02:00 DEBUG 18700 --- [openex] [    Test worker] org.hibernate.SQL                        : 
        select
            o1_0.id,
            o1_0.account_id,
            o1_0.created_at,
            o1_0.idempotency_key,
            o1_0.price,
            o1_0.quantity,
            o1_0.remaining_quantity,
            o1_0.side,
            o1_0.status,
            o1_0.symbol,
            o1_0.type,
            o1_0.updated_at,
            o1_0.version 
        from
            orders o1_0 
        where
            o1_0.idempotency_key=?
    2026-08-18T15:15:09.939+02:00 DEBUG 18700 --- [openex] [    Test worker] org.hibernate.SQL                        : 
        select
            w1_0.id,
            w1_0.account_id,
            w1_0.asset,
            w1_0.balance,
            w1_0.reserved,
            w1_0.updated_at,
            w1_0.version 
        from
            wallets w1_0 
        where
            w1_0.account_id=? 
            and w1_0.asset=?
    2026-08-18T15:15:09.942+02:00 DEBUG 18700 --- [openex] [    Test worker] org.hibernate.SQL                        : 
        select
            w1_0.id,
            w1_0.account_id,
            w1_0.asset,
            w1_0.balance,
            w1_0.reserved,
            w1_0.updated_at,
            w1_0.version 
        from
            wallets w1_0 
        where
            w1_0.account_id=? 
            and w1_0.asset=?

OrderServiceTest > cancelling an already-cancelled order is a no-op() PASSED

OrderServiceTest > end-to-end - placing a crossing order settles both wallets correctly through placeOrder alone() STANDARD_OUT
    2026-08-18T15:15:09.950+02:00 DEBUG 18700 --- [openex] [    Test worker] org.hibernate.SQL                        : 
        select
            le1_0.id,
            le1_0.account_id,
            le1_0.amount,
            le1_0.asset,
            le1_0.created_at,
            le1_0.entry_type,
            le1_0.reference_id,
            le1_0.reference_type 
        from
            ledger_entries le1_0 
        where
            le1_0.id=?
    2026-08-18T15:15:09.952+02:00 DEBUG 18700 --- [openex] [    Test worker] org.hibernate.SQL                        : 
        select
            le1_0.id,
            le1_0.account_id,
            le1_0.amount,
            le1_0.asset,
            le1_0.created_at,
            le1_0.entry_type,
            le1_0.reference_id,
            le1_0.reference_type 
        from
            ledger_entries le1_0 
        where
            le1_0.id=?
    2026-08-18T15:15:09.960+02:00 DEBUG 18700 --- [openex] [    Test worker] org.hibernate.SQL                        : 
        select
            w1_0.id,
            w1_0.account_id,
            w1_0.asset,
            w1_0.balance,
            w1_0.reserved,
            w1_0.updated_at,
            w1_0.version 
        from
            wallets w1_0 
        where
            w1_0.account_id=? 
            and w1_0.asset=?
    2026-08-18T15:15:09.968+02:00 DEBUG 18700 --- [openex] [    Test worker] org.hibernate.SQL                        : 
        insert 
        into
            ledger_entries
            (account_id, amount, asset, created_at, entry_type, reference_id, reference_type, id) 
        values
            (?, ?, ?, ?, ?, ?, ?, ?)
    2026-08-18T15:15:09.970+02:00 DEBUG 18700 --- [openex] [    Test worker] org.hibernate.SQL                        : 
        insert 
        into
            ledger_entries
            (account_id, amount, asset, created_at, entry_type, reference_id, reference_type, id) 
        values
            (?, ?, ?, ?, ?, ?, ?, ?)
    2026-08-18T15:15:09.971+02:00 DEBUG 18700 --- [openex] [    Test worker] org.hibernate.SQL                        : 
        update
            wallets 
        set
            account_id=?,
            asset=?,
            balance=?,
            reserved=?,
            updated_at=?,
            version=? 
        where
            id=? 
            and version=?
    2026-08-18T15:15:09.972+02:00 DEBUG 18700 --- [openex] [    Test worker] org.hibernate.SQL                        : 
        select
            w1_0.id,
            w1_0.account_id,
            w1_0.asset,
            w1_0.balance,
            w1_0.reserved,
            w1_0.updated_at,
            w1_0.version 
        from
            wallets w1_0 
        where
            w1_0.account_id=? 
            and w1_0.asset=?
    2026-08-18T15:15:09.974+02:00 DEBUG 18700 --- [openex] [    Test worker] org.hibernate.SQL                        : 
        select
            w1_0.id,
            w1_0.account_id,
            w1_0.asset,
            w1_0.balance,
            w1_0.reserved,
            w1_0.updated_at,
            w1_0.version 
        from
            wallets w1_0 
        where
            w1_0.account_id=? 
            and w1_0.asset=?
    2026-08-18T15:15:09.977+02:00 DEBUG 18700 --- [openex] [    Test worker] org.hibernate.SQL                        : 
        select
            w1_0.id,
            w1_0.account_id,
            w1_0.asset,
            w1_0.balance,
            w1_0.reserved,
            w1_0.updated_at,
            w1_0.version 
        from
            wallets w1_0 
        where
            w1_0.account_id=? 
            and w1_0.asset=?
    2026-08-18T15:15:09.982+02:00 DEBUG 18700 --- [openex] [    Test worker] org.hibernate.SQL                        : 
        select
            w1_0.id,
            w1_0.account_id,
            w1_0.asset,
            w1_0.balance,
            w1_0.reserved,
            w1_0.updated_at,
            w1_0.version 
        from
            wallets w1_0 
        where
            w1_0.account_id=? 
            and w1_0.asset=?
    2026-08-18T15:15:09.984+02:00 DEBUG 18700 --- [openex] [    Test worker] org.hibernate.SQL                        : 
        select
            o1_0.id,
            o1_0.account_id,
            o1_0.created_at,
            o1_0.idempotency_key,
            o1_0.price,
            o1_0.quantity,
            o1_0.remaining_quantity,
            o1_0.side,
            o1_0.status,
            o1_0.symbol,
            o1_0.type,
            o1_0.updated_at,
            o1_0.version 
        from
            orders o1_0 
        where
            o1_0.idempotency_key=?

OrderServiceTest > end-to-end - placing a crossing order settles both wallets correctly through placeOrder alone() FAILED
    org.opentest4j.AssertionFailedError: expected: <OPEN> but was: <FILLED>
        at app//org.junit.jupiter.api.AssertionFailureBuilder.build(AssertionFailureBuilder.java:151)
        at app//org.junit.jupiter.api.AssertionFailureBuilder.buildAndThrow(AssertionFailureBuilder.java:132)
        at app//org.junit.jupiter.api.AssertEquals.failNotEqual(AssertEquals.java:197)
        at app//org.junit.jupiter.api.AssertEquals.assertEquals(AssertEquals.java:182)
        at app//org.junit.jupiter.api.AssertEquals.assertEquals(AssertEquals.java:177)
        at app//org.junit.jupiter.api.Assertions.assertEquals(Assertions.java:1145)
        at app//com.openex.core.service.OrderServiceTest.end-to-end - placing a crossing order settles both wallets correctly through placeOrder alone(OrderServiceTest.kt:313)

OrderServiceTest > placing an order with insufficient funds throws and reserves nothing() STANDARD_OUT
    2026-08-18T15:15:09.997+02:00 DEBUG 18700 --- [openex] [    Test worker] org.hibernate.SQL                        : 
        select
            w1_0.id,
            w1_0.account_id,
            w1_0.asset,
            w1_0.balance,
            w1_0.reserved,
            w1_0.updated_at,
            w1_0.version 
        from
            wallets w1_0 
        where
            w1_0.account_id=? 
            and w1_0.asset=?
    2026-08-18T15:15:10.002+02:00 DEBUG 18700 --- [openex] [    Test worker] org.hibernate.SQL                        : 
        select
            o1_0.id,
            o1_0.account_id,
            o1_0.created_at,
            o1_0.idempotency_key,
            o1_0.price,
            o1_0.quantity,
            o1_0.remaining_quantity,
            o1_0.side,
            o1_0.status,
            o1_0.symbol,
            o1_0.type,
            o1_0.updated_at,
            o1_0.version 
        from
            orders o1_0 
        where
            o1_0.idempotency_key=?
    2026-08-18T15:15:10.006+02:00 DEBUG 18700 --- [openex] [    Test worker] org.hibernate.SQL                        : 
        select
            w1_0.id,
            w1_0.account_id,
            w1_0.asset,
            w1_0.balance,
            w1_0.reserved,
            w1_0.updated_at,
            w1_0.version 
        from
            wallets w1_0 
        where
            w1_0.account_id=? 
            and w1_0.asset=?
    2026-08-18T15:15:10.010+02:00 DEBUG 18700 --- [openex] [    Test worker] org.hibernate.SQL                        : 
        select
            o1_0.id,
            o1_0.account_id,
            o1_0.created_at,
            o1_0.idempotency_key,
            o1_0.price,
            o1_0.quantity,
            o1_0.remaining_quantity,
            o1_0.side,
            o1_0.status,
            o1_0.symbol,
            o1_0.type,
            o1_0.updated_at,
            o1_0.version 
        from
            orders o1_0 
        where
            o1_0.idempotency_key=?

OrderServiceTest > placing an order with insufficient funds throws and reserves nothing() PASSED

OrderServiceTest > placing an order twice with the same idempotency key returns the same order, does not double-reserve() STANDARD_OUT
    2026-08-18T15:15:10.019+02:00 DEBUG 18700 --- [openex] [    Test worker] org.hibernate.SQL                        : 
        select
            o1_0.id,
            o1_0.account_id,
            o1_0.created_at,
            o1_0.idempotency_key,
            o1_0.price,
            o1_0.quantity,
            o1_0.remaining_quantity,
            o1_0.side,
            o1_0.status,
            o1_0.symbol,
            o1_0.type,
            o1_0.updated_at,
            o1_0.version 
        from
            orders o1_0 
        where
            o1_0.idempotency_key=?
    2026-08-18T15:15:10.027+02:00 DEBUG 18700 --- [openex] [    Test worker] org.hibernate.SQL                        : 
        select
            o1_0.id,
            o1_0.account_id,
            o1_0.created_at,
            o1_0.idempotency_key,
            o1_0.price,
            o1_0.quantity,
            o1_0.remaining_quantity,
            o1_0.side,
            o1_0.status,
            o1_0.symbol,
            o1_0.type,
            o1_0.updated_at,
            o1_0.version 
        from
            orders o1_0 
        where
            o1_0.idempotency_key=?
    2026-08-18T15:15:10.034+02:00 DEBUG 18700 --- [openex] [    Test worker] org.hibernate.SQL                        : 
        select
            w1_0.id,
            w1_0.account_id,
            w1_0.asset,
            w1_0.balance,
            w1_0.reserved,
            w1_0.updated_at,
            w1_0.version 
        from
            wallets w1_0 
        where
            w1_0.account_id=? 
            and w1_0.asset=?

OrderServiceTest > placing an order twice with the same idempotency key returns the same order, does not double-reserve() FAILED
    org.opentest4j.AssertionFailedError: Reserved should reflect one order, not two ==> expected: <true> but was: <false>
        at app//org.junit.jupiter.api.AssertionFailureBuilder.build(AssertionFailureBuilder.java:151)
        at app//org.junit.jupiter.api.AssertionFailureBuilder.buildAndThrow(AssertionFailureBuilder.java:132)
        at app//org.junit.jupiter.api.AssertTrue.failNotTrue(AssertTrue.java:63)
        at app//org.junit.jupiter.api.AssertTrue.assertTrue(AssertTrue.java:36)
        at app//org.junit.jupiter.api.Assertions.assertTrue(Assertions.java:214)
        at app//com.openex.core.service.OrderServiceTest.placing an order twice with the same idempotency key returns the same order, does not double-reserve(OrderServiceTest.kt:177)

OrderServiceTest > placing a limit buy order reserves price times quantity in quote currency() STANDARD_OUT
    2026-08-18T15:15:10.058+02:00 DEBUG 18700 --- [openex] [    Test worker] org.hibernate.SQL                        : 
        select
            w1_0.id,
            w1_0.account_id,
            w1_0.asset,
            w1_0.balance,
            w1_0.reserved,
            w1_0.updated_at,
            w1_0.version 
        from
            wallets w1_0 
        where
            w1_0.account_id=? 
            and w1_0.asset=?
    2026-08-18T15:15:10.060+02:00 DEBUG 18700 --- [openex] [    Test worker] org.hibernate.SQL                        : 
        select
            o1_0.id,
            o1_0.account_id,
            o1_0.created_at,
            o1_0.idempotency_key,
            o1_0.price,
            o1_0.quantity,
            o1_0.remaining_quantity,
            o1_0.side,
            o1_0.status,
            o1_0.symbol,
            o1_0.type,
            o1_0.updated_at,
            o1_0.version 
        from
            orders o1_0 
        where
            o1_0.idempotency_key=?
    2026-08-18T15:15:10.062+02:00 DEBUG 18700 --- [openex] [    Test worker] org.hibernate.SQL                        : 
        select
            w1_0.id,
            w1_0.account_id,
            w1_0.asset,
            w1_0.balance,
            w1_0.reserved,
            w1_0.updated_at,
            w1_0.version 
        from
            wallets w1_0 
        where
            w1_0.account_id=? 
            and w1_0.asset=?

OrderServiceTest > placing a limit buy order reserves price times quantity in quote currency() FAILED
    org.opentest4j.AssertionFailedError: expected: <0> but was: <-1>
        at app//org.junit.jupiter.api.AssertionFailureBuilder.build(AssertionFailureBuilder.java:151)
        at app//org.junit.jupiter.api.AssertionFailureBuilder.buildAndThrow(AssertionFailureBuilder.java:132)
        at app//org.junit.jupiter.api.AssertEquals.failNotEqual(AssertEquals.java:197)
        at app//org.junit.jupiter.api.AssertEquals.assertEquals(AssertEquals.java:150)
        at app//org.junit.jupiter.api.AssertEquals.assertEquals(AssertEquals.java:145)
        at app//org.junit.jupiter.api.Assertions.assertEquals(Assertions.java:531)
        at app//com.openex.core.service.OrderServiceTest.placing a limit buy order reserves price times quantity in quote currency(OrderServiceTest.kt:63)

OrderServiceTest > placing a limit order without a price throws() STANDARD_OUT
    2026-08-18T15:15:10.071+02:00 DEBUG 18700 --- [openex] [    Test worker] org.hibernate.SQL                        : 
        select
            o1_0.id,
            o1_0.account_id,
            o1_0.created_at,
            o1_0.idempotency_key,
            o1_0.price,
            o1_0.quantity,
            o1_0.remaining_quantity,
            o1_0.side,
            o1_0.status,
            o1_0.symbol,
            o1_0.type,
            o1_0.updated_at,
            o1_0.version 
        from
            orders o1_0 
        where
            o1_0.idempotency_key=?

OrderServiceTest > placing a limit order without a price throws() PASSED

OrderServiceTest > placing a limit sell order reserves quantity in base currency() STANDARD_OUT
    2026-08-18T15:15:10.085+02:00 DEBUG 18700 --- [openex] [    Test worker] org.hibernate.SQL                        : 
        select
            le1_0.id,
            le1_0.account_id,
            le1_0.amount,
            le1_0.asset,
            le1_0.created_at,
            le1_0.entry_type,
            le1_0.reference_id,
            le1_0.reference_type 
        from
            ledger_entries le1_0 
        where
            le1_0.id=?
    2026-08-18T15:15:10.095+02:00 DEBUG 18700 --- [openex] [    Test worker] org.hibernate.SQL                        : 
        select
            le1_0.id,
            le1_0.account_id,
            le1_0.amount,
            le1_0.asset,
            le1_0.created_at,
            le1_0.entry_type,
            le1_0.reference_id,
            le1_0.reference_type 
        from
            ledger_entries le1_0 
        where
            le1_0.id=?
    2026-08-18T15:15:10.099+02:00 DEBUG 18700 --- [openex] [    Test worker] org.hibernate.SQL                        : 
        select
            w1_0.id,
            w1_0.account_id,
            w1_0.asset,
            w1_0.balance,
            w1_0.reserved,
            w1_0.updated_at,
            w1_0.version 
        from
            wallets w1_0 
        where
            w1_0.account_id=? 
            and w1_0.asset=?
    2026-08-18T15:15:10.103+02:00 DEBUG 18700 --- [openex] [    Test worker] org.hibernate.SQL                        : 
        insert 
        into
            ledger_entries
            (account_id, amount, asset, created_at, entry_type, reference_id, reference_type, id) 
        values
            (?, ?, ?, ?, ?, ?, ?, ?)
    2026-08-18T15:15:10.106+02:00 DEBUG 18700 --- [openex] [    Test worker] org.hibernate.SQL                        : 
        insert 
        into
            ledger_entries
            (account_id, amount, asset, created_at, entry_type, reference_id, reference_type, id) 
        values
            (?, ?, ?, ?, ?, ?, ?, ?)
    2026-08-18T15:15:10.107+02:00 DEBUG 18700 --- [openex] [    Test worker] org.hibernate.SQL                        : 
        update
            wallets 
        set
            account_id=?,
            asset=?,
            balance=?,
            reserved=?,
            updated_at=?,
            version=? 
        where
            id=? 
            and version=?
    2026-08-18T15:15:10.109+02:00 DEBUG 18700 --- [openex] [    Test worker] org.hibernate.SQL                        : 
        select
            w1_0.id,
            w1_0.account_id,
            w1_0.asset,
            w1_0.balance,
            w1_0.reserved,
            w1_0.updated_at,
            w1_0.version 
        from
            wallets w1_0 
        where
            w1_0.account_id=? 
            and w1_0.asset=?
    2026-08-18T15:15:10.111+02:00 DEBUG 18700 --- [openex] [    Test worker] org.hibernate.SQL                        : 
        select
            o1_0.id,
            o1_0.account_id,
            o1_0.created_at,
            o1_0.idempotency_key,
            o1_0.price,
            o1_0.quantity,
            o1_0.remaining_quantity,
            o1_0.side,
            o1_0.status,
            o1_0.symbol,
            o1_0.type,
            o1_0.updated_at,
            o1_0.version 
        from
            orders o1_0 
        where
            o1_0.idempotency_key=?
    2026-08-18T15:15:10.113+02:00 DEBUG 18700 --- [openex] [    Test worker] org.hibernate.SQL                        : 
        select
            w1_0.id,
            w1_0.account_id,
            w1_0.asset,
            w1_0.balance,
            w1_0.reserved,
            w1_0.updated_at,
            w1_0.version 
        from
            wallets w1_0 
        where
            w1_0.account_id=? 
            and w1_0.asset=?

OrderServiceTest > placing a limit sell order reserves quantity in base currency() FAILED
    org.opentest4j.AssertionFailedError: expected: <0> but was: <-1>
        at app//org.junit.jupiter.api.AssertionFailureBuilder.build(AssertionFailureBuilder.java:151)
        at app//org.junit.jupiter.api.AssertionFailureBuilder.buildAndThrow(AssertionFailureBuilder.java:132)
        at app//org.junit.jupiter.api.AssertEquals.failNotEqual(AssertEquals.java:197)
        at app//org.junit.jupiter.api.AssertEquals.assertEquals(AssertEquals.java:150)
        at app//org.junit.jupiter.api.AssertEquals.assertEquals(AssertEquals.java:145)
        at app//org.junit.jupiter.api.Assertions.assertEquals(Assertions.java:531)
        at app//com.openex.core.service.OrderServiceTest.placing a limit sell order reserves quantity in base currency(OrderServiceTest.kt:103)

StressTest STANDARD_OUT
    2026-08-18T15:15:10.121+02:00  INFO 18700 --- [openex] [    Test worker] t.c.s.AnnotationConfigContextLoaderUtils : Could not detect default configuration classes for test class [com.openex.core.service.StressTest]: StressTest does not declare any static, non-private, non-final, nested classes annotated with @Configuration.
    2026-08-18T15:15:10.123+02:00  INFO 18700 --- [openex] [    Test worker] .b.t.c.SpringBootTestContextBootstrapper : Found @SpringBootConfiguration com.openex.core.OpenExApplication for test class com.openex.core.service.StressTest

StressTest > 20 concurrent buy orders against one resting sell order never over-fill or corrupt balances() STANDARD_OUT
    2026-08-18T15:15:10.144+02:00 DEBUG 18700 --- [openex] [    Test worker] org.hibernate.SQL                        : 
        select
            le1_0.id,
            le1_0.account_id,
            le1_0.amount,
            le1_0.asset,
            le1_0.created_at,
            le1_0.entry_type,
            le1_0.reference_id,
            le1_0.reference_type 
        from
            ledger_entries le1_0 
        where
            le1_0.id=?
    2026-08-18T15:15:10.145+02:00 DEBUG 18700 --- [openex] [    Test worker] org.hibernate.SQL                        : 
        select
            le1_0.id,
            le1_0.account_id,
            le1_0.amount,
            le1_0.asset,
            le1_0.created_at,
            le1_0.entry_type,
            le1_0.reference_id,
            le1_0.reference_type 
        from
            ledger_entries le1_0 
        where
            le1_0.id=?
    2026-08-18T15:15:10.148+02:00 DEBUG 18700 --- [openex] [    Test worker] org.hibernate.SQL                        : 
        select
            w1_0.id,
            w1_0.account_id,
            w1_0.asset,
            w1_0.balance,
            w1_0.reserved,
            w1_0.updated_at,
            w1_0.version 
        from
            wallets w1_0 
        where
            w1_0.account_id=? 
            and w1_0.asset=?
    2026-08-18T15:15:10.150+02:00 DEBUG 18700 --- [openex] [    Test worker] org.hibernate.SQL                        : 
        select
            w1_0.id,
            w1_0.account_id,
            w1_0.asset,
            w1_0.balance,
            w1_0.reserved,
            w1_0.updated_at,
            w1_0.version 
        from
            wallets w1_0 
        where
            w1_0.id=?
    2026-08-18T15:15:10.152+02:00 DEBUG 18700 --- [openex] [    Test worker] org.hibernate.SQL                        : 
        insert 
        into
            ledger_entries
            (account_id, amount, asset, created_at, entry_type, reference_id, reference_type, id) 
        values
            (?, ?, ?, ?, ?, ?, ?, ?)
    2026-08-18T15:15:10.154+02:00 DEBUG 18700 --- [openex] [    Test worker] org.hibernate.SQL                        : 
        insert 
        into
            ledger_entries
            (account_id, amount, asset, created_at, entry_type, reference_id, reference_type, id) 
        values
            (?, ?, ?, ?, ?, ?, ?, ?)
    2026-08-18T15:15:10.155+02:00 DEBUG 18700 --- [openex] [    Test worker] org.hibernate.SQL                        : 
        insert 
        into
            wallets
            (account_id, asset, balance, reserved, updated_at, version, id) 
        values
            (?, ?, ?, ?, ?, ?, ?)
    2026-08-18T15:15:10.159+02:00 DEBUG 18700 --- [openex] [    Test worker] org.hibernate.SQL                        : 
        select
            o1_0.id,
            o1_0.account_id,
            o1_0.created_at,
            o1_0.idempotency_key,
            o1_0.price,
            o1_0.quantity,
            o1_0.remaining_quantity,
            o1_0.side,
            o1_0.status,
            o1_0.symbol,
            o1_0.type,
            o1_0.updated_at,
            o1_0.version 
        from
            orders o1_0 
        where
            o1_0.idempotency_key=?
    2026-08-18T15:15:10.162+02:00 DEBUG 18700 --- [openex] [    Test worker] org.hibernate.SQL                        : 
        select
            w1_0.id,
            w1_0.account_id,
            w1_0.asset,
            w1_0.balance,
            w1_0.reserved,
            w1_0.updated_at,
            w1_0.version 
        from
            wallets w1_0 
        where
            w1_0.account_id=? 
            and w1_0.asset=?
    2026-08-18T15:15:10.163+02:00 DEBUG 18700 --- [openex] [    Test worker] org.hibernate.SQL                        : 
        select
            o1_0.id,
            o1_0.account_id,
            o1_0.created_at,
            o1_0.idempotency_key,
            o1_0.price,
            o1_0.quantity,
            o1_0.remaining_quantity,
            o1_0.side,
            o1_0.status,
            o1_0.symbol,
            o1_0.type,
            o1_0.updated_at,
            o1_0.version 
        from
            orders o1_0 
        where
            o1_0.id=?
    2026-08-18T15:15:10.164+02:00  INFO 18700 --- [openex] [    Test worker] com.openex.core.service.OrderService     : Order placed: id=83b72a94-1f66-46ae-aa64-9784190ca514 account=d748b88b-8b0a-4198-adb9-9e3c32073a40 SELL 10 STRf73b43d8-USD @ 10.00
    2026-08-18T15:15:10.166+02:00 DEBUG 18700 --- [openex] [    Test worker] org.hibernate.SQL                        : 
        insert 
        into
            orders
            (account_id, created_at, idempotency_key, price, quantity, remaining_quantity, side, status, symbol, type, updated_at, version, id) 
        values
            (?, ?, ?, ?, ?, ?, ?, ?, ?, ?, ?, ?, ?)
    2026-08-18T15:15:10.167+02:00 DEBUG 18700 --- [openex] [    Test worker] org.hibernate.SQL                        : 
        update
            wallets 
        set
            account_id=?,
            asset=?,
            balance=?,
            reserved=?,
            updated_at=?,
            version=? 
        where
            id=? 
            and version=?
    2026-08-18T15:15:10.168+02:00 DEBUG 18700 --- [openex] [    Test worker] org.hibernate.SQL                        : 
        select
            o1_0.id,
            o1_0.account_id,
            o1_0.created_at,
            o1_0.idempotency_key,
            o1_0.price,
            o1_0.quantity,
            o1_0.remaining_quantity,
            o1_0.side,
            o1_0.status,
            o1_0.symbol,
            o1_0.type,
            o1_0.updated_at,
            o1_0.version 
        from
            orders o1_0
    2026-08-18T15:15:10.175+02:00 DEBUG 18700 --- [openex] [    Test worker] org.hibernate.SQL                        : 
        select
            o1_0.id,
            o1_0.account_id,
            o1_0.created_at,
            o1_0.idempotency_key,
            o1_0.price,
            o1_0.quantity,
            o1_0.remaining_quantity,
            o1_0.side,
            o1_0.status,
            o1_0.symbol,
            o1_0.type,
            o1_0.updated_at,
            o1_0.version 
        from
            orders o1_0 
        where
            o1_0.symbol=? 
            and o1_0.status in (?, ?)
    2026-08-18T15:15:10.179+02:00 DEBUG 18700 --- [openex] [    Test worker] org.hibernate.SQL                        : 
        select
            le1_0.id,
            le1_0.account_id,
            le1_0.amount,
            le1_0.asset,
            le1_0.created_at,
            le1_0.entry_type,
            le1_0.reference_id,
            le1_0.reference_type 
        from
            ledger_entries le1_0 
        where
            le1_0.id=?
    2026-08-18T15:15:10.181+02:00 DEBUG 18700 --- [openex] [    Test worker] org.hibernate.SQL                        : 
        select
            le1_0.id,
            le1_0.account_id,
            le1_0.amount,
            le1_0.asset,
            le1_0.created_at,
            le1_0.entry_type,
            le1_0.reference_id,
            le1_0.reference_type 
        from
            ledger_entries le1_0 
        where
            le1_0.id=?
    2026-08-18T15:15:10.183+02:00 DEBUG 18700 --- [openex] [    Test worker] org.hibernate.SQL                        : 
        select
            w1_0.id,
            w1_0.account_id,
            w1_0.asset,
            w1_0.balance,
            w1_0.reserved,
            w1_0.updated_at,
            w1_0.version 
        from
            wallets w1_0 
        where
            w1_0.account_id=? 
            and w1_0.asset=?
    2026-08-18T15:15:10.185+02:00 DEBUG 18700 --- [openex] [    Test worker] org.hibernate.SQL                        : 
        select
            w1_0.id,
            w1_0.account_id,
            w1_0.asset,
            w1_0.balance,
            w1_0.reserved,
            w1_0.updated_at,
            w1_0.version 
        from
            wallets w1_0 
        where
            w1_0.id=?
    2026-08-18T15:15:10.186+02:00 DEBUG 18700 --- [openex] [    Test worker] org.hibernate.SQL                        : 
        insert 
        into
            ledger_entries
            (account_id, amount, asset, created_at, entry_type, reference_id, reference_type, id) 
        values
            (?, ?, ?, ?, ?, ?, ?, ?)
    2026-08-18T15:15:10.188+02:00 DEBUG 18700 --- [openex] [    Test worker] org.hibernate.SQL                        : 
        insert 
        into
            ledger_entries
            (account_id, amount, asset, created_at, entry_type, reference_id, reference_type, id) 
        values
            (?, ?, ?, ?, ?, ?, ?, ?)
    2026-08-18T15:15:10.189+02:00 DEBUG 18700 --- [openex] [    Test worker] org.hibernate.SQL                        : 
        insert 
        into
            wallets
            (account_id, asset, balance, reserved, updated_at, version, id) 
        values
            (?, ?, ?, ?, ?, ?, ?)
    2026-08-18T15:15:10.192+02:00 DEBUG 18700 --- [openex] [    Test worker] org.hibernate.SQL                        : 
        select
            le1_0.id,
            le1_0.account_id,
            le1_0.amount,
            le1_0.asset,
            le1_0.created_at,
            le1_0.entry_type,
            le1_0.reference_id,
            le1_0.reference_type 
        from
            ledger_entries le1_0 
        where
            le1_0.id=?
    2026-08-18T15:15:10.193+02:00 DEBUG 18700 --- [openex] [    Test worker] org.hibernate.SQL                        : 
        select
            le1_0.id,
            le1_0.account_id,
            le1_0.amount,
            le1_0.asset,
            le1_0.created_at,
            le1_0.entry_type,
            le1_0.reference_id,
            le1_0.reference_type 
        from
            ledger_entries le1_0 
        where
            le1_0.id=?
    2026-08-18T15:15:10.195+02:00 DEBUG 18700 --- [openex] [    Test worker] org.hibernate.SQL                        : 
        select
            w1_0.id,
            w1_0.account_id,
            w1_0.asset,
            w1_0.balance,
            w1_0.reserved,
            w1_0.updated_at,
            w1_0.version 
        from
            wallets w1_0 
        where
            w1_0.account_id=? 
            and w1_0.asset=?
    2026-08-18T15:15:10.196+02:00 DEBUG 18700 --- [openex] [    Test worker] org.hibernate.SQL                        : 
        select
            w1_0.id,
            w1_0.account_id,
            w1_0.asset,
            w1_0.balance,
            w1_0.reserved,
            w1_0.updated_at,
            w1_0.version 
        from
            wallets w1_0 
        where
            w1_0.id=?
    2026-08-18T15:15:10.198+02:00 DEBUG 18700 --- [openex] [    Test worker] org.hibernate.SQL                        : 
        insert 
        into
            ledger_entries
            (account_id, amount, asset, created_at, entry_type, reference_id, reference_type, id) 
        values
            (?, ?, ?, ?, ?, ?, ?, ?)
    2026-08-18T15:15:10.199+02:00 DEBUG 18700 --- [openex] [    Test worker] org.hibernate.SQL                        : 
        insert 
        into
            ledger_entries
            (account_id, amount, asset, created_at, entry_type, reference_id, reference_type, id) 
        values
            (?, ?, ?, ?, ?, ?, ?, ?)
    2026-08-18T15:15:10.200+02:00 DEBUG 18700 --- [openex] [    Test worker] org.hibernate.SQL                        : 
        insert 
        into
            wallets
            (account_id, asset, balance, reserved, updated_at, version, id) 
        values
            (?, ?, ?, ?, ?, ?, ?)
    2026-08-18T15:15:10.203+02:00 DEBUG 18700 --- [openex] [    Test worker] org.hibernate.SQL                        : 
        select
            le1_0.id,
            le1_0.account_id,
            le1_0.amount,
            le1_0.asset,
            le1_0.created_at,
            le1_0.entry_type,
            le1_0.reference_id,
            le1_0.reference_type 
        from
            ledger_entries le1_0 
        where
            le1_0.id=?
    2026-08-18T15:15:10.205+02:00 DEBUG 18700 --- [openex] [    Test worker] org.hibernate.SQL                        : 
        select
            le1_0.id,
            le1_0.account_id,
            le1_0.amount,
            le1_0.asset,
            le1_0.created_at,
            le1_0.entry_type,
            le1_0.reference_id,
            le1_0.reference_type 
        from
            ledger_entries le1_0 
        where
            le1_0.id=?
    2026-08-18T15:15:10.207+02:00 DEBUG 18700 --- [openex] [    Test worker] org.hibernate.SQL                        : 
        select
            w1_0.id,
            w1_0.account_id,
            w1_0.asset,
            w1_0.balance,
            w1_0.reserved,
            w1_0.updated_at,
            w1_0.version 
        from
            wallets w1_0 
        where
            w1_0.account_id=? 
            and w1_0.asset=?
    2026-08-18T15:15:10.208+02:00 DEBUG 18700 --- [openex] [    Test worker] org.hibernate.SQL                        : 
        select
            w1_0.id,
            w1_0.account_id,
            w1_0.asset,
            w1_0.balance,
            w1_0.reserved,
            w1_0.updated_at,
            w1_0.version 
        from
            wallets w1_0 
        where
            w1_0.id=?
    2026-08-18T15:15:10.210+02:00 DEBUG 18700 --- [openex] [    Test worker] org.hibernate.SQL                        : 
        insert 
        into
            ledger_entries
            (account_id, amount, asset, created_at, entry_type, reference_id, reference_type, id) 
        values
            (?, ?, ?, ?, ?, ?, ?, ?)
    2026-08-18T15:15:10.211+02:00 DEBUG 18700 --- [openex] [    Test worker] org.hibernate.SQL                        : 
        insert 
        into
            ledger_entries
            (account_id, amount, asset, created_at, entry_type, reference_id, reference_type, id) 
        values
            (?, ?, ?, ?, ?, ?, ?, ?)
    2026-08-18T15:15:10.212+02:00 DEBUG 18700 --- [openex] [    Test worker] org.hibernate.SQL                        : 
        insert 
        into
            wallets
            (account_id, asset, balance, reserved, updated_at, version, id) 
        values
            (?, ?, ?, ?, ?, ?, ?)
    2026-08-18T15:15:10.215+02:00 DEBUG 18700 --- [openex] [    Test worker] org.hibernate.SQL                        : 
        select
            le1_0.id,
            le1_0.account_id,
            le1_0.amount,
            le1_0.asset,
            le1_0.created_at,
            le1_0.entry_type,
            le1_0.reference_id,
            le1_0.reference_type 
        from
            ledger_entries le1_0 
        where
            le1_0.id=?
    2026-08-18T15:15:10.216+02:00 DEBUG 18700 --- [openex] [    Test worker] org.hibernate.SQL                        : 
        select
            le1_0.id,
            le1_0.account_id,
            le1_0.amount,
            le1_0.asset,
            le1_0.created_at,
            le1_0.entry_type,
            le1_0.reference_id,
            le1_0.reference_type 
        from
            ledger_entries le1_0 
        where
            le1_0.id=?
    2026-08-18T15:15:10.219+02:00 DEBUG 18700 --- [openex] [    Test worker] org.hibernate.SQL                        : 
        select
            w1_0.id,
            w1_0.account_id,
            w1_0.asset,
            w1_0.balance,
            w1_0.reserved,
            w1_0.updated_at,
            w1_0.version 
        from
            wallets w1_0 
        where
            w1_0.account_id=? 
            and w1_0.asset=?
    2026-08-18T15:15:10.220+02:00 DEBUG 18700 --- [openex] [    Test worker] org.hibernate.SQL                        : 
        select
            w1_0.id,
            w1_0.account_id,
            w1_0.asset,
            w1_0.balance,
            w1_0.reserved,
            w1_0.updated_at,
            w1_0.version 
        from
            wallets w1_0 
        where
            w1_0.id=?
    2026-08-18T15:15:10.221+02:00 DEBUG 18700 --- [openex] [    Test worker] org.hibernate.SQL                        : 
        insert 
        into
            ledger_entries
            (account_id, amount, asset, created_at, entry_type, reference_id, reference_type, id) 
        values
            (?, ?, ?, ?, ?, ?, ?, ?)
    2026-08-18T15:15:10.222+02:00 DEBUG 18700 --- [openex] [    Test worker] org.hibernate.SQL                        : 
        insert 
        into
            ledger_entries
            (account_id, amount, asset, created_at, entry_type, reference_id, reference_type, id) 
        values
            (?, ?, ?, ?, ?, ?, ?, ?)
    2026-08-18T15:15:10.223+02:00 DEBUG 18700 --- [openex] [    Test worker] org.hibernate.SQL                        : 
        insert 
        into
            wallets
            (account_id, asset, balance, reserved, updated_at, version, id) 
        values
            (?, ?, ?, ?, ?, ?, ?)
    2026-08-18T15:15:10.226+02:00 DEBUG 18700 --- [openex] [    Test worker] org.hibernate.SQL                        : 
        select
            le1_0.id,
            le1_0.account_id,
            le1_0.amount,
            le1_0.asset,
            le1_0.created_at,
            le1_0.entry_type,
            le1_0.reference_id,
            le1_0.reference_type 
        from
            ledger_entries le1_0 
        where
            le1_0.id=?
    2026-08-18T15:15:10.227+02:00 DEBUG 18700 --- [openex] [    Test worker] org.hibernate.SQL                        : 
        select
            le1_0.id,
            le1_0.account_id,
            le1_0.amount,
            le1_0.asset,
            le1_0.created_at,
            le1_0.entry_type,
            le1_0.reference_id,
            le1_0.reference_type 
        from
            ledger_entries le1_0 
        where
            le1_0.id=?
    2026-08-18T15:15:10.230+02:00 DEBUG 18700 --- [openex] [    Test worker] org.hibernate.SQL                        : 
        select
            w1_0.id,
            w1_0.account_id,
            w1_0.asset,
            w1_0.balance,
            w1_0.reserved,
            w1_0.updated_at,
            w1_0.version 
        from
            wallets w1_0 
        where
            w1_0.account_id=? 
            and w1_0.asset=?
    2026-08-18T15:15:10.231+02:00 DEBUG 18700 --- [openex] [    Test worker] org.hibernate.SQL                        : 
        select
            w1_0.id,
            w1_0.account_id,
            w1_0.asset,
            w1_0.balance,
            w1_0.reserved,
            w1_0.updated_at,
            w1_0.version 
        from
            wallets w1_0 
        where
            w1_0.id=?
    2026-08-18T15:15:10.232+02:00 DEBUG 18700 --- [openex] [    Test worker] org.hibernate.SQL                        : 
        insert 
        into
            ledger_entries
            (account_id, amount, asset, created_at, entry_type, reference_id, reference_type, id) 
        values
            (?, ?, ?, ?, ?, ?, ?, ?)
    2026-08-18T15:15:10.233+02:00 DEBUG 18700 --- [openex] [    Test worker] org.hibernate.SQL                        : 
        insert 
        into
            ledger_entries
            (account_id, amount, asset, created_at, entry_type, reference_id, reference_type, id) 
        values
            (?, ?, ?, ?, ?, ?, ?, ?)
    2026-08-18T15:15:10.234+02:00 DEBUG 18700 --- [openex] [    Test worker] org.hibernate.SQL                        : 
        insert 
        into
            wallets
            (account_id, asset, balance, reserved, updated_at, version, id) 
        values
            (?, ?, ?, ?, ?, ?, ?)
    2026-08-18T15:15:10.237+02:00 DEBUG 18700 --- [openex] [    Test worker] org.hibernate.SQL                        : 
        select
            le1_0.id,
            le1_0.account_id,
            le1_0.amount,
            le1_0.asset,
            le1_0.created_at,
            le1_0.entry_type,
            le1_0.reference_id,
            le1_0.reference_type 
        from
            ledger_entries le1_0 
        where
            le1_0.id=?
    2026-08-18T15:15:10.238+02:00 DEBUG 18700 --- [openex] [    Test worker] org.hibernate.SQL                        : 
        select
            le1_0.id,
            le1_0.account_id,
            le1_0.amount,
            le1_0.asset,
            le1_0.created_at,
            le1_0.entry_type,
            le1_0.reference_id,
            le1_0.reference_type 
        from
            ledger_entries le1_0 
        where
            le1_0.id=?
    2026-08-18T15:15:10.240+02:00 DEBUG 18700 --- [openex] [    Test worker] org.hibernate.SQL                        : 
        select
            w1_0.id,
            w1_0.account_id,
            w1_0.asset,
            w1_0.balance,
            w1_0.reserved,
            w1_0.updated_at,
            w1_0.version 
        from
            wallets w1_0 
        where
            w1_0.account_id=? 
            and w1_0.asset=?
    2026-08-18T15:15:10.242+02:00 DEBUG 18700 --- [openex] [    Test worker] org.hibernate.SQL                        : 
        select
            w1_0.id,
            w1_0.account_id,
            w1_0.asset,
            w1_0.balance,
            w1_0.reserved,
            w1_0.updated_at,
            w1_0.version 
        from
            wallets w1_0 
        where
            w1_0.id=?
    2026-08-18T15:15:10.243+02:00 DEBUG 18700 --- [openex] [    Test worker] org.hibernate.SQL                        : 
        insert 
        into
            ledger_entries
            (account_id, amount, asset, created_at, entry_type, reference_id, reference_type, id) 
        values
            (?, ?, ?, ?, ?, ?, ?, ?)
    2026-08-18T15:15:10.244+02:00 DEBUG 18700 --- [openex] [    Test worker] org.hibernate.SQL                        : 
        insert 
        into
            ledger_entries
            (account_id, amount, asset, created_at, entry_type, reference_id, reference_type, id) 
        values
            (?, ?, ?, ?, ?, ?, ?, ?)
    2026-08-18T15:15:10.245+02:00 DEBUG 18700 --- [openex] [    Test worker] org.hibernate.SQL                        : 
        insert 
        into
            wallets
            (account_id, asset, balance, reserved, updated_at, version, id) 
        values
            (?, ?, ?, ?, ?, ?, ?)
    2026-08-18T15:15:10.249+02:00 DEBUG 18700 --- [openex] [    Test worker] org.hibernate.SQL                        : 
        select
            le1_0.id,
            le1_0.account_id,
            le1_0.amount,
            le1_0.asset,
            le1_0.created_at,
            le1_0.entry_type,
            le1_0.reference_id,
            le1_0.reference_type 
        from
            ledger_entries le1_0 
        where
            le1_0.id=?
    2026-08-18T15:15:10.250+02:00 DEBUG 18700 --- [openex] [    Test worker] org.hibernate.SQL                        : 
        select
            le1_0.id,
            le1_0.account_id,
            le1_0.amount,
            le1_0.asset,
            le1_0.created_at,
            le1_0.entry_type,
            le1_0.reference_id,
            le1_0.reference_type 
        from
            ledger_entries le1_0 
        where
            le1_0.id=?
    2026-08-18T15:15:10.253+02:00 DEBUG 18700 --- [openex] [    Test worker] org.hibernate.SQL                        : 
        select
            w1_0.id,
            w1_0.account_id,
            w1_0.asset,
            w1_0.balance,
            w1_0.reserved,
            w1_0.updated_at,
            w1_0.version 
        from
            wallets w1_0 
        where
            w1_0.account_id=? 
            and w1_0.asset=?
    2026-08-18T15:15:10.254+02:00 DEBUG 18700 --- [openex] [    Test worker] org.hibernate.SQL                        : 
        select
            w1_0.id,
            w1_0.account_id,
            w1_0.asset,
            w1_0.balance,
            w1_0.reserved,
            w1_0.updated_at,
            w1_0.version 
        from
            wallets w1_0 
        where
            w1_0.id=?
    2026-08-18T15:15:10.255+02:00 DEBUG 18700 --- [openex] [    Test worker] org.hibernate.SQL                        : 
        insert 
        into
            ledger_entries
            (account_id, amount, asset, created_at, entry_type, reference_id, reference_type, id) 
        values
            (?, ?, ?, ?, ?, ?, ?, ?)
    2026-08-18T15:15:10.257+02:00 DEBUG 18700 --- [openex] [    Test worker] org.hibernate.SQL                        : 
        insert 
        into
            ledger_entries
            (account_id, amount, asset, created_at, entry_type, reference_id, reference_type, id) 
        values
            (?, ?, ?, ?, ?, ?, ?, ?)
    2026-08-18T15:15:10.258+02:00 DEBUG 18700 --- [openex] [    Test worker] org.hibernate.SQL                        : 
        insert 
        into
            wallets
            (account_id, asset, balance, reserved, updated_at, version, id) 
        values
            (?, ?, ?, ?, ?, ?, ?)
    2026-08-18T15:15:10.261+02:00 DEBUG 18700 --- [openex] [    Test worker] org.hibernate.SQL                        : 
        select
            le1_0.id,
            le1_0.account_id,
            le1_0.amount,
            le1_0.asset,
            le1_0.created_at,
            le1_0.entry_type,
            le1_0.reference_id,
            le1_0.reference_type 
        from
            ledger_entries le1_0 
        where
            le1_0.id=?
    2026-08-18T15:15:10.262+02:00 DEBUG 18700 --- [openex] [    Test worker] org.hibernate.SQL                        : 
        select
            le1_0.id,
            le1_0.account_id,
            le1_0.amount,
            le1_0.asset,
            le1_0.created_at,
            le1_0.entry_type,
            le1_0.reference_id,
            le1_0.reference_type 
        from
            ledger_entries le1_0 
        where
            le1_0.id=?
    2026-08-18T15:15:10.264+02:00 DEBUG 18700 --- [openex] [    Test worker] org.hibernate.SQL                        : 
        select
            w1_0.id,
            w1_0.account_id,
            w1_0.asset,
            w1_0.balance,
            w1_0.reserved,
            w1_0.updated_at,
            w1_0.version 
        from
            wallets w1_0 
        where
            w1_0.account_id=? 
            and w1_0.asset=?
    2026-08-18T15:15:10.265+02:00 DEBUG 18700 --- [openex] [    Test worker] org.hibernate.SQL                        : 
        select
            w1_0.id,
            w1_0.account_id,
            w1_0.asset,
            w1_0.balance,
            w1_0.reserved,
            w1_0.updated_at,
            w1_0.version 
        from
            wallets w1_0 
        where
            w1_0.id=?
    2026-08-18T15:15:10.266+02:00 DEBUG 18700 --- [openex] [    Test worker] org.hibernate.SQL                        : 
        insert 
        into
            ledger_entries
            (account_id, amount, asset, created_at, entry_type, reference_id, reference_type, id) 
        values
            (?, ?, ?, ?, ?, ?, ?, ?)
    2026-08-18T15:15:10.267+02:00 DEBUG 18700 --- [openex] [    Test worker] org.hibernate.SQL                        : 
        insert 
        into
            ledger_entries
            (account_id, amount, asset, created_at, entry_type, reference_id, reference_type, id) 
        values
            (?, ?, ?, ?, ?, ?, ?, ?)
    2026-08-18T15:15:10.268+02:00 DEBUG 18700 --- [openex] [    Test worker] org.hibernate.SQL                        : 
        insert 
        into
            wallets
            (account_id, asset, balance, reserved, updated_at, version, id) 
        values
            (?, ?, ?, ?, ?, ?, ?)
    2026-08-18T15:15:10.271+02:00 DEBUG 18700 --- [openex] [    Test worker] org.hibernate.SQL                        : 
        select
            le1_0.id,
            le1_0.account_id,
            le1_0.amount,
            le1_0.asset,
            le1_0.created_at,
            le1_0.entry_type,
            le1_0.reference_id,
            le1_0.reference_type 
        from
            ledger_entries le1_0 
        where
            le1_0.id=?
    2026-08-18T15:15:10.274+02:00 DEBUG 18700 --- [openex] [    Test worker] org.hibernate.SQL                        : 
        select
            le1_0.id,
            le1_0.account_id,
            le1_0.amount,
            le1_0.asset,
            le1_0.created_at,
            le1_0.entry_type,
            le1_0.reference_id,
            le1_0.reference_type 
        from
            ledger_entries le1_0 
        where
            le1_0.id=?
    2026-08-18T15:15:10.276+02:00 DEBUG 18700 --- [openex] [    Test worker] org.hibernate.SQL                        : 
        select
            w1_0.id,
            w1_0.account_id,
            w1_0.asset,
            w1_0.balance,
            w1_0.reserved,
            w1_0.updated_at,
            w1_0.version 
        from
            wallets w1_0 
        where
            w1_0.account_id=? 
            and w1_0.asset=?
    2026-08-18T15:15:10.277+02:00 DEBUG 18700 --- [openex] [    Test worker] org.hibernate.SQL                        : 
        select
            w1_0.id,
            w1_0.account_id,
            w1_0.asset,
            w1_0.balance,
            w1_0.reserved,
            w1_0.updated_at,
            w1_0.version 
        from
            wallets w1_0 
        where
            w1_0.id=?
    2026-08-18T15:15:10.278+02:00 DEBUG 18700 --- [openex] [    Test worker] org.hibernate.SQL                        : 
        insert 
        into
            ledger_entries
            (account_id, amount, asset, created_at, entry_type, reference_id, reference_type, id) 
        values
            (?, ?, ?, ?, ?, ?, ?, ?)
    2026-08-18T15:15:10.279+02:00 DEBUG 18700 --- [openex] [    Test worker] org.hibernate.SQL                        : 
        insert 
        into
            ledger_entries
            (account_id, amount, asset, created_at, entry_type, reference_id, reference_type, id) 
        values
            (?, ?, ?, ?, ?, ?, ?, ?)
    2026-08-18T15:15:10.281+02:00 DEBUG 18700 --- [openex] [    Test worker] org.hibernate.SQL                        : 
        insert 
        into
            wallets
            (account_id, asset, balance, reserved, updated_at, version, id) 
        values
            (?, ?, ?, ?, ?, ?, ?)
    2026-08-18T15:15:10.285+02:00 DEBUG 18700 --- [openex] [    Test worker] org.hibernate.SQL                        : 
        select
            le1_0.id,
            le1_0.account_id,
            le1_0.amount,
            le1_0.asset,
            le1_0.created_at,
            le1_0.entry_type,
            le1_0.reference_id,
            le1_0.reference_type 
        from
            ledger_entries le1_0 
        where
            le1_0.id=?
    2026-08-18T15:15:10.286+02:00 DEBUG 18700 --- [openex] [    Test worker] org.hibernate.SQL                        : 
        select
            le1_0.id,
            le1_0.account_id,
            le1_0.amount,
            le1_0.asset,
            le1_0.created_at,
            le1_0.entry_type,
            le1_0.reference_id,
            le1_0.reference_type 
        from
            ledger_entries le1_0 
        where
            le1_0.id=?
    2026-08-18T15:15:10.288+02:00 DEBUG 18700 --- [openex] [    Test worker] org.hibernate.SQL                        : 
        select
            w1_0.id,
            w1_0.account_id,
            w1_0.asset,
            w1_0.balance,
            w1_0.reserved,
            w1_0.updated_at,
            w1_0.version 
        from
            wallets w1_0 
        where
            w1_0.account_id=? 
            and w1_0.asset=?
    2026-08-18T15:15:10.289+02:00 DEBUG 18700 --- [openex] [    Test worker] org.hibernate.SQL                        : 
        select
            w1_0.id,
            w1_0.account_id,
            w1_0.asset,
            w1_0.balance,
            w1_0.reserved,
            w1_0.updated_at,
            w1_0.version 
        from
            wallets w1_0 
        where
            w1_0.id=?
    2026-08-18T15:15:10.290+02:00 DEBUG 18700 --- [openex] [    Test worker] org.hibernate.SQL                        : 
        insert 
        into
            ledger_entries
            (account_id, amount, asset, created_at, entry_type, reference_id, reference_type, id) 
        values
            (?, ?, ?, ?, ?, ?, ?, ?)
    2026-08-18T15:15:10.292+02:00 DEBUG 18700 --- [openex] [    Test worker] org.hibernate.SQL                        : 
        insert 
        into
            ledger_entries
            (account_id, amount, asset, created_at, entry_type, reference_id, reference_type, id) 
        values
            (?, ?, ?, ?, ?, ?, ?, ?)
    2026-08-18T15:15:10.292+02:00 DEBUG 18700 --- [openex] [    Test worker] org.hibernate.SQL                        : 
        insert 
        into
            wallets
            (account_id, asset, balance, reserved, updated_at, version, id) 
        values
            (?, ?, ?, ?, ?, ?, ?)
    2026-08-18T15:15:10.295+02:00 DEBUG 18700 --- [openex] [    Test worker] org.hibernate.SQL                        : 
        select
            le1_0.id,
            le1_0.account_id,
            le1_0.amount,
            le1_0.asset,
            le1_0.created_at,
            le1_0.entry_type,
            le1_0.reference_id,
            le1_0.reference_type 
        from
            ledger_entries le1_0 
        where
            le1_0.id=?
    2026-08-18T15:15:10.296+02:00 DEBUG 18700 --- [openex] [    Test worker] org.hibernate.SQL                        : 
        select
            le1_0.id,
            le1_0.account_id,
            le1_0.amount,
            le1_0.asset,
            le1_0.created_at,
            le1_0.entry_type,
            le1_0.reference_id,
            le1_0.reference_type 
        from
            ledger_entries le1_0 
        where
            le1_0.id=?
    2026-08-18T15:15:10.298+02:00 DEBUG 18700 --- [openex] [    Test worker] org.hibernate.SQL                        : 
        select
            w1_0.id,
            w1_0.account_id,
            w1_0.asset,
            w1_0.balance,
            w1_0.reserved,
            w1_0.updated_at,
            w1_0.version 
        from
            wallets w1_0 
        where
            w1_0.account_id=? 
            and w1_0.asset=?
    2026-08-18T15:15:10.300+02:00 DEBUG 18700 --- [openex] [    Test worker] org.hibernate.SQL                        : 
        select
            w1_0.id,
            w1_0.account_id,
            w1_0.asset,
            w1_0.balance,
            w1_0.reserved,
            w1_0.updated_at,
            w1_0.version 
        from
            wallets w1_0 
        where
            w1_0.id=?
    2026-08-18T15:15:10.301+02:00 DEBUG 18700 --- [openex] [    Test worker] org.hibernate.SQL                        : 
        insert 
        into
            ledger_entries
            (account_id, amount, asset, created_at, entry_type, reference_id, reference_type, id) 
        values
            (?, ?, ?, ?, ?, ?, ?, ?)
    2026-08-18T15:15:10.302+02:00 DEBUG 18700 --- [openex] [    Test worker] org.hibernate.SQL                        : 
        insert 
        into
            ledger_entries
            (account_id, amount, asset, created_at, entry_type, reference_id, reference_type, id) 
        values
            (?, ?, ?, ?, ?, ?, ?, ?)
    2026-08-18T15:15:10.303+02:00 DEBUG 18700 --- [openex] [    Test worker] org.hibernate.SQL                        : 
        insert 
        into
            wallets
            (account_id, asset, balance, reserved, updated_at, version, id) 
        values
            (?, ?, ?, ?, ?, ?, ?)
    2026-08-18T15:15:10.306+02:00 DEBUG 18700 --- [openex] [    Test worker] org.hibernate.SQL                        : 
        select
            le1_0.id,
            le1_0.account_id,
            le1_0.amount,
            le1_0.asset,
            le1_0.created_at,
            le1_0.entry_type,
            le1_0.reference_id,
            le1_0.reference_type 
        from
            ledger_entries le1_0 
        where
            le1_0.id=?
    2026-08-18T15:15:10.307+02:00 DEBUG 18700 --- [openex] [    Test worker] org.hibernate.SQL                        : 
        select
            le1_0.id,
            le1_0.account_id,
            le1_0.amount,
            le1_0.asset,
            le1_0.created_at,
            le1_0.entry_type,
            le1_0.reference_id,
            le1_0.reference_type 
        from
            ledger_entries le1_0 
        where
            le1_0.id=?
    2026-08-18T15:15:10.309+02:00 DEBUG 18700 --- [openex] [    Test worker] org.hibernate.SQL                        : 
        select
            w1_0.id,
            w1_0.account_id,
            w1_0.asset,
            w1_0.balance,
            w1_0.reserved,
            w1_0.updated_at,
            w1_0.version 
        from
            wallets w1_0 
        where
            w1_0.account_id=? 
            and w1_0.asset=?
    2026-08-18T15:15:10.310+02:00 DEBUG 18700 --- [openex] [    Test worker] org.hibernate.SQL                        : 
        select
            w1_0.id,
            w1_0.account_id,
            w1_0.asset,
            w1_0.balance,
            w1_0.reserved,
            w1_0.updated_at,
            w1_0.version 
        from
            wallets w1_0 
        where
            w1_0.id=?
    2026-08-18T15:15:10.311+02:00 DEBUG 18700 --- [openex] [    Test worker] org.hibernate.SQL                        : 
        insert 
        into
            ledger_entries
            (account_id, amount, asset, created_at, entry_type, reference_id, reference_type, id) 
        values
            (?, ?, ?, ?, ?, ?, ?, ?)
    2026-08-18T15:15:10.313+02:00 DEBUG 18700 --- [openex] [    Test worker] org.hibernate.SQL                        : 
        insert 
        into
            ledger_entries
            (account_id, amount, asset, created_at, entry_type, reference_id, reference_type, id) 
        values
            (?, ?, ?, ?, ?, ?, ?, ?)
    2026-08-18T15:15:10.314+02:00 DEBUG 18700 --- [openex] [    Test worker] org.hibernate.SQL                        : 
        insert 
        into
            wallets
            (account_id, asset, balance, reserved, updated_at, version, id) 
        values
            (?, ?, ?, ?, ?, ?, ?)
    2026-08-18T15:15:10.316+02:00 DEBUG 18700 --- [openex] [    Test worker] org.hibernate.SQL                        : 
        select
            le1_0.id,
            le1_0.account_id,
            le1_0.amount,
            le1_0.asset,
            le1_0.created_at,
            le1_0.entry_type,
            le1_0.reference_id,
            le1_0.reference_type 
        from
            ledger_entries le1_0 
        where
            le1_0.id=?
    2026-08-18T15:15:10.317+02:00 DEBUG 18700 --- [openex] [    Test worker] org.hibernate.SQL                        : 
        select
            le1_0.id,
            le1_0.account_id,
            le1_0.amount,
            le1_0.asset,
            le1_0.created_at,
            le1_0.entry_type,
            le1_0.reference_id,
            le1_0.reference_type 
        from
            ledger_entries le1_0 
        where
            le1_0.id=?
    2026-08-18T15:15:10.321+02:00 DEBUG 18700 --- [openex] [    Test worker] org.hibernate.SQL                        : 
        select
            w1_0.id,
            w1_0.account_id,
            w1_0.asset,
            w1_0.balance,
            w1_0.reserved,
            w1_0.updated_at,
            w1_0.version 
        from
            wallets w1_0 
        where
            w1_0.account_id=? 
            and w1_0.asset=?
    2026-08-18T15:15:10.322+02:00 DEBUG 18700 --- [openex] [    Test worker] org.hibernate.SQL                        : 
        select
            w1_0.id,
            w1_0.account_id,
            w1_0.asset,
            w1_0.balance,
            w1_0.reserved,
            w1_0.updated_at,
            w1_0.version 
        from
            wallets w1_0 
        where
            w1_0.id=?
    2026-08-18T15:15:10.323+02:00 DEBUG 18700 --- [openex] [    Test worker] org.hibernate.SQL                        : 
        insert 
        into
            ledger_entries
            (account_id, amount, asset, created_at, entry_type, reference_id, reference_type, id) 
        values
            (?, ?, ?, ?, ?, ?, ?, ?)
    2026-08-18T15:15:10.324+02:00 DEBUG 18700 --- [openex] [    Test worker] org.hibernate.SQL                        : 
        insert 
        into
            ledger_entries
            (account_id, amount, asset, created_at, entry_type, reference_id, reference_type, id) 
        values
            (?, ?, ?, ?, ?, ?, ?, ?)
    2026-08-18T15:15:10.325+02:00 DEBUG 18700 --- [openex] [    Test worker] org.hibernate.SQL                        : 
        insert 
        into
            wallets
            (account_id, asset, balance, reserved, updated_at, version, id) 
        values
            (?, ?, ?, ?, ?, ?, ?)
    2026-08-18T15:15:10.328+02:00 DEBUG 18700 --- [openex] [    Test worker] org.hibernate.SQL                        : 
        select
            le1_0.id,
            le1_0.account_id,
            le1_0.amount,
            le1_0.asset,
            le1_0.created_at,
            le1_0.entry_type,
            le1_0.reference_id,
            le1_0.reference_type 
        from
            ledger_entries le1_0 
        where
            le1_0.id=?
    2026-08-18T15:15:10.329+02:00 DEBUG 18700 --- [openex] [    Test worker] org.hibernate.SQL                        : 
        select
            le1_0.id,
            le1_0.account_id,
            le1_0.amount,
            le1_0.asset,
            le1_0.created_at,
            le1_0.entry_type,
            le1_0.reference_id,
            le1_0.reference_type 
        from
            ledger_entries le1_0 
        where
            le1_0.id=?
    2026-08-18T15:15:10.331+02:00 DEBUG 18700 --- [openex] [    Test worker] org.hibernate.SQL                        : 
        select
            w1_0.id,
            w1_0.account_id,
            w1_0.asset,
            w1_0.balance,
            w1_0.reserved,
            w1_0.updated_at,
            w1_0.version 
        from
            wallets w1_0 
        where
            w1_0.account_id=? 
            and w1_0.asset=?
    2026-08-18T15:15:10.333+02:00 DEBUG 18700 --- [openex] [    Test worker] org.hibernate.SQL                        : 
        select
            w1_0.id,
            w1_0.account_id,
            w1_0.asset,
            w1_0.balance,
            w1_0.reserved,
            w1_0.updated_at,
            w1_0.version 
        from
            wallets w1_0 
        where
            w1_0.id=?
    2026-08-18T15:15:10.336+02:00 DEBUG 18700 --- [openex] [    Test worker] org.hibernate.SQL                        : 
        insert 
        into
            ledger_entries
            (account_id, amount, asset, created_at, entry_type, reference_id, reference_type, id) 
        values
            (?, ?, ?, ?, ?, ?, ?, ?)
    2026-08-18T15:15:10.338+02:00 DEBUG 18700 --- [openex] [    Test worker] org.hibernate.SQL                        : 
        insert 
        into
            ledger_entries
            (account_id, amount, asset, created_at, entry_type, reference_id, reference_type, id) 
        values
            (?, ?, ?, ?, ?, ?, ?, ?)
    2026-08-18T15:15:10.339+02:00 DEBUG 18700 --- [openex] [    Test worker] org.hibernate.SQL                        : 
        insert 
        into
            wallets
            (account_id, asset, balance, reserved, updated_at, version, id) 
        values
            (?, ?, ?, ?, ?, ?, ?)
    2026-08-18T15:15:10.341+02:00 DEBUG 18700 --- [openex] [    Test worker] org.hibernate.SQL                        : 
        select
            le1_0.id,
            le1_0.account_id,
            le1_0.amount,
            le1_0.asset,
            le1_0.created_at,
            le1_0.entry_type,
            le1_0.reference_id,
            le1_0.reference_type 
        from
            ledger_entries le1_0 
        where
            le1_0.id=?
    2026-08-18T15:15:10.342+02:00 DEBUG 18700 --- [openex] [    Test worker] org.hibernate.SQL                        : 
        select
            le1_0.id,
            le1_0.account_id,
            le1_0.amount,
            le1_0.asset,
            le1_0.created_at,
            le1_0.entry_type,
            le1_0.reference_id,
            le1_0.reference_type 
        from
            ledger_entries le1_0 
        where
            le1_0.id=?
    2026-08-18T15:15:10.344+02:00 DEBUG 18700 --- [openex] [    Test worker] org.hibernate.SQL                        : 
        select
            w1_0.id,
            w1_0.account_id,
            w1_0.asset,
            w1_0.balance,
            w1_0.reserved,
            w1_0.updated_at,
            w1_0.version 
        from
            wallets w1_0 
        where
            w1_0.account_id=? 
            and w1_0.asset=?
    2026-08-18T15:15:10.346+02:00 DEBUG 18700 --- [openex] [    Test worker] org.hibernate.SQL                        : 
        select
            w1_0.id,
            w1_0.account_id,
            w1_0.asset,
            w1_0.balance,
            w1_0.reserved,
            w1_0.updated_at,
            w1_0.version 
        from
            wallets w1_0 
        where
            w1_0.id=?
    2026-08-18T15:15:10.347+02:00 DEBUG 18700 --- [openex] [    Test worker] org.hibernate.SQL                        : 
        insert 
        into
            ledger_entries
            (account_id, amount, asset, created_at, entry_type, reference_id, reference_type, id) 
        values
            (?, ?, ?, ?, ?, ?, ?, ?)
    2026-08-18T15:15:10.348+02:00 DEBUG 18700 --- [openex] [    Test worker] org.hibernate.SQL                        : 
        insert 
        into
            ledger_entries
            (account_id, amount, asset, created_at, entry_type, reference_id, reference_type, id) 
        values
            (?, ?, ?, ?, ?, ?, ?, ?)
    2026-08-18T15:15:10.349+02:00 DEBUG 18700 --- [openex] [    Test worker] org.hibernate.SQL                        : 
        insert 
        into
            wallets
            (account_id, asset, balance, reserved, updated_at, version, id) 
        values
            (?, ?, ?, ?, ?, ?, ?)
    2026-08-18T15:15:10.353+02:00 DEBUG 18700 --- [openex] [    Test worker] org.hibernate.SQL                        : 
        select
            le1_0.id,
            le1_0.account_id,
            le1_0.amount,
            le1_0.asset,
            le1_0.created_at,
            le1_0.entry_type,
            le1_0.reference_id,
            le1_0.reference_type 
        from
            ledger_entries le1_0 
        where
            le1_0.id=?
    2026-08-18T15:15:10.354+02:00 DEBUG 18700 --- [openex] [    Test worker] org.hibernate.SQL                        : 
        select
            le1_0.id,
            le1_0.account_id,
            le1_0.amount,
            le1_0.asset,
            le1_0.created_at,
            le1_0.entry_type,
            le1_0.reference_id,
            le1_0.reference_type 
        from
            ledger_entries le1_0 
        where
            le1_0.id=?
    2026-08-18T15:15:10.356+02:00 DEBUG 18700 --- [openex] [    Test worker] org.hibernate.SQL                        : 
        select
            w1_0.id,
            w1_0.account_id,
            w1_0.asset,
            w1_0.balance,
            w1_0.reserved,
            w1_0.updated_at,
            w1_0.version 
        from
            wallets w1_0 
        where
            w1_0.account_id=? 
            and w1_0.asset=?
    2026-08-18T15:15:10.357+02:00 DEBUG 18700 --- [openex] [    Test worker] org.hibernate.SQL                        : 
        select
            w1_0.id,
            w1_0.account_id,
            w1_0.asset,
            w1_0.balance,
            w1_0.reserved,
            w1_0.updated_at,
            w1_0.version 
        from
            wallets w1_0 
        where
            w1_0.id=?
    2026-08-18T15:15:10.358+02:00 DEBUG 18700 --- [openex] [    Test worker] org.hibernate.SQL                        : 
        insert 
        into
            ledger_entries
            (account_id, amount, asset, created_at, entry_type, reference_id, reference_type, id) 
        values
            (?, ?, ?, ?, ?, ?, ?, ?)
    2026-08-18T15:15:10.359+02:00 DEBUG 18700 --- [openex] [    Test worker] org.hibernate.SQL                        : 
        insert 
        into
            ledger_entries
            (account_id, amount, asset, created_at, entry_type, reference_id, reference_type, id) 
        values
            (?, ?, ?, ?, ?, ?, ?, ?)
    2026-08-18T15:15:10.361+02:00 DEBUG 18700 --- [openex] [    Test worker] org.hibernate.SQL                        : 
        insert 
        into
            wallets
            (account_id, asset, balance, reserved, updated_at, version, id) 
        values
            (?, ?, ?, ?, ?, ?, ?)
    2026-08-18T15:15:10.364+02:00 DEBUG 18700 --- [openex] [    Test worker] org.hibernate.SQL                        : 
        select
            le1_0.id,
            le1_0.account_id,
            le1_0.amount,
            le1_0.asset,
            le1_0.created_at,
            le1_0.entry_type,
            le1_0.reference_id,
            le1_0.reference_type 
        from
            ledger_entries le1_0 
        where
            le1_0.id=?
    2026-08-18T15:15:10.365+02:00 DEBUG 18700 --- [openex] [    Test worker] org.hibernate.SQL                        : 
        select
            le1_0.id,
            le1_0.account_id,
            le1_0.amount,
            le1_0.asset,
            le1_0.created_at,
            le1_0.entry_type,
            le1_0.reference_id,
            le1_0.reference_type 
        from
            ledger_entries le1_0 
        where
            le1_0.id=?
    2026-08-18T15:15:10.371+02:00 DEBUG 18700 --- [openex] [    Test worker] org.hibernate.SQL                        : 
        select
            w1_0.id,
            w1_0.account_id,
            w1_0.asset,
            w1_0.balance,
            w1_0.reserved,
            w1_0.updated_at,
            w1_0.version 
        from
            wallets w1_0 
        where
            w1_0.account_id=? 
            and w1_0.asset=?
    2026-08-18T15:15:10.372+02:00 DEBUG 18700 --- [openex] [    Test worker] org.hibernate.SQL                        : 
        select
            w1_0.id,
            w1_0.account_id,
            w1_0.asset,
            w1_0.balance,
            w1_0.reserved,
            w1_0.updated_at,
            w1_0.version 
        from
            wallets w1_0 
        where
            w1_0.id=?
    2026-08-18T15:15:10.373+02:00 DEBUG 18700 --- [openex] [    Test worker] org.hibernate.SQL                        : 
        insert 
        into
            ledger_entries
            (account_id, amount, asset, created_at, entry_type, reference_id, reference_type, id) 
        values
            (?, ?, ?, ?, ?, ?, ?, ?)
    2026-08-18T15:15:10.376+02:00 DEBUG 18700 --- [openex] [    Test worker] org.hibernate.SQL                        : 
        insert 
        into
            ledger_entries
            (account_id, amount, asset, created_at, entry_type, reference_id, reference_type, id) 
        values
            (?, ?, ?, ?, ?, ?, ?, ?)
    2026-08-18T15:15:10.377+02:00 DEBUG 18700 --- [openex] [    Test worker] org.hibernate.SQL                        : 
        insert 
        into
            wallets
            (account_id, asset, balance, reserved, updated_at, version, id) 
        values
            (?, ?, ?, ?, ?, ?, ?)
    2026-08-18T15:15:10.380+02:00 DEBUG 18700 --- [openex] [    Test worker] org.hibernate.SQL                        : 
        select
            le1_0.id,
            le1_0.account_id,
            le1_0.amount,
            le1_0.asset,
            le1_0.created_at,
            le1_0.entry_type,
            le1_0.reference_id,
            le1_0.reference_type 
        from
            ledger_entries le1_0 
        where
            le1_0.id=?
    2026-08-18T15:15:10.382+02:00 DEBUG 18700 --- [openex] [    Test worker] org.hibernate.SQL                        : 
        select
            le1_0.id,
            le1_0.account_id,
            le1_0.amount,
            le1_0.asset,
            le1_0.created_at,
            le1_0.entry_type,
            le1_0.reference_id,
            le1_0.reference_type 
        from
            ledger_entries le1_0 
        where
            le1_0.id=?
    2026-08-18T15:15:10.385+02:00 DEBUG 18700 --- [openex] [    Test worker] org.hibernate.SQL                        : 
        select
            w1_0.id,
            w1_0.account_id,
            w1_0.asset,
            w1_0.balance,
            w1_0.reserved,
            w1_0.updated_at,
            w1_0.version 
        from
            wallets w1_0 
        where
            w1_0.account_id=? 
            and w1_0.asset=?
    2026-08-18T15:15:10.386+02:00 DEBUG 18700 --- [openex] [    Test worker] org.hibernate.SQL                        : 
        select
            w1_0.id,
            w1_0.account_id,
            w1_0.asset,
            w1_0.balance,
            w1_0.reserved,
            w1_0.updated_at,
            w1_0.version 
        from
            wallets w1_0 
        where
            w1_0.id=?
    2026-08-18T15:15:10.387+02:00 DEBUG 18700 --- [openex] [    Test worker] org.hibernate.SQL                        : 
        insert 
        into
            ledger_entries
            (account_id, amount, asset, created_at, entry_type, reference_id, reference_type, id) 
        values
            (?, ?, ?, ?, ?, ?, ?, ?)
    2026-08-18T15:15:10.388+02:00 DEBUG 18700 --- [openex] [    Test worker] org.hibernate.SQL                        : 
        insert 
        into
            ledger_entries
            (account_id, amount, asset, created_at, entry_type, reference_id, reference_type, id) 
        values
            (?, ?, ?, ?, ?, ?, ?, ?)
    2026-08-18T15:15:10.389+02:00 DEBUG 18700 --- [openex] [    Test worker] org.hibernate.SQL                        : 
        insert 
        into
            wallets
            (account_id, asset, balance, reserved, updated_at, version, id) 
        values
            (?, ?, ?, ?, ?, ?, ?)
    2026-08-18T15:15:10.392+02:00 DEBUG 18700 --- [openex] [    Test worker] org.hibernate.SQL                        : 
        select
            le1_0.id,
            le1_0.account_id,
            le1_0.amount,
            le1_0.asset,
            le1_0.created_at,
            le1_0.entry_type,
            le1_0.reference_id,
            le1_0.reference_type 
        from
            ledger_entries le1_0 
        where
            le1_0.id=?
    2026-08-18T15:15:10.393+02:00 DEBUG 18700 --- [openex] [    Test worker] org.hibernate.SQL                        : 
        select
            le1_0.id,
            le1_0.account_id,
            le1_0.amount,
            le1_0.asset,
            le1_0.created_at,
            le1_0.entry_type,
            le1_0.reference_id,
            le1_0.reference_type 
        from
            ledger_entries le1_0 
        where
            le1_0.id=?
    2026-08-18T15:15:10.395+02:00 DEBUG 18700 --- [openex] [    Test worker] org.hibernate.SQL                        : 
        select
            w1_0.id,
            w1_0.account_id,
            w1_0.asset,
            w1_0.balance,
            w1_0.reserved,
            w1_0.updated_at,
            w1_0.version 
        from
            wallets w1_0 
        where
            w1_0.account_id=? 
            and w1_0.asset=?
    2026-08-18T15:15:10.396+02:00 DEBUG 18700 --- [openex] [    Test worker] org.hibernate.SQL                        : 
        select
            w1_0.id,
            w1_0.account_id,
            w1_0.asset,
            w1_0.balance,
            w1_0.reserved,
            w1_0.updated_at,
            w1_0.version 
        from
            wallets w1_0 
        where
            w1_0.id=?
    2026-08-18T15:15:10.397+02:00 DEBUG 18700 --- [openex] [    Test worker] org.hibernate.SQL                        : 
        insert 
        into
            ledger_entries
            (account_id, amount, asset, created_at, entry_type, reference_id, reference_type, id) 
        values
            (?, ?, ?, ?, ?, ?, ?, ?)
    2026-08-18T15:15:10.399+02:00 DEBUG 18700 --- [openex] [    Test worker] org.hibernate.SQL                        : 
        insert 
        into
            ledger_entries
            (account_id, amount, asset, created_at, entry_type, reference_id, reference_type, id) 
        values
            (?, ?, ?, ?, ?, ?, ?, ?)
    2026-08-18T15:15:10.400+02:00 DEBUG 18700 --- [openex] [    Test worker] org.hibernate.SQL                        : 
        insert 
        into
            wallets
            (account_id, asset, balance, reserved, updated_at, version, id) 
        values
            (?, ?, ?, ?, ?, ?, ?)
    2026-08-18T15:15:10.405+02:00 DEBUG 18700 --- [openex] [    Test worker] org.hibernate.SQL                        : 
        select
            le1_0.id,
            le1_0.account_id,
            le1_0.amount,
            le1_0.asset,
            le1_0.created_at,
            le1_0.entry_type,
            le1_0.reference_id,
            le1_0.reference_type 
        from
            ledger_entries le1_0 
        where
            le1_0.id=?
    2026-08-18T15:15:10.407+02:00 DEBUG 18700 --- [openex] [    Test worker] org.hibernate.SQL                        : 
        select
            le1_0.id,
            le1_0.account_id,
            le1_0.amount,
            le1_0.asset,
            le1_0.created_at,
            le1_0.entry_type,
            le1_0.reference_id,
            le1_0.reference_type 
        from
            ledger_entries le1_0 
        where
            le1_0.id=?
    2026-08-18T15:15:10.411+02:00 DEBUG 18700 --- [openex] [    Test worker] org.hibernate.SQL                        : 
        select
            w1_0.id,
            w1_0.account_id,
            w1_0.asset,
            w1_0.balance,
            w1_0.reserved,
            w1_0.updated_at,
            w1_0.version 
        from
            wallets w1_0 
        where
            w1_0.account_id=? 
            and w1_0.asset=?
    2026-08-18T15:15:10.414+02:00 DEBUG 18700 --- [openex] [    Test worker] org.hibernate.SQL                        : 
        select
            w1_0.id,
            w1_0.account_id,
            w1_0.asset,
            w1_0.balance,
            w1_0.reserved,
            w1_0.updated_at,
            w1_0.version 
        from
            wallets w1_0 
        where
            w1_0.id=?
    2026-08-18T15:15:10.416+02:00 DEBUG 18700 --- [openex] [    Test worker] org.hibernate.SQL                        : 
        insert 
        into
            ledger_entries
            (account_id, amount, asset, created_at, entry_type, reference_id, reference_type, id) 
        values
            (?, ?, ?, ?, ?, ?, ?, ?)
    2026-08-18T15:15:10.419+02:00 DEBUG 18700 --- [openex] [    Test worker] org.hibernate.SQL                        : 
        insert 
        into
            ledger_entries
            (account_id, amount, asset, created_at, entry_type, reference_id, reference_type, id) 
        values
            (?, ?, ?, ?, ?, ?, ?, ?)
    2026-08-18T15:15:10.421+02:00 DEBUG 18700 --- [openex] [    Test worker] org.hibernate.SQL                        : 
        insert 
        into
            wallets
            (account_id, asset, balance, reserved, updated_at, version, id) 
        values
            (?, ?, ?, ?, ?, ?, ?)
    2026-08-18T15:15:10.642+02:00 DEBUG 18700 --- [openex] [pool-1-thread-1] org.hibernate.SQL                        : 
        select
            o1_0.id,
            o1_0.account_id,
            o1_0.created_at,
            o1_0.idempotency_key,
            o1_0.price,
            o1_0.quantity,
            o1_0.remaining_quantity,
            o1_0.side,
            o1_0.status,
            o1_0.symbol,
            o1_0.type,
            o1_0.updated_at,
            o1_0.version 
        from
            orders o1_0 
        where
            o1_0.idempotency_key=?
    2026-08-18T15:15:10.653+02:00 DEBUG 18700 --- [openex] [pool-1-thread-1] org.hibernate.SQL                        : 
        select
            w1_0.id,
            w1_0.account_id,
            w1_0.asset,
            w1_0.balance,
            w1_0.reserved,
            w1_0.updated_at,
            w1_0.version 
        from
            wallets w1_0 
        where
            w1_0.account_id=? 
            and w1_0.asset=?
    2026-08-18T15:15:10.662+02:00 DEBUG 18700 --- [openex] [pool-1-thread-1] org.hibernate.SQL                        : 
        select
            o1_0.id,
            o1_0.account_id,
            o1_0.created_at,
            o1_0.idempotency_key,
            o1_0.price,
            o1_0.quantity,
            o1_0.remaining_quantity,
            o1_0.side,
            o1_0.status,
            o1_0.symbol,
            o1_0.type,
            o1_0.updated_at,
            o1_0.version 
        from
            orders o1_0 
        where
            o1_0.id=?
    2026-08-18T15:15:10.664+02:00  INFO 18700 --- [openex] [pool-1-thread-1] com.openex.core.service.OrderService     : Order placed: id=f0fb88e8-9aec-4078-9e03-12c015fbccb8 account=d6806422-13ce-4d8a-8686-560653724ace BUY 1 STRf73b43d8-USD @ 10.00
    2026-08-18T15:15:10.668+02:00 DEBUG 18700 --- [openex] [pool-1-thread-1] org.hibernate.SQL                        : 
        insert 
        into
            orders
            (account_id, created_at, idempotency_key, price, quantity, remaining_quantity, side, status, symbol, type, updated_at, version, id) 
        values
            (?, ?, ?, ?, ?, ?, ?, ?, ?, ?, ?, ?, ?)
    2026-08-18T15:15:10.675+02:00 DEBUG 18700 --- [openex] [pool-1-thread-1] org.hibernate.SQL                        : 
        update
            wallets 
        set
            account_id=?,
            asset=?,
            balance=?,
            reserved=?,
            updated_at=?,
            version=? 
        where
            id=? 
            and version=?
    2026-08-18T15:15:10.677+02:00 DEBUG 18700 --- [openex] [pool-1-thread-1] org.hibernate.SQL                        : 
        select
            o1_0.id,
            o1_0.account_id,
            o1_0.created_at,
            o1_0.idempotency_key,
            o1_0.price,
            o1_0.quantity,
            o1_0.remaining_quantity,
            o1_0.side,
            o1_0.status,
            o1_0.symbol,
            o1_0.type,
            o1_0.updated_at,
            o1_0.version 
        from
            orders o1_0
    2026-08-18T15:15:10.689+02:00 DEBUG 18700 --- [openex] [pool-1-thread-1] org.hibernate.SQL                        : 
        select
            t1_0.id,
            t1_0.buy_order_id,
            t1_0.executed_at,
            t1_0.price,
            t1_0.quantity,
            t1_0.sell_order_id,
            t1_0.symbol 
        from
            trades t1_0 
        where
            t1_0.id=?
    2026-08-18T15:15:10.693+02:00 DEBUG 18700 --- [openex] [pool-1-thread-1] org.hibernate.SQL                        : 
        select
            w1_0.id,
            w1_0.account_id,
            w1_0.asset,
            w1_0.balance,
            w1_0.reserved,
            w1_0.updated_at,
            w1_0.version 
        from
            wallets w1_0 
        where
            w1_0.account_id=? 
            and w1_0.asset=?
    2026-08-18T15:15:10.701+02:00 DEBUG 18700 --- [openex] [pool-1-thread-1] org.hibernate.SQL                        : 
        insert 
        into
            trades
            (buy_order_id, executed_at, price, quantity, sell_order_id, symbol, id) 
        values
            (?, ?, ?, ?, ?, ?, ?)
    2026-08-18T15:15:10.706+02:00 DEBUG 18700 --- [openex] [pool-1-thread-1] org.hibernate.SQL                        : 
        update
            wallets 
        set
            account_id=?,
            asset=?,
            balance=?,
            reserved=?,
            updated_at=?,
            version=? 
        where
            id=? 
            and version=?
    2026-08-18T15:15:10.708+02:00 DEBUG 18700 --- [openex] [pool-1-thread-1] org.hibernate.SQL                        : 
        select
            w1_0.id,
            w1_0.account_id,
            w1_0.asset,
            w1_0.balance,
            w1_0.reserved,
            w1_0.updated_at,
            w1_0.version 
        from
            wallets w1_0 
        where
            w1_0.account_id=? 
            and w1_0.asset=?
    2026-08-18T15:15:10.709+02:00 DEBUG 18700 --- [openex] [pool-1-thread-1] org.hibernate.SQL                        : 
        select
            w1_0.id,
            w1_0.account_id,
            w1_0.asset,
            w1_0.balance,
            w1_0.reserved,
            w1_0.updated_at,
            w1_0.version 
        from
            wallets w1_0 
        where
            w1_0.id=?
    2026-08-18T15:15:10.710+02:00 DEBUG 18700 --- [openex] [pool-1-thread-1] org.hibernate.SQL                        : 
        select
            le1_0.id,
            le1_0.account_id,
            le1_0.amount,
            le1_0.asset,
            le1_0.created_at,
            le1_0.entry_type,
            le1_0.reference_id,
            le1_0.reference_type 
        from
            ledger_entries le1_0 
        where
            le1_0.id=?
    2026-08-18T15:15:10.712+02:00 DEBUG 18700 --- [openex] [pool-1-thread-1] org.hibernate.SQL                        : 
        select
            le1_0.id,
            le1_0.account_id,
            le1_0.amount,
            le1_0.asset,
            le1_0.created_at,
            le1_0.entry_type,
            le1_0.reference_id,
            le1_0.reference_type 
        from
            ledger_entries le1_0 
        where
            le1_0.id=?
    2026-08-18T15:15:10.715+02:00 DEBUG 18700 --- [openex] [pool-1-thread-1] org.hibernate.SQL                        : 
        insert 
        into
            wallets
            (account_id, asset, balance, reserved, updated_at, version, id) 
        values
            (?, ?, ?, ?, ?, ?, ?)
    2026-08-18T15:15:10.717+02:00 DEBUG 18700 --- [openex] [pool-1-thread-1] org.hibernate.SQL                        : 
        insert 
        into
            ledger_entries
            (account_id, amount, asset, created_at, entry_type, reference_id, reference_type, id) 
        values
            (?, ?, ?, ?, ?, ?, ?, ?)
    2026-08-18T15:15:10.721+02:00 DEBUG 18700 --- [openex] [pool-1-thread-1] org.hibernate.SQL                        : 
        insert 
        into
            ledger_entries
            (account_id, amount, asset, created_at, entry_type, reference_id, reference_type, id) 
        values
            (?, ?, ?, ?, ?, ?, ?, ?)
    2026-08-18T15:15:10.723+02:00 DEBUG 18700 --- [openex] [pool-1-thread-1] org.hibernate.SQL                        : 
        select
            w1_0.id,
            w1_0.account_id,
            w1_0.asset,
            w1_0.balance,
            w1_0.reserved,
            w1_0.updated_at,
            w1_0.version 
        from
            wallets w1_0 
        where
            w1_0.account_id=? 
            and w1_0.asset=?
    2026-08-18T15:15:10.726+02:00 DEBUG 18700 --- [openex] [pool-1-thread-1] org.hibernate.SQL                        : 
        update
            wallets 
        set
            account_id=?,
            asset=?,
            balance=?,
            reserved=?,
            updated_at=?,
            version=? 
        where
            id=? 
            and version=?
    2026-08-18T15:15:10.727+02:00 DEBUG 18700 --- [openex] [pool-1-thread-1] org.hibernate.SQL                        : 
        select
            w1_0.id,
            w1_0.account_id,
            w1_0.asset,
            w1_0.balance,
            w1_0.reserved,
            w1_0.updated_at,
            w1_0.version 
        from
            wallets w1_0 
        where
            w1_0.account_id=? 
            and w1_0.asset=?
    2026-08-18T15:15:10.728+02:00 DEBUG 18700 --- [openex] [pool-1-thread-1] org.hibernate.SQL                        : 
        select
            w1_0.id,
            w1_0.account_id,
            w1_0.asset,
            w1_0.balance,
            w1_0.reserved,
            w1_0.updated_at,
            w1_0.version 
        from
            wallets w1_0 
        where
            w1_0.id=?
    2026-08-18T15:15:10.730+02:00 DEBUG 18700 --- [openex] [pool-1-thread-1] org.hibernate.SQL                        : 
        select
            le1_0.id,
            le1_0.account_id,
            le1_0.amount,
            le1_0.asset,
            le1_0.created_at,
            le1_0.entry_type,
            le1_0.reference_id,
            le1_0.reference_type 
        from
            ledger_entries le1_0 
        where
            le1_0.id=?
    2026-08-18T15:15:10.731+02:00 DEBUG 18700 --- [openex] [pool-1-thread-1] org.hibernate.SQL                        : 
        select
            le1_0.id,
            le1_0.account_id,
            le1_0.amount,
            le1_0.asset,
            le1_0.created_at,
            le1_0.entry_type,
            le1_0.reference_id,
            le1_0.reference_type 
        from
            ledger_entries le1_0 
        where
            le1_0.id=?
    2026-08-18T15:15:10.735+02:00 DEBUG 18700 --- [openex] [pool-1-thread-1] org.hibernate.SQL                        : 
        insert 
        into
            wallets
            (account_id, asset, balance, reserved, updated_at, version, id) 
        values
            (?, ?, ?, ?, ?, ?, ?)
    2026-08-18T15:15:10.736+02:00 DEBUG 18700 --- [openex] [pool-1-thread-1] org.hibernate.SQL                        : 
        insert 
        into
            ledger_entries
            (account_id, amount, asset, created_at, entry_type, reference_id, reference_type, id) 
        values
            (?, ?, ?, ?, ?, ?, ?, ?)
    2026-08-18T15:15:10.737+02:00 DEBUG 18700 --- [openex] [pool-1-thread-1] org.hibernate.SQL                        : 
        insert 
        into
            ledger_entries
            (account_id, amount, asset, created_at, entry_type, reference_id, reference_type, id) 
        values
            (?, ?, ?, ?, ?, ?, ?, ?)
    2026-08-18T15:15:10.739+02:00 DEBUG 18700 --- [openex] [pool-1-thread-1] org.hibernate.SQL                        : 
        update
            orders 
        set
            account_id=?,
            created_at=?,
            idempotency_key=?,
            price=?,
            quantity=?,
            remaining_quantity=?,
            side=?,
            status=?,
            symbol=?,
            type=?,
            updated_at=?,
            version=? 
        where
            id=? 
            and version=?
    2026-08-18T15:15:10.740+02:00 DEBUG 18700 --- [openex] [pool-1-thread-1] org.hibernate.SQL                        : 
        update
            orders 
        set
            account_id=?,
            created_at=?,
            idempotency_key=?,
            price=?,
            quantity=?,
            remaining_quantity=?,
            side=?,
            status=?,
            symbol=?,
            type=?,
            updated_at=?,
            version=? 
        where
            id=? 
            and version=?
    2026-08-18T15:15:10.742+02:00 DEBUG 18700 --- [openex] [pool-1-thread-1] org.hibernate.SQL                        : 
        select
            o1_0.id,
            o1_0.account_id,
            o1_0.created_at,
            o1_0.idempotency_key,
            o1_0.price,
            o1_0.quantity,
            o1_0.remaining_quantity,
            o1_0.side,
            o1_0.status,
            o1_0.symbol,
            o1_0.type,
            o1_0.updated_at,
            o1_0.version 
        from
            orders o1_0 
        where
            o1_0.symbol=? 
            and o1_0.status in (?, ?)
    2026-08-18T15:15:10.743+02:00  INFO 18700 --- [openex] [pool-1-thread-1] com.openex.core.service.OrderService     : Order matched: id=f0fb88e8-9aec-4078-9e03-12c015fbccb8 status=FILLED remaining=0
    2026-08-18T15:15:10.823+02:00 DEBUG 18700 --- [openex] [pool-1-thread-2] org.hibernate.SQL                        : 
        select
            o1_0.id,
            o1_0.account_id,
            o1_0.created_at,
            o1_0.idempotency_key,
            o1_0.price,
            o1_0.quantity,
            o1_0.remaining_quantity,
            o1_0.side,
            o1_0.status,
            o1_0.symbol,
            o1_0.type,
            o1_0.updated_at,
            o1_0.version 
        from
            orders o1_0 
        where
            o1_0.idempotency_key=?
    2026-08-18T15:15:10.829+02:00 DEBUG 18700 --- [openex] [pool-1-thread-2] org.hibernate.SQL                        : 
        select
            w1_0.id,
            w1_0.account_id,
            w1_0.asset,
            w1_0.balance,
            w1_0.reserved,
            w1_0.updated_at,
            w1_0.version 
        from
            wallets w1_0 
        where
            w1_0.account_id=? 
            and w1_0.asset=?
    2026-08-18T15:15:10.849+02:00 DEBUG 18700 --- [openex] [pool-1-thread-2] org.hibernate.SQL                        : 
        select
            o1_0.id,
            o1_0.account_id,
            o1_0.created_at,
            o1_0.idempotency_key,
            o1_0.price,
            o1_0.quantity,
            o1_0.remaining_quantity,
            o1_0.side,
            o1_0.status,
            o1_0.symbol,
            o1_0.type,
            o1_0.updated_at,
            o1_0.version 
        from
            orders o1_0 
        where
            o1_0.id=?
    2026-08-18T15:15:10.857+02:00  INFO 18700 --- [openex] [pool-1-thread-2] com.openex.core.service.OrderService     : Order placed: id=4281c6ec-1bb0-48a4-913c-3f6504199fd2 account=57661de3-8c14-4d2d-ab14-eb13d9850088 BUY 1 STRf73b43d8-USD @ 10.00
    2026-08-18T15:15:10.862+02:00 DEBUG 18700 --- [openex] [pool-1-thread-2] org.hibernate.SQL                        : 
        insert 
        into
            orders
            (account_id, created_at, idempotency_key, price, quantity, remaining_quantity, side, status, symbol, type, updated_at, version, id) 
        values
            (?, ?, ?, ?, ?, ?, ?, ?, ?, ?, ?, ?, ?)
    2026-08-18T15:15:10.865+02:00 DEBUG 18700 --- [openex] [pool-1-thread-2] org.hibernate.SQL                        : 
        update
            wallets 
        set
            account_id=?,
            asset=?,
            balance=?,
            reserved=?,
            updated_at=?,
            version=? 
        where
            id=? 
            and version=?
    2026-08-18T15:15:10.866+02:00 DEBUG 18700 --- [openex] [pool-1-thread-2] org.hibernate.SQL                        : 
        select
            o1_0.id,
            o1_0.account_id,
            o1_0.created_at,
            o1_0.idempotency_key,
            o1_0.price,
            o1_0.quantity,
            o1_0.remaining_quantity,
            o1_0.side,
            o1_0.status,
            o1_0.symbol,
            o1_0.type,
            o1_0.updated_at,
            o1_0.version 
        from
            orders o1_0
    2026-08-18T15:15:10.871+02:00 DEBUG 18700 --- [openex] [pool-1-thread-2] org.hibernate.SQL                        : 
        select
            t1_0.id,
            t1_0.buy_order_id,
            t1_0.executed_at,
            t1_0.price,
            t1_0.quantity,
            t1_0.sell_order_id,
            t1_0.symbol 
        from
            trades t1_0 
        where
            t1_0.id=?
    2026-08-18T15:15:10.874+02:00 DEBUG 18700 --- [openex] [pool-1-thread-2] org.hibernate.SQL                        : 
        select
            w1_0.id,
            w1_0.account_id,
            w1_0.asset,
            w1_0.balance,
            w1_0.reserved,
            w1_0.updated_at,
            w1_0.version 
        from
            wallets w1_0 
        where
            w1_0.account_id=? 
            and w1_0.asset=?
    2026-08-18T15:15:10.900+02:00 DEBUG 18700 --- [openex] [pool-1-thread-2] org.hibernate.SQL                        : 
        insert 
        into
            trades
            (buy_order_id, executed_at, price, quantity, sell_order_id, symbol, id) 
        values
            (?, ?, ?, ?, ?, ?, ?)
    2026-08-18T15:15:10.902+02:00 DEBUG 18700 --- [openex] [pool-1-thread-2] org.hibernate.SQL                        : 
        update
            wallets 
        set
            account_id=?,
            asset=?,
            balance=?,
            reserved=?,
            updated_at=?,
            version=? 
        where
            id=? 
            and version=?
    2026-08-18T15:15:10.906+02:00 DEBUG 18700 --- [openex] [pool-1-thread-2] org.hibernate.SQL                        : 
        select
            w1_0.id,
            w1_0.account_id,
            w1_0.asset,
            w1_0.balance,
            w1_0.reserved,
            w1_0.updated_at,
            w1_0.version 
        from
            wallets w1_0 
        where
            w1_0.account_id=? 
            and w1_0.asset=?
    2026-08-18T15:15:10.909+02:00 DEBUG 18700 --- [openex] [pool-1-thread-2] org.hibernate.SQL                        : 
        select
            le1_0.id,
            le1_0.account_id,
            le1_0.amount,
            le1_0.asset,
            le1_0.created_at,
            le1_0.entry_type,
            le1_0.reference_id,
            le1_0.reference_type 
        from
            ledger_entries le1_0 
        where
            le1_0.id=?
    2026-08-18T15:15:10.910+02:00 DEBUG 18700 --- [openex] [pool-1-thread-2] org.hibernate.SQL                        : 
        select
            le1_0.id,
            le1_0.account_id,
            le1_0.amount,
            le1_0.asset,
            le1_0.created_at,
            le1_0.entry_type,
            le1_0.reference_id,
            le1_0.reference_type 
        from
            ledger_entries le1_0 
        where
            le1_0.id=?
    2026-08-18T15:15:10.913+02:00 DEBUG 18700 --- [openex] [pool-1-thread-2] org.hibernate.SQL                        : 
        insert 
        into
            ledger_entries
            (account_id, amount, asset, created_at, entry_type, reference_id, reference_type, id) 
        values
            (?, ?, ?, ?, ?, ?, ?, ?)
    2026-08-18T15:15:10.914+02:00 DEBUG 18700 --- [openex] [pool-1-thread-2] org.hibernate.SQL                        : 
        insert 
        into
            ledger_entries
            (account_id, amount, asset, created_at, entry_type, reference_id, reference_type, id) 
        values
            (?, ?, ?, ?, ?, ?, ?, ?)
    2026-08-18T15:15:10.915+02:00 DEBUG 18700 --- [openex] [pool-1-thread-2] org.hibernate.SQL                        : 
        update
            wallets 
        set
            account_id=?,
            asset=?,
            balance=?,
            reserved=?,
            updated_at=?,
            version=? 
        where
            id=? 
            and version=?
    2026-08-18T15:15:10.916+02:00 DEBUG 18700 --- [openex] [pool-1-thread-2] org.hibernate.SQL                        : 
        select
            w1_0.id,
            w1_0.account_id,
            w1_0.asset,
            w1_0.balance,
            w1_0.reserved,
            w1_0.updated_at,
            w1_0.version 
        from
            wallets w1_0 
        where
            w1_0.account_id=? 
            and w1_0.asset=?
    2026-08-18T15:15:10.920+02:00 DEBUG 18700 --- [openex] [pool-1-thread-2] org.hibernate.SQL                        : 
        update
            wallets 
        set
            account_id=?,
            asset=?,
            balance=?,
            reserved=?,
            updated_at=?,
            version=? 
        where
            id=? 
            and version=?
    2026-08-18T15:15:10.923+02:00 DEBUG 18700 --- [openex] [pool-1-thread-2] org.hibernate.SQL                        : 
        select
            w1_0.id,
            w1_0.account_id,
            w1_0.asset,
            w1_0.balance,
            w1_0.reserved,
            w1_0.updated_at,
            w1_0.version 
        from
            wallets w1_0 
        where
            w1_0.account_id=? 
            and w1_0.asset=?
    2026-08-18T15:15:10.931+02:00 DEBUG 18700 --- [openex] [pool-1-thread-2] org.hibernate.SQL                        : 
        select
            w1_0.id,
            w1_0.account_id,
            w1_0.asset,
            w1_0.balance,
            w1_0.reserved,
            w1_0.updated_at,
            w1_0.version 
        from
            wallets w1_0 
        where
            w1_0.id=?
    2026-08-18T15:15:10.935+02:00 DEBUG 18700 --- [openex] [pool-1-thread-2] org.hibernate.SQL                        : 
        select
            le1_0.id,
            le1_0.account_id,
            le1_0.amount,
            le1_0.asset,
            le1_0.created_at,
            le1_0.entry_type,
            le1_0.reference_id,
            le1_0.reference_type 
        from
            ledger_entries le1_0 
        where
            le1_0.id=?
    2026-08-18T15:15:10.937+02:00 DEBUG 18700 --- [openex] [pool-1-thread-2] org.hibernate.SQL                        : 
        select
            le1_0.id,
            le1_0.account_id,
            le1_0.amount,
            le1_0.asset,
            le1_0.created_at,
            le1_0.entry_type,
            le1_0.reference_id,
            le1_0.reference_type 
        from
            ledger_entries le1_0 
        where
            le1_0.id=?
    2026-08-18T15:15:10.941+02:00 DEBUG 18700 --- [openex] [pool-1-thread-2] org.hibernate.SQL                        : 
        insert 
        into
            wallets
            (account_id, asset, balance, reserved, updated_at, version, id) 
        values
            (?, ?, ?, ?, ?, ?, ?)
    2026-08-18T15:15:10.944+02:00 DEBUG 18700 --- [openex] [pool-1-thread-2] org.hibernate.SQL                        : 
        insert 
        into
            ledger_entries
            (account_id, amount, asset, created_at, entry_type, reference_id, reference_type, id) 
        values
            (?, ?, ?, ?, ?, ?, ?, ?)
    2026-08-18T15:15:10.946+02:00 DEBUG 18700 --- [openex] [pool-1-thread-2] org.hibernate.SQL                        : 
        insert 
        into
            ledger_entries
            (account_id, amount, asset, created_at, entry_type, reference_id, reference_type, id) 
        values
            (?, ?, ?, ?, ?, ?, ?, ?)
    2026-08-18T15:15:10.947+02:00 DEBUG 18700 --- [openex] [pool-1-thread-2] org.hibernate.SQL                        : 
        update
            orders 
        set
            account_id=?,
            created_at=?,
            idempotency_key=?,
            price=?,
            quantity=?,
            remaining_quantity=?,
            side=?,
            status=?,
            symbol=?,
            type=?,
            updated_at=?,
            version=? 
        where
            id=? 
            and version=?
    2026-08-18T15:15:10.953+02:00 DEBUG 18700 --- [openex] [pool-1-thread-2] org.hibernate.SQL                        : 
        update
            orders 
        set
            account_id=?,
            created_at=?,
            idempotency_key=?,
            price=?,
            quantity=?,
            remaining_quantity=?,
            side=?,
            status=?,
            symbol=?,
            type=?,
            updated_at=?,
            version=? 
        where
            id=? 
            and version=?
    2026-08-18T15:15:10.957+02:00 DEBUG 18700 --- [openex] [pool-1-thread-2] org.hibernate.SQL                        : 
        select
            o1_0.id,
            o1_0.account_id,
            o1_0.created_at,
            o1_0.idempotency_key,
            o1_0.price,
            o1_0.quantity,
            o1_0.remaining_quantity,
            o1_0.side,
            o1_0.status,
            o1_0.symbol,
            o1_0.type,
            o1_0.updated_at,
            o1_0.version 
        from
            orders o1_0 
        where
            o1_0.symbol=? 
            and o1_0.status in (?, ?)
    2026-08-18T15:15:10.958+02:00  INFO 18700 --- [openex] [pool-1-thread-2] com.openex.core.service.OrderService     : Order matched: id=4281c6ec-1bb0-48a4-913c-3f6504199fd2 status=FILLED remaining=0
    2026-08-18T15:15:11.062+02:00 DEBUG 18700 --- [openex] [pool-1-thread-3] org.hibernate.SQL                        : 
        select
            o1_0.id,
            o1_0.account_id,
            o1_0.created_at,
            o1_0.idempotency_key,
            o1_0.price,
            o1_0.quantity,
            o1_0.remaining_quantity,
            o1_0.side,
            o1_0.status,
            o1_0.symbol,
            o1_0.type,
            o1_0.updated_at,
            o1_0.version 
        from
            orders o1_0 
        where
            o1_0.idempotency_key=?
    2026-08-18T15:15:11.073+02:00 DEBUG 18700 --- [openex] [pool-1-thread-3] org.hibernate.SQL                        : 
        select
            w1_0.id,
            w1_0.account_id,
            w1_0.asset,
            w1_0.balance,
            w1_0.reserved,
            w1_0.updated_at,
            w1_0.version 
        from
            wallets w1_0 
        where
            w1_0.account_id=? 
            and w1_0.asset=?
    2026-08-18T15:15:11.075+02:00 DEBUG 18700 --- [openex] [pool-1-thread-3] org.hibernate.SQL                        : 
        select
            o1_0.id,
            o1_0.account_id,
            o1_0.created_at,
            o1_0.idempotency_key,
            o1_0.price,
            o1_0.quantity,
            o1_0.remaining_quantity,
            o1_0.side,
            o1_0.status,
            o1_0.symbol,
            o1_0.type,
            o1_0.updated_at,
            o1_0.version 
        from
            orders o1_0 
        where
            o1_0.id=?
    2026-08-18T15:15:11.076+02:00  INFO 18700 --- [openex] [pool-1-thread-3] com.openex.core.service.OrderService     : Order placed: id=bea81d48-d66a-4f7e-8f03-f0cba29c2867 account=930aac10-8071-49c0-9f7d-c2d33c7d4e3e BUY 1 STRf73b43d8-USD @ 10.00
    2026-08-18T15:15:11.079+02:00 DEBUG 18700 --- [openex] [pool-1-thread-3] org.hibernate.SQL                        : 
        insert 
        into
            orders
            (account_id, created_at, idempotency_key, price, quantity, remaining_quantity, side, status, symbol, type, updated_at, version, id) 
        values
            (?, ?, ?, ?, ?, ?, ?, ?, ?, ?, ?, ?, ?)
    2026-08-18T15:15:11.081+02:00 DEBUG 18700 --- [openex] [pool-1-thread-3] org.hibernate.SQL                        : 
        update
            wallets 
        set
            account_id=?,
            asset=?,
            balance=?,
            reserved=?,
            updated_at=?,
            version=? 
        where
            id=? 
            and version=?
    2026-08-18T15:15:11.082+02:00 DEBUG 18700 --- [openex] [pool-1-thread-3] org.hibernate.SQL                        : 
        select
            o1_0.id,
            o1_0.account_id,
            o1_0.created_at,
            o1_0.idempotency_key,
            o1_0.price,
            o1_0.quantity,
            o1_0.remaining_quantity,
            o1_0.side,
            o1_0.status,
            o1_0.symbol,
            o1_0.type,
            o1_0.updated_at,
            o1_0.version 
        from
            orders o1_0
    2026-08-18T15:15:11.087+02:00 DEBUG 18700 --- [openex] [pool-1-thread-3] org.hibernate.SQL                        : 
        select
            t1_0.id,
            t1_0.buy_order_id,
            t1_0.executed_at,
            t1_0.price,
            t1_0.quantity,
            t1_0.sell_order_id,
            t1_0.symbol 
        from
            trades t1_0 
        where
            t1_0.id=?
    2026-08-18T15:15:11.095+02:00 DEBUG 18700 --- [openex] [pool-1-thread-3] org.hibernate.SQL                        : 
        select
            w1_0.id,
            w1_0.account_id,
            w1_0.asset,
            w1_0.balance,
            w1_0.reserved,
            w1_0.updated_at,
            w1_0.version 
        from
            wallets w1_0 
        where
            w1_0.account_id=? 
            and w1_0.asset=?
    2026-08-18T15:15:11.098+02:00 DEBUG 18700 --- [openex] [pool-1-thread-3] org.hibernate.SQL                        : 
        insert 
        into
            trades
            (buy_order_id, executed_at, price, quantity, sell_order_id, symbol, id) 
        values
            (?, ?, ?, ?, ?, ?, ?)
    2026-08-18T15:15:11.099+02:00 DEBUG 18700 --- [openex] [pool-1-thread-3] org.hibernate.SQL                        : 
        update
            wallets 
        set
            account_id=?,
            asset=?,
            balance=?,
            reserved=?,
            updated_at=?,
            version=? 
        where
            id=? 
            and version=?
    2026-08-18T15:15:11.100+02:00 DEBUG 18700 --- [openex] [pool-1-thread-3] org.hibernate.SQL                        : 
        select
            w1_0.id,
            w1_0.account_id,
            w1_0.asset,
            w1_0.balance,
            w1_0.reserved,
            w1_0.updated_at,
            w1_0.version 
        from
            wallets w1_0 
        where
            w1_0.account_id=? 
            and w1_0.asset=?
    2026-08-18T15:15:11.102+02:00 DEBUG 18700 --- [openex] [pool-1-thread-3] org.hibernate.SQL                        : 
        select
            le1_0.id,
            le1_0.account_id,
            le1_0.amount,
            le1_0.asset,
            le1_0.created_at,
            le1_0.entry_type,
            le1_0.reference_id,
            le1_0.reference_type 
        from
            ledger_entries le1_0 
        where
            le1_0.id=?
    2026-08-18T15:15:11.105+02:00 DEBUG 18700 --- [openex] [pool-1-thread-3] org.hibernate.SQL                        : 
        select
            le1_0.id,
            le1_0.account_id,
            le1_0.amount,
            le1_0.asset,
            le1_0.created_at,
            le1_0.entry_type,
            le1_0.reference_id,
            le1_0.reference_type 
        from
            ledger_entries le1_0 
        where
            le1_0.id=?
    2026-08-18T15:15:11.110+02:00 DEBUG 18700 --- [openex] [pool-1-thread-3] org.hibernate.SQL                        : 
        insert 
        into
            ledger_entries
            (account_id, amount, asset, created_at, entry_type, reference_id, reference_type, id) 
        values
            (?, ?, ?, ?, ?, ?, ?, ?)
    2026-08-18T15:15:11.112+02:00 DEBUG 18700 --- [openex] [pool-1-thread-3] org.hibernate.SQL                        : 
        insert 
        into
            ledger_entries
            (account_id, amount, asset, created_at, entry_type, reference_id, reference_type, id) 
        values
            (?, ?, ?, ?, ?, ?, ?, ?)
    2026-08-18T15:15:11.113+02:00 DEBUG 18700 --- [openex] [pool-1-thread-3] org.hibernate.SQL                        : 
        update
            wallets 
        set
            account_id=?,
            asset=?,
            balance=?,
            reserved=?,
            updated_at=?,
            version=? 
        where
            id=? 
            and version=?
    2026-08-18T15:15:11.114+02:00 DEBUG 18700 --- [openex] [pool-1-thread-3] org.hibernate.SQL                        : 
        select
            w1_0.id,
            w1_0.account_id,
            w1_0.asset,
            w1_0.balance,
            w1_0.reserved,
            w1_0.updated_at,
            w1_0.version 
        from
            wallets w1_0 
        where
            w1_0.account_id=? 
            and w1_0.asset=?
    2026-08-18T15:15:11.122+02:00 DEBUG 18700 --- [openex] [pool-1-thread-3] org.hibernate.SQL                        : 
        update
            wallets 
        set
            account_id=?,
            asset=?,
            balance=?,
            reserved=?,
            updated_at=?,
            version=? 
        where
            id=? 
            and version=?
    2026-08-18T15:15:11.124+02:00 DEBUG 18700 --- [openex] [pool-1-thread-3] org.hibernate.SQL                        : 
        select
            w1_0.id,
            w1_0.account_id,
            w1_0.asset,
            w1_0.balance,
            w1_0.reserved,
            w1_0.updated_at,
            w1_0.version 
        from
            wallets w1_0 
        where
            w1_0.account_id=? 
            and w1_0.asset=?
    2026-08-18T15:15:11.125+02:00 DEBUG 18700 --- [openex] [pool-1-thread-3] org.hibernate.SQL                        : 
        select
            w1_0.id,
            w1_0.account_id,
            w1_0.asset,
            w1_0.balance,
            w1_0.reserved,
            w1_0.updated_at,
            w1_0.version 
        from
            wallets w1_0 
        where
            w1_0.id=?
    2026-08-18T15:15:11.127+02:00 DEBUG 18700 --- [openex] [pool-1-thread-3] org.hibernate.SQL                        : 
        select
            le1_0.id,
            le1_0.account_id,
            le1_0.amount,
            le1_0.asset,
            le1_0.created_at,
            le1_0.entry_type,
            le1_0.reference_id,
            le1_0.reference_type 
        from
            ledger_entries le1_0 
        where
            le1_0.id=?
    2026-08-18T15:15:11.129+02:00 DEBUG 18700 --- [openex] [pool-1-thread-3] org.hibernate.SQL                        : 
        select
            le1_0.id,
            le1_0.account_id,
            le1_0.amount,
            le1_0.asset,
            le1_0.created_at,
            le1_0.entry_type,
            le1_0.reference_id,
            le1_0.reference_type 
        from
            ledger_entries le1_0 
        where
            le1_0.id=?
    2026-08-18T15:15:11.135+02:00 DEBUG 18700 --- [openex] [pool-1-thread-3] org.hibernate.SQL                        : 
        insert 
        into
            wallets
            (account_id, asset, balance, reserved, updated_at, version, id) 
        values
            (?, ?, ?, ?, ?, ?, ?)
    2026-08-18T15:15:11.138+02:00 DEBUG 18700 --- [openex] [pool-1-thread-3] org.hibernate.SQL                        : 
        insert 
        into
            ledger_entries
            (account_id, amount, asset, created_at, entry_type, reference_id, reference_type, id) 
        values
            (?, ?, ?, ?, ?, ?, ?, ?)
    2026-08-18T15:15:11.140+02:00 DEBUG 18700 --- [openex] [pool-1-thread-3] org.hibernate.SQL                        : 
        insert 
        into
            ledger_entries
            (account_id, amount, asset, created_at, entry_type, reference_id, reference_type, id) 
        values
            (?, ?, ?, ?, ?, ?, ?, ?)
    2026-08-18T15:15:11.141+02:00 DEBUG 18700 --- [openex] [pool-1-thread-3] org.hibernate.SQL                        : 
        update
            orders 
        set
            account_id=?,
            created_at=?,
            idempotency_key=?,
            price=?,
            quantity=?,
            remaining_quantity=?,
            side=?,
            status=?,
            symbol=?,
            type=?,
            updated_at=?,
            version=? 
        where
            id=? 
            and version=?
    2026-08-18T15:15:11.144+02:00 DEBUG 18700 --- [openex] [pool-1-thread-3] org.hibernate.SQL                        : 
        update
            orders 
        set
            account_id=?,
            created_at=?,
            idempotency_key=?,
            price=?,
            quantity=?,
            remaining_quantity=?,
            side=?,
            status=?,
            symbol=?,
            type=?,
            updated_at=?,
            version=? 
        where
            id=? 
            and version=?
    2026-08-18T15:15:11.440+02:00 DEBUG 18700 --- [openex] [pool-1-thread-3] org.hibernate.SQL                        : 
        select
            o1_0.id,
            o1_0.account_id,
            o1_0.created_at,
            o1_0.idempotency_key,
            o1_0.price,
            o1_0.quantity,
            o1_0.remaining_quantity,
            o1_0.side,
            o1_0.status,
            o1_0.symbol,
            o1_0.type,
            o1_0.updated_at,
            o1_0.version 
        from
            orders o1_0 
        where
            o1_0.symbol=? 
            and o1_0.status in (?, ?)
    2026-08-18T15:15:11.455+02:00 DEBUG 18700 --- [openex] [pool-1-thread-5] org.hibernate.SQL                        : 
        select
            o1_0.id,
            o1_0.account_id,
            o1_0.created_at,
            o1_0.idempotency_key,
            o1_0.price,
            o1_0.quantity,
            o1_0.remaining_quantity,
            o1_0.side,
            o1_0.status,
            o1_0.symbol,
            o1_0.type,
            o1_0.updated_at,
            o1_0.version 
        from
            orders o1_0 
        where
            o1_0.idempotency_key=?
    2026-08-18T15:15:11.459+02:00  INFO 18700 --- [openex] [pool-1-thread-3] com.openex.core.service.OrderService     : Order matched: id=bea81d48-d66a-4f7e-8f03-f0cba29c2867 status=FILLED remaining=0
    2026-08-18T15:15:11.465+02:00 DEBUG 18700 --- [openex] [pool-1-thread-4] org.hibernate.SQL                        : 
        select
            o1_0.id,
            o1_0.account_id,
            o1_0.created_at,
            o1_0.idempotency_key,
            o1_0.price,
            o1_0.quantity,
            o1_0.remaining_quantity,
            o1_0.side,
            o1_0.status,
            o1_0.symbol,
            o1_0.type,
            o1_0.updated_at,
            o1_0.version 
        from
            orders o1_0 
        where
            o1_0.idempotency_key=?
    2026-08-18T15:15:11.466+02:00 DEBUG 18700 --- [openex] [pool-1-thread-5] org.hibernate.SQL                        : 
        select
            w1_0.id,
            w1_0.account_id,
            w1_0.asset,
            w1_0.balance,
            w1_0.reserved,
            w1_0.updated_at,
            w1_0.version 
        from
            wallets w1_0 
        where
            w1_0.account_id=? 
            and w1_0.asset=?
    2026-08-18T15:15:11.470+02:00 DEBUG 18700 --- [openex] [pool-1-thread-5] org.hibernate.SQL                        : 
        select
            o1_0.id,
            o1_0.account_id,
            o1_0.created_at,
            o1_0.idempotency_key,
            o1_0.price,
            o1_0.quantity,
            o1_0.remaining_quantity,
            o1_0.side,
            o1_0.status,
            o1_0.symbol,
            o1_0.type,
            o1_0.updated_at,
            o1_0.version 
        from
            orders o1_0 
        where
            o1_0.id=?
    2026-08-18T15:15:11.471+02:00  INFO 18700 --- [openex] [pool-1-thread-5] com.openex.core.service.OrderService     : Order placed: id=65eff7d0-be61-46d2-ba7d-423df9c77b98 account=86982122-f4db-4b86-b67c-05d977b38ac0 BUY 1 STRf73b43d8-USD @ 10.00
    2026-08-18T15:15:11.473+02:00 DEBUG 18700 --- [openex] [pool-1-thread-5] org.hibernate.SQL                        : 
        insert 
        into
            orders
            (account_id, created_at, idempotency_key, price, quantity, remaining_quantity, side, status, symbol, type, updated_at, version, id) 
        values
            (?, ?, ?, ?, ?, ?, ?, ?, ?, ?, ?, ?, ?)
    2026-08-18T15:15:11.475+02:00 DEBUG 18700 --- [openex] [pool-1-thread-4] org.hibernate.SQL                        : 
        select
            w1_0.id,
            w1_0.account_id,
            w1_0.asset,
            w1_0.balance,
            w1_0.reserved,
            w1_0.updated_at,
            w1_0.version 
        from
            wallets w1_0 
        where
            w1_0.account_id=? 
            and w1_0.asset=?
    2026-08-18T15:15:11.476+02:00 DEBUG 18700 --- [openex] [pool-1-thread-6] org.hibernate.SQL                        : 
        select
            o1_0.id,
            o1_0.account_id,
            o1_0.created_at,
            o1_0.idempotency_key,
            o1_0.price,
            o1_0.quantity,
            o1_0.remaining_quantity,
            o1_0.side,
            o1_0.status,
            o1_0.symbol,
            o1_0.type,
            o1_0.updated_at,
            o1_0.version 
        from
            orders o1_0 
        where
            o1_0.idempotency_key=?
    2026-08-18T15:15:11.475+02:00 DEBUG 18700 --- [openex] [pool-1-thread-7] org.hibernate.SQL                        : 
        select
            o1_0.id,
            o1_0.account_id,
            o1_0.created_at,
            o1_0.idempotency_key,
            o1_0.price,
            o1_0.quantity,
            o1_0.remaining_quantity,
            o1_0.side,
            o1_0.status,
            o1_0.symbol,
            o1_0.type,
            o1_0.updated_at,
            o1_0.version 
        from
            orders o1_0 
        where
            o1_0.idempotency_key=?
    2026-08-18T15:15:11.478+02:00 DEBUG 18700 --- [openex] [pool-1-thread-5] org.hibernate.SQL                        : 
        update
            wallets 
        set
            account_id=?,
            asset=?,
            balance=?,
            reserved=?,
            updated_at=?,
            version=? 
        where
            id=? 
            and version=?
    2026-08-18T15:15:11.479+02:00 DEBUG 18700 --- [openex] [pool-1-thread-5] org.hibernate.SQL                        : 
        select
            o1_0.id,
            o1_0.account_id,
            o1_0.created_at,
            o1_0.idempotency_key,
            o1_0.price,
            o1_0.quantity,
            o1_0.remaining_quantity,
            o1_0.side,
            o1_0.status,
            o1_0.symbol,
            o1_0.type,
            o1_0.updated_at,
            o1_0.version 
        from
            orders o1_0
    2026-08-18T15:15:11.481+02:00 DEBUG 18700 --- [openex] [pool-1-thread-4] org.hibernate.SQL                        : 
        select
            o1_0.id,
            o1_0.account_id,
            o1_0.created_at,
            o1_0.idempotency_key,
            o1_0.price,
            o1_0.quantity,
            o1_0.remaining_quantity,
            o1_0.side,
            o1_0.status,
            o1_0.symbol,
            o1_0.type,
            o1_0.updated_at,
            o1_0.version 
        from
            orders o1_0 
        where
            o1_0.id=?
    2026-08-18T15:15:11.485+02:00  INFO 18700 --- [openex] [pool-1-thread-4] com.openex.core.service.OrderService     : Order placed: id=82d80afb-7d25-46ad-9a9e-9ad18aabd5d8 account=f4edd9be-9e67-4002-99ef-520e023742e9 BUY 1 STRf73b43d8-USD @ 10.00
    2026-08-18T15:15:11.487+02:00 DEBUG 18700 --- [openex] [pool-1-thread-4] org.hibernate.SQL                        : 
        insert 
        into
            orders
            (account_id, created_at, idempotency_key, price, quantity, remaining_quantity, side, status, symbol, type, updated_at, version, id) 
        values
            (?, ?, ?, ?, ?, ?, ?, ?, ?, ?, ?, ?, ?)
    2026-08-18T15:15:11.489+02:00 DEBUG 18700 --- [openex] [pool-1-thread-5] org.hibernate.SQL                        : 
        select
            t1_0.id,
            t1_0.buy_order_id,
            t1_0.executed_at,
            t1_0.price,
            t1_0.quantity,
            t1_0.sell_order_id,
            t1_0.symbol 
        from
            trades t1_0 
        where
            t1_0.id=?
    2026-08-18T15:15:11.494+02:00 DEBUG 18700 --- [openex] [pool-1-thread-7] org.hibernate.SQL                        : 
        select
            w1_0.id,
            w1_0.account_id,
            w1_0.asset,
            w1_0.balance,
            w1_0.reserved,
            w1_0.updated_at,
            w1_0.version 
        from
            wallets w1_0 
        where
            w1_0.account_id=? 
            and w1_0.asset=?
    2026-08-18T15:15:11.497+02:00 DEBUG 18700 --- [openex] [pool-1-thread-4] org.hibernate.SQL                        : 
        update
            wallets 
        set
            account_id=?,
            asset=?,
            balance=?,
            reserved=?,
            updated_at=?,
            version=? 
        where
            id=? 
            and version=?
    2026-08-18T15:15:11.497+02:00 DEBUG 18700 --- [openex] [pool-1-thread-5] org.hibernate.SQL                        : 
        select
            w1_0.id,
            w1_0.account_id,
            w1_0.asset,
            w1_0.balance,
            w1_0.reserved,
            w1_0.updated_at,
            w1_0.version 
        from
            wallets w1_0 
        where
            w1_0.account_id=? 
            and w1_0.asset=?
    2026-08-18T15:15:11.498+02:00 DEBUG 18700 --- [openex] [pool-1-thread-4] org.hibernate.SQL                        : 
        select
            o1_0.id,
            o1_0.account_id,
            o1_0.created_at,
            o1_0.idempotency_key,
            o1_0.price,
            o1_0.quantity,
            o1_0.remaining_quantity,
            o1_0.side,
            o1_0.status,
            o1_0.symbol,
            o1_0.type,
            o1_0.updated_at,
            o1_0.version 
        from
            orders o1_0
    2026-08-18T15:15:11.499+02:00 DEBUG 18700 --- [openex] [pool-1-thread-7] org.hibernate.SQL                        : 
        select
            o1_0.id,
            o1_0.account_id,
            o1_0.created_at,
            o1_0.idempotency_key,
            o1_0.price,
            o1_0.quantity,
            o1_0.remaining_quantity,
            o1_0.side,
            o1_0.status,
            o1_0.symbol,
            o1_0.type,
            o1_0.updated_at,
            o1_0.version 
        from
            orders o1_0 
        where
            o1_0.id=?
    2026-08-18T15:15:11.500+02:00 DEBUG 18700 --- [openex] [pool-1-thread-5] org.hibernate.SQL                        : 
        insert 
        into
            trades
            (buy_order_id, executed_at, price, quantity, sell_order_id, symbol, id) 
        values
            (?, ?, ?, ?, ?, ?, ?)
    2026-08-18T15:15:11.500+02:00  INFO 18700 --- [openex] [pool-1-thread-7] com.openex.core.service.OrderService     : Order placed: id=8faeadb3-5ab8-42e5-8da9-5f391b7c0bed account=25648af0-9ad0-4e9a-9f31-f297e698ab22 BUY 1 STRf73b43d8-USD @ 10.00
    2026-08-18T15:15:11.502+02:00 DEBUG 18700 --- [openex] [pool-1-thread-7] org.hibernate.SQL                        : 
        insert 
        into
            orders
            (account_id, created_at, idempotency_key, price, quantity, remaining_quantity, side, status, symbol, type, updated_at, version, id) 
        values
            (?, ?, ?, ?, ?, ?, ?, ?, ?, ?, ?, ?, ?)
    2026-08-18T15:15:11.505+02:00 DEBUG 18700 --- [openex] [pool-1-thread-5] org.hibernate.SQL                        : 
        update
            wallets 
        set
            account_id=?,
            asset=?,
            balance=?,
            reserved=?,
            updated_at=?,
            version=? 
        where
            id=? 
            and version=?
    2026-08-18T15:15:11.506+02:00 DEBUG 18700 --- [openex] [pool-1-thread-5] org.hibernate.SQL                        : 
        select
            w1_0.id,
            w1_0.account_id,
            w1_0.asset,
            w1_0.balance,
            w1_0.reserved,
            w1_0.updated_at,
            w1_0.version 
        from
            wallets w1_0 
        where
            w1_0.account_id=? 
            and w1_0.asset=?
    2026-08-18T15:15:11.507+02:00 DEBUG 18700 --- [openex] [pool-1-thread-4] org.hibernate.SQL                        : 
        select
            t1_0.id,
            t1_0.buy_order_id,
            t1_0.executed_at,
            t1_0.price,
            t1_0.quantity,
            t1_0.sell_order_id,
            t1_0.symbol 
        from
            trades t1_0 
        where
            t1_0.id=?
    2026-08-18T15:15:11.508+02:00 DEBUG 18700 --- [openex] [pool-1-thread-6] org.hibernate.SQL                        : 
        select
            w1_0.id,
            w1_0.account_id,
            w1_0.asset,
            w1_0.balance,
            w1_0.reserved,
            w1_0.updated_at,
            w1_0.version 
        from
            wallets w1_0 
        where
            w1_0.account_id=? 
            and w1_0.asset=?
    2026-08-18T15:15:11.508+02:00 DEBUG 18700 --- [openex] [pool-1-thread-5] org.hibernate.SQL                        : 
        select
            le1_0.id,
            le1_0.account_id,
            le1_0.amount,
            le1_0.asset,
            le1_0.created_at,
            le1_0.entry_type,
            le1_0.reference_id,
            le1_0.reference_type 
        from
            ledger_entries le1_0 
        where
            le1_0.id=?
    2026-08-18T15:15:11.510+02:00 DEBUG 18700 --- [openex] [pool-1-thread-7] org.hibernate.SQL                        : 
        update
            wallets 
        set
            account_id=?,
            asset=?,
            balance=?,
            reserved=?,
            updated_at=?,
            version=? 
        where
            id=? 
            and version=?
    2026-08-18T15:15:11.511+02:00 DEBUG 18700 --- [openex] [pool-1-thread-7] org.hibernate.SQL                        : 
        select
            o1_0.id,
            o1_0.account_id,
            o1_0.created_at,
            o1_0.idempotency_key,
            o1_0.price,
            o1_0.quantity,
            o1_0.remaining_quantity,
            o1_0.side,
            o1_0.status,
            o1_0.symbol,
            o1_0.type,
            o1_0.updated_at,
            o1_0.version 
        from
            orders o1_0
    2026-08-18T15:15:11.572+02:00 DEBUG 18700 --- [openex] [pool-1-thread-8] org.hibernate.SQL                        : 
        select
            o1_0.id,
            o1_0.account_id,
            o1_0.created_at,
            o1_0.idempotency_key,
            o1_0.price,
            o1_0.quantity,
            o1_0.remaining_quantity,
            o1_0.side,
            o1_0.status,
            o1_0.symbol,
            o1_0.type,
            o1_0.updated_at,
            o1_0.version 
        from
            orders o1_0 
        where
            o1_0.idempotency_key=?
    2026-08-18T15:15:11.590+02:00 DEBUG 18700 --- [openex] [pool-1-thread-6] org.hibernate.SQL                        : 
        select
            o1_0.id,
            o1_0.account_id,
            o1_0.created_at,
            o1_0.idempotency_key,
            o1_0.price,
            o1_0.quantity,
            o1_0.remaining_quantity,
            o1_0.side,
            o1_0.status,
            o1_0.symbol,
            o1_0.type,
            o1_0.updated_at,
            o1_0.version 
        from
            orders o1_0 
        where
            o1_0.id=?
    2026-08-18T15:15:11.593+02:00 DEBUG 18700 --- [openex] [pool-1-thread-8] org.hibernate.SQL                        : 
        select
            w1_0.id,
            w1_0.account_id,
            w1_0.asset,
            w1_0.balance,
            w1_0.reserved,
            w1_0.updated_at,
            w1_0.version 
        from
            wallets w1_0 
        where
            w1_0.account_id=? 
            and w1_0.asset=?
    2026-08-18T15:15:11.599+02:00 DEBUG 18700 --- [openex] [pool-1-thread-8] org.hibernate.SQL                        : 
        select
            o1_0.id,
            o1_0.account_id,
            o1_0.created_at,
            o1_0.idempotency_key,
            o1_0.price,
            o1_0.quantity,
            o1_0.remaining_quantity,
            o1_0.side,
            o1_0.status,
            o1_0.symbol,
            o1_0.type,
            o1_0.updated_at,
            o1_0.version 
        from
            orders o1_0 
        where
            o1_0.id=?
    2026-08-18T15:15:11.600+02:00  INFO 18700 --- [openex] [pool-1-thread-8] com.openex.core.service.OrderService     : Order placed: id=99a9e829-c54f-44ea-97d2-714af2ee4339 account=bde7a6ce-48de-43c5-9912-8da18d39039a BUY 1 STRf73b43d8-USD @ 10.00
    2026-08-18T15:15:11.602+02:00 DEBUG 18700 --- [openex] [pool-1-thread-8] org.hibernate.SQL                        : 
        insert 
        into
            orders
            (account_id, created_at, idempotency_key, price, quantity, remaining_quantity, side, status, symbol, type, updated_at, version, id) 
        values
            (?, ?, ?, ?, ?, ?, ?, ?, ?, ?, ?, ?, ?)
    2026-08-18T15:15:11.610+02:00  INFO 18700 --- [openex] [pool-1-thread-6] com.openex.core.service.OrderService     : Order placed: id=23e2a608-365f-4c13-b06e-9bcb865e3b3c account=66a5874f-df96-442c-92c3-469ff74f4ae5 BUY 1 STRf73b43d8-USD @ 10.00
    2026-08-18T15:15:11.612+02:00 DEBUG 18700 --- [openex] [pool-1-thread-8] org.hibernate.SQL                        : 
        update
            wallets 
        set
            account_id=?,
            asset=?,
            balance=?,
            reserved=?,
            updated_at=?,
            version=? 
        where
            id=? 
            and version=?
    2026-08-18T15:15:11.613+02:00 DEBUG 18700 --- [openex] [pool-1-thread-6] org.hibernate.SQL                        : 
        insert 
        into
            orders
            (account_id, created_at, idempotency_key, price, quantity, remaining_quantity, side, status, symbol, type, updated_at, version, id) 
        values
            (?, ?, ?, ?, ?, ?, ?, ?, ?, ?, ?, ?, ?)
    2026-08-18T15:15:11.613+02:00 DEBUG 18700 --- [openex] [pool-1-thread-8] org.hibernate.SQL                        : 
        select
            o1_0.id,
            o1_0.account_id,
            o1_0.created_at,
            o1_0.idempotency_key,
            o1_0.price,
            o1_0.quantity,
            o1_0.remaining_quantity,
            o1_0.side,
            o1_0.status,
            o1_0.symbol,
            o1_0.type,
            o1_0.updated_at,
            o1_0.version 
        from
            orders o1_0
    2026-08-18T15:15:11.618+02:00 DEBUG 18700 --- [openex] [pool-1-thread-6] org.hibernate.SQL                        : 
        update
            wallets 
        set
            account_id=?,
            asset=?,
            balance=?,
            reserved=?,
            updated_at=?,
            version=? 
        where
            id=? 
            and version=?
    2026-08-18T15:15:11.622+02:00 DEBUG 18700 --- [openex] [pool-1-thread-6] org.hibernate.SQL                        : 
        select
            o1_0.id,
            o1_0.account_id,
            o1_0.created_at,
            o1_0.idempotency_key,
            o1_0.price,
            o1_0.quantity,
            o1_0.remaining_quantity,
            o1_0.side,
            o1_0.status,
            o1_0.symbol,
            o1_0.type,
            o1_0.updated_at,
            o1_0.version 
        from
            orders o1_0
    2026-08-18T15:15:11.624+02:00 DEBUG 18700 --- [openex] [pool-1-thread-8] org.hibernate.SQL                        : 
        select
            t1_0.id,
            t1_0.buy_order_id,
            t1_0.executed_at,
            t1_0.price,
            t1_0.quantity,
            t1_0.sell_order_id,
            t1_0.symbol 
        from
            trades t1_0 
        where
            t1_0.id=?
    2026-08-18T15:15:11.631+02:00 DEBUG 18700 --- [openex] [pool-1-thread-6] org.hibernate.SQL                        : 
        select
            t1_0.id,
            t1_0.buy_order_id,
            t1_0.executed_at,
            t1_0.price,
            t1_0.quantity,
            t1_0.sell_order_id,
            t1_0.symbol 
        from
            trades t1_0 
        where
            t1_0.id=?
    2026-08-18T15:15:11.636+02:00 DEBUG 18700 --- [openex] [pool-1-thread-6] org.hibernate.SQL                        : 
        select
            w1_0.id,
            w1_0.account_id,
            w1_0.asset,
            w1_0.balance,
            w1_0.reserved,
            w1_0.updated_at,
            w1_0.version 
        from
            wallets w1_0 
        where
            w1_0.account_id=? 
            and w1_0.asset=?
    2026-08-18T15:15:11.640+02:00 DEBUG 18700 --- [openex] [pool-1-thread-8] org.hibernate.SQL                        : 
        select
            w1_0.id,
            w1_0.account_id,
            w1_0.asset,
            w1_0.balance,
            w1_0.reserved,
            w1_0.updated_at,
            w1_0.version 
        from
            wallets w1_0 
        where
            w1_0.account_id=? 
            and w1_0.asset=?
    2026-08-18T15:15:11.641+02:00 DEBUG 18700 --- [openex] [pool-1-thread-6] org.hibernate.SQL                        : 
        insert 
        into
            trades
            (buy_order_id, executed_at, price, quantity, sell_order_id, symbol, id) 
        values
            (?, ?, ?, ?, ?, ?, ?)
    2026-08-18T15:15:11.643+02:00 DEBUG 18700 --- [openex] [pool-1-thread-8] org.hibernate.SQL                        : 
        insert 
        into
            trades
            (buy_order_id, executed_at, price, quantity, sell_order_id, symbol, id) 
        values
            (?, ?, ?, ?, ?, ?, ?)
    2026-08-18T15:15:11.645+02:00 DEBUG 18700 --- [openex] [pool-1-thread-6] org.hibernate.SQL                        : 
        update
            wallets 
        set
            account_id=?,
            asset=?,
            balance=?,
            reserved=?,
            updated_at=?,
            version=? 
        where
            id=? 
            and version=?
    2026-08-18T15:15:11.645+02:00 DEBUG 18700 --- [openex] [pool-1-thread-8] org.hibernate.SQL                        : 
        update
            wallets 
        set
            account_id=?,
            asset=?,
            balance=?,
            reserved=?,
            updated_at=?,
            version=? 
        where
            id=? 
            and version=?
    2026-08-18T15:15:11.646+02:00 DEBUG 18700 --- [openex] [pool-1-thread-6] org.hibernate.SQL                        : 
        select
            w1_0.id,
            w1_0.account_id,
            w1_0.asset,
            w1_0.balance,
            w1_0.reserved,
            w1_0.updated_at,
            w1_0.version 
        from
            wallets w1_0 
        where
            w1_0.account_id=? 
            and w1_0.asset=?
    2026-08-18T15:15:11.647+02:00 DEBUG 18700 --- [openex] [pool-1-thread-6] org.hibernate.SQL                        : 
        select
            le1_0.id,
            le1_0.account_id,
            le1_0.amount,
            le1_0.asset,
            le1_0.created_at,
            le1_0.entry_type,
            le1_0.reference_id,
            le1_0.reference_type 
        from
            ledger_entries le1_0 
        where
            le1_0.id=?
    2026-08-18T15:15:11.647+02:00 DEBUG 18700 --- [openex] [pool-1-thread-8] org.hibernate.SQL                        : 
        select
            w1_0.id,
            w1_0.account_id,
            w1_0.asset,
            w1_0.balance,
            w1_0.reserved,
            w1_0.updated_at,
            w1_0.version 
        from
            wallets w1_0 
        where
            w1_0.account_id=? 
            and w1_0.asset=?
    2026-08-18T15:15:11.648+02:00 DEBUG 18700 --- [openex] [pool-1-thread-6] org.hibernate.SQL                        : 
        select
            le1_0.id,
            le1_0.account_id,
            le1_0.amount,
            le1_0.asset,
            le1_0.created_at,
            le1_0.entry_type,
            le1_0.reference_id,
            le1_0.reference_type 
        from
            ledger_entries le1_0 
        where
            le1_0.id=?
    2026-08-18T15:15:11.649+02:00 DEBUG 18700 --- [openex] [pool-1-thread-8] org.hibernate.SQL                        : 
        select
            le1_0.id,
            le1_0.account_id,
            le1_0.amount,
            le1_0.asset,
            le1_0.created_at,
            le1_0.entry_type,
            le1_0.reference_id,
            le1_0.reference_type 
        from
            ledger_entries le1_0 
        where
            le1_0.id=?
    2026-08-18T15:15:11.652+02:00 DEBUG 18700 --- [openex] [pool-1-thread-6] org.hibernate.SQL                        : 
        insert 
        into
            ledger_entries
            (account_id, amount, asset, created_at, entry_type, reference_id, reference_type, id) 
        values
            (?, ?, ?, ?, ?, ?, ?, ?)
    2026-08-18T15:15:11.653+02:00 DEBUG 18700 --- [openex] [pool-1-thread-6] org.hibernate.SQL                        : 
        insert 
        into
            ledger_entries
            (account_id, amount, asset, created_at, entry_type, reference_id, reference_type, id) 
        values
            (?, ?, ?, ?, ?, ?, ?, ?)
    2026-08-18T15:15:11.655+02:00 DEBUG 18700 --- [openex] [pool-1-thread-6] org.hibernate.SQL                        : 
        update
            wallets 
        set
            account_id=?,
            asset=?,
            balance=?,
            reserved=?,
            updated_at=?,
            version=? 
        where
            id=? 
            and version=?
    2026-08-18T15:15:11.656+02:00 DEBUG 18700 --- [openex] [pool-1-thread-8] org.hibernate.SQL                        : 
        select
            le1_0.id,
            le1_0.account_id,
            le1_0.amount,
            le1_0.asset,
            le1_0.created_at,
            le1_0.entry_type,
            le1_0.reference_id,
            le1_0.reference_type 
        from
            ledger_entries le1_0 
        where
            le1_0.id=?
    2026-08-18T15:15:11.656+02:00 DEBUG 18700 --- [openex] [pool-1-thread-6] org.hibernate.SQL                        : 
        select
            w1_0.id,
            w1_0.account_id,
            w1_0.asset,
            w1_0.balance,
            w1_0.reserved,
            w1_0.updated_at,
            w1_0.version 
        from
            wallets w1_0 
        where
            w1_0.account_id=? 
            and w1_0.asset=?
    2026-08-18T15:15:11.658+02:00 DEBUG 18700 --- [openex] [pool-1-thread-6] org.hibernate.SQL                        : 
        update
            wallets 
        set
            account_id=?,
            asset=?,
            balance=?,
            reserved=?,
            updated_at=?,
            version=? 
        where
            id=? 
            and version=?
    2026-08-18T15:15:11.659+02:00 DEBUG 18700 --- [openex] [pool-1-thread-8] org.hibernate.SQL                        : 
        insert 
        into
            ledger_entries
            (account_id, amount, asset, created_at, entry_type, reference_id, reference_type, id) 
        values
            (?, ?, ?, ?, ?, ?, ?, ?)
    2026-08-18T15:15:11.659+02:00 DEBUG 18700 --- [openex] [pool-1-thread-6] org.hibernate.SQL                        : 
        select
            w1_0.id,
            w1_0.account_id,
            w1_0.asset,
            w1_0.balance,
            w1_0.reserved,
            w1_0.updated_at,
            w1_0.version 
        from
            wallets w1_0 
        where
            w1_0.account_id=? 
            and w1_0.asset=?
    2026-08-18T15:15:11.660+02:00 DEBUG 18700 --- [openex] [pool-1-thread-6] org.hibernate.SQL                        : 
        select
            w1_0.id,
            w1_0.account_id,
            w1_0.asset,
            w1_0.balance,
            w1_0.reserved,
            w1_0.updated_at,
            w1_0.version 
        from
            wallets w1_0 
        where
            w1_0.id=?
    2026-08-18T15:15:11.661+02:00 DEBUG 18700 --- [openex] [pool-1-thread-8] org.hibernate.SQL                        : 
        insert 
        into
            ledger_entries
            (account_id, amount, asset, created_at, entry_type, reference_id, reference_type, id) 
        values
            (?, ?, ?, ?, ?, ?, ?, ?)
    2026-08-18T15:15:11.661+02:00 DEBUG 18700 --- [openex] [pool-1-thread-6] org.hibernate.SQL                        : 
        select
            le1_0.id,
            le1_0.account_id,
            le1_0.amount,
            le1_0.asset,
            le1_0.created_at,
            le1_0.entry_type,
            le1_0.reference_id,
            le1_0.reference_type 
        from
            ledger_entries le1_0 
        where
            le1_0.id=?
    2026-08-18T15:15:11.662+02:00 DEBUG 18700 --- [openex] [pool-1-thread-8] org.hibernate.SQL                        : 
        update
            wallets 
        set
            account_id=?,
            asset=?,
            balance=?,
            reserved=?,
            updated_at=?,
            version=? 
        where
            id=? 
            and version=?
    2026-08-18T15:15:11.662+02:00 DEBUG 18700 --- [openex] [pool-1-thread-6] org.hibernate.SQL                        : 
        select
            le1_0.id,
            le1_0.account_id,
            le1_0.amount,
            le1_0.asset,
            le1_0.created_at,
            le1_0.entry_type,
            le1_0.reference_id,
            le1_0.reference_type 
        from
            ledger_entries le1_0 
        where
            le1_0.id=?
    2026-08-18T15:15:11.665+02:00 DEBUG 18700 --- [openex] [pool-1-thread-6] org.hibernate.SQL                        : 
        insert 
        into
            wallets
            (account_id, asset, balance, reserved, updated_at, version, id) 
        values
            (?, ?, ?, ?, ?, ?, ?)
    2026-08-18T15:15:11.666+02:00 DEBUG 18700 --- [openex] [pool-1-thread-6] org.hibernate.SQL                        : 
        insert 
        into
            ledger_entries
            (account_id, amount, asset, created_at, entry_type, reference_id, reference_type, id) 
        values
            (?, ?, ?, ?, ?, ?, ?, ?)
    2026-08-18T15:15:11.668+02:00 DEBUG 18700 --- [openex] [pool-1-thread-6] org.hibernate.SQL                        : 
        insert 
        into
            ledger_entries
            (account_id, amount, asset, created_at, entry_type, reference_id, reference_type, id) 
        values
            (?, ?, ?, ?, ?, ?, ?, ?)
    2026-08-18T15:15:11.670+02:00 DEBUG 18700 --- [openex] [pool-1-thread-6] org.hibernate.SQL                        : 
        update
            orders 
        set
            account_id=?,
            created_at=?,
            idempotency_key=?,
            price=?,
            quantity=?,
            remaining_quantity=?,
            side=?,
            status=?,
            symbol=?,
            type=?,
            updated_at=?,
            version=? 
        where
            id=? 
            and version=?
    2026-08-18T15:15:11.676+02:00 DEBUG 18700 --- [openex] [ool-1-thread-19] org.hibernate.SQL                        : 
        select
            o1_0.id,
            o1_0.account_id,
            o1_0.created_at,
            o1_0.idempotency_key,
            o1_0.price,
            o1_0.quantity,
            o1_0.remaining_quantity,
            o1_0.side,
            o1_0.status,
            o1_0.symbol,
            o1_0.type,
            o1_0.updated_at,
            o1_0.version 
        from
            orders o1_0 
        where
            o1_0.idempotency_key=?
    2026-08-18T15:15:11.682+02:00 DEBUG 18700 --- [openex] [ool-1-thread-18] org.hibernate.SQL                        : 
        select
            o1_0.id,
            o1_0.account_id,
            o1_0.created_at,
            o1_0.idempotency_key,
            o1_0.price,
            o1_0.quantity,
            o1_0.remaining_quantity,
            o1_0.side,
            o1_0.status,
            o1_0.symbol,
            o1_0.type,
            o1_0.updated_at,
            o1_0.version 
        from
            orders o1_0 
        where
            o1_0.idempotency_key=?
    2026-08-18T15:15:11.694+02:00 DEBUG 18700 --- [openex] [ool-1-thread-18] org.hibernate.SQL                        : 
        select
            w1_0.id,
            w1_0.account_id,
            w1_0.asset,
            w1_0.balance,
            w1_0.reserved,
            w1_0.updated_at,
            w1_0.version 
        from
            wallets w1_0 
        where
            w1_0.account_id=? 
            and w1_0.asset=?
    2026-08-18T15:15:11.712+02:00 DEBUG 18700 --- [openex] [pool-1-thread-5] org.hibernate.SQL                        : 
        select
            le1_0.id,
            le1_0.account_id,
            le1_0.amount,
            le1_0.asset,
            le1_0.created_at,
            le1_0.entry_type,
            le1_0.reference_id,
            le1_0.reference_type 
        from
            ledger_entries le1_0 
        where
            le1_0.id=?
    2026-08-18T15:15:11.716+02:00 DEBUG 18700 --- [openex] [pool-1-thread-5] org.hibernate.SQL                        : 
        insert 
        into
            ledger_entries
            (account_id, amount, asset, created_at, entry_type, reference_id, reference_type, id) 
        values
            (?, ?, ?, ?, ?, ?, ?, ?)
    2026-08-18T15:15:11.718+02:00 DEBUG 18700 --- [openex] [pool-1-thread-5] org.hibernate.SQL                        : 
        insert 
        into
            ledger_entries
            (account_id, amount, asset, created_at, entry_type, reference_id, reference_type, id) 
        values
            (?, ?, ?, ?, ?, ?, ?, ?)
    2026-08-18T15:15:11.719+02:00 DEBUG 18700 --- [openex] [pool-1-thread-5] org.hibernate.SQL                        : 
        update
            wallets 
        set
            account_id=?,
            asset=?,
            balance=?,
            reserved=?,
            updated_at=?,
            version=? 
        where
            id=? 
            and version=?
    2026-08-18T15:15:11.728+02:00 DEBUG 18700 --- [openex] [ool-1-thread-19] org.hibernate.SQL                        : 
        select
            w1_0.id,
            w1_0.account_id,
            w1_0.asset,
            w1_0.balance,
            w1_0.reserved,
            w1_0.updated_at,
            w1_0.version 
        from
            wallets w1_0 
        where
            w1_0.account_id=? 
            and w1_0.asset=?
    2026-08-18T15:15:11.733+02:00 DEBUG 18700 --- [openex] [ool-1-thread-19] org.hibernate.SQL                        : 
        select
            o1_0.id,
            o1_0.account_id,
            o1_0.created_at,
            o1_0.idempotency_key,
            o1_0.price,
            o1_0.quantity,
            o1_0.remaining_quantity,
            o1_0.side,
            o1_0.status,
            o1_0.symbol,
            o1_0.type,
            o1_0.updated_at,
            o1_0.version 
        from
            orders o1_0 
        where
            o1_0.id=?
    2026-08-18T15:15:11.734+02:00  INFO 18700 --- [openex] [ool-1-thread-19] com.openex.core.service.OrderService     : Order placed: id=7307e296-859c-4adf-932d-a91c01d758ea account=b28873a4-015d-4581-9aea-8327e59c2624 BUY 1 STRf73b43d8-USD @ 10.00
    2026-08-18T15:15:11.735+02:00 DEBUG 18700 --- [openex] [ool-1-thread-19] org.hibernate.SQL                        : 
        insert 
        into
            orders
            (account_id, created_at, idempotency_key, price, quantity, remaining_quantity, side, status, symbol, type, updated_at, version, id) 
        values
            (?, ?, ?, ?, ?, ?, ?, ?, ?, ?, ?, ?, ?)
    2026-08-18T15:15:11.741+02:00 DEBUG 18700 --- [openex] [ool-1-thread-19] org.hibernate.SQL                        : 
        update
            wallets 
        set
            account_id=?,
            asset=?,
            balance=?,
            reserved=?,
            updated_at=?,
            version=? 
        where
            id=? 
            and version=?
    2026-08-18T15:15:11.743+02:00 DEBUG 18700 --- [openex] [ool-1-thread-19] org.hibernate.SQL                        : 
        select
            o1_0.id,
            o1_0.account_id,
            o1_0.created_at,
            o1_0.idempotency_key,
            o1_0.price,
            o1_0.quantity,
            o1_0.remaining_quantity,
            o1_0.side,
            o1_0.status,
            o1_0.symbol,
            o1_0.type,
            o1_0.updated_at,
            o1_0.version 
        from
            orders o1_0
    2026-08-18T15:15:11.749+02:00 DEBUG 18700 --- [openex] [ool-1-thread-17] org.hibernate.SQL                        : 
        select
            o1_0.id,
            o1_0.account_id,
            o1_0.created_at,
            o1_0.idempotency_key,
            o1_0.price,
            o1_0.quantity,
            o1_0.remaining_quantity,
            o1_0.side,
            o1_0.status,
            o1_0.symbol,
            o1_0.type,
            o1_0.updated_at,
            o1_0.version 
        from
            orders o1_0 
        where
            o1_0.idempotency_key=?
    2026-08-18T15:15:11.749+02:00 DEBUG 18700 --- [openex] [ool-1-thread-19] org.hibernate.SQL                        : 
        select
            t1_0.id,
            t1_0.buy_order_id,
            t1_0.executed_at,
            t1_0.price,
            t1_0.quantity,
            t1_0.sell_order_id,
            t1_0.symbol 
        from
            trades t1_0 
        where
            t1_0.id=?
    2026-08-18T15:15:11.755+02:00 DEBUG 18700 --- [openex] [ool-1-thread-19] org.hibernate.SQL                        : 
        select
            w1_0.id,
            w1_0.account_id,
            w1_0.asset,
            w1_0.balance,
            w1_0.reserved,
            w1_0.updated_at,
            w1_0.version 
        from
            wallets w1_0 
        where
            w1_0.account_id=? 
            and w1_0.asset=?
    2026-08-18T15:15:11.759+02:00 DEBUG 18700 --- [openex] [ool-1-thread-19] org.hibernate.SQL                        : 
        insert 
        into
            trades
            (buy_order_id, executed_at, price, quantity, sell_order_id, symbol, id) 
        values
            (?, ?, ?, ?, ?, ?, ?)
    2026-08-18T15:15:11.761+02:00 DEBUG 18700 --- [openex] [ool-1-thread-19] org.hibernate.SQL                        : 
        update
            wallets 
        set
            account_id=?,
            asset=?,
            balance=?,
            reserved=?,
            updated_at=?,
            version=? 
        where
            id=? 
            and version=?
    2026-08-18T15:15:11.762+02:00 DEBUG 18700 --- [openex] [ool-1-thread-19] org.hibernate.SQL                        : 
        select
            w1_0.id,
            w1_0.account_id,
            w1_0.asset,
            w1_0.balance,
            w1_0.reserved,
            w1_0.updated_at,
            w1_0.version 
        from
            wallets w1_0 
        where
            w1_0.account_id=? 
            and w1_0.asset=?
    2026-08-18T15:15:11.764+02:00 DEBUG 18700 --- [openex] [ool-1-thread-19] org.hibernate.SQL                        : 
        select
            le1_0.id,
            le1_0.account_id,
            le1_0.amount,
            le1_0.asset,
            le1_0.created_at,
            le1_0.entry_type,
            le1_0.reference_id,
            le1_0.reference_type 
        from
            ledger_entries le1_0 
        where
            le1_0.id=?
    2026-08-18T15:15:11.769+02:00 DEBUG 18700 --- [openex] [ool-1-thread-19] org.hibernate.SQL                        : 
        select
            le1_0.id,
            le1_0.account_id,
            le1_0.amount,
            le1_0.asset,
            le1_0.created_at,
            le1_0.entry_type,
            le1_0.reference_id,
            le1_0.reference_type 
        from
            ledger_entries le1_0 
        where
            le1_0.id=?
    2026-08-18T15:15:11.773+02:00 DEBUG 18700 --- [openex] [ool-1-thread-19] org.hibernate.SQL                        : 
        insert 
        into
            ledger_entries
            (account_id, amount, asset, created_at, entry_type, reference_id, reference_type, id) 
        values
            (?, ?, ?, ?, ?, ?, ?, ?)
    2026-08-18T15:15:11.774+02:00 DEBUG 18700 --- [openex] [ool-1-thread-19] org.hibernate.SQL                        : 
        insert 
        into
            ledger_entries
            (account_id, amount, asset, created_at, entry_type, reference_id, reference_type, id) 
        values
            (?, ?, ?, ?, ?, ?, ?, ?)
    2026-08-18T15:15:11.776+02:00 DEBUG 18700 --- [openex] [ool-1-thread-19] org.hibernate.SQL                        : 
        update
            wallets 
        set
            account_id=?,
            asset=?,
            balance=?,
            reserved=?,
            updated_at=?,
            version=? 
        where
            id=? 
            and version=?
    2026-08-18T15:15:11.781+02:00 DEBUG 18700 --- [openex] [ool-1-thread-17] org.hibernate.SQL                        : 
        select
            w1_0.id,
            w1_0.account_id,
            w1_0.asset,
            w1_0.balance,
            w1_0.reserved,
            w1_0.updated_at,
            w1_0.version 
        from
            wallets w1_0 
        where
            w1_0.account_id=? 
            and w1_0.asset=?
    2026-08-18T15:15:11.791+02:00 DEBUG 18700 --- [openex] [ool-1-thread-17] org.hibernate.SQL                        : 
        select
            o1_0.id,
            o1_0.account_id,
            o1_0.created_at,
            o1_0.idempotency_key,
            o1_0.price,
            o1_0.quantity,
            o1_0.remaining_quantity,
            o1_0.side,
            o1_0.status,
            o1_0.symbol,
            o1_0.type,
            o1_0.updated_at,
            o1_0.version 
        from
            orders o1_0 
        where
            o1_0.id=?
    2026-08-18T15:15:11.793+02:00  INFO 18700 --- [openex] [ool-1-thread-17] com.openex.core.service.OrderService     : Order placed: id=2b3325db-1c49-4c4b-bde6-83b9c424d801 account=a5bd54b7-796e-4d11-af25-ba17555d610f BUY 1 STRf73b43d8-USD @ 10.00
    2026-08-18T15:15:11.795+02:00 DEBUG 18700 --- [openex] [ool-1-thread-17] org.hibernate.SQL                        : 
        insert 
        into
            orders
            (account_id, created_at, idempotency_key, price, quantity, remaining_quantity, side, status, symbol, type, updated_at, version, id) 
        values
            (?, ?, ?, ?, ?, ?, ?, ?, ?, ?, ?, ?, ?)
    2026-08-18T15:15:11.811+02:00 DEBUG 18700 --- [openex] [ool-1-thread-17] org.hibernate.SQL                        : 
        update
            wallets 
        set
            account_id=?,
            asset=?,
            balance=?,
            reserved=?,
            updated_at=?,
            version=? 
        where
            id=? 
            and version=?
    2026-08-18T15:15:11.813+02:00 DEBUG 18700 --- [openex] [ool-1-thread-17] org.hibernate.SQL                        : 
        select
            o1_0.id,
            o1_0.account_id,
            o1_0.created_at,
            o1_0.idempotency_key,
            o1_0.price,
            o1_0.quantity,
            o1_0.remaining_quantity,
            o1_0.side,
            o1_0.status,
            o1_0.symbol,
            o1_0.type,
            o1_0.updated_at,
            o1_0.version 
        from
            orders o1_0
    2026-08-18T15:15:11.824+02:00 DEBUG 18700 --- [openex] [ool-1-thread-17] org.hibernate.SQL                        : 
        select
            t1_0.id,
            t1_0.buy_order_id,
            t1_0.executed_at,
            t1_0.price,
            t1_0.quantity,
            t1_0.sell_order_id,
            t1_0.symbol 
        from
            trades t1_0 
        where
            t1_0.id=?
    2026-08-18T15:15:11.804+02:00 DEBUG 18700 --- [openex] [ool-1-thread-16] org.hibernate.SQL                        : 
        select
            o1_0.id,
            o1_0.account_id,
            o1_0.created_at,
            o1_0.idempotency_key,
            o1_0.price,
            o1_0.quantity,
            o1_0.remaining_quantity,
            o1_0.side,
            o1_0.status,
            o1_0.symbol,
            o1_0.type,
            o1_0.updated_at,
            o1_0.version 
        from
            orders o1_0 
        where
            o1_0.idempotency_key=?
    2026-08-18T15:15:11.842+02:00 DEBUG 18700 --- [openex] [ool-1-thread-17] org.hibernate.SQL                        : 
        select
            w1_0.id,
            w1_0.account_id,
            w1_0.asset,
            w1_0.balance,
            w1_0.reserved,
            w1_0.updated_at,
            w1_0.version 
        from
            wallets w1_0 
        where
            w1_0.account_id=? 
            and w1_0.asset=?
    2026-08-18T15:15:11.845+02:00 DEBUG 18700 --- [openex] [ool-1-thread-17] org.hibernate.SQL                        : 
        insert 
        into
            trades
            (buy_order_id, executed_at, price, quantity, sell_order_id, symbol, id) 
        values
            (?, ?, ?, ?, ?, ?, ?)
    2026-08-18T15:15:11.849+02:00 DEBUG 18700 --- [openex] [ool-1-thread-17] org.hibernate.SQL                        : 
        update
            wallets 
        set
            account_id=?,
            asset=?,
            balance=?,
            reserved=?,
            updated_at=?,
            version=? 
        where
            id=? 
            and version=?
    2026-08-18T15:15:11.851+02:00 DEBUG 18700 --- [openex] [ool-1-thread-17] org.hibernate.SQL                        : 
        select
            w1_0.id,
            w1_0.account_id,
            w1_0.asset,
            w1_0.balance,
            w1_0.reserved,
            w1_0.updated_at,
            w1_0.version 
        from
            wallets w1_0 
        where
            w1_0.account_id=? 
            and w1_0.asset=?
    2026-08-18T15:15:11.854+02:00 DEBUG 18700 --- [openex] [ool-1-thread-17] org.hibernate.SQL                        : 
        select
            le1_0.id,
            le1_0.account_id,
            le1_0.amount,
            le1_0.asset,
            le1_0.created_at,
            le1_0.entry_type,
            le1_0.reference_id,
            le1_0.reference_type 
        from
            ledger_entries le1_0 
        where
            le1_0.id=?
    2026-08-18T15:15:11.860+02:00 DEBUG 18700 --- [openex] [ool-1-thread-17] org.hibernate.SQL                        : 
        select
            le1_0.id,
            le1_0.account_id,
            le1_0.amount,
            le1_0.asset,
            le1_0.created_at,
            le1_0.entry_type,
            le1_0.reference_id,
            le1_0.reference_type 
        from
            ledger_entries le1_0 
        where
            le1_0.id=?
    2026-08-18T15:15:11.863+02:00 DEBUG 18700 --- [openex] [ool-1-thread-18] org.hibernate.SQL                        : 
        select
            o1_0.id,
            o1_0.account_id,
            o1_0.created_at,
            o1_0.idempotency_key,
            o1_0.price,
            o1_0.quantity,
            o1_0.remaining_quantity,
            o1_0.side,
            o1_0.status,
            o1_0.symbol,
            o1_0.type,
            o1_0.updated_at,
            o1_0.version 
        from
            orders o1_0 
        where
            o1_0.id=?
    2026-08-18T15:15:11.863+02:00 DEBUG 18700 --- [openex] [ool-1-thread-17] org.hibernate.SQL                        : 
        insert 
        into
            ledger_entries
            (account_id, amount, asset, created_at, entry_type, reference_id, reference_type, id) 
        values
            (?, ?, ?, ?, ?, ?, ?, ?)
    2026-08-18T15:15:11.864+02:00 DEBUG 18700 --- [openex] [ool-1-thread-17] org.hibernate.SQL                        : 
        insert 
        into
            ledger_entries
            (account_id, amount, asset, created_at, entry_type, reference_id, reference_type, id) 
        values
            (?, ?, ?, ?, ?, ?, ?, ?)
    2026-08-18T15:15:11.865+02:00  INFO 18700 --- [openex] [ool-1-thread-18] com.openex.core.service.OrderService     : Order placed: id=74734101-b04c-4748-820f-776c1fffd5bb account=2309d2f0-d351-4f45-b273-6498ebab4360 BUY 1 STRf73b43d8-USD @ 10.00
    2026-08-18T15:15:11.865+02:00 DEBUG 18700 --- [openex] [ool-1-thread-17] org.hibernate.SQL                        : 
        update
            wallets 
        set
            account_id=?,
            asset=?,
            balance=?,
            reserved=?,
            updated_at=?,
            version=? 
        where
            id=? 
            and version=?
    2026-08-18T15:15:11.867+02:00 DEBUG 18700 --- [openex] [ool-1-thread-15] org.hibernate.SQL                        : 
        select
            o1_0.id,
            o1_0.account_id,
            o1_0.created_at,
            o1_0.idempotency_key,
            o1_0.price,
            o1_0.quantity,
            o1_0.remaining_quantity,
            o1_0.side,
            o1_0.status,
            o1_0.symbol,
            o1_0.type,
            o1_0.updated_at,
            o1_0.version 
        from
            orders o1_0 
        where
            o1_0.idempotency_key=?
    2026-08-18T15:15:11.869+02:00 DEBUG 18700 --- [openex] [ool-1-thread-18] org.hibernate.SQL                        : 
        insert 
        into
            orders
            (account_id, created_at, idempotency_key, price, quantity, remaining_quantity, side, status, symbol, type, updated_at, version, id) 
        values
            (?, ?, ?, ?, ?, ?, ?, ?, ?, ?, ?, ?, ?)
    2026-08-18T15:15:11.879+02:00 DEBUG 18700 --- [openex] [ool-1-thread-15] org.hibernate.SQL                        : 
        select
            w1_0.id,
            w1_0.account_id,
            w1_0.asset,
            w1_0.balance,
            w1_0.reserved,
            w1_0.updated_at,
            w1_0.version 
        from
            wallets w1_0 
        where
            w1_0.account_id=? 
            and w1_0.asset=?
    2026-08-18T15:15:11.879+02:00 DEBUG 18700 --- [openex] [ool-1-thread-18] org.hibernate.SQL                        : 
        update
            wallets 
        set
            account_id=?,
            asset=?,
            balance=?,
            reserved=?,
            updated_at=?,
            version=? 
        where
            id=? 
            and version=?
    2026-08-18T15:15:11.881+02:00 DEBUG 18700 --- [openex] [ool-1-thread-18] org.hibernate.SQL                        : 
        select
            o1_0.id,
            o1_0.account_id,
            o1_0.created_at,
            o1_0.idempotency_key,
            o1_0.price,
            o1_0.quantity,
            o1_0.remaining_quantity,
            o1_0.side,
            o1_0.status,
            o1_0.symbol,
            o1_0.type,
            o1_0.updated_at,
            o1_0.version 
        from
            orders o1_0
    2026-08-18T15:15:11.882+02:00 DEBUG 18700 --- [openex] [ool-1-thread-16] org.hibernate.SQL                        : 
        select
            w1_0.id,
            w1_0.account_id,
            w1_0.asset,
            w1_0.balance,
            w1_0.reserved,
            w1_0.updated_at,
            w1_0.version 
        from
            wallets w1_0 
        where
            w1_0.account_id=? 
            and w1_0.asset=?
    2026-08-18T15:15:11.884+02:00 DEBUG 18700 --- [openex] [ool-1-thread-15] org.hibernate.SQL                        : 
        select
            o1_0.id,
            o1_0.account_id,
            o1_0.created_at,
            o1_0.idempotency_key,
            o1_0.price,
            o1_0.quantity,
            o1_0.remaining_quantity,
            o1_0.side,
            o1_0.status,
            o1_0.symbol,
            o1_0.type,
            o1_0.updated_at,
            o1_0.version 
        from
            orders o1_0 
        where
            o1_0.id=?
    2026-08-18T15:15:11.885+02:00  INFO 18700 --- [openex] [ool-1-thread-15] com.openex.core.service.OrderService     : Order placed: id=b6a777e9-5166-4dfb-9a10-bd8565092802 account=19f63bbc-9ab1-414f-99ce-53abf498b42e BUY 1 STRf73b43d8-USD @ 10.00
    2026-08-18T15:15:11.886+02:00 DEBUG 18700 --- [openex] [ool-1-thread-15] org.hibernate.SQL                        : 
        insert 
        into
            orders
            (account_id, created_at, idempotency_key, price, quantity, remaining_quantity, side, status, symbol, type, updated_at, version, id) 
        values
            (?, ?, ?, ?, ?, ?, ?, ?, ?, ?, ?, ?, ?)
    2026-08-18T15:15:11.887+02:00 DEBUG 18700 --- [openex] [ool-1-thread-18] org.hibernate.SQL                        : 
        select
            t1_0.id,
            t1_0.buy_order_id,
            t1_0.executed_at,
            t1_0.price,
            t1_0.quantity,
            t1_0.sell_order_id,
            t1_0.symbol 
        from
            trades t1_0 
        where
            t1_0.id=?
    2026-08-18T15:15:11.888+02:00 DEBUG 18700 --- [openex] [ool-1-thread-16] org.hibernate.SQL                        : 
        select
            o1_0.id,
            o1_0.account_id,
            o1_0.created_at,
            o1_0.idempotency_key,
            o1_0.price,
            o1_0.quantity,
            o1_0.remaining_quantity,
            o1_0.side,
            o1_0.status,
            o1_0.symbol,
            o1_0.type,
            o1_0.updated_at,
            o1_0.version 
        from
            orders o1_0 
        where
            o1_0.id=?
    2026-08-18T15:15:11.889+02:00  INFO 18700 --- [openex] [ool-1-thread-16] com.openex.core.service.OrderService     : Order placed: id=f22900f7-7817-44a3-8750-34914bd56ba1 account=6f68f830-de5a-452a-8b8b-6a594e6bd084 BUY 1 STRf73b43d8-USD @ 10.00
    2026-08-18T15:15:11.890+02:00 DEBUG 18700 --- [openex] [ool-1-thread-16] org.hibernate.SQL                        : 
        insert 
        into
            orders
            (account_id, created_at, idempotency_key, price, quantity, remaining_quantity, side, status, symbol, type, updated_at, version, id) 
        values
            (?, ?, ?, ?, ?, ?, ?, ?, ?, ?, ?, ?, ?)
    2026-08-18T15:15:11.890+02:00 DEBUG 18700 --- [openex] [ool-1-thread-10] org.hibernate.SQL                        : 
        select
            o1_0.id,
            o1_0.account_id,
            o1_0.created_at,
            o1_0.idempotency_key,
            o1_0.price,
            o1_0.quantity,
            o1_0.remaining_quantity,
            o1_0.side,
            o1_0.status,
            o1_0.symbol,
            o1_0.type,
            o1_0.updated_at,
            o1_0.version 
        from
            orders o1_0 
        where
            o1_0.idempotency_key=?
    2026-08-18T15:15:11.893+02:00 DEBUG 18700 --- [openex] [ool-1-thread-18] org.hibernate.SQL                        : 
        select
            w1_0.id,
            w1_0.account_id,
            w1_0.asset,
            w1_0.balance,
            w1_0.reserved,
            w1_0.updated_at,
            w1_0.version 
        from
            wallets w1_0 
        where
            w1_0.account_id=? 
            and w1_0.asset=?
    2026-08-18T15:15:11.895+02:00 DEBUG 18700 --- [openex] [ool-1-thread-14] org.hibernate.SQL                        : 
        select
            o1_0.id,
            o1_0.account_id,
            o1_0.created_at,
            o1_0.idempotency_key,
            o1_0.price,
            o1_0.quantity,
            o1_0.remaining_quantity,
            o1_0.side,
            o1_0.status,
            o1_0.symbol,
            o1_0.type,
            o1_0.updated_at,
            o1_0.version 
        from
            orders o1_0 
        where
            o1_0.idempotency_key=?
    2026-08-18T15:15:11.895+02:00 DEBUG 18700 --- [openex] [ool-1-thread-16] org.hibernate.SQL                        : 
        update
            wallets 
        set
            account_id=?,
            asset=?,
            balance=?,
            reserved=?,
            updated_at=?,
            version=? 
        where
            id=? 
            and version=?
    2026-08-18T15:15:11.896+02:00 DEBUG 18700 --- [openex] [ool-1-thread-18] org.hibernate.SQL                        : 
        insert 
        into
            trades
            (buy_order_id, executed_at, price, quantity, sell_order_id, symbol, id) 
        values
            (?, ?, ?, ?, ?, ?, ?)
    2026-08-18T15:15:11.897+02:00 DEBUG 18700 --- [openex] [ool-1-thread-16] org.hibernate.SQL                        : 
        select
            o1_0.id,
            o1_0.account_id,
            o1_0.created_at,
            o1_0.idempotency_key,
            o1_0.price,
            o1_0.quantity,
            o1_0.remaining_quantity,
            o1_0.side,
            o1_0.status,
            o1_0.symbol,
            o1_0.type,
            o1_0.updated_at,
            o1_0.version 
        from
            orders o1_0
    2026-08-18T15:15:11.898+02:00 DEBUG 18700 --- [openex] [ool-1-thread-18] org.hibernate.SQL                        : 
        update
            wallets 
        set
            account_id=?,
            asset=?,
            balance=?,
            reserved=?,
            updated_at=?,
            version=? 
        where
            id=? 
            and version=?
    2026-08-18T15:15:11.900+02:00 DEBUG 18700 --- [openex] [ool-1-thread-18] org.hibernate.SQL                        : 
        select
            w1_0.id,
            w1_0.account_id,
            w1_0.asset,
            w1_0.balance,
            w1_0.reserved,
            w1_0.updated_at,
            w1_0.version 
        from
            wallets w1_0 
        where
            w1_0.account_id=? 
            and w1_0.asset=?
    2026-08-18T15:15:11.901+02:00 DEBUG 18700 --- [openex] [ool-1-thread-18] org.hibernate.SQL                        : 
        select
            le1_0.id,
            le1_0.account_id,
            le1_0.amount,
            le1_0.asset,
            le1_0.created_at,
            le1_0.entry_type,
            le1_0.reference_id,
            le1_0.reference_type 
        from
            ledger_entries le1_0 
        where
            le1_0.id=?
    2026-08-18T15:15:11.902+02:00 DEBUG 18700 --- [openex] [ool-1-thread-10] org.hibernate.SQL                        : 
        select
            w1_0.id,
            w1_0.account_id,
            w1_0.asset,
            w1_0.balance,
            w1_0.reserved,
            w1_0.updated_at,
            w1_0.version 
        from
            wallets w1_0 
        where
            w1_0.account_id=? 
            and w1_0.asset=?
    2026-08-18T15:15:11.904+02:00 DEBUG 18700 --- [openex] [ool-1-thread-16] org.hibernate.SQL                        : 
        select
            t1_0.id,
            t1_0.buy_order_id,
            t1_0.executed_at,
            t1_0.price,
            t1_0.quantity,
            t1_0.sell_order_id,
            t1_0.symbol 
        from
            trades t1_0 
        where
            t1_0.id=?
    2026-08-18T15:15:11.907+02:00 DEBUG 18700 --- [openex] [ool-1-thread-14] org.hibernate.SQL                        : 
        select
            w1_0.id,
            w1_0.account_id,
            w1_0.asset,
            w1_0.balance,
            w1_0.reserved,
            w1_0.updated_at,
            w1_0.version 
        from
            wallets w1_0 
        where
            w1_0.account_id=? 
            and w1_0.asset=?
    2026-08-18T15:15:11.907+02:00 DEBUG 18700 --- [openex] [ool-1-thread-10] org.hibernate.SQL                        : 
        select
            o1_0.id,
            o1_0.account_id,
            o1_0.created_at,
            o1_0.idempotency_key,
            o1_0.price,
            o1_0.quantity,
            o1_0.remaining_quantity,
            o1_0.side,
            o1_0.status,
            o1_0.symbol,
            o1_0.type,
            o1_0.updated_at,
            o1_0.version 
        from
            orders o1_0 
        where
            o1_0.id=?
    2026-08-18T15:15:11.907+02:00 DEBUG 18700 --- [openex] [ool-1-thread-18] org.hibernate.SQL                        : 
        select
            le1_0.id,
            le1_0.account_id,
            le1_0.amount,
            le1_0.asset,
            le1_0.created_at,
            le1_0.entry_type,
            le1_0.reference_id,
            le1_0.reference_type 
        from
            ledger_entries le1_0 
        where
            le1_0.id=?
    2026-08-18T15:15:11.908+02:00  INFO 18700 --- [openex] [ool-1-thread-10] com.openex.core.service.OrderService     : Order placed: id=a3d626cf-6933-4401-ba01-fba991aba37d account=5973bd45-0e4f-4d65-9626-d31a2114d19c BUY 1 STRf73b43d8-USD @ 10.00
    2026-08-18T15:15:11.909+02:00 DEBUG 18700 --- [openex] [ool-1-thread-10] org.hibernate.SQL                        : 
        insert 
        into
            orders
            (account_id, created_at, idempotency_key, price, quantity, remaining_quantity, side, status, symbol, type, updated_at, version, id) 
        values
            (?, ?, ?, ?, ?, ?, ?, ?, ?, ?, ?, ?, ?)
    2026-08-18T15:15:11.910+02:00 DEBUG 18700 --- [openex] [ool-1-thread-18] org.hibernate.SQL                        : 
        insert 
        into
            ledger_entries
            (account_id, amount, asset, created_at, entry_type, reference_id, reference_type, id) 
        values
            (?, ?, ?, ?, ?, ?, ?, ?)
    2026-08-18T15:15:11.910+02:00 DEBUG 18700 --- [openex] [ool-1-thread-16] org.hibernate.SQL                        : 
        select
            w1_0.id,
            w1_0.account_id,
            w1_0.asset,
            w1_0.balance,
            w1_0.reserved,
            w1_0.updated_at,
            w1_0.version 
        from
            wallets w1_0 
        where
            w1_0.account_id=? 
            and w1_0.asset=?
    2026-08-18T15:15:11.911+02:00 DEBUG 18700 --- [openex] [ool-1-thread-18] org.hibernate.SQL                        : 
        insert 
        into
            ledger_entries
            (account_id, amount, asset, created_at, entry_type, reference_id, reference_type, id) 
        values
            (?, ?, ?, ?, ?, ?, ?, ?)
    2026-08-18T15:15:11.912+02:00 DEBUG 18700 --- [openex] [ool-1-thread-18] org.hibernate.SQL                        : 
        update
            wallets 
        set
            account_id=?,
            asset=?,
            balance=?,
            reserved=?,
            updated_at=?,
            version=? 
        where
            id=? 
            and version=?
    2026-08-18T15:15:11.912+02:00 DEBUG 18700 --- [openex] [ool-1-thread-14] org.hibernate.SQL                        : 
        select
            o1_0.id,
            o1_0.account_id,
            o1_0.created_at,
            o1_0.idempotency_key,
            o1_0.price,
            o1_0.quantity,
            o1_0.remaining_quantity,
            o1_0.side,
            o1_0.status,
            o1_0.symbol,
            o1_0.type,
            o1_0.updated_at,
            o1_0.version 
        from
            orders o1_0 
        where
            o1_0.id=?
    2026-08-18T15:15:11.913+02:00 DEBUG 18700 --- [openex] [ool-1-thread-16] org.hibernate.SQL                        : 
        insert 
        into
            trades
            (buy_order_id, executed_at, price, quantity, sell_order_id, symbol, id) 
        values
            (?, ?, ?, ?, ?, ?, ?)
    2026-08-18T15:15:11.914+02:00  INFO 18700 --- [openex] [ool-1-thread-14] com.openex.core.service.OrderService     : Order placed: id=d320bfa5-2782-4436-b08c-902bc1b494f0 account=5c8cc19e-d1c6-46bd-ae97-3bcda6d3f7e4 BUY 1 STRf73b43d8-USD @ 10.00
    2026-08-18T15:15:11.915+02:00 DEBUG 18700 --- [openex] [ool-1-thread-16] org.hibernate.SQL                        : 
        update
            wallets 
        set
            account_id=?,
            asset=?,
            balance=?,
            reserved=?,
            updated_at=?,
            version=? 
        where
            id=? 
            and version=?
    2026-08-18T15:15:11.915+02:00 DEBUG 18700 --- [openex] [ool-1-thread-10] org.hibernate.SQL                        : 
        update
            wallets 
        set
            account_id=?,
            asset=?,
            balance=?,
            reserved=?,
            updated_at=?,
            version=? 
        where
            id=? 
            and version=?
    2026-08-18T15:15:11.915+02:00 DEBUG 18700 --- [openex] [ool-1-thread-14] org.hibernate.SQL                        : 
        insert 
        into
            orders
            (account_id, created_at, idempotency_key, price, quantity, remaining_quantity, side, status, symbol, type, updated_at, version, id) 
        values
            (?, ?, ?, ?, ?, ?, ?, ?, ?, ?, ?, ?, ?)
    2026-08-18T15:15:11.916+02:00 DEBUG 18700 --- [openex] [ool-1-thread-16] org.hibernate.SQL                        : 
        select
            w1_0.id,
            w1_0.account_id,
            w1_0.asset,
            w1_0.balance,
            w1_0.reserved,
            w1_0.updated_at,
            w1_0.version 
        from
            wallets w1_0 
        where
            w1_0.account_id=? 
            and w1_0.asset=?
    2026-08-18T15:15:11.916+02:00 DEBUG 18700 --- [openex] [ool-1-thread-10] org.hibernate.SQL                        : 
        select
            o1_0.id,
            o1_0.account_id,
            o1_0.created_at,
            o1_0.idempotency_key,
            o1_0.price,
            o1_0.quantity,
            o1_0.remaining_quantity,
            o1_0.side,
            o1_0.status,
            o1_0.symbol,
            o1_0.type,
            o1_0.updated_at,
            o1_0.version 
        from
            orders o1_0
    2026-08-18T15:15:11.917+02:00 DEBUG 18700 --- [openex] [ool-1-thread-16] org.hibernate.SQL                        : 
        select
            le1_0.id,
            le1_0.account_id,
            le1_0.amount,
            le1_0.asset,
            le1_0.created_at,
            le1_0.entry_type,
            le1_0.reference_id,
            le1_0.reference_type 
        from
            ledger_entries le1_0 
        where
            le1_0.id=?
    2026-08-18T15:15:11.920+02:00 DEBUG 18700 --- [openex] [ool-1-thread-14] org.hibernate.SQL                        : 
        update
            wallets 
        set
            account_id=?,
            asset=?,
            balance=?,
            reserved=?,
            updated_at=?,
            version=? 
        where
            id=? 
            and version=?
    2026-08-18T15:15:11.922+02:00 DEBUG 18700 --- [openex] [ool-1-thread-14] org.hibernate.SQL                        : 
        select
            o1_0.id,
            o1_0.account_id,
            o1_0.created_at,
            o1_0.idempotency_key,
            o1_0.price,
            o1_0.quantity,
            o1_0.remaining_quantity,
            o1_0.side,
            o1_0.status,
            o1_0.symbol,
            o1_0.type,
            o1_0.updated_at,
            o1_0.version 
        from
            orders o1_0
    2026-08-18T15:15:11.923+02:00 DEBUG 18700 --- [openex] [ool-1-thread-10] org.hibernate.SQL                        : 
        select
            t1_0.id,
            t1_0.buy_order_id,
            t1_0.executed_at,
            t1_0.price,
            t1_0.quantity,
            t1_0.sell_order_id,
            t1_0.symbol 
        from
            trades t1_0 
        where
            t1_0.id=?
    2026-08-18T15:15:11.923+02:00 DEBUG 18700 --- [openex] [ool-1-thread-16] org.hibernate.SQL                        : 
        select
            le1_0.id,
            le1_0.account_id,
            le1_0.amount,
            le1_0.asset,
            le1_0.created_at,
            le1_0.entry_type,
            le1_0.reference_id,
            le1_0.reference_type 
        from
            ledger_entries le1_0 
        where
            le1_0.id=?
    2026-08-18T15:15:11.925+02:00 DEBUG 18700 --- [openex] [ool-1-thread-16] org.hibernate.SQL                        : 
        insert 
        into
            ledger_entries
            (account_id, amount, asset, created_at, entry_type, reference_id, reference_type, id) 
        values
            (?, ?, ?, ?, ?, ?, ?, ?)
    2026-08-18T15:15:11.927+02:00 DEBUG 18700 --- [openex] [ool-1-thread-16] org.hibernate.SQL                        : 
        insert 
        into
            ledger_entries
            (account_id, amount, asset, created_at, entry_type, reference_id, reference_type, id) 
        values
            (?, ?, ?, ?, ?, ?, ?, ?)
    2026-08-18T15:15:11.928+02:00 DEBUG 18700 --- [openex] [ool-1-thread-14] org.hibernate.SQL                        : 
        select
            t1_0.id,
            t1_0.buy_order_id,
            t1_0.executed_at,
            t1_0.price,
            t1_0.quantity,
            t1_0.sell_order_id,
            t1_0.symbol 
        from
            trades t1_0 
        where
            t1_0.id=?
    2026-08-18T15:15:11.928+02:00 DEBUG 18700 --- [openex] [ool-1-thread-16] org.hibernate.SQL                        : 
        update
            wallets 
        set
            account_id=?,
            asset=?,
            balance=?,
            reserved=?,
            updated_at=?,
            version=? 
        where
            id=? 
            and version=?
    2026-08-18T15:15:11.928+02:00 DEBUG 18700 --- [openex] [ool-1-thread-10] org.hibernate.SQL                        : 
        select
            w1_0.id,
            w1_0.account_id,
            w1_0.asset,
            w1_0.balance,
            w1_0.reserved,
            w1_0.updated_at,
            w1_0.version 
        from
            wallets w1_0 
        where
            w1_0.account_id=? 
            and w1_0.asset=?
    2026-08-18T15:15:11.930+02:00 DEBUG 18700 --- [openex] [pool-1-thread-7] org.hibernate.SQL                        : 
        select
            t1_0.id,
            t1_0.buy_order_id,
            t1_0.executed_at,
            t1_0.price,
            t1_0.quantity,
            t1_0.sell_order_id,
            t1_0.symbol 
        from
            trades t1_0 
        where
            t1_0.id=?
    2026-08-18T15:15:11.931+02:00 DEBUG 18700 --- [openex] [ool-1-thread-10] org.hibernate.SQL                        : 
        insert 
        into
            trades
            (buy_order_id, executed_at, price, quantity, sell_order_id, symbol, id) 
        values
            (?, ?, ?, ?, ?, ?, ?)
    2026-08-18T15:15:11.933+02:00 DEBUG 18700 --- [openex] [ool-1-thread-10] org.hibernate.SQL                        : 
        update
            wallets 
        set
            account_id=?,
            asset=?,
            balance=?,
            reserved=?,
            updated_at=?,
            version=? 
        where
            id=? 
            and version=?
    2026-08-18T15:15:11.933+02:00 DEBUG 18700 --- [openex] [ool-1-thread-14] org.hibernate.SQL                        : 
        select
            w1_0.id,
            w1_0.account_id,
            w1_0.asset,
            w1_0.balance,
            w1_0.reserved,
            w1_0.updated_at,
            w1_0.version 
        from
            wallets w1_0 
        where
            w1_0.account_id=? 
            and w1_0.asset=?
    2026-08-18T15:15:11.934+02:00 DEBUG 18700 --- [openex] [ool-1-thread-10] org.hibernate.SQL                        : 
        select
            w1_0.id,
            w1_0.account_id,
            w1_0.asset,
            w1_0.balance,
            w1_0.reserved,
            w1_0.updated_at,
            w1_0.version 
        from
            wallets w1_0 
        where
            w1_0.account_id=? 
            and w1_0.asset=?
    2026-08-18T15:15:11.935+02:00 DEBUG 18700 --- [openex] [ool-1-thread-10] org.hibernate.SQL                        : 
        select
            le1_0.id,
            le1_0.account_id,
            le1_0.amount,
            le1_0.asset,
            le1_0.created_at,
            le1_0.entry_type,
            le1_0.reference_id,
            le1_0.reference_type 
        from
            ledger_entries le1_0 
        where
            le1_0.id=?
    2026-08-18T15:15:11.936+02:00 DEBUG 18700 --- [openex] [ool-1-thread-14] org.hibernate.SQL                        : 
        insert 
        into
            trades
            (buy_order_id, executed_at, price, quantity, sell_order_id, symbol, id) 
        values
            (?, ?, ?, ?, ?, ?, ?)
    2026-08-18T15:15:11.937+02:00 DEBUG 18700 --- [openex] [pool-1-thread-7] org.hibernate.SQL                        : 
        select
            w1_0.id,
            w1_0.account_id,
            w1_0.asset,
            w1_0.balance,
            w1_0.reserved,
            w1_0.updated_at,
            w1_0.version 
        from
            wallets w1_0 
        where
            w1_0.account_id=? 
            and w1_0.asset=?
    2026-08-18T15:15:11.938+02:00 DEBUG 18700 --- [openex] [ool-1-thread-14] org.hibernate.SQL                        : 
        update
            wallets 
        set
            account_id=?,
            asset=?,
            balance=?,
            reserved=?,
            updated_at=?,
            version=? 
        where
            id=? 
            and version=?
    2026-08-18T15:15:11.939+02:00 DEBUG 18700 --- [openex] [ool-1-thread-14] org.hibernate.SQL                        : 
        select
            w1_0.id,
            w1_0.account_id,
            w1_0.asset,
            w1_0.balance,
            w1_0.reserved,
            w1_0.updated_at,
            w1_0.version 
        from
            wallets w1_0 
        where
            w1_0.account_id=? 
            and w1_0.asset=?
    2026-08-18T15:15:11.939+02:00 DEBUG 18700 --- [openex] [pool-1-thread-7] org.hibernate.SQL                        : 
        insert 
        into
            trades
            (buy_order_id, executed_at, price, quantity, sell_order_id, symbol, id) 
        values
            (?, ?, ?, ?, ?, ?, ?)
    2026-08-18T15:15:11.941+02:00 DEBUG 18700 --- [openex] [ool-1-thread-14] org.hibernate.SQL                        : 
        select
            le1_0.id,
            le1_0.account_id,
            le1_0.amount,
            le1_0.asset,
            le1_0.created_at,
            le1_0.entry_type,
            le1_0.reference_id,
            le1_0.reference_type 
        from
            ledger_entries le1_0 
        where
            le1_0.id=?
    2026-08-18T15:15:11.941+02:00 DEBUG 18700 --- [openex] [ool-1-thread-13] org.hibernate.SQL                        : 
        select
            o1_0.id,
            o1_0.account_id,
            o1_0.created_at,
            o1_0.idempotency_key,
            o1_0.price,
            o1_0.quantity,
            o1_0.remaining_quantity,
            o1_0.side,
            o1_0.status,
            o1_0.symbol,
            o1_0.type,
            o1_0.updated_at,
            o1_0.version 
        from
            orders o1_0 
        where
            o1_0.idempotency_key=?
    2026-08-18T15:15:11.941+02:00 DEBUG 18700 --- [openex] [ool-1-thread-10] org.hibernate.SQL                        : 
        select
            le1_0.id,
            le1_0.account_id,
            le1_0.amount,
            le1_0.asset,
            le1_0.created_at,
            le1_0.entry_type,
            le1_0.reference_id,
            le1_0.reference_type 
        from
            ledger_entries le1_0 
        where
            le1_0.id=?
    2026-08-18T15:15:11.942+02:00 DEBUG 18700 --- [openex] [pool-1-thread-7] org.hibernate.SQL                        : 
        update
            wallets 
        set
            account_id=?,
            asset=?,
            balance=?,
            reserved=?,
            updated_at=?,
            version=? 
        where
            id=? 
            and version=?
    2026-08-18T15:15:11.943+02:00 DEBUG 18700 --- [openex] [pool-1-thread-7] org.hibernate.SQL                        : 
        select
            w1_0.id,
            w1_0.account_id,
            w1_0.asset,
            w1_0.balance,
            w1_0.reserved,
            w1_0.updated_at,
            w1_0.version 
        from
            wallets w1_0 
        where
            w1_0.account_id=? 
            and w1_0.asset=?
    2026-08-18T15:15:11.943+02:00 DEBUG 18700 --- [openex] [ool-1-thread-10] org.hibernate.SQL                        : 
        insert 
        into
            ledger_entries
            (account_id, amount, asset, created_at, entry_type, reference_id, reference_type, id) 
        values
            (?, ?, ?, ?, ?, ?, ?, ?)
    2026-08-18T15:15:11.945+02:00 DEBUG 18700 --- [openex] [ool-1-thread-10] org.hibernate.SQL                        : 
        insert 
        into
            ledger_entries
            (account_id, amount, asset, created_at, entry_type, reference_id, reference_type, id) 
        values
            (?, ?, ?, ?, ?, ?, ?, ?)
    2026-08-18T15:15:11.945+02:00 DEBUG 18700 --- [openex] [pool-1-thread-7] org.hibernate.SQL                        : 
        select
            le1_0.id,
            le1_0.account_id,
            le1_0.amount,
            le1_0.asset,
            le1_0.created_at,
            le1_0.entry_type,
            le1_0.reference_id,
            le1_0.reference_type 
        from
            ledger_entries le1_0 
        where
            le1_0.id=?
    2026-08-18T15:15:11.946+02:00 DEBUG 18700 --- [openex] [ool-1-thread-10] org.hibernate.SQL                        : 
        update
            wallets 
        set
            account_id=?,
            asset=?,
            balance=?,
            reserved=?,
            updated_at=?,
            version=? 
        where
            id=? 
            and version=?
    2026-08-18T15:15:11.947+02:00 DEBUG 18700 --- [openex] [ool-1-thread-14] org.hibernate.SQL                        : 
        select
            le1_0.id,
            le1_0.account_id,
            le1_0.amount,
            le1_0.asset,
            le1_0.created_at,
            le1_0.entry_type,
            le1_0.reference_id,
            le1_0.reference_type 
        from
            ledger_entries le1_0 
        where
            le1_0.id=?
    2026-08-18T15:15:11.950+02:00 DEBUG 18700 --- [openex] [ool-1-thread-14] org.hibernate.SQL                        : 
        insert 
        into
            ledger_entries
            (account_id, amount, asset, created_at, entry_type, reference_id, reference_type, id) 
        values
            (?, ?, ?, ?, ?, ?, ?, ?)
    2026-08-18T15:15:11.951+02:00 DEBUG 18700 --- [openex] [pool-1-thread-7] org.hibernate.SQL                        : 
        select
            le1_0.id,
            le1_0.account_id,
            le1_0.amount,
            le1_0.asset,
            le1_0.created_at,
            le1_0.entry_type,
            le1_0.reference_id,
            le1_0.reference_type 
        from
            ledger_entries le1_0 
        where
            le1_0.id=?
    2026-08-18T15:15:11.951+02:00 DEBUG 18700 --- [openex] [ool-1-thread-13] org.hibernate.SQL                        : 
        select
            w1_0.id,
            w1_0.account_id,
            w1_0.asset,
            w1_0.balance,
            w1_0.reserved,
            w1_0.updated_at,
            w1_0.version 
        from
            wallets w1_0 
        where
            w1_0.account_id=? 
            and w1_0.asset=?
    2026-08-18T15:15:11.951+02:00 DEBUG 18700 --- [openex] [ool-1-thread-14] org.hibernate.SQL                        : 
        insert 
        into
            ledger_entries
            (account_id, amount, asset, created_at, entry_type, reference_id, reference_type, id) 
        values
            (?, ?, ?, ?, ?, ?, ?, ?)
    2026-08-18T15:15:11.952+02:00 DEBUG 18700 --- [openex] [ool-1-thread-14] org.hibernate.SQL                        : 
        update
            wallets 
        set
            account_id=?,
            asset=?,
            balance=?,
            reserved=?,
            updated_at=?,
            version=? 
        where
            id=? 
            and version=?
    2026-08-18T15:15:11.953+02:00 DEBUG 18700 --- [openex] [pool-1-thread-7] org.hibernate.SQL                        : 
        insert 
        into
            ledger_entries
            (account_id, amount, asset, created_at, entry_type, reference_id, reference_type, id) 
        values
            (?, ?, ?, ?, ?, ?, ?, ?)
    2026-08-18T15:15:11.954+02:00 DEBUG 18700 --- [openex] [pool-1-thread-7] org.hibernate.SQL                        : 
        insert 
        into
            ledger_entries
            (account_id, amount, asset, created_at, entry_type, reference_id, reference_type, id) 
        values
            (?, ?, ?, ?, ?, ?, ?, ?)
    2026-08-18T15:15:11.956+02:00 DEBUG 18700 --- [openex] [pool-1-thread-7] org.hibernate.SQL                        : 
        update
            wallets 
        set
            account_id=?,
            asset=?,
            balance=?,
            reserved=?,
            updated_at=?,
            version=? 
        where
            id=? 
            and version=?
    2026-08-18T15:15:11.956+02:00 DEBUG 18700 --- [openex] [ool-1-thread-13] org.hibernate.SQL                        : 
        select
            o1_0.id,
            o1_0.account_id,
            o1_0.created_at,
            o1_0.idempotency_key,
            o1_0.price,
            o1_0.quantity,
            o1_0.remaining_quantity,
            o1_0.side,
            o1_0.status,
            o1_0.symbol,
            o1_0.type,
            o1_0.updated_at,
            o1_0.version 
        from
            orders o1_0 
        where
            o1_0.id=?
    2026-08-18T15:15:11.957+02:00  INFO 18700 --- [openex] [ool-1-thread-13] com.openex.core.service.OrderService     : Order placed: id=e56a43f1-5130-4f2f-9163-39e46813dda4 account=27833e99-ba9c-4afd-96ee-f13b816a8fa2 BUY 1 STRf73b43d8-USD @ 10.00
    2026-08-18T15:15:11.958+02:00 DEBUG 18700 --- [openex] [ool-1-thread-11] org.hibernate.SQL                        : 
        select
            o1_0.id,
            o1_0.account_id,
            o1_0.created_at,
            o1_0.idempotency_key,
            o1_0.price,
            o1_0.quantity,
            o1_0.remaining_quantity,
            o1_0.side,
            o1_0.status,
            o1_0.symbol,
            o1_0.type,
            o1_0.updated_at,
            o1_0.version 
        from
            orders o1_0 
        where
            o1_0.idempotency_key=?
    2026-08-18T15:15:11.958+02:00 DEBUG 18700 --- [openex] [ool-1-thread-13] org.hibernate.SQL                        : 
        insert 
        into
            orders
            (account_id, created_at, idempotency_key, price, quantity, remaining_quantity, side, status, symbol, type, updated_at, version, id) 
        values
            (?, ?, ?, ?, ?, ?, ?, ?, ?, ?, ?, ?, ?)
    2026-08-18T15:15:11.964+02:00 DEBUG 18700 --- [openex] [ool-1-thread-13] org.hibernate.SQL                        : 
        update
            wallets 
        set
            account_id=?,
            asset=?,
            balance=?,
            reserved=?,
            updated_at=?,
            version=? 
        where
            id=? 
            and version=?
    2026-08-18T15:15:11.966+02:00 DEBUG 18700 --- [openex] [ool-1-thread-13] org.hibernate.SQL                        : 
        select
            o1_0.id,
            o1_0.account_id,
            o1_0.created_at,
            o1_0.idempotency_key,
            o1_0.price,
            o1_0.quantity,
            o1_0.remaining_quantity,
            o1_0.side,
            o1_0.status,
            o1_0.symbol,
            o1_0.type,
            o1_0.updated_at,
            o1_0.version 
        from
            orders o1_0
    2026-08-18T15:15:11.973+02:00 DEBUG 18700 --- [openex] [ool-1-thread-13] org.hibernate.SQL                        : 
        select
            t1_0.id,
            t1_0.buy_order_id,
            t1_0.executed_at,
            t1_0.price,
            t1_0.quantity,
            t1_0.sell_order_id,
            t1_0.symbol 
        from
            trades t1_0 
        where
            t1_0.id=?
    2026-08-18T15:15:11.998+02:00 DEBUG 18700 --- [openex] [ool-1-thread-13] org.hibernate.SQL                        : 
        select
            w1_0.id,
            w1_0.account_id,
            w1_0.asset,
            w1_0.balance,
            w1_0.reserved,
            w1_0.updated_at,
            w1_0.version 
        from
            wallets w1_0 
        where
            w1_0.account_id=? 
            and w1_0.asset=?
    2026-08-18T15:15:11.999+02:00 DEBUG 18700 --- [openex] [pool-1-thread-6] org.hibernate.SQL                        : 
        update
            orders 
        set
            account_id=?,
            created_at=?,
            idempotency_key=?,
            price=?,
            quantity=?,
            remaining_quantity=?,
            side=?,
            status=?,
            symbol=?,
            type=?,
            updated_at=?,
            version=? 
        where
            id=? 
            and version=?
    2026-08-18T15:15:12.001+02:00 DEBUG 18700 --- [openex] [ool-1-thread-13] org.hibernate.SQL                        : 
        insert 
        into
            trades
            (buy_order_id, executed_at, price, quantity, sell_order_id, symbol, id) 
        values
            (?, ?, ?, ?, ?, ?, ?)
    2026-08-18T15:15:12.005+02:00 DEBUG 18700 --- [openex] [pool-1-thread-6] org.hibernate.SQL                        : 
        select
            o1_0.id,
            o1_0.account_id,
            o1_0.created_at,
            o1_0.idempotency_key,
            o1_0.price,
            o1_0.quantity,
            o1_0.remaining_quantity,
            o1_0.side,
            o1_0.status,
            o1_0.symbol,
            o1_0.type,
            o1_0.updated_at,
            o1_0.version 
        from
            orders o1_0 
        where
            o1_0.symbol=? 
            and o1_0.status in (?, ?)
    2026-08-18T15:15:11.956+02:00 DEBUG 18700 --- [openex] [pool-1-thread-4] org.hibernate.SQL                        : 
        select
            w1_0.id,
            w1_0.account_id,
            w1_0.asset,
            w1_0.balance,
            w1_0.reserved,
            w1_0.updated_at,
            w1_0.version 
        from
            wallets w1_0 
        where
            w1_0.account_id=? 
            and w1_0.asset=?
    2026-08-18T15:15:12.006+02:00 DEBUG 18700 --- [openex] [ool-1-thread-13] org.hibernate.SQL                        : 
        update
            wallets 
        set
            account_id=?,
            asset=?,
            balance=?,
            reserved=?,
            updated_at=?,
            version=? 
        where
            id=? 
            and version=?
    2026-08-18T15:15:12.008+02:00 DEBUG 18700 --- [openex] [ool-1-thread-13] org.hibernate.SQL                        : 
        select
            w1_0.id,
            w1_0.account_id,
            w1_0.asset,
            w1_0.balance,
            w1_0.reserved,
            w1_0.updated_at,
            w1_0.version 
        from
            wallets w1_0 
        where
            w1_0.account_id=? 
            and w1_0.asset=?
    2026-08-18T15:15:12.010+02:00 DEBUG 18700 --- [openex] [ool-1-thread-13] org.hibernate.SQL                        : 
        select
            le1_0.id,
            le1_0.account_id,
            le1_0.amount,
            le1_0.asset,
            le1_0.created_at,
            le1_0.entry_type,
            le1_0.reference_id,
            le1_0.reference_type 
        from
            ledger_entries le1_0 
        where
            le1_0.id=?
    2026-08-18T15:15:12.015+02:00 DEBUG 18700 --- [openex] [ool-1-thread-13] org.hibernate.SQL                        : 
        select
            le1_0.id,
            le1_0.account_id,
            le1_0.amount,
            le1_0.asset,
            le1_0.created_at,
            le1_0.entry_type,
            le1_0.reference_id,
            le1_0.reference_type 
        from
            ledger_entries le1_0 
        where
            le1_0.id=?
    2026-08-18T15:15:12.018+02:00  INFO 18700 --- [openex] [pool-1-thread-6] com.openex.core.service.OrderService     : Order matched: id=23e2a608-365f-4c13-b06e-9bcb865e3b3c status=FILLED remaining=0
    2026-08-18T15:15:12.018+02:00 DEBUG 18700 --- [openex] [ool-1-thread-13] org.hibernate.SQL                        : 
        insert 
        into
            ledger_entries
            (account_id, amount, asset, created_at, entry_type, reference_id, reference_type, id) 
        values
            (?, ?, ?, ?, ?, ?, ?, ?)
    2026-08-18T15:15:12.020+02:00 DEBUG 18700 --- [openex] [ool-1-thread-13] org.hibernate.SQL                        : 
        insert 
        into
            ledger_entries
            (account_id, amount, asset, created_at, entry_type, reference_id, reference_type, id) 
        values
            (?, ?, ?, ?, ?, ?, ?, ?)
    2026-08-18T15:15:12.021+02:00 DEBUG 18700 --- [openex] [pool-1-thread-4] org.hibernate.SQL                        : 
        insert 
        into
            trades
            (buy_order_id, executed_at, price, quantity, sell_order_id, symbol, id) 
        values
            (?, ?, ?, ?, ?, ?, ?)
    2026-08-18T15:15:12.021+02:00 DEBUG 18700 --- [openex] [ool-1-thread-13] org.hibernate.SQL                        : 
        update
            wallets 
        set
            account_id=?,
            asset=?,
            balance=?,
            reserved=?,
            updated_at=?,
            version=? 
        where
            id=? 
            and version=?
    2026-08-18T15:15:12.023+02:00 DEBUG 18700 --- [openex] [pool-1-thread-4] org.hibernate.SQL                        : 
        update
            wallets 
        set
            account_id=?,
            asset=?,
            balance=?,
            reserved=?,
            updated_at=?,
            version=? 
        where
            id=? 
            and version=?
    2026-08-18T15:15:12.025+02:00 DEBUG 18700 --- [openex] [pool-1-thread-4] org.hibernate.SQL                        : 
        select
            w1_0.id,
            w1_0.account_id,
            w1_0.asset,
            w1_0.balance,
            w1_0.reserved,
            w1_0.updated_at,
            w1_0.version 
        from
            wallets w1_0 
        where
            w1_0.account_id=? 
            and w1_0.asset=?
    2026-08-18T15:15:12.026+02:00 DEBUG 18700 --- [openex] [pool-1-thread-4] org.hibernate.SQL                        : 
        select
            le1_0.id,
            le1_0.account_id,
            le1_0.amount,
            le1_0.asset,
            le1_0.created_at,
            le1_0.entry_type,
            le1_0.reference_id,
            le1_0.reference_type 
        from
            ledger_entries le1_0 
        where
            le1_0.id=?
    2026-08-18T15:15:12.026+02:00 DEBUG 18700 --- [openex] [ool-1-thread-12] org.hibernate.SQL                        : 
        select
            o1_0.id,
            o1_0.account_id,
            o1_0.created_at,
            o1_0.idempotency_key,
            o1_0.price,
            o1_0.quantity,
            o1_0.remaining_quantity,
            o1_0.side,
            o1_0.status,
            o1_0.symbol,
            o1_0.type,
            o1_0.updated_at,
            o1_0.version 
        from
            orders o1_0 
        where
            o1_0.idempotency_key=?
    2026-08-18T15:15:12.032+02:00 DEBUG 18700 --- [openex] [pool-1-thread-4] org.hibernate.SQL                        : 
        select
            le1_0.id,
            le1_0.account_id,
            le1_0.amount,
            le1_0.asset,
            le1_0.created_at,
            le1_0.entry_type,
            le1_0.reference_id,
            le1_0.reference_type 
        from
            ledger_entries le1_0 
        where
            le1_0.id=?
    2026-08-18T15:15:12.035+02:00 DEBUG 18700 --- [openex] [pool-1-thread-4] org.hibernate.SQL                        : 
        insert 
        into
            ledger_entries
            (account_id, amount, asset, created_at, entry_type, reference_id, reference_type, id) 
        values
            (?, ?, ?, ?, ?, ?, ?, ?)
    2026-08-18T15:15:12.037+02:00 DEBUG 18700 --- [openex] [pool-1-thread-4] org.hibernate.SQL                        : 
        insert 
        into
            ledger_entries
            (account_id, amount, asset, created_at, entry_type, reference_id, reference_type, id) 
        values
            (?, ?, ?, ?, ?, ?, ?, ?)
    2026-08-18T15:15:12.040+02:00 DEBUG 18700 --- [openex] [pool-1-thread-4] org.hibernate.SQL                        : 
        update
            wallets 
        set
            account_id=?,
            asset=?,
            balance=?,
            reserved=?,
            updated_at=?,
            version=? 
        where
            id=? 
            and version=?
    2026-08-18T15:15:12.041+02:00 DEBUG 18700 --- [openex] [ool-1-thread-12] org.hibernate.SQL                        : 
        select
            w1_0.id,
            w1_0.account_id,
            w1_0.asset,
            w1_0.balance,
            w1_0.reserved,
            w1_0.updated_at,
            w1_0.version 
        from
            wallets w1_0 
        where
            w1_0.account_id=? 
            and w1_0.asset=?
    2026-08-18T15:15:12.044+02:00 DEBUG 18700 --- [openex] [pool-1-thread-4] org.hibernate.SQL                        : 
        select
            w1_0.id,
            w1_0.account_id,
            w1_0.asset,
            w1_0.balance,
            w1_0.reserved,
            w1_0.updated_at,
            w1_0.version 
        from
            wallets w1_0 
        where
            w1_0.account_id=? 
            and w1_0.asset=?
    2026-08-18T15:15:12.048+02:00 DEBUG 18700 --- [openex] [pool-1-thread-4] org.hibernate.SQL                        : 
        update
            wallets 
        set
            account_id=?,
            asset=?,
            balance=?,
            reserved=?,
            updated_at=?,
            version=? 
        where
            id=? 
            and version=?
    2026-08-18T15:15:12.049+02:00 DEBUG 18700 --- [openex] [pool-1-thread-4] org.hibernate.SQL                        : 
        select
            w1_0.id,
            w1_0.account_id,
            w1_0.asset,
            w1_0.balance,
            w1_0.reserved,
            w1_0.updated_at,
            w1_0.version 
        from
            wallets w1_0 
        where
            w1_0.account_id=? 
            and w1_0.asset=?
    2026-08-18T15:15:12.049+02:00 DEBUG 18700 --- [openex] [ool-1-thread-12] org.hibernate.SQL                        : 
        select
            o1_0.id,
            o1_0.account_id,
            o1_0.created_at,
            o1_0.idempotency_key,
            o1_0.price,
            o1_0.quantity,
            o1_0.remaining_quantity,
            o1_0.side,
            o1_0.status,
            o1_0.symbol,
            o1_0.type,
            o1_0.updated_at,
            o1_0.version 
        from
            orders o1_0 
        where
            o1_0.id=?
    2026-08-18T15:15:12.050+02:00 DEBUG 18700 --- [openex] [pool-1-thread-4] org.hibernate.SQL                        : 
        select
            w1_0.id,
            w1_0.account_id,
            w1_0.asset,
            w1_0.balance,
            w1_0.reserved,
            w1_0.updated_at,
            w1_0.version 
        from
            wallets w1_0 
        where
            w1_0.id=?
    2026-08-18T15:15:12.050+02:00  INFO 18700 --- [openex] [ool-1-thread-12] com.openex.core.service.OrderService     : Order placed: id=d566156b-2d73-4521-b56c-8f3d46ae2bd2 account=31b10a1d-1aba-4598-8a83-0504efcb0178 BUY 1 STRf73b43d8-USD @ 10.00
    2026-08-18T15:15:12.052+02:00 DEBUG 18700 --- [openex] [ool-1-thread-12] org.hibernate.SQL                        : 
        insert 
        into
            orders
            (account_id, created_at, idempotency_key, price, quantity, remaining_quantity, side, status, symbol, type, updated_at, version, id) 
        values
            (?, ?, ?, ?, ?, ?, ?, ?, ?, ?, ?, ?, ?)
    2026-08-18T15:15:12.053+02:00 DEBUG 18700 --- [openex] [pool-1-thread-4] org.hibernate.SQL                        : 
        select
            le1_0.id,
            le1_0.account_id,
            le1_0.amount,
            le1_0.asset,
            le1_0.created_at,
            le1_0.entry_type,
            le1_0.reference_id,
            le1_0.reference_type 
        from
            ledger_entries le1_0 
        where
            le1_0.id=?
    2026-08-18T15:15:12.054+02:00 DEBUG 18700 --- [openex] [pool-1-thread-4] org.hibernate.SQL                        : 
        select
            le1_0.id,
            le1_0.account_id,
            le1_0.amount,
            le1_0.asset,
            le1_0.created_at,
            le1_0.entry_type,
            le1_0.reference_id,
            le1_0.reference_type 
        from
            ledger_entries le1_0 
        where
            le1_0.id=?
    2026-08-18T15:15:12.058+02:00 DEBUG 18700 --- [openex] [pool-1-thread-4] org.hibernate.SQL                        : 
        insert 
        into
            wallets
            (account_id, asset, balance, reserved, updated_at, version, id) 
        values
            (?, ?, ?, ?, ?, ?, ?)
    2026-08-18T15:15:12.059+02:00 DEBUG 18700 --- [openex] [ool-1-thread-12] org.hibernate.SQL                        : 
        update
            wallets 
        set
            account_id=?,
            asset=?,
            balance=?,
            reserved=?,
            updated_at=?,
            version=? 
        where
            id=? 
            and version=?
    2026-08-18T15:15:12.059+02:00 DEBUG 18700 --- [openex] [pool-1-thread-4] org.hibernate.SQL                        : 
        insert 
        into
            ledger_entries
            (account_id, amount, asset, created_at, entry_type, reference_id, reference_type, id) 
        values
            (?, ?, ?, ?, ?, ?, ?, ?)
    2026-08-18T15:15:12.060+02:00 DEBUG 18700 --- [openex] [ool-1-thread-12] org.hibernate.SQL                        : 
        select
            o1_0.id,
            o1_0.account_id,
            o1_0.created_at,
            o1_0.idempotency_key,
            o1_0.price,
            o1_0.quantity,
            o1_0.remaining_quantity,
            o1_0.side,
            o1_0.status,
            o1_0.symbol,
            o1_0.type,
            o1_0.updated_at,
            o1_0.version 
        from
            orders o1_0
    2026-08-18T15:15:12.060+02:00 DEBUG 18700 --- [openex] [pool-1-thread-4] org.hibernate.SQL                        : 
        insert 
        into
            ledger_entries
            (account_id, amount, asset, created_at, entry_type, reference_id, reference_type, id) 
        values
            (?, ?, ?, ?, ?, ?, ?, ?)
    2026-08-18T15:15:12.062+02:00 DEBUG 18700 --- [openex] [pool-1-thread-4] org.hibernate.SQL                        : 
        update
            orders 
        set
            account_id=?,
            created_at=?,
            idempotency_key=?,
            price=?,
            quantity=?,
            remaining_quantity=?,
            side=?,
            status=?,
            symbol=?,
            type=?,
            updated_at=?,
            version=? 
        where
            id=? 
            and version=?
    2026-08-18T15:15:12.064+02:00 DEBUG 18700 --- [openex] [pool-1-thread-4] org.hibernate.SQL                        : 
        update
            orders 
        set
            account_id=?,
            created_at=?,
            idempotency_key=?,
            price=?,
            quantity=?,
            remaining_quantity=?,
            side=?,
            status=?,
            symbol=?,
            type=?,
            updated_at=?,
            version=? 
        where
            id=? 
            and version=?
    2026-08-18T15:15:12.066+02:00 DEBUG 18700 --- [openex] [ool-1-thread-12] org.hibernate.SQL                        : 
        select
            t1_0.id,
            t1_0.buy_order_id,
            t1_0.executed_at,
            t1_0.price,
            t1_0.quantity,
            t1_0.sell_order_id,
            t1_0.symbol 
        from
            trades t1_0 
        where
            t1_0.id=?
    2026-08-18T15:15:12.073+02:00 DEBUG 18700 --- [openex] [ool-1-thread-12] org.hibernate.SQL                        : 
        select
            w1_0.id,
            w1_0.account_id,
            w1_0.asset,
            w1_0.balance,
            w1_0.reserved,
            w1_0.updated_at,
            w1_0.version 
        from
            wallets w1_0 
        where
            w1_0.account_id=? 
            and w1_0.asset=?
    2026-08-18T15:15:12.076+02:00 DEBUG 18700 --- [openex] [ool-1-thread-12] org.hibernate.SQL                        : 
        insert 
        into
            trades
            (buy_order_id, executed_at, price, quantity, sell_order_id, symbol, id) 
        values
            (?, ?, ?, ?, ?, ?, ?)
    2026-08-18T15:15:12.080+02:00 DEBUG 18700 --- [openex] [ool-1-thread-12] org.hibernate.SQL                        : 
        update
            wallets 
        set
            account_id=?,
            asset=?,
            balance=?,
            reserved=?,
            updated_at=?,
            version=? 
        where
            id=? 
            and version=?
    2026-08-18T15:15:12.081+02:00 DEBUG 18700 --- [openex] [ool-1-thread-12] org.hibernate.SQL                        : 
        select
            w1_0.id,
            w1_0.account_id,
            w1_0.asset,
            w1_0.balance,
            w1_0.reserved,
            w1_0.updated_at,
            w1_0.version 
        from
            wallets w1_0 
        where
            w1_0.account_id=? 
            and w1_0.asset=?
    2026-08-18T15:15:12.083+02:00 DEBUG 18700 --- [openex] [ool-1-thread-12] org.hibernate.SQL                        : 
        select
            le1_0.id,
            le1_0.account_id,
            le1_0.amount,
            le1_0.asset,
            le1_0.created_at,
            le1_0.entry_type,
            le1_0.reference_id,
            le1_0.reference_type 
        from
            ledger_entries le1_0 
        where
            le1_0.id=?
    2026-08-18T15:15:12.089+02:00 DEBUG 18700 --- [openex] [ool-1-thread-12] org.hibernate.SQL                        : 
        select
            le1_0.id,
            le1_0.account_id,
            le1_0.amount,
            le1_0.asset,
            le1_0.created_at,
            le1_0.entry_type,
            le1_0.reference_id,
            le1_0.reference_type 
        from
            ledger_entries le1_0 
        where
            le1_0.id=?
    2026-08-18T15:15:12.093+02:00 DEBUG 18700 --- [openex] [ool-1-thread-12] org.hibernate.SQL                        : 
        insert 
        into
            ledger_entries
            (account_id, amount, asset, created_at, entry_type, reference_id, reference_type, id) 
        values
            (?, ?, ?, ?, ?, ?, ?, ?)
    2026-08-18T15:15:12.095+02:00 DEBUG 18700 --- [openex] [ool-1-thread-12] org.hibernate.SQL                        : 
        insert 
        into
            ledger_entries
            (account_id, amount, asset, created_at, entry_type, reference_id, reference_type, id) 
        values
            (?, ?, ?, ?, ?, ?, ?, ?)
    2026-08-18T15:15:12.096+02:00 DEBUG 18700 --- [openex] [ool-1-thread-12] org.hibernate.SQL                        : 
        update
            wallets 
        set
            account_id=?,
            asset=?,
            balance=?,
            reserved=?,
            updated_at=?,
            version=? 
        where
            id=? 
            and version=?
    2026-08-18T15:15:12.106+02:00 DEBUG 18700 --- [openex] [pool-1-thread-9] org.hibernate.SQL                        : 
        select
            o1_0.id,
            o1_0.account_id,
            o1_0.created_at,
            o1_0.idempotency_key,
            o1_0.price,
            o1_0.quantity,
            o1_0.remaining_quantity,
            o1_0.side,
            o1_0.status,
            o1_0.symbol,
            o1_0.type,
            o1_0.updated_at,
            o1_0.version 
        from
            orders o1_0 
        where
            o1_0.idempotency_key=?
    2026-08-18T15:15:12.119+02:00 DEBUG 18700 --- [openex] [ool-1-thread-20] org.hibernate.SQL                        : 
        select
            o1_0.id,
            o1_0.account_id,
            o1_0.created_at,
            o1_0.idempotency_key,
            o1_0.price,
            o1_0.quantity,
            o1_0.remaining_quantity,
            o1_0.side,
            o1_0.status,
            o1_0.symbol,
            o1_0.type,
            o1_0.updated_at,
            o1_0.version 
        from
            orders o1_0 
        where
            o1_0.idempotency_key=?
    2026-08-18T15:15:12.119+02:00 DEBUG 18700 --- [openex] [pool-1-thread-9] org.hibernate.SQL                        : 
        select
            w1_0.id,
            w1_0.account_id,
            w1_0.asset,
            w1_0.balance,
            w1_0.reserved,
            w1_0.updated_at,
            w1_0.version 
        from
            wallets w1_0 
        where
            w1_0.account_id=? 
            and w1_0.asset=?
    2026-08-18T15:15:12.125+02:00 DEBUG 18700 --- [openex] [pool-1-thread-9] org.hibernate.SQL                        : 
        select
            o1_0.id,
            o1_0.account_id,
            o1_0.created_at,
            o1_0.idempotency_key,
            o1_0.price,
            o1_0.quantity,
            o1_0.remaining_quantity,
            o1_0.side,
            o1_0.status,
            o1_0.symbol,
            o1_0.type,
            o1_0.updated_at,
            o1_0.version 
        from
            orders o1_0 
        where
            o1_0.id=?
    2026-08-18T15:15:12.126+02:00  INFO 18700 --- [openex] [pool-1-thread-9] com.openex.core.service.OrderService     : Order placed: id=7bffeae5-3ba9-4b83-b0ab-c6b27cba1147 account=ae6d7ccc-9cc3-4365-99c0-86d2f9cf39bc BUY 1 STRf73b43d8-USD @ 10.00
    2026-08-18T15:15:12.128+02:00 DEBUG 18700 --- [openex] [pool-1-thread-9] org.hibernate.SQL                        : 
        insert 
        into
            orders
            (account_id, created_at, idempotency_key, price, quantity, remaining_quantity, side, status, symbol, type, updated_at, version, id) 
        values
            (?, ?, ?, ?, ?, ?, ?, ?, ?, ?, ?, ?, ?)
    2026-08-18T15:15:12.132+02:00 DEBUG 18700 --- [openex] [ool-1-thread-20] org.hibernate.SQL                        : 
        select
            w1_0.id,
            w1_0.account_id,
            w1_0.asset,
            w1_0.balance,
            w1_0.reserved,
            w1_0.updated_at,
            w1_0.version 
        from
            wallets w1_0 
        where
            w1_0.account_id=? 
            and w1_0.asset=?
    2026-08-18T15:15:12.137+02:00 DEBUG 18700 --- [openex] [pool-1-thread-9] org.hibernate.SQL                        : 
        update
            wallets 
        set
            account_id=?,
            asset=?,
            balance=?,
            reserved=?,
            updated_at=?,
            version=? 
        where
            id=? 
            and version=?
    2026-08-18T15:15:12.139+02:00 DEBUG 18700 --- [openex] [ool-1-thread-20] org.hibernate.SQL                        : 
        select
            o1_0.id,
            o1_0.account_id,
            o1_0.created_at,
            o1_0.idempotency_key,
            o1_0.price,
            o1_0.quantity,
            o1_0.remaining_quantity,
            o1_0.side,
            o1_0.status,
            o1_0.symbol,
            o1_0.type,
            o1_0.updated_at,
            o1_0.version 
        from
            orders o1_0 
        where
            o1_0.id=?
    2026-08-18T15:15:12.140+02:00 DEBUG 18700 --- [openex] [pool-1-thread-9] org.hibernate.SQL                        : 
        select
            o1_0.id,
            o1_0.account_id,
            o1_0.created_at,
            o1_0.idempotency_key,
            o1_0.price,
            o1_0.quantity,
            o1_0.remaining_quantity,
            o1_0.side,
            o1_0.status,
            o1_0.symbol,
            o1_0.type,
            o1_0.updated_at,
            o1_0.version 
        from
            orders o1_0
    2026-08-18T15:15:12.141+02:00  INFO 18700 --- [openex] [ool-1-thread-20] com.openex.core.service.OrderService     : Order placed: id=ff8fd9d1-45dd-4603-a260-db7c8b831bfd account=7d94d066-27e7-41e2-b4b0-bf7c05f33c59 BUY 1 STRf73b43d8-USD @ 10.00
    2026-08-18T15:15:12.142+02:00 DEBUG 18700 --- [openex] [ool-1-thread-20] org.hibernate.SQL                        : 
        insert 
        into
            orders
            (account_id, created_at, idempotency_key, price, quantity, remaining_quantity, side, status, symbol, type, updated_at, version, id) 
        values
            (?, ?, ?, ?, ?, ?, ?, ?, ?, ?, ?, ?, ?)
    2026-08-18T15:15:12.145+02:00 DEBUG 18700 --- [openex] [pool-1-thread-9] org.hibernate.SQL                        : 
        select
            t1_0.id,
            t1_0.buy_order_id,
            t1_0.executed_at,
            t1_0.price,
            t1_0.quantity,
            t1_0.sell_order_id,
            t1_0.symbol 
        from
            trades t1_0 
        where
            t1_0.id=?
    2026-08-18T15:15:12.149+02:00 DEBUG 18700 --- [openex] [ool-1-thread-20] org.hibernate.SQL                        : 
        update
            wallets 
        set
            account_id=?,
            asset=?,
            balance=?,
            reserved=?,
            updated_at=?,
            version=? 
        where
            id=? 
            and version=?
    2026-08-18T15:15:12.151+02:00 DEBUG 18700 --- [openex] [ool-1-thread-20] org.hibernate.SQL                        : 
        select
            o1_0.id,
            o1_0.account_id,
            o1_0.created_at,
            o1_0.idempotency_key,
            o1_0.price,
            o1_0.quantity,
            o1_0.remaining_quantity,
            o1_0.side,
            o1_0.status,
            o1_0.symbol,
            o1_0.type,
            o1_0.updated_at,
            o1_0.version 
        from
            orders o1_0
    2026-08-18T15:15:12.152+02:00 DEBUG 18700 --- [openex] [pool-1-thread-9] org.hibernate.SQL                        : 
        select
            w1_0.id,
            w1_0.account_id,
            w1_0.asset,
            w1_0.balance,
            w1_0.reserved,
            w1_0.updated_at,
            w1_0.version 
        from
            wallets w1_0 
        where
            w1_0.account_id=? 
            and w1_0.asset=?
    2026-08-18T15:15:12.156+02:00 DEBUG 18700 --- [openex] [pool-1-thread-9] org.hibernate.SQL                        : 
        insert 
        into
            trades
            (buy_order_id, executed_at, price, quantity, sell_order_id, symbol, id) 
        values
            (?, ?, ?, ?, ?, ?, ?)
    2026-08-18T15:15:12.158+02:00 DEBUG 18700 --- [openex] [ool-1-thread-20] org.hibernate.SQL                        : 
        select
            t1_0.id,
            t1_0.buy_order_id,
            t1_0.executed_at,
            t1_0.price,
            t1_0.quantity,
            t1_0.sell_order_id,
            t1_0.symbol 
        from
            trades t1_0 
        where
            t1_0.id=?
    2026-08-18T15:15:12.160+02:00 DEBUG 18700 --- [openex] [pool-1-thread-9] org.hibernate.SQL                        : 
        update
            wallets 
        set
            account_id=?,
            asset=?,
            balance=?,
            reserved=?,
            updated_at=?,
            version=? 
        where
            id=? 
            and version=?
    2026-08-18T15:15:12.162+02:00 DEBUG 18700 --- [openex] [pool-1-thread-9] org.hibernate.SQL                        : 
        select
            w1_0.id,
            w1_0.account_id,
            w1_0.asset,
            w1_0.balance,
            w1_0.reserved,
            w1_0.updated_at,
            w1_0.version 
        from
            wallets w1_0 
        where
            w1_0.account_id=? 
            and w1_0.asset=?
    2026-08-18T15:15:12.164+02:00 DEBUG 18700 --- [openex] [ool-1-thread-20] org.hibernate.SQL                        : 
        select
            w1_0.id,
            w1_0.account_id,
            w1_0.asset,
            w1_0.balance,
            w1_0.reserved,
            w1_0.updated_at,
            w1_0.version 
        from
            wallets w1_0 
        where
            w1_0.account_id=? 
            and w1_0.asset=?
    2026-08-18T15:15:12.165+02:00 DEBUG 18700 --- [openex] [pool-1-thread-9] org.hibernate.SQL                        : 
        select
            le1_0.id,
            le1_0.account_id,
            le1_0.amount,
            le1_0.asset,
            le1_0.created_at,
            le1_0.entry_type,
            le1_0.reference_id,
            le1_0.reference_type 
        from
            ledger_entries le1_0 
        where
            le1_0.id=?
    2026-08-18T15:15:12.167+02:00 DEBUG 18700 --- [openex] [ool-1-thread-20] org.hibernate.SQL                        : 
        insert 
        into
            trades
            (buy_order_id, executed_at, price, quantity, sell_order_id, symbol, id) 
        values
            (?, ?, ?, ?, ?, ?, ?)
    2026-08-18T15:15:12.170+02:00 DEBUG 18700 --- [openex] [ool-1-thread-20] org.hibernate.SQL                        : 
        update
            wallets 
        set
            account_id=?,
            asset=?,
            balance=?,
            reserved=?,
            updated_at=?,
            version=? 
        where
            id=? 
            and version=?
    2026-08-18T15:15:12.170+02:00 DEBUG 18700 --- [openex] [pool-1-thread-9] org.hibernate.SQL                        : 
        select
            le1_0.id,
            le1_0.account_id,
            le1_0.amount,
            le1_0.asset,
            le1_0.created_at,
            le1_0.entry_type,
            le1_0.reference_id,
            le1_0.reference_type 
        from
            ledger_entries le1_0 
        where
            le1_0.id=?
    2026-08-18T15:15:12.172+02:00 DEBUG 18700 --- [openex] [ool-1-thread-20] org.hibernate.SQL                        : 
        select
            w1_0.id,
            w1_0.account_id,
            w1_0.asset,
            w1_0.balance,
            w1_0.reserved,
            w1_0.updated_at,
            w1_0.version 
        from
            wallets w1_0 
        where
            w1_0.account_id=? 
            and w1_0.asset=?
    2026-08-18T15:15:12.173+02:00 DEBUG 18700 --- [openex] [pool-1-thread-9] org.hibernate.SQL                        : 
        insert 
        into
            ledger_entries
            (account_id, amount, asset, created_at, entry_type, reference_id, reference_type, id) 
        values
            (?, ?, ?, ?, ?, ?, ?, ?)
    2026-08-18T15:15:12.174+02:00 DEBUG 18700 --- [openex] [ool-1-thread-20] org.hibernate.SQL                        : 
        select
            le1_0.id,
            le1_0.account_id,
            le1_0.amount,
            le1_0.asset,
            le1_0.created_at,
            le1_0.entry_type,
            le1_0.reference_id,
            le1_0.reference_type 
        from
            ledger_entries le1_0 
        where
            le1_0.id=?
    2026-08-18T15:15:12.175+02:00 DEBUG 18700 --- [openex] [pool-1-thread-9] org.hibernate.SQL                        : 
        insert 
        into
            ledger_entries
            (account_id, amount, asset, created_at, entry_type, reference_id, reference_type, id) 
        values
            (?, ?, ?, ?, ?, ?, ?, ?)
    2026-08-18T15:15:12.177+02:00 DEBUG 18700 --- [openex] [pool-1-thread-9] org.hibernate.SQL                        : 
        update
            wallets 
        set
            account_id=?,
            asset=?,
            balance=?,
            reserved=?,
            updated_at=?,
            version=? 
        where
            id=? 
            and version=?
    2026-08-18T15:15:12.180+02:00 DEBUG 18700 --- [openex] [ool-1-thread-20] org.hibernate.SQL                        : 
        select
            le1_0.id,
            le1_0.account_id,
            le1_0.amount,
            le1_0.asset,
            le1_0.created_at,
            le1_0.entry_type,
            le1_0.reference_id,
            le1_0.reference_type 
        from
            ledger_entries le1_0 
        where
            le1_0.id=?
    2026-08-18T15:15:12.183+02:00 DEBUG 18700 --- [openex] [ool-1-thread-20] org.hibernate.SQL                        : 
        insert 
        into
            ledger_entries
            (account_id, amount, asset, created_at, entry_type, reference_id, reference_type, id) 
        values
            (?, ?, ?, ?, ?, ?, ?, ?)
    2026-08-18T15:15:12.184+02:00 DEBUG 18700 --- [openex] [ool-1-thread-20] org.hibernate.SQL                        : 
        insert 
        into
            ledger_entries
            (account_id, amount, asset, created_at, entry_type, reference_id, reference_type, id) 
        values
            (?, ?, ?, ?, ?, ?, ?, ?)
    2026-08-18T15:15:12.185+02:00 DEBUG 18700 --- [openex] [ool-1-thread-20] org.hibernate.SQL                        : 
        update
            wallets 
        set
            account_id=?,
            asset=?,
            balance=?,
            reserved=?,
            updated_at=?,
            version=? 
        where
            id=? 
            and version=?
    2026-08-18T15:15:12.192+02:00 DEBUG 18700 --- [openex] [ool-1-thread-12] org.hibernate.SQL                        : 
        select
            w1_0.id,
            w1_0.account_id,
            w1_0.asset,
            w1_0.balance,
            w1_0.reserved,
            w1_0.updated_at,
            w1_0.version 
        from
            wallets w1_0 
        where
            w1_0.account_id=? 
            and w1_0.asset=?
    2026-08-18T15:15:12.194+02:00 DEBUG 18700 --- [openex] [ool-1-thread-12] org.hibernate.SQL                        : 
        update
            wallets 
        set
            account_id=?,
            asset=?,
            balance=?,
            reserved=?,
            updated_at=?,
            version=? 
        where
            id=? 
            and version=?
    2026-08-18T15:15:12.196+02:00 DEBUG 18700 --- [openex] [ool-1-thread-12] org.hibernate.SQL                        : 
        select
            w1_0.id,
            w1_0.account_id,
            w1_0.asset,
            w1_0.balance,
            w1_0.reserved,
            w1_0.updated_at,
            w1_0.version 
        from
            wallets w1_0 
        where
            w1_0.account_id=? 
            and w1_0.asset=?
    2026-08-18T15:15:12.197+02:00 DEBUG 18700 --- [openex] [ool-1-thread-12] org.hibernate.SQL                        : 
        select
            w1_0.id,
            w1_0.account_id,
            w1_0.asset,
            w1_0.balance,
            w1_0.reserved,
            w1_0.updated_at,
            w1_0.version 
        from
            wallets w1_0 
        where
            w1_0.id=?
    2026-08-18T15:15:12.198+02:00 DEBUG 18700 --- [openex] [ool-1-thread-12] org.hibernate.SQL                        : 
        select
            le1_0.id,
            le1_0.account_id,
            le1_0.amount,
            le1_0.asset,
            le1_0.created_at,
            le1_0.entry_type,
            le1_0.reference_id,
            le1_0.reference_type 
        from
            ledger_entries le1_0 
        where
            le1_0.id=?
    2026-08-18T15:15:12.200+02:00 DEBUG 18700 --- [openex] [ool-1-thread-12] org.hibernate.SQL                        : 
        select
            le1_0.id,
            le1_0.account_id,
            le1_0.amount,
            le1_0.asset,
            le1_0.created_at,
            le1_0.entry_type,
            le1_0.reference_id,
            le1_0.reference_type 
        from
            ledger_entries le1_0 
        where
            le1_0.id=?
    2026-08-18T15:15:12.203+02:00 DEBUG 18700 --- [openex] [ool-1-thread-12] org.hibernate.SQL                        : 
        insert 
        into
            wallets
            (account_id, asset, balance, reserved, updated_at, version, id) 
        values
            (?, ?, ?, ?, ?, ?, ?)
    2026-08-18T15:15:12.205+02:00 DEBUG 18700 --- [openex] [ool-1-thread-12] org.hibernate.SQL                        : 
        insert 
        into
            ledger_entries
            (account_id, amount, asset, created_at, entry_type, reference_id, reference_type, id) 
        values
            (?, ?, ?, ?, ?, ?, ?, ?)
    2026-08-18T15:15:12.206+02:00 DEBUG 18700 --- [openex] [ool-1-thread-12] org.hibernate.SQL                        : 
        insert 
        into
            ledger_entries
            (account_id, amount, asset, created_at, entry_type, reference_id, reference_type, id) 
        values
            (?, ?, ?, ?, ?, ?, ?, ?)
    2026-08-18T15:15:12.207+02:00 DEBUG 18700 --- [openex] [ool-1-thread-12] org.hibernate.SQL                        : 
        update
            orders 
        set
            account_id=?,
            created_at=?,
            idempotency_key=?,
            price=?,
            quantity=?,
            remaining_quantity=?,
            side=?,
            status=?,
            symbol=?,
            type=?,
            updated_at=?,
            version=? 
        where
            id=? 
            and version=?
    2026-08-18T15:15:12.210+02:00 DEBUG 18700 --- [openex] [ool-1-thread-12] org.hibernate.SQL                        : 
        update
            orders 
        set
            account_id=?,
            created_at=?,
            idempotency_key=?,
            price=?,
            quantity=?,
            remaining_quantity=?,
            side=?,
            status=?,
            symbol=?,
            type=?,
            updated_at=?,
            version=? 
        where
            id=? 
            and version=?
    2026-08-18T15:15:12.211+02:00 DEBUG 18700 --- [openex] [ool-1-thread-12] org.hibernate.SQL                        : 
        select
            o1_0.id,
            o1_0.account_id,
            o1_0.created_at,
            o1_0.idempotency_key,
            o1_0.price,
            o1_0.quantity,
            o1_0.remaining_quantity,
            o1_0.side,
            o1_0.status,
            o1_0.symbol,
            o1_0.type,
            o1_0.updated_at,
            o1_0.version 
        from
            orders o1_0 
        where
            o1_0.symbol=? 
            and o1_0.status in (?, ?)
    2026-08-18T15:15:12.213+02:00  INFO 18700 --- [openex] [ool-1-thread-12] com.openex.core.service.OrderService     : Order matched: id=d566156b-2d73-4521-b56c-8f3d46ae2bd2 status=FILLED remaining=0
    2026-08-18T15:15:12.218+02:00 DEBUG 18700 --- [openex] [pool-1-thread-4] org.hibernate.SQL                        : 
        select
            o1_0.id,
            o1_0.account_id,
            o1_0.created_at,
            o1_0.idempotency_key,
            o1_0.price,
            o1_0.quantity,
            o1_0.remaining_quantity,
            o1_0.side,
            o1_0.status,
            o1_0.symbol,
            o1_0.type,
            o1_0.updated_at,
            o1_0.version 
        from
            orders o1_0 
        where
            o1_0.idempotency_key=?
    2026-08-18T15:15:12.219+02:00 DEBUG 18700 --- [openex] [pool-1-thread-4] org.hibernate.SQL                        : 
        select
            w1_0.id,
            w1_0.account_id,
            w1_0.asset,
            w1_0.balance,
            w1_0.reserved,
            w1_0.updated_at,
            w1_0.version 
        from
            wallets w1_0 
        where
            w1_0.account_id=? 
            and w1_0.asset=?
    2026-08-18T15:15:12.221+02:00 DEBUG 18700 --- [openex] [pool-1-thread-4] org.hibernate.SQL                        : 
        select
            o1_0.id,
            o1_0.account_id,
            o1_0.created_at,
            o1_0.idempotency_key,
            o1_0.price,
            o1_0.quantity,
            o1_0.remaining_quantity,
            o1_0.side,
            o1_0.status,
            o1_0.symbol,
            o1_0.type,
            o1_0.updated_at,
            o1_0.version 
        from
            orders o1_0 
        where
            o1_0.id=?
    2026-08-18T15:15:12.222+02:00  INFO 18700 --- [openex] [pool-1-thread-4] com.openex.core.service.OrderService     : Order placed: id=dca36e6f-b245-4fbc-9b1b-2163f9857395 account=f4edd9be-9e67-4002-99ef-520e023742e9 BUY 1 STRf73b43d8-USD @ 10.00
    2026-08-18T15:15:12.223+02:00 DEBUG 18700 --- [openex] [pool-1-thread-4] org.hibernate.SQL                        : 
        insert 
        into
            orders
            (account_id, created_at, idempotency_key, price, quantity, remaining_quantity, side, status, symbol, type, updated_at, version, id) 
        values
            (?, ?, ?, ?, ?, ?, ?, ?, ?, ?, ?, ?, ?)
    2026-08-18T15:15:12.225+02:00 DEBUG 18700 --- [openex] [pool-1-thread-4] org.hibernate.SQL                        : 
        update
            wallets 
        set
            account_id=?,
            asset=?,
            balance=?,
            reserved=?,
            updated_at=?,
            version=? 
        where
            id=? 
            and version=?
    2026-08-18T15:15:12.226+02:00 DEBUG 18700 --- [openex] [pool-1-thread-4] org.hibernate.SQL                        : 
        select
            o1_0.id,
            o1_0.account_id,
            o1_0.created_at,
            o1_0.idempotency_key,
            o1_0.price,
            o1_0.quantity,
            o1_0.remaining_quantity,
            o1_0.side,
            o1_0.status,
            o1_0.symbol,
            o1_0.type,
            o1_0.updated_at,
            o1_0.version 
        from
            orders o1_0
    2026-08-18T15:15:12.228+02:00 DEBUG 18700 --- [openex] [ool-1-thread-18] org.hibernate.SQL                        : 
        select
            o1_0.id,
            o1_0.account_id,
            o1_0.created_at,
            o1_0.idempotency_key,
            o1_0.price,
            o1_0.quantity,
            o1_0.remaining_quantity,
            o1_0.side,
            o1_0.status,
            o1_0.symbol,
            o1_0.type,
            o1_0.updated_at,
            o1_0.version 
        from
            orders o1_0 
        where
            o1_0.idempotency_key=?
    2026-08-18T15:15:12.230+02:00 DEBUG 18700 --- [openex] [ool-1-thread-18] org.hibernate.SQL                        : 
        select
            w1_0.id,
            w1_0.account_id,
            w1_0.asset,
            w1_0.balance,
            w1_0.reserved,
            w1_0.updated_at,
            w1_0.version 
        from
            wallets w1_0 
        where
            w1_0.account_id=? 
            and w1_0.asset=?
    2026-08-18T15:15:12.231+02:00 DEBUG 18700 --- [openex] [ool-1-thread-18] org.hibernate.SQL                        : 
        select
            o1_0.id,
            o1_0.account_id,
            o1_0.created_at,
            o1_0.idempotency_key,
            o1_0.price,
            o1_0.quantity,
            o1_0.remaining_quantity,
            o1_0.side,
            o1_0.status,
            o1_0.symbol,
            o1_0.type,
            o1_0.updated_at,
            o1_0.version 
        from
            orders o1_0 
        where
            o1_0.id=?
    2026-08-18T15:15:12.232+02:00 DEBUG 18700 --- [openex] [pool-1-thread-4] org.hibernate.SQL                        : 
        select
            t1_0.id,
            t1_0.buy_order_id,
            t1_0.executed_at,
            t1_0.price,
            t1_0.quantity,
            t1_0.sell_order_id,
            t1_0.symbol 
        from
            trades t1_0 
        where
            t1_0.id=?
    2026-08-18T15:15:12.232+02:00  INFO 18700 --- [openex] [ool-1-thread-18] com.openex.core.service.OrderService     : Order placed: id=83a845cd-8d1c-4db0-b1aa-456b8ee812e5 account=2309d2f0-d351-4f45-b273-6498ebab4360 BUY 1 STRf73b43d8-USD @ 10.00
    2026-08-18T15:15:12.233+02:00 DEBUG 18700 --- [openex] [ool-1-thread-18] org.hibernate.SQL                        : 
        insert 
        into
            orders
            (account_id, created_at, idempotency_key, price, quantity, remaining_quantity, side, status, symbol, type, updated_at, version, id) 
        values
            (?, ?, ?, ?, ?, ?, ?, ?, ?, ?, ?, ?, ?)
    2026-08-18T15:15:12.235+02:00 DEBUG 18700 --- [openex] [ool-1-thread-18] org.hibernate.SQL                        : 
        update
            wallets 
        set
            account_id=?,
            asset=?,
            balance=?,
            reserved=?,
            updated_at=?,
            version=? 
        where
            id=? 
            and version=?
    2026-08-18T15:15:12.236+02:00 DEBUG 18700 --- [openex] [pool-1-thread-4] org.hibernate.SQL                        : 
        select
            w1_0.id,
            w1_0.account_id,
            w1_0.asset,
            w1_0.balance,
            w1_0.reserved,
            w1_0.updated_at,
            w1_0.version 
        from
            wallets w1_0 
        where
            w1_0.account_id=? 
            and w1_0.asset=?
    2026-08-18T15:15:12.236+02:00 DEBUG 18700 --- [openex] [ool-1-thread-18] org.hibernate.SQL                        : 
        select
            o1_0.id,
            o1_0.account_id,
            o1_0.created_at,
            o1_0.idempotency_key,
            o1_0.price,
            o1_0.quantity,
            o1_0.remaining_quantity,
            o1_0.side,
            o1_0.status,
            o1_0.symbol,
            o1_0.type,
            o1_0.updated_at,
            o1_0.version 
        from
            orders o1_0
    2026-08-18T15:15:12.239+02:00 DEBUG 18700 --- [openex] [pool-1-thread-4] org.hibernate.SQL                        : 
        insert 
        into
            trades
            (buy_order_id, executed_at, price, quantity, sell_order_id, symbol, id) 
        values
            (?, ?, ?, ?, ?, ?, ?)
    2026-08-18T15:15:12.241+02:00 DEBUG 18700 --- [openex] [pool-1-thread-4] org.hibernate.SQL                        : 
        update
            wallets 
        set
            account_id=?,
            asset=?,
            balance=?,
            reserved=?,
            updated_at=?,
            version=? 
        where
            id=? 
            and version=?
    2026-08-18T15:15:12.242+02:00 DEBUG 18700 --- [openex] [pool-1-thread-4] org.hibernate.SQL                        : 
        select
            w1_0.id,
            w1_0.account_id,
            w1_0.asset,
            w1_0.balance,
            w1_0.reserved,
            w1_0.updated_at,
            w1_0.version 
        from
            wallets w1_0 
        where
            w1_0.account_id=? 
            and w1_0.asset=?
    2026-08-18T15:15:12.243+02:00 DEBUG 18700 --- [openex] [ool-1-thread-18] org.hibernate.SQL                        : 
        select
            t1_0.id,
            t1_0.buy_order_id,
            t1_0.executed_at,
            t1_0.price,
            t1_0.quantity,
            t1_0.sell_order_id,
            t1_0.symbol 
        from
            trades t1_0 
        where
            t1_0.id=?
    2026-08-18T15:15:12.244+02:00 DEBUG 18700 --- [openex] [pool-1-thread-4] org.hibernate.SQL                        : 
        select
            le1_0.id,
            le1_0.account_id,
            le1_0.amount,
            le1_0.asset,
            le1_0.created_at,
            le1_0.entry_type,
            le1_0.reference_id,
            le1_0.reference_type 
        from
            ledger_entries le1_0 
        where
            le1_0.id=?
    2026-08-18T15:15:12.245+02:00 DEBUG 18700 --- [openex] [ool-1-thread-18] org.hibernate.SQL                        : 
        select
            w1_0.id,
            w1_0.account_id,
            w1_0.asset,
            w1_0.balance,
            w1_0.reserved,
            w1_0.updated_at,
            w1_0.version 
        from
            wallets w1_0 
        where
            w1_0.account_id=? 
            and w1_0.asset=?
    2026-08-18T15:15:12.246+02:00 DEBUG 18700 --- [openex] [pool-1-thread-4] org.hibernate.SQL                        : 
        select
            le1_0.id,
            le1_0.account_id,
            le1_0.amount,
            le1_0.asset,
            le1_0.created_at,
            le1_0.entry_type,
            le1_0.reference_id,
            le1_0.reference_type 
        from
            ledger_entries le1_0 
        where
            le1_0.id=?
    2026-08-18T15:15:12.248+02:00 DEBUG 18700 --- [openex] [ool-1-thread-18] org.hibernate.SQL                        : 
        insert 
        into
            trades
            (buy_order_id, executed_at, price, quantity, sell_order_id, symbol, id) 
        values
            (?, ?, ?, ?, ?, ?, ?)
    2026-08-18T15:15:12.249+02:00 DEBUG 18700 --- [openex] [pool-1-thread-4] org.hibernate.SQL                        : 
        insert 
        into
            ledger_entries
            (account_id, amount, asset, created_at, entry_type, reference_id, reference_type, id) 
        values
            (?, ?, ?, ?, ?, ?, ?, ?)
    2026-08-18T15:15:12.250+02:00 DEBUG 18700 --- [openex] [ool-1-thread-18] org.hibernate.SQL                        : 
        update
            wallets 
        set
            account_id=?,
            asset=?,
            balance=?,
            reserved=?,
            updated_at=?,
            version=? 
        where
            id=? 
            and version=?
    2026-08-18T15:15:12.251+02:00 DEBUG 18700 --- [openex] [ool-1-thread-18] org.hibernate.SQL                        : 
        select
            w1_0.id,
            w1_0.account_id,
            w1_0.asset,
            w1_0.balance,
            w1_0.reserved,
            w1_0.updated_at,
            w1_0.version 
        from
            wallets w1_0 
        where
            w1_0.account_id=? 
            and w1_0.asset=?
    2026-08-18T15:15:12.252+02:00 DEBUG 18700 --- [openex] [ool-1-thread-18] org.hibernate.SQL                        : 
        select
            le1_0.id,
            le1_0.account_id,
            le1_0.amount,
            le1_0.asset,
            le1_0.created_at,
            le1_0.entry_type,
            le1_0.reference_id,
            le1_0.reference_type 
        from
            ledger_entries le1_0 
        where
            le1_0.id=?
    2026-08-18T15:15:12.254+02:00 DEBUG 18700 --- [openex] [ool-1-thread-18] org.hibernate.SQL                        : 
        select
            le1_0.id,
            le1_0.account_id,
            le1_0.amount,
            le1_0.asset,
            le1_0.created_at,
            le1_0.entry_type,
            le1_0.reference_id,
            le1_0.reference_type 
        from
            ledger_entries le1_0 
        where
            le1_0.id=?
    2026-08-18T15:15:12.256+02:00 DEBUG 18700 --- [openex] [pool-1-thread-8] org.hibernate.SQL                        : 
        select
            o1_0.id,
            o1_0.account_id,
            o1_0.created_at,
            o1_0.idempotency_key,
            o1_0.price,
            o1_0.quantity,
            o1_0.remaining_quantity,
            o1_0.side,
            o1_0.status,
            o1_0.symbol,
            o1_0.type,
            o1_0.updated_at,
            o1_0.version 
        from
            orders o1_0 
        where
            o1_0.idempotency_key=?
    2026-08-18T15:15:12.256+02:00 DEBUG 18700 --- [openex] [ool-1-thread-18] org.hibernate.SQL                        : 
        insert 
        into
            ledger_entries
            (account_id, amount, asset, created_at, entry_type, reference_id, reference_type, id) 
        values
            (?, ?, ?, ?, ?, ?, ?, ?)
    2026-08-18T15:15:12.257+02:00 DEBUG 18700 --- [openex] [ool-1-thread-18] org.hibernate.SQL                        : 
        insert 
        into
            ledger_entries
            (account_id, amount, asset, created_at, entry_type, reference_id, reference_type, id) 
        values
            (?, ?, ?, ?, ?, ?, ?, ?)
    2026-08-18T15:15:12.259+02:00 DEBUG 18700 --- [openex] [ool-1-thread-18] org.hibernate.SQL                        : 
        update
            wallets 
        set
            account_id=?,
            asset=?,
            balance=?,
            reserved=?,
            updated_at=?,
            version=? 
        where
            id=? 
            and version=?
    2026-08-18T15:15:12.259+02:00 DEBUG 18700 --- [openex] [pool-1-thread-8] org.hibernate.SQL                        : 
        select
            w1_0.id,
            w1_0.account_id,
            w1_0.asset,
            w1_0.balance,
            w1_0.reserved,
            w1_0.updated_at,
            w1_0.version 
        from
            wallets w1_0 
        where
            w1_0.account_id=? 
            and w1_0.asset=?
    2026-08-18T15:15:12.260+02:00 DEBUG 18700 --- [openex] [ool-1-thread-14] org.hibernate.SQL                        : 
        select
            o1_0.id,
            o1_0.account_id,
            o1_0.created_at,
            o1_0.idempotency_key,
            o1_0.price,
            o1_0.quantity,
            o1_0.remaining_quantity,
            o1_0.side,
            o1_0.status,
            o1_0.symbol,
            o1_0.type,
            o1_0.updated_at,
            o1_0.version 
        from
            orders o1_0 
        where
            o1_0.idempotency_key=?
    2026-08-18T15:15:12.260+02:00 DEBUG 18700 --- [openex] [pool-1-thread-8] org.hibernate.SQL                        : 
        select
            o1_0.id,
            o1_0.account_id,
            o1_0.created_at,
            o1_0.idempotency_key,
            o1_0.price,
            o1_0.quantity,
            o1_0.remaining_quantity,
            o1_0.side,
            o1_0.status,
            o1_0.symbol,
            o1_0.type,
            o1_0.updated_at,
            o1_0.version 
        from
            orders o1_0 
        where
            o1_0.id=?
    2026-08-18T15:15:12.261+02:00  INFO 18700 --- [openex] [pool-1-thread-8] com.openex.core.service.OrderService     : Order placed: id=8fbb4aee-29d1-45a5-85fd-412807381679 account=bde7a6ce-48de-43c5-9912-8da18d39039a BUY 1 STRf73b43d8-USD @ 10.00
    2026-08-18T15:15:12.262+02:00 DEBUG 18700 --- [openex] [ool-1-thread-14] org.hibernate.SQL                        : 
        select
            w1_0.id,
            w1_0.account_id,
            w1_0.asset,
            w1_0.balance,
            w1_0.reserved,
            w1_0.updated_at,
            w1_0.version 
        from
            wallets w1_0 
        where
            w1_0.account_id=? 
            and w1_0.asset=?
    2026-08-18T15:15:12.263+02:00 DEBUG 18700 --- [openex] [pool-1-thread-8] org.hibernate.SQL                        : 
        insert 
        into
            orders
            (account_id, created_at, idempotency_key, price, quantity, remaining_quantity, side, status, symbol, type, updated_at, version, id) 
        values
            (?, ?, ?, ?, ?, ?, ?, ?, ?, ?, ?, ?, ?)
    2026-08-18T15:15:12.263+02:00 DEBUG 18700 --- [openex] [ool-1-thread-14] org.hibernate.SQL                        : 
        select
            o1_0.id,
            o1_0.account_id,
            o1_0.created_at,
            o1_0.idempotency_key,
            o1_0.price,
            o1_0.quantity,
            o1_0.remaining_quantity,
            o1_0.side,
            o1_0.status,
            o1_0.symbol,
            o1_0.type,
            o1_0.updated_at,
            o1_0.version 
        from
            orders o1_0 
        where
            o1_0.id=?
    2026-08-18T15:15:12.264+02:00 DEBUG 18700 --- [openex] [pool-1-thread-8] org.hibernate.SQL                        : 
        update
            wallets 
        set
            account_id=?,
            asset=?,
            balance=?,
            reserved=?,
            updated_at=?,
            version=? 
        where
            id=? 
            and version=?
    2026-08-18T15:15:12.264+02:00  INFO 18700 --- [openex] [ool-1-thread-14] com.openex.core.service.OrderService     : Order placed: id=a2540015-48d9-4ec6-b445-78c795546faa account=5c8cc19e-d1c6-46bd-ae97-3bcda6d3f7e4 BUY 1 STRf73b43d8-USD @ 10.00
    2026-08-18T15:15:12.265+02:00 DEBUG 18700 --- [openex] [pool-1-thread-8] org.hibernate.SQL                        : 
        select
            o1_0.id,
            o1_0.account_id,
            o1_0.created_at,
            o1_0.idempotency_key,
            o1_0.price,
            o1_0.quantity,
            o1_0.remaining_quantity,
            o1_0.side,
            o1_0.status,
            o1_0.symbol,
            o1_0.type,
            o1_0.updated_at,
            o1_0.version 
        from
            orders o1_0
    2026-08-18T15:15:12.265+02:00 DEBUG 18700 --- [openex] [ool-1-thread-14] org.hibernate.SQL                        : 
        insert 
        into
            orders
            (account_id, created_at, idempotency_key, price, quantity, remaining_quantity, side, status, symbol, type, updated_at, version, id) 
        values
            (?, ?, ?, ?, ?, ?, ?, ?, ?, ?, ?, ?, ?)
    2026-08-18T15:15:12.267+02:00 DEBUG 18700 --- [openex] [ool-1-thread-14] org.hibernate.SQL                        : 
        update
            wallets 
        set
            account_id=?,
            asset=?,
            balance=?,
            reserved=?,
            updated_at=?,
            version=? 
        where
            id=? 
            and version=?
    2026-08-18T15:15:12.268+02:00 DEBUG 18700 --- [openex] [ool-1-thread-14] org.hibernate.SQL                        : 
        select
            o1_0.id,
            o1_0.account_id,
            o1_0.created_at,
            o1_0.idempotency_key,
            o1_0.price,
            o1_0.quantity,
            o1_0.remaining_quantity,
            o1_0.side,
            o1_0.status,
            o1_0.symbol,
            o1_0.type,
            o1_0.updated_at,
            o1_0.version 
        from
            orders o1_0
    2026-08-18T15:15:12.273+02:00 DEBUG 18700 --- [openex] [pool-1-thread-8] org.hibernate.SQL                        : 
        select
            t1_0.id,
            t1_0.buy_order_id,
            t1_0.executed_at,
            t1_0.price,
            t1_0.quantity,
            t1_0.sell_order_id,
            t1_0.symbol 
        from
            trades t1_0 
        where
            t1_0.id=?
    2026-08-18T15:15:12.276+02:00 DEBUG 18700 --- [openex] [pool-1-thread-8] org.hibernate.SQL                        : 
        select
            w1_0.id,
            w1_0.account_id,
            w1_0.asset,
            w1_0.balance,
            w1_0.reserved,
            w1_0.updated_at,
            w1_0.version 
        from
            wallets w1_0 
        where
            w1_0.account_id=? 
            and w1_0.asset=?
    2026-08-18T15:15:12.277+02:00 DEBUG 18700 --- [openex] [ool-1-thread-14] org.hibernate.SQL                        : 
        select
            t1_0.id,
            t1_0.buy_order_id,
            t1_0.executed_at,
            t1_0.price,
            t1_0.quantity,
            t1_0.sell_order_id,
            t1_0.symbol 
        from
            trades t1_0 
        where
            t1_0.id=?
    2026-08-18T15:15:12.281+02:00 DEBUG 18700 --- [openex] [pool-1-thread-8] org.hibernate.SQL                        : 
        insert 
        into
            trades
            (buy_order_id, executed_at, price, quantity, sell_order_id, symbol, id) 
        values
            (?, ?, ?, ?, ?, ?, ?)
    2026-08-18T15:15:12.281+02:00 DEBUG 18700 --- [openex] [ool-1-thread-14] org.hibernate.SQL                        : 
        select
            w1_0.id,
            w1_0.account_id,
            w1_0.asset,
            w1_0.balance,
            w1_0.reserved,
            w1_0.updated_at,
            w1_0.version 
        from
            wallets w1_0 
        where
            w1_0.account_id=? 
            and w1_0.asset=?
    2026-08-18T15:15:12.314+02:00 DEBUG 18700 --- [openex] [pool-1-thread-8] org.hibernate.SQL                        : 
        update
            wallets 
        set
            account_id=?,
            asset=?,
            balance=?,
            reserved=?,
            updated_at=?,
            version=? 
        where
            id=? 
            and version=?
    2026-08-18T15:15:12.315+02:00 DEBUG 18700 --- [openex] [ool-1-thread-14] org.hibernate.SQL                        : 
        insert 
        into
            trades
            (buy_order_id, executed_at, price, quantity, sell_order_id, symbol, id) 
        values
            (?, ?, ?, ?, ?, ?, ?)
    2026-08-18T15:15:12.317+02:00 DEBUG 18700 --- [openex] [pool-1-thread-8] org.hibernate.SQL                        : 
        select
            w1_0.id,
            w1_0.account_id,
            w1_0.asset,
            w1_0.balance,
            w1_0.reserved,
            w1_0.updated_at,
            w1_0.version 
        from
            wallets w1_0 
        where
            w1_0.account_id=? 
            and w1_0.asset=?
    2026-08-18T15:15:12.317+02:00 DEBUG 18700 --- [openex] [ool-1-thread-14] org.hibernate.SQL                        : 
        update
            wallets 
        set
            account_id=?,
            asset=?,
            balance=?,
            reserved=?,
            updated_at=?,
            version=? 
        where
            id=? 
            and version=?
    2026-08-18T15:15:12.321+02:00 DEBUG 18700 --- [openex] [pool-1-thread-8] org.hibernate.SQL                        : 
        select
            le1_0.id,
            le1_0.account_id,
            le1_0.amount,
            le1_0.asset,
            le1_0.created_at,
            le1_0.entry_type,
            le1_0.reference_id,
            le1_0.reference_type 
        from
            ledger_entries le1_0 
        where
            le1_0.id=?
    2026-08-18T15:15:12.322+02:00 DEBUG 18700 --- [openex] [ool-1-thread-14] org.hibernate.SQL                        : 
        select
            w1_0.id,
            w1_0.account_id,
            w1_0.asset,
            w1_0.balance,
            w1_0.reserved,
            w1_0.updated_at,
            w1_0.version 
        from
            wallets w1_0 
        where
            w1_0.account_id=? 
            and w1_0.asset=?
    2026-08-18T15:15:12.323+02:00 DEBUG 18700 --- [openex] [ool-1-thread-14] org.hibernate.SQL                        : 
        select
            le1_0.id,
            le1_0.account_id,
            le1_0.amount,
            le1_0.asset,
            le1_0.created_at,
            le1_0.entry_type,
            le1_0.reference_id,
            le1_0.reference_type 
        from
            ledger_entries le1_0 
        where
            le1_0.id=?
    2026-08-18T15:15:12.323+02:00 DEBUG 18700 --- [openex] [pool-1-thread-8] org.hibernate.SQL                        : 
        select
            le1_0.id,
            le1_0.account_id,
            le1_0.amount,
            le1_0.asset,
            le1_0.created_at,
            le1_0.entry_type,
            le1_0.reference_id,
            le1_0.reference_type 
        from
            ledger_entries le1_0 
        where
            le1_0.id=?
    2026-08-18T15:15:12.325+02:00 DEBUG 18700 --- [openex] [ool-1-thread-14] org.hibernate.SQL                        : 
        select
            le1_0.id,
            le1_0.account_id,
            le1_0.amount,
            le1_0.asset,
            le1_0.created_at,
            le1_0.entry_type,
            le1_0.reference_id,
            le1_0.reference_type 
        from
            ledger_entries le1_0 
        where
            le1_0.id=?
    2026-08-18T15:15:12.328+02:00 DEBUG 18700 --- [openex] [pool-1-thread-8] org.hibernate.SQL                        : 
        insert 
        into
            ledger_entries
            (account_id, amount, asset, created_at, entry_type, reference_id, reference_type, id) 
        values
            (?, ?, ?, ?, ?, ?, ?, ?)
    2026-08-18T15:15:12.331+02:00 DEBUG 18700 --- [openex] [ool-1-thread-14] org.hibernate.SQL                        : 
        insert 
        into
            ledger_entries
            (account_id, amount, asset, created_at, entry_type, reference_id, reference_type, id) 
        values
            (?, ?, ?, ?, ?, ?, ?, ?)
    2026-08-18T15:15:12.331+02:00 DEBUG 18700 --- [openex] [pool-1-thread-8] org.hibernate.SQL                        : 
        insert 
        into
            ledger_entries
            (account_id, amount, asset, created_at, entry_type, reference_id, reference_type, id) 
        values
            (?, ?, ?, ?, ?, ?, ?, ?)
    2026-08-18T15:15:12.333+02:00 DEBUG 18700 --- [openex] [ool-1-thread-14] org.hibernate.SQL                        : 
        insert 
        into
            ledger_entries
            (account_id, amount, asset, created_at, entry_type, reference_id, reference_type, id) 
        values
            (?, ?, ?, ?, ?, ?, ?, ?)
    2026-08-18T15:15:12.333+02:00 DEBUG 18700 --- [openex] [pool-1-thread-8] org.hibernate.SQL                        : 
        update
            wallets 
        set
            account_id=?,
            asset=?,
            balance=?,
            reserved=?,
            updated_at=?,
            version=? 
        where
            id=? 
            and version=?
    2026-08-18T15:15:12.334+02:00 DEBUG 18700 --- [openex] [ool-1-thread-14] org.hibernate.SQL                        : 
        update
            wallets 
        set
            account_id=?,
            asset=?,
            balance=?,
            reserved=?,
            updated_at=?,
            version=? 
        where
            id=? 
            and version=?
    2026-08-18T15:15:12.338+02:00 DEBUG 18700 --- [openex] [ool-1-thread-19] org.hibernate.SQL                        : 
        select
            o1_0.id,
            o1_0.account_id,
            o1_0.created_at,
            o1_0.idempotency_key,
            o1_0.price,
            o1_0.quantity,
            o1_0.remaining_quantity,
            o1_0.side,
            o1_0.status,
            o1_0.symbol,
            o1_0.type,
            o1_0.updated_at,
            o1_0.version 
        from
            orders o1_0 
        where
            o1_0.idempotency_key=?
    2026-08-18T15:15:12.340+02:00 DEBUG 18700 --- [openex] [ool-1-thread-19] org.hibernate.SQL                        : 
        select
            w1_0.id,
            w1_0.account_id,
            w1_0.asset,
            w1_0.balance,
            w1_0.reserved,
            w1_0.updated_at,
            w1_0.version 
        from
            wallets w1_0 
        where
            w1_0.account_id=? 
            and w1_0.asset=?
    2026-08-18T15:15:12.341+02:00 DEBUG 18700 --- [openex] [ool-1-thread-19] org.hibernate.SQL                        : 
        select
            o1_0.id,
            o1_0.account_id,
            o1_0.created_at,
            o1_0.idempotency_key,
            o1_0.price,
            o1_0.quantity,
            o1_0.remaining_quantity,
            o1_0.side,
            o1_0.status,
            o1_0.symbol,
            o1_0.type,
            o1_0.updated_at,
            o1_0.version 
        from
            orders o1_0 
        where
            o1_0.id=?
    2026-08-18T15:15:12.342+02:00  INFO 18700 --- [openex] [ool-1-thread-19] com.openex.core.service.OrderService     : Order placed: id=a39107d7-7296-4aec-af6e-2ca3bf0f521f account=b28873a4-015d-4581-9aea-8327e59c2624 BUY 1 STRf73b43d8-USD @ 10.00
    2026-08-18T15:15:12.345+02:00 DEBUG 18700 --- [openex] [ool-1-thread-19] org.hibernate.SQL                        : 
        insert 
        into
            orders
            (account_id, created_at, idempotency_key, price, quantity, remaining_quantity, side, status, symbol, type, updated_at, version, id) 
        values
            (?, ?, ?, ?, ?, ?, ?, ?, ?, ?, ?, ?, ?)
    2026-08-18T15:15:12.346+02:00 DEBUG 18700 --- [openex] [ool-1-thread-19] org.hibernate.SQL                        : 
        update
            wallets 
        set
            account_id=?,
            asset=?,
            balance=?,
            reserved=?,
            updated_at=?,
            version=? 
        where
            id=? 
            and version=?
    2026-08-18T15:15:12.347+02:00 DEBUG 18700 --- [openex] [ool-1-thread-19] org.hibernate.SQL                        : 
        select
            o1_0.id,
            o1_0.account_id,
            o1_0.created_at,
            o1_0.idempotency_key,
            o1_0.price,
            o1_0.quantity,
            o1_0.remaining_quantity,
            o1_0.side,
            o1_0.status,
            o1_0.symbol,
            o1_0.type,
            o1_0.updated_at,
            o1_0.version 
        from
            orders o1_0
    2026-08-18T15:15:12.353+02:00 DEBUG 18700 --- [openex] [ool-1-thread-19] org.hibernate.SQL                        : 
        select
            t1_0.id,
            t1_0.buy_order_id,
            t1_0.executed_at,
            t1_0.price,
            t1_0.quantity,
            t1_0.sell_order_id,
            t1_0.symbol 
        from
            trades t1_0 
        where
            t1_0.id=?
    2026-08-18T15:15:12.353+02:00 DEBUG 18700 --- [openex] [pool-1-thread-4] org.hibernate.SQL                        : 
        insert 
        into
            ledger_entries
            (account_id, amount, asset, created_at, entry_type, reference_id, reference_type, id) 
        values
            (?, ?, ?, ?, ?, ?, ?, ?)
    2026-08-18T15:15:12.356+02:00 DEBUG 18700 --- [openex] [ool-1-thread-19] org.hibernate.SQL                        : 
        select
            w1_0.id,
            w1_0.account_id,
            w1_0.asset,
            w1_0.balance,
            w1_0.reserved,
            w1_0.updated_at,
            w1_0.version 
        from
            wallets w1_0 
        where
            w1_0.account_id=? 
            and w1_0.asset=?
    2026-08-18T15:15:12.359+02:00 DEBUG 18700 --- [openex] [ool-1-thread-19] org.hibernate.SQL                        : 
        insert 
        into
            trades
            (buy_order_id, executed_at, price, quantity, sell_order_id, symbol, id) 
        values
            (?, ?, ?, ?, ?, ?, ?)
    2026-08-18T15:15:12.359+02:00 DEBUG 18700 --- [openex] [pool-1-thread-4] org.hibernate.SQL                        : 
        update
            wallets 
        set
            account_id=?,
            asset=?,
            balance=?,
            reserved=?,
            updated_at=?,
            version=? 
        where
            id=? 
            and version=?
    2026-08-18T15:15:12.361+02:00 DEBUG 18700 --- [openex] [ool-1-thread-19] org.hibernate.SQL                        : 
        update
            wallets 
        set
            account_id=?,
            asset=?,
            balance=?,
            reserved=?,
            updated_at=?,
            version=? 
        where
            id=? 
            and version=?
    2026-08-18T15:15:12.361+02:00 DEBUG 18700 --- [openex] [pool-1-thread-9] org.hibernate.SQL                        : 
        select
            o1_0.id,
            o1_0.account_id,
            o1_0.created_at,
            o1_0.idempotency_key,
            o1_0.price,
            o1_0.quantity,
            o1_0.remaining_quantity,
            o1_0.side,
            o1_0.status,
            o1_0.symbol,
            o1_0.type,
            o1_0.updated_at,
            o1_0.version 
        from
            orders o1_0 
        where
            o1_0.idempotency_key=?
    2026-08-18T15:15:12.362+02:00 DEBUG 18700 --- [openex] [ool-1-thread-19] org.hibernate.SQL                        : 
        select
            w1_0.id,
            w1_0.account_id,
            w1_0.asset,
            w1_0.balance,
            w1_0.reserved,
            w1_0.updated_at,
            w1_0.version 
        from
            wallets w1_0 
        where
            w1_0.account_id=? 
            and w1_0.asset=?
    2026-08-18T15:15:12.363+02:00 DEBUG 18700 --- [openex] [ool-1-thread-19] org.hibernate.SQL                        : 
        select
            le1_0.id,
            le1_0.account_id,
            le1_0.amount,
            le1_0.asset,
            le1_0.created_at,
            le1_0.entry_type,
            le1_0.reference_id,
            le1_0.reference_type 
        from
            ledger_entries le1_0 
        where
            le1_0.id=?
    2026-08-18T15:15:12.365+02:00 DEBUG 18700 --- [openex] [ool-1-thread-19] org.hibernate.SQL                        : 
        select
            le1_0.id,
            le1_0.account_id,
            le1_0.amount,
            le1_0.asset,
            le1_0.created_at,
            le1_0.entry_type,
            le1_0.reference_id,
            le1_0.reference_type 
        from
            ledger_entries le1_0 
        where
            le1_0.id=?
    2026-08-18T15:15:12.368+02:00 DEBUG 18700 --- [openex] [ool-1-thread-19] org.hibernate.SQL                        : 
        insert 
        into
            ledger_entries
            (account_id, amount, asset, created_at, entry_type, reference_id, reference_type, id) 
        values
            (?, ?, ?, ?, ?, ?, ?, ?)
    2026-08-18T15:15:12.369+02:00 DEBUG 18700 --- [openex] [ool-1-thread-19] org.hibernate.SQL                        : 
        insert 
        into
            ledger_entries
            (account_id, amount, asset, created_at, entry_type, reference_id, reference_type, id) 
        values
            (?, ?, ?, ?, ?, ?, ?, ?)
    2026-08-18T15:15:12.371+02:00 DEBUG 18700 --- [openex] [ool-1-thread-19] org.hibernate.SQL                        : 
        update
            wallets 
        set
            account_id=?,
            asset=?,
            balance=?,
            reserved=?,
            updated_at=?,
            version=? 
        where
            id=? 
            and version=?
    2026-08-18T15:15:12.372+02:00 DEBUG 18700 --- [openex] [pool-1-thread-9] org.hibernate.SQL                        : 
        select
            w1_0.id,
            w1_0.account_id,
            w1_0.asset,
            w1_0.balance,
            w1_0.reserved,
            w1_0.updated_at,
            w1_0.version 
        from
            wallets w1_0 
        where
            w1_0.account_id=? 
            and w1_0.asset=?
    2026-08-18T15:15:12.374+02:00 DEBUG 18700 --- [openex] [pool-1-thread-9] org.hibernate.SQL                        : 
        select
            o1_0.id,
            o1_0.account_id,
            o1_0.created_at,
            o1_0.idempotency_key,
            o1_0.price,
            o1_0.quantity,
            o1_0.remaining_quantity,
            o1_0.side,
            o1_0.status,
            o1_0.symbol,
            o1_0.type,
            o1_0.updated_at,
            o1_0.version 
        from
            orders o1_0 
        where
            o1_0.id=?
    2026-08-18T15:15:12.375+02:00  INFO 18700 --- [openex] [pool-1-thread-9] com.openex.core.service.OrderService     : Order placed: id=91a78f02-6bf3-4f55-9c6a-c942e29b57ab account=ae6d7ccc-9cc3-4365-99c0-86d2f9cf39bc BUY 1 STRf73b43d8-USD @ 10.00
    2026-08-18T15:15:12.375+02:00 DEBUG 18700 --- [openex] [pool-1-thread-7] org.hibernate.SQL                        : 
        select
            o1_0.id,
            o1_0.account_id,
            o1_0.created_at,
            o1_0.idempotency_key,
            o1_0.price,
            o1_0.quantity,
            o1_0.remaining_quantity,
            o1_0.side,
            o1_0.status,
            o1_0.symbol,
            o1_0.type,
            o1_0.updated_at,
            o1_0.version 
        from
            orders o1_0 
        where
            o1_0.idempotency_key=?
    2026-08-18T15:15:12.376+02:00 DEBUG 18700 --- [openex] [pool-1-thread-9] org.hibernate.SQL                        : 
        insert 
        into
            orders
            (account_id, created_at, idempotency_key, price, quantity, remaining_quantity, side, status, symbol, type, updated_at, version, id) 
        values
            (?, ?, ?, ?, ?, ?, ?, ?, ?, ?, ?, ?, ?)
    2026-08-18T15:15:12.378+02:00 DEBUG 18700 --- [openex] [pool-1-thread-7] org.hibernate.SQL                        : 
        select
            w1_0.id,
            w1_0.account_id,
            w1_0.asset,
            w1_0.balance,
            w1_0.reserved,
            w1_0.updated_at,
            w1_0.version 
        from
            wallets w1_0 
        where
            w1_0.account_id=? 
            and w1_0.asset=?
    2026-08-18T15:15:12.379+02:00 DEBUG 18700 --- [openex] [pool-1-thread-9] org.hibernate.SQL                        : 
        update
            wallets 
        set
            account_id=?,
            asset=?,
            balance=?,
            reserved=?,
            updated_at=?,
            version=? 
        where
            id=? 
            and version=?
    2026-08-18T15:15:12.380+02:00 DEBUG 18700 --- [openex] [pool-1-thread-7] org.hibernate.SQL                        : 
        select
            o1_0.id,
            o1_0.account_id,
            o1_0.created_at,
            o1_0.idempotency_key,
            o1_0.price,
            o1_0.quantity,
            o1_0.remaining_quantity,
            o1_0.side,
            o1_0.status,
            o1_0.symbol,
            o1_0.type,
            o1_0.updated_at,
            o1_0.version 
        from
            orders o1_0 
        where
            o1_0.id=?
    2026-08-18T15:15:12.381+02:00 DEBUG 18700 --- [openex] [pool-1-thread-9] org.hibernate.SQL                        : 
        select
            o1_0.id,
            o1_0.account_id,
            o1_0.created_at,
            o1_0.idempotency_key,
            o1_0.price,
            o1_0.quantity,
            o1_0.remaining_quantity,
            o1_0.side,
            o1_0.status,
            o1_0.symbol,
            o1_0.type,
            o1_0.updated_at,
            o1_0.version 
        from
            orders o1_0
    2026-08-18T15:15:12.381+02:00  INFO 18700 --- [openex] [pool-1-thread-7] com.openex.core.service.OrderService     : Order placed: id=c7bde6b3-1406-4cbc-b750-72cc3826ed27 account=25648af0-9ad0-4e9a-9f31-f297e698ab22 BUY 1 STRf73b43d8-USD @ 10.00
    2026-08-18T15:15:12.382+02:00 DEBUG 18700 --- [openex] [pool-1-thread-7] org.hibernate.SQL                        : 
        insert 
        into
            orders
            (account_id, created_at, idempotency_key, price, quantity, remaining_quantity, side, status, symbol, type, updated_at, version, id) 
        values
            (?, ?, ?, ?, ?, ?, ?, ?, ?, ?, ?, ?, ?)
    2026-08-18T15:15:12.385+02:00 DEBUG 18700 --- [openex] [pool-1-thread-7] org.hibernate.SQL                        : 
        update
            wallets 
        set
            account_id=?,
            asset=?,
            balance=?,
            reserved=?,
            updated_at=?,
            version=? 
        where
            id=? 
            and version=?
    2026-08-18T15:15:12.404+02:00 DEBUG 18700 --- [openex] [pool-1-thread-7] org.hibernate.SQL                        : 
        select
            o1_0.id,
            o1_0.account_id,
            o1_0.created_at,
            o1_0.idempotency_key,
            o1_0.price,
            o1_0.quantity,
            o1_0.remaining_quantity,
            o1_0.side,
            o1_0.status,
            o1_0.symbol,
            o1_0.type,
            o1_0.updated_at,
            o1_0.version 
        from
            orders o1_0
    2026-08-18T15:15:12.406+02:00 DEBUG 18700 --- [openex] [pool-1-thread-9] org.hibernate.SQL                        : 
        select
            t1_0.id,
            t1_0.buy_order_id,
            t1_0.executed_at,
            t1_0.price,
            t1_0.quantity,
            t1_0.sell_order_id,
            t1_0.symbol 
        from
            trades t1_0 
        where
            t1_0.id=?
    2026-08-18T15:15:12.415+02:00 DEBUG 18700 --- [openex] [pool-1-thread-7] org.hibernate.SQL                        : 
        select
            t1_0.id,
            t1_0.buy_order_id,
            t1_0.executed_at,
            t1_0.price,
            t1_0.quantity,
            t1_0.sell_order_id,
            t1_0.symbol 
        from
            trades t1_0 
        where
            t1_0.id=?
    2026-08-18T15:15:12.416+02:00 DEBUG 18700 --- [openex] [pool-1-thread-9] org.hibernate.SQL                        : 
        select
            w1_0.id,
            w1_0.account_id,
            w1_0.asset,
            w1_0.balance,
            w1_0.reserved,
            w1_0.updated_at,
            w1_0.version 
        from
            wallets w1_0 
        where
            w1_0.account_id=? 
            and w1_0.asset=?
    2026-08-18T15:15:12.418+02:00 DEBUG 18700 --- [openex] [pool-1-thread-7] org.hibernate.SQL                        : 
        select
            w1_0.id,
            w1_0.account_id,
            w1_0.asset,
            w1_0.balance,
            w1_0.reserved,
            w1_0.updated_at,
            w1_0.version 
        from
            wallets w1_0 
        where
            w1_0.account_id=? 
            and w1_0.asset=?
    2026-08-18T15:15:12.425+02:00 DEBUG 18700 --- [openex] [ool-1-thread-16] org.hibernate.SQL                        : 
        select
            o1_0.id,
            o1_0.account_id,
            o1_0.created_at,
            o1_0.idempotency_key,
            o1_0.price,
            o1_0.quantity,
            o1_0.remaining_quantity,
            o1_0.side,
            o1_0.status,
            o1_0.symbol,
            o1_0.type,
            o1_0.updated_at,
            o1_0.version 
        from
            orders o1_0 
        where
            o1_0.idempotency_key=?
    2026-08-18T15:15:12.428+02:00 DEBUG 18700 --- [openex] [pool-1-thread-7] org.hibernate.SQL                        : 
        insert 
        into
            trades
            (buy_order_id, executed_at, price, quantity, sell_order_id, symbol, id) 
        values
            (?, ?, ?, ?, ?, ?, ?)
    2026-08-18T15:15:12.429+02:00 DEBUG 18700 --- [openex] [pool-1-thread-9] org.hibernate.SQL                        : 
        insert 
        into
            trades
            (buy_order_id, executed_at, price, quantity, sell_order_id, symbol, id) 
        values
            (?, ?, ?, ?, ?, ?, ?)
    2026-08-18T15:15:12.433+02:00 DEBUG 18700 --- [openex] [ool-1-thread-16] org.hibernate.SQL                        : 
        select
            w1_0.id,
            w1_0.account_id,
            w1_0.asset,
            w1_0.balance,
            w1_0.reserved,
            w1_0.updated_at,
            w1_0.version 
        from
            wallets w1_0 
        where
            w1_0.account_id=? 
            and w1_0.asset=?
    2026-08-18T15:15:12.434+02:00 DEBUG 18700 --- [openex] [pool-1-thread-7] org.hibernate.SQL                        : 
        update
            wallets 
        set
            account_id=?,
            asset=?,
            balance=?,
            reserved=?,
            updated_at=?,
            version=? 
        where
            id=? 
            and version=?
    2026-08-18T15:15:12.437+02:00 DEBUG 18700 --- [openex] [pool-1-thread-9] org.hibernate.SQL                        : 
        update
            wallets 
        set
            account_id=?,
            asset=?,
            balance=?,
            reserved=?,
            updated_at=?,
            version=? 
        where
            id=? 
            and version=?
    2026-08-18T15:15:12.438+02:00 DEBUG 18700 --- [openex] [pool-1-thread-7] org.hibernate.SQL                        : 
        select
            w1_0.id,
            w1_0.account_id,
            w1_0.asset,
            w1_0.balance,
            w1_0.reserved,
            w1_0.updated_at,
            w1_0.version 
        from
            wallets w1_0 
        where
            w1_0.account_id=? 
            and w1_0.asset=?
    2026-08-18T15:15:12.439+02:00 DEBUG 18700 --- [openex] [ool-1-thread-16] org.hibernate.SQL                        : 
        select
            o1_0.id,
            o1_0.account_id,
            o1_0.created_at,
            o1_0.idempotency_key,
            o1_0.price,
            o1_0.quantity,
            o1_0.remaining_quantity,
            o1_0.side,
            o1_0.status,
            o1_0.symbol,
            o1_0.type,
            o1_0.updated_at,
            o1_0.version 
        from
            orders o1_0 
        where
            o1_0.id=?
    2026-08-18T15:15:12.439+02:00 DEBUG 18700 --- [openex] [pool-1-thread-9] org.hibernate.SQL                        : 
        select
            w1_0.id,
            w1_0.account_id,
            w1_0.asset,
            w1_0.balance,
            w1_0.reserved,
            w1_0.updated_at,
            w1_0.version 
        from
            wallets w1_0 
        where
            w1_0.account_id=? 
            and w1_0.asset=?
    2026-08-18T15:15:12.440+02:00  INFO 18700 --- [openex] [ool-1-thread-16] com.openex.core.service.OrderService     : Order placed: id=f84db1aa-c3f7-42ce-afaf-7127316bb3f5 account=6f68f830-de5a-452a-8b8b-6a594e6bd084 BUY 1 STRf73b43d8-USD @ 10.00
    2026-08-18T15:15:12.441+02:00 DEBUG 18700 --- [openex] [pool-1-thread-7] org.hibernate.SQL                        : 
        select
            le1_0.id,
            le1_0.account_id,
            le1_0.amount,
            le1_0.asset,
            le1_0.created_at,
            le1_0.entry_type,
            le1_0.reference_id,
            le1_0.reference_type 
        from
            ledger_entries le1_0 
        where
            le1_0.id=?
    2026-08-18T15:15:12.442+02:00 DEBUG 18700 --- [openex] [ool-1-thread-16] org.hibernate.SQL                        : 
        insert 
        into
            orders
            (account_id, created_at, idempotency_key, price, quantity, remaining_quantity, side, status, symbol, type, updated_at, version, id) 
        values
            (?, ?, ?, ?, ?, ?, ?, ?, ?, ?, ?, ?, ?)
    2026-08-18T15:15:12.445+02:00 DEBUG 18700 --- [openex] [pool-1-thread-9] org.hibernate.SQL                        : 
        select
            le1_0.id,
            le1_0.account_id,
            le1_0.amount,
            le1_0.asset,
            le1_0.created_at,
            le1_0.entry_type,
            le1_0.reference_id,
            le1_0.reference_type 
        from
            ledger_entries le1_0 
        where
            le1_0.id=?
    2026-08-18T15:15:12.448+02:00 DEBUG 18700 --- [openex] [pool-1-thread-7] org.hibernate.SQL                        : 
        select
            le1_0.id,
            le1_0.account_id,
            le1_0.amount,
            le1_0.asset,
            le1_0.created_at,
            le1_0.entry_type,
            le1_0.reference_id,
            le1_0.reference_type 
        from
            ledger_entries le1_0 
        where
            le1_0.id=?
    2026-08-18T15:15:12.450+02:00 DEBUG 18700 --- [openex] [pool-1-thread-9] org.hibernate.SQL                        : 
        select
            le1_0.id,
            le1_0.account_id,
            le1_0.amount,
            le1_0.asset,
            le1_0.created_at,
            le1_0.entry_type,
            le1_0.reference_id,
            le1_0.reference_type 
        from
            ledger_entries le1_0 
        where
            le1_0.id=?
    2026-08-18T15:15:12.450+02:00 DEBUG 18700 --- [openex] [ool-1-thread-16] org.hibernate.SQL                        : 
        update
            wallets 
        set
            account_id=?,
            asset=?,
            balance=?,
            reserved=?,
            updated_at=?,
            version=? 
        where
            id=? 
            and version=?
    2026-08-18T15:15:12.454+02:00 DEBUG 18700 --- [openex] [pool-1-thread-9] org.hibernate.SQL                        : 
        insert 
        into
            ledger_entries
            (account_id, amount, asset, created_at, entry_type, reference_id, reference_type, id) 
        values
            (?, ?, ?, ?, ?, ?, ?, ?)
    2026-08-18T15:15:12.455+02:00 DEBUG 18700 --- [openex] [ool-1-thread-16] org.hibernate.SQL                        : 
        select
            o1_0.id,
            o1_0.account_id,
            o1_0.created_at,
            o1_0.idempotency_key,
            o1_0.price,
            o1_0.quantity,
            o1_0.remaining_quantity,
            o1_0.side,
            o1_0.status,
            o1_0.symbol,
            o1_0.type,
            o1_0.updated_at,
            o1_0.version 
        from
            orders o1_0
    2026-08-18T15:15:12.456+02:00 DEBUG 18700 --- [openex] [pool-1-thread-9] org.hibernate.SQL                        : 
        insert 
        into
            ledger_entries
            (account_id, amount, asset, created_at, entry_type, reference_id, reference_type, id) 
        values
            (?, ?, ?, ?, ?, ?, ?, ?)
    2026-08-18T15:15:12.457+02:00 DEBUG 18700 --- [openex] [pool-1-thread-7] org.hibernate.SQL                        : 
        insert 
        into
            ledger_entries
            (account_id, amount, asset, created_at, entry_type, reference_id, reference_type, id) 
        values
            (?, ?, ?, ?, ?, ?, ?, ?)
    2026-08-18T15:15:12.457+02:00 DEBUG 18700 --- [openex] [pool-1-thread-9] org.hibernate.SQL                        : 
        update
            wallets 
        set
            account_id=?,
            asset=?,
            balance=?,
            reserved=?,
            updated_at=?,
            version=? 
        where
            id=? 
            and version=?
    2026-08-18T15:15:12.461+02:00 DEBUG 18700 --- [openex] [pool-1-thread-9] org.hibernate.SQL                        : 
        select
            w1_0.id,
            w1_0.account_id,
            w1_0.asset,
            w1_0.balance,
            w1_0.reserved,
            w1_0.updated_at,
            w1_0.version 
        from
            wallets w1_0 
        where
            w1_0.account_id=? 
            and w1_0.asset=?
    2026-08-18T15:15:12.461+02:00 DEBUG 18700 --- [openex] [pool-1-thread-7] org.hibernate.SQL                        : 
        insert 
        into
            ledger_entries
            (account_id, amount, asset, created_at, entry_type, reference_id, reference_type, id) 
        values
            (?, ?, ?, ?, ?, ?, ?, ?)
    2026-08-18T15:15:12.462+02:00 DEBUG 18700 --- [openex] [ool-1-thread-16] org.hibernate.SQL                        : 
        select
            t1_0.id,
            t1_0.buy_order_id,
            t1_0.executed_at,
            t1_0.price,
            t1_0.quantity,
            t1_0.sell_order_id,
            t1_0.symbol 
        from
            trades t1_0 
        where
            t1_0.id=?
    2026-08-18T15:15:12.463+02:00 DEBUG 18700 --- [openex] [pool-1-thread-7] org.hibernate.SQL                        : 
        update
            wallets 
        set
            account_id=?,
            asset=?,
            balance=?,
            reserved=?,
            updated_at=?,
            version=? 
        where
            id=? 
            and version=?
    2026-08-18T15:15:12.465+02:00 DEBUG 18700 --- [openex] [pool-1-thread-9] org.hibernate.SQL                        : 
        update
            wallets 
        set
            account_id=?,
            asset=?,
            balance=?,
            reserved=?,
            updated_at=?,
            version=? 
        where
            id=? 
            and version=?
    2026-08-18T15:15:12.467+02:00 DEBUG 18700 --- [openex] [ool-1-thread-16] org.hibernate.SQL                        : 
        select
            w1_0.id,
            w1_0.account_id,
            w1_0.asset,
            w1_0.balance,
            w1_0.reserved,
            w1_0.updated_at,
            w1_0.version 
        from
            wallets w1_0 
        where
            w1_0.account_id=? 
            and w1_0.asset=?
    2026-08-18T15:15:12.467+02:00 DEBUG 18700 --- [openex] [pool-1-thread-9] org.hibernate.SQL                        : 
        select
            w1_0.id,
            w1_0.account_id,
            w1_0.asset,
            w1_0.balance,
            w1_0.reserved,
            w1_0.updated_at,
            w1_0.version 
        from
            wallets w1_0 
        where
            w1_0.account_id=? 
            and w1_0.asset=?
    2026-08-18T15:15:12.469+02:00 DEBUG 18700 --- [openex] [pool-1-thread-9] org.hibernate.SQL                        : 
        select
            w1_0.id,
            w1_0.account_id,
            w1_0.asset,
            w1_0.balance,
            w1_0.reserved,
            w1_0.updated_at,
            w1_0.version 
        from
            wallets w1_0 
        where
            w1_0.id=?
    2026-08-18T15:15:12.471+02:00 DEBUG 18700 --- [openex] [ool-1-thread-16] org.hibernate.SQL                        : 
        insert 
        into
            trades
            (buy_order_id, executed_at, price, quantity, sell_order_id, symbol, id) 
        values
            (?, ?, ?, ?, ?, ?, ?)
    2026-08-18T15:15:12.472+02:00 DEBUG 18700 --- [openex] [pool-1-thread-9] org.hibernate.SQL                        : 
        select
            le1_0.id,
            le1_0.account_id,
            le1_0.amount,
            le1_0.asset,
            le1_0.created_at,
            le1_0.entry_type,
            le1_0.reference_id,
            le1_0.reference_type 
        from
            ledger_entries le1_0 
        where
            le1_0.id=?
    2026-08-18T15:15:12.473+02:00 DEBUG 18700 --- [openex] [ool-1-thread-16] org.hibernate.SQL                        : 
        update
            wallets 
        set
            account_id=?,
            asset=?,
            balance=?,
            reserved=?,
            updated_at=?,
            version=? 
        where
            id=? 
            and version=?
    2026-08-18T15:15:12.475+02:00 DEBUG 18700 --- [openex] [ool-1-thread-16] org.hibernate.SQL                        : 
        select
            w1_0.id,
            w1_0.account_id,
            w1_0.asset,
            w1_0.balance,
            w1_0.reserved,
            w1_0.updated_at,
            w1_0.version 
        from
            wallets w1_0 
        where
            w1_0.account_id=? 
            and w1_0.asset=?
    2026-08-18T15:15:12.476+02:00 DEBUG 18700 --- [openex] [ool-1-thread-16] org.hibernate.SQL                        : 
        select
            le1_0.id,
            le1_0.account_id,
            le1_0.amount,
            le1_0.asset,
            le1_0.created_at,
            le1_0.entry_type,
            le1_0.reference_id,
            le1_0.reference_type 
        from
            ledger_entries le1_0 
        where
            le1_0.id=?
    2026-08-18T15:15:12.478+02:00 DEBUG 18700 --- [openex] [ool-1-thread-16] org.hibernate.SQL                        : 
        select
            le1_0.id,
            le1_0.account_id,
            le1_0.amount,
            le1_0.asset,
            le1_0.created_at,
            le1_0.entry_type,
            le1_0.reference_id,
            le1_0.reference_type 
        from
            ledger_entries le1_0 
        where
            le1_0.id=?
    2026-08-18T15:15:12.481+02:00 DEBUG 18700 --- [openex] [ool-1-thread-16] org.hibernate.SQL                        : 
        insert 
        into
            ledger_entries
            (account_id, amount, asset, created_at, entry_type, reference_id, reference_type, id) 
        values
            (?, ?, ?, ?, ?, ?, ?, ?)
    2026-08-18T15:15:12.486+02:00 DEBUG 18700 --- [openex] [ool-1-thread-16] org.hibernate.SQL                        : 
        insert 
        into
            ledger_entries
            (account_id, amount, asset, created_at, entry_type, reference_id, reference_type, id) 
        values
            (?, ?, ?, ?, ?, ?, ?, ?)
    2026-08-18T15:15:12.487+02:00 DEBUG 18700 --- [openex] [ool-1-thread-16] org.hibernate.SQL                        : 
        update
            wallets 
        set
            account_id=?,
            asset=?,
            balance=?,
            reserved=?,
            updated_at=?,
            version=? 
        where
            id=? 
            and version=?
    2026-08-18T15:15:12.493+02:00 DEBUG 18700 --- [openex] [pool-1-thread-9] org.hibernate.SQL                        : 
        select
            le1_0.id,
            le1_0.account_id,
            le1_0.amount,
            le1_0.asset,
            le1_0.created_at,
            le1_0.entry_type,
            le1_0.reference_id,
            le1_0.reference_type 
        from
            ledger_entries le1_0 
        where
            le1_0.id=?
    2026-08-18T15:15:12.499+02:00 DEBUG 18700 --- [openex] [pool-1-thread-9] org.hibernate.SQL                        : 
        insert 
        into
            wallets
            (account_id, asset, balance, reserved, updated_at, version, id) 
        values
            (?, ?, ?, ?, ?, ?, ?)
    2026-08-18T15:15:12.500+02:00 DEBUG 18700 --- [openex] [pool-1-thread-9] org.hibernate.SQL                        : 
        insert 
        into
            ledger_entries
            (account_id, amount, asset, created_at, entry_type, reference_id, reference_type, id) 
        values
            (?, ?, ?, ?, ?, ?, ?, ?)
    2026-08-18T15:15:12.502+02:00 DEBUG 18700 --- [openex] [pool-1-thread-9] org.hibernate.SQL                        : 
        insert 
        into
            ledger_entries
            (account_id, amount, asset, created_at, entry_type, reference_id, reference_type, id) 
        values
            (?, ?, ?, ?, ?, ?, ?, ?)
    2026-08-18T15:15:12.503+02:00 DEBUG 18700 --- [openex] [pool-1-thread-9] org.hibernate.SQL                        : 
        update
            orders 
        set
            account_id=?,
            created_at=?,
            idempotency_key=?,
            price=?,
            quantity=?,
            remaining_quantity=?,
            side=?,
            status=?,
            symbol=?,
            type=?,
            updated_at=?,
            version=? 
        where
            id=? 
            and version=?
    2026-08-18T15:15:12.504+02:00 DEBUG 18700 --- [openex] [pool-1-thread-9] org.hibernate.SQL                        : 
        update
            orders 
        set
            account_id=?,
            created_at=?,
            idempotency_key=?,
            price=?,
            quantity=?,
            remaining_quantity=?,
            side=?,
            status=?,
            symbol=?,
            type=?,
            updated_at=?,
            version=? 
        where
            id=? 
            and version=?
    2026-08-18T15:15:12.506+02:00 DEBUG 18700 --- [openex] [pool-1-thread-9] org.hibernate.SQL                        : 
        select
            o1_0.id,
            o1_0.account_id,
            o1_0.created_at,
            o1_0.idempotency_key,
            o1_0.price,
            o1_0.quantity,
            o1_0.remaining_quantity,
            o1_0.side,
            o1_0.status,
            o1_0.symbol,
            o1_0.type,
            o1_0.updated_at,
            o1_0.version 
        from
            orders o1_0 
        where
            o1_0.symbol=? 
            and o1_0.status in (?, ?)
    2026-08-18T15:15:12.509+02:00  INFO 18700 --- [openex] [pool-1-thread-9] com.openex.core.service.OrderService     : Order matched: id=91a78f02-6bf3-4f55-9c6a-c942e29b57ab status=FILLED remaining=0
    2026-08-18T15:15:12.481+02:00 DEBUG 18700 --- [openex] [ool-1-thread-13] org.hibernate.SQL                        : 
        select
            o1_0.id,
            o1_0.account_id,
            o1_0.created_at,
            o1_0.idempotency_key,
            o1_0.price,
            o1_0.quantity,
            o1_0.remaining_quantity,
            o1_0.side,
            o1_0.status,
            o1_0.symbol,
            o1_0.type,
            o1_0.updated_at,
            o1_0.version 
        from
            orders o1_0 
        where
            o1_0.idempotency_key=?
    2026-08-18T15:15:12.513+02:00 DEBUG 18700 --- [openex] [ool-1-thread-13] org.hibernate.SQL                        : 
        select
            w1_0.id,
            w1_0.account_id,
            w1_0.asset,
            w1_0.balance,
            w1_0.reserved,
            w1_0.updated_at,
            w1_0.version 
        from
            wallets w1_0 
        where
            w1_0.account_id=? 
            and w1_0.asset=?
    2026-08-18T15:15:12.514+02:00 DEBUG 18700 --- [openex] [ool-1-thread-13] org.hibernate.SQL                        : 
        select
            o1_0.id,
            o1_0.account_id,
            o1_0.created_at,
            o1_0.idempotency_key,
            o1_0.price,
            o1_0.quantity,
            o1_0.remaining_quantity,
            o1_0.side,
            o1_0.status,
            o1_0.symbol,
            o1_0.type,
            o1_0.updated_at,
            o1_0.version 
        from
            orders o1_0 
        where
            o1_0.id=?
    2026-08-18T15:15:12.515+02:00  INFO 18700 --- [openex] [ool-1-thread-13] com.openex.core.service.OrderService     : Order placed: id=6f47150b-50cb-4425-abb6-f38b9c4eecdb account=27833e99-ba9c-4afd-96ee-f13b816a8fa2 BUY 1 STRf73b43d8-USD @ 10.00
    2026-08-18T15:15:12.516+02:00 DEBUG 18700 --- [openex] [ool-1-thread-13] org.hibernate.SQL                        : 
        insert 
        into
            orders
            (account_id, created_at, idempotency_key, price, quantity, remaining_quantity, side, status, symbol, type, updated_at, version, id) 
        values
            (?, ?, ?, ?, ?, ?, ?, ?, ?, ?, ?, ?, ?)
    2026-08-18T15:15:12.518+02:00 DEBUG 18700 --- [openex] [ool-1-thread-13] org.hibernate.SQL                        : 
        update
            wallets 
        set
            account_id=?,
            asset=?,
            balance=?,
            reserved=?,
            updated_at=?,
            version=? 
        where
            id=? 
            and version=?
    2026-08-18T15:15:12.519+02:00 DEBUG 18700 --- [openex] [ool-1-thread-13] org.hibernate.SQL                        : 
        select
            o1_0.id,
            o1_0.account_id,
            o1_0.created_at,
            o1_0.idempotency_key,
            o1_0.price,
            o1_0.quantity,
            o1_0.remaining_quantity,
            o1_0.side,
            o1_0.status,
            o1_0.symbol,
            o1_0.type,
            o1_0.updated_at,
            o1_0.version 
        from
            orders o1_0
    2026-08-18T15:15:12.524+02:00 DEBUG 18700 --- [openex] [ool-1-thread-13] org.hibernate.SQL                        : 
        select
            t1_0.id,
            t1_0.buy_order_id,
            t1_0.executed_at,
            t1_0.price,
            t1_0.quantity,
            t1_0.sell_order_id,
            t1_0.symbol 
        from
            trades t1_0 
        where
            t1_0.id=?
    2026-08-18T15:15:12.527+02:00 DEBUG 18700 --- [openex] [ool-1-thread-13] org.hibernate.SQL                        : 
        select
            w1_0.id,
            w1_0.account_id,
            w1_0.asset,
            w1_0.balance,
            w1_0.reserved,
            w1_0.updated_at,
            w1_0.version 
        from
            wallets w1_0 
        where
            w1_0.account_id=? 
            and w1_0.asset=?
    2026-08-18T15:15:12.530+02:00 DEBUG 18700 --- [openex] [ool-1-thread-13] org.hibernate.SQL                        : 
        insert 
        into
            trades
            (buy_order_id, executed_at, price, quantity, sell_order_id, symbol, id) 
        values
            (?, ?, ?, ?, ?, ?, ?)
    2026-08-18T15:15:12.483+02:00 DEBUG 18700 --- [openex] [ool-1-thread-17] org.hibernate.SQL                        : 
        select
            o1_0.id,
            o1_0.account_id,
            o1_0.created_at,
            o1_0.idempotency_key,
            o1_0.price,
            o1_0.quantity,
            o1_0.remaining_quantity,
            o1_0.side,
            o1_0.status,
            o1_0.symbol,
            o1_0.type,
            o1_0.updated_at,
            o1_0.version 
        from
            orders o1_0 
        where
            o1_0.idempotency_key=?
    2026-08-18T15:15:12.532+02:00 DEBUG 18700 --- [openex] [ool-1-thread-13] org.hibernate.SQL                        : 
        update
            wallets 
        set
            account_id=?,
            asset=?,
            balance=?,
            reserved=?,
            updated_at=?,
            version=? 
        where
            id=? 
            and version=?
    2026-08-18T15:15:12.533+02:00 DEBUG 18700 --- [openex] [ool-1-thread-13] org.hibernate.SQL                        : 
        select
            w1_0.id,
            w1_0.account_id,
            w1_0.asset,
            w1_0.balance,
            w1_0.reserved,
            w1_0.updated_at,
            w1_0.version 
        from
            wallets w1_0 
        where
            w1_0.account_id=? 
            and w1_0.asset=?
    2026-08-18T15:15:12.535+02:00 DEBUG 18700 --- [openex] [ool-1-thread-13] org.hibernate.SQL                        : 
        select
            le1_0.id,
            le1_0.account_id,
            le1_0.amount,
            le1_0.asset,
            le1_0.created_at,
            le1_0.entry_type,
            le1_0.reference_id,
            le1_0.reference_type 
        from
            ledger_entries le1_0 
        where
            le1_0.id=?
    2026-08-18T15:15:12.536+02:00 DEBUG 18700 --- [openex] [ool-1-thread-13] org.hibernate.SQL                        : 
        select
            le1_0.id,
            le1_0.account_id,
            le1_0.amount,
            le1_0.asset,
            le1_0.created_at,
            le1_0.entry_type,
            le1_0.reference_id,
            le1_0.reference_type 
        from
            ledger_entries le1_0 
        where
            le1_0.id=?
    2026-08-18T15:15:12.539+02:00 DEBUG 18700 --- [openex] [ool-1-thread-13] org.hibernate.SQL                        : 
        insert 
        into
            ledger_entries
            (account_id, amount, asset, created_at, entry_type, reference_id, reference_type, id) 
        values
            (?, ?, ?, ?, ?, ?, ?, ?)
    2026-08-18T15:15:12.540+02:00 DEBUG 18700 --- [openex] [ool-1-thread-13] org.hibernate.SQL                        : 
        insert 
        into
            ledger_entries
            (account_id, amount, asset, created_at, entry_type, reference_id, reference_type, id) 
        values
            (?, ?, ?, ?, ?, ?, ?, ?)
    2026-08-18T15:15:12.541+02:00 DEBUG 18700 --- [openex] [ool-1-thread-13] org.hibernate.SQL                        : 
        update
            wallets 
        set
            account_id=?,
            asset=?,
            balance=?,
            reserved=?,
            updated_at=?,
            version=? 
        where
            id=? 
            and version=?
    2026-08-18T15:15:12.542+02:00 DEBUG 18700 --- [openex] [ool-1-thread-13] org.hibernate.SQL                        : 
        select
            w1_0.id,
            w1_0.account_id,
            w1_0.asset,
            w1_0.balance,
            w1_0.reserved,
            w1_0.updated_at,
            w1_0.version 
        from
            wallets w1_0 
        where
            w1_0.account_id=? 
            and w1_0.asset=?
    2026-08-18T15:15:12.545+02:00 DEBUG 18700 --- [openex] [ool-1-thread-13] org.hibernate.SQL                        : 
        update
            wallets 
        set
            account_id=?,
            asset=?,
            balance=?,
            reserved=?,
            updated_at=?,
            version=? 
        where
            id=? 
            and version=?
    2026-08-18T15:15:12.546+02:00 DEBUG 18700 --- [openex] [ool-1-thread-13] org.hibernate.SQL                        : 
        select
            w1_0.id,
            w1_0.account_id,
            w1_0.asset,
            w1_0.balance,
            w1_0.reserved,
            w1_0.updated_at,
            w1_0.version 
        from
            wallets w1_0 
        where
            w1_0.account_id=? 
            and w1_0.asset=?
    2026-08-18T15:15:12.547+02:00 DEBUG 18700 --- [openex] [ool-1-thread-13] org.hibernate.SQL                        : 
        select
            w1_0.id,
            w1_0.account_id,
            w1_0.asset,
            w1_0.balance,
            w1_0.reserved,
            w1_0.updated_at,
            w1_0.version 
        from
            wallets w1_0 
        where
            w1_0.id=?
    2026-08-18T15:15:12.548+02:00 DEBUG 18700 --- [openex] [ool-1-thread-13] org.hibernate.SQL                        : 
        select
            le1_0.id,
            le1_0.account_id,
            le1_0.amount,
            le1_0.asset,
            le1_0.created_at,
            le1_0.entry_type,
            le1_0.reference_id,
            le1_0.reference_type 
        from
            ledger_entries le1_0 
        where
            le1_0.id=?
    2026-08-18T15:15:12.549+02:00 DEBUG 18700 --- [openex] [ool-1-thread-13] org.hibernate.SQL                        : 
        select
            le1_0.id,
            le1_0.account_id,
            le1_0.amount,
            le1_0.asset,
            le1_0.created_at,
            le1_0.entry_type,
            le1_0.reference_id,
            le1_0.reference_type 
        from
            ledger_entries le1_0 
        where
            le1_0.id=?
    2026-08-18T15:15:12.552+02:00 DEBUG 18700 --- [openex] [ool-1-thread-13] org.hibernate.SQL                        : 
        insert 
        into
            wallets
            (account_id, asset, balance, reserved, updated_at, version, id) 
        values
            (?, ?, ?, ?, ?, ?, ?)
    2026-08-18T15:15:12.555+02:00 DEBUG 18700 --- [openex] [ool-1-thread-17] org.hibernate.SQL                        : 
        select
            w1_0.id,
            w1_0.account_id,
            w1_0.asset,
            w1_0.balance,
            w1_0.reserved,
            w1_0.updated_at,
            w1_0.version 
        from
            wallets w1_0 
        where
            w1_0.account_id=? 
            and w1_0.asset=?
    2026-08-18T15:15:12.555+02:00 DEBUG 18700 --- [openex] [ool-1-thread-13] org.hibernate.SQL                        : 
        insert 
        into
            ledger_entries
            (account_id, amount, asset, created_at, entry_type, reference_id, reference_type, id) 
        values
            (?, ?, ?, ?, ?, ?, ?, ?)
    2026-08-18T15:15:12.556+02:00 DEBUG 18700 --- [openex] [ool-1-thread-17] org.hibernate.SQL                        : 
        select
            o1_0.id,
            o1_0.account_id,
            o1_0.created_at,
            o1_0.idempotency_key,
            o1_0.price,
            o1_0.quantity,
            o1_0.remaining_quantity,
            o1_0.side,
            o1_0.status,
            o1_0.symbol,
            o1_0.type,
            o1_0.updated_at,
            o1_0.version 
        from
            orders o1_0 
        where
            o1_0.id=?
    2026-08-18T15:15:12.557+02:00 DEBUG 18700 --- [openex] [ool-1-thread-13] org.hibernate.SQL                        : 
        insert 
        into
            ledger_entries
            (account_id, amount, asset, created_at, entry_type, reference_id, reference_type, id) 
        values
            (?, ?, ?, ?, ?, ?, ?, ?)
    2026-08-18T15:15:12.557+02:00  INFO 18700 --- [openex] [ool-1-thread-17] com.openex.core.service.OrderService     : Order placed: id=f797c4cb-bc6a-47ac-81e7-70fb12e1d110 account=a5bd54b7-796e-4d11-af25-ba17555d610f BUY 1 STRf73b43d8-USD @ 10.00
    2026-08-18T15:15:12.558+02:00 DEBUG 18700 --- [openex] [ool-1-thread-17] org.hibernate.SQL                        : 
        insert 
        into
            orders
            (account_id, created_at, idempotency_key, price, quantity, remaining_quantity, side, status, symbol, type, updated_at, version, id) 
        values
            (?, ?, ?, ?, ?, ?, ?, ?, ?, ?, ?, ?, ?)
    2026-08-18T15:15:12.559+02:00 DEBUG 18700 --- [openex] [ool-1-thread-13] org.hibernate.SQL                        : 
        update
            orders 
        set
            account_id=?,
            created_at=?,
            idempotency_key=?,
            price=?,
            quantity=?,
            remaining_quantity=?,
            side=?,
            status=?,
            symbol=?,
            type=?,
            updated_at=?,
            version=? 
        where
            id=? 
            and version=?
    2026-08-18T15:15:12.559+02:00 DEBUG 18700 --- [openex] [ool-1-thread-17] org.hibernate.SQL                        : 
        update
            wallets 
        set
            account_id=?,
            asset=?,
            balance=?,
            reserved=?,
            updated_at=?,
            version=? 
        where
            id=? 
            and version=?
    2026-08-18T15:15:12.560+02:00 DEBUG 18700 --- [openex] [ool-1-thread-17] org.hibernate.SQL                        : 
        select
            o1_0.id,
            o1_0.account_id,
            o1_0.created_at,
            o1_0.idempotency_key,
            o1_0.price,
            o1_0.quantity,
            o1_0.remaining_quantity,
            o1_0.side,
            o1_0.status,
            o1_0.symbol,
            o1_0.type,
            o1_0.updated_at,
            o1_0.version 
        from
            orders o1_0
    2026-08-18T15:15:12.562+02:00 DEBUG 18700 --- [openex] [ool-1-thread-13] org.hibernate.SQL                        : 
        update
            orders 
        set
            account_id=?,
            created_at=?,
            idempotency_key=?,
            price=?,
            quantity=?,
            remaining_quantity=?,
            side=?,
            status=?,
            symbol=?,
            type=?,
            updated_at=?,
            version=? 
        where
            id=? 
            and version=?
    2026-08-18T15:15:12.563+02:00 DEBUG 18700 --- [openex] [ool-1-thread-13] org.hibernate.SQL                        : 
        select
            o1_0.id,
            o1_0.account_id,
            o1_0.created_at,
            o1_0.idempotency_key,
            o1_0.price,
            o1_0.quantity,
            o1_0.remaining_quantity,
            o1_0.side,
            o1_0.status,
            o1_0.symbol,
            o1_0.type,
            o1_0.updated_at,
            o1_0.version 
        from
            orders o1_0 
        where
            o1_0.symbol=? 
            and o1_0.status in (?, ?)
    2026-08-18T15:15:12.564+02:00 DEBUG 18700 --- [openex] [ool-1-thread-17] org.hibernate.SQL                        : 
        select
            t1_0.id,
            t1_0.buy_order_id,
            t1_0.executed_at,
            t1_0.price,
            t1_0.quantity,
            t1_0.sell_order_id,
            t1_0.symbol 
        from
            trades t1_0 
        where
            t1_0.id=?
    2026-08-18T15:15:12.565+02:00  INFO 18700 --- [openex] [ool-1-thread-13] com.openex.core.service.OrderService     : Order matched: id=6f47150b-50cb-4425-abb6-f38b9c4eecdb status=FILLED remaining=0
    2026-08-18T15:15:12.567+02:00 DEBUG 18700 --- [openex] [ool-1-thread-17] org.hibernate.SQL                        : 
        select
            w1_0.id,
            w1_0.account_id,
            w1_0.asset,
            w1_0.balance,
            w1_0.reserved,
            w1_0.updated_at,
            w1_0.version 
        from
            wallets w1_0 
        where
            w1_0.account_id=? 
            and w1_0.asset=?
    2026-08-18T15:15:12.569+02:00 DEBUG 18700 --- [openex] [ool-1-thread-17] org.hibernate.SQL                        : 
        insert 
        into
            trades
            (buy_order_id, executed_at, price, quantity, sell_order_id, symbol, id) 
        values
            (?, ?, ?, ?, ?, ?, ?)
    2026-08-18T15:15:12.571+02:00 DEBUG 18700 --- [openex] [ool-1-thread-17] org.hibernate.SQL                        : 
        update
            wallets 
        set
            account_id=?,
            asset=?,
            balance=?,
            reserved=?,
            updated_at=?,
            version=? 
        where
            id=? 
            and version=?
    2026-08-18T15:15:12.572+02:00 DEBUG 18700 --- [openex] [ool-1-thread-17] org.hibernate.SQL                        : 
        select
            w1_0.id,
            w1_0.account_id,
            w1_0.asset,
            w1_0.balance,
            w1_0.reserved,
            w1_0.updated_at,
            w1_0.version 
        from
            wallets w1_0 
        where
            w1_0.account_id=? 
            and w1_0.asset=?
    2026-08-18T15:15:12.575+02:00 DEBUG 18700 --- [openex] [ool-1-thread-17] org.hibernate.SQL                        : 
        select
            le1_0.id,
            le1_0.account_id,
            le1_0.amount,
            le1_0.asset,
            le1_0.created_at,
            le1_0.entry_type,
            le1_0.reference_id,
            le1_0.reference_type 
        from
            ledger_entries le1_0 
        where
            le1_0.id=?
    2026-08-18T15:15:12.576+02:00 DEBUG 18700 --- [openex] [ool-1-thread-17] org.hibernate.SQL                        : 
        select
            le1_0.id,
            le1_0.account_id,
            le1_0.amount,
            le1_0.asset,
            le1_0.created_at,
            le1_0.entry_type,
            le1_0.reference_id,
            le1_0.reference_type 
        from
            ledger_entries le1_0 
        where
            le1_0.id=?
    2026-08-18T15:15:12.579+02:00 DEBUG 18700 --- [openex] [ool-1-thread-17] org.hibernate.SQL                        : 
        insert 
        into
            ledger_entries
            (account_id, amount, asset, created_at, entry_type, reference_id, reference_type, id) 
        values
            (?, ?, ?, ?, ?, ?, ?, ?)
    2026-08-18T15:15:12.581+02:00 DEBUG 18700 --- [openex] [ool-1-thread-17] org.hibernate.SQL                        : 
        insert 
        into
            ledger_entries
            (account_id, amount, asset, created_at, entry_type, reference_id, reference_type, id) 
        values
            (?, ?, ?, ?, ?, ?, ?, ?)
    2026-08-18T15:15:12.582+02:00 DEBUG 18700 --- [openex] [ool-1-thread-17] org.hibernate.SQL                        : 
        update
            wallets 
        set
            account_id=?,
            asset=?,
            balance=?,
            reserved=?,
            updated_at=?,
            version=? 
        where
            id=? 
            and version=?
    2026-08-18T15:15:12.585+02:00 DEBUG 18700 --- [openex] [ool-1-thread-17] org.hibernate.SQL                        : 
        select
            w1_0.id,
            w1_0.account_id,
            w1_0.asset,
            w1_0.balance,
            w1_0.reserved,
            w1_0.updated_at,
            w1_0.version 
        from
            wallets w1_0 
        where
            w1_0.account_id=? 
            and w1_0.asset=?
    2026-08-18T15:15:12.588+02:00 DEBUG 18700 --- [openex] [ool-1-thread-17] org.hibernate.SQL                        : 
        update
            wallets 
        set
            account_id=?,
            asset=?,
            balance=?,
            reserved=?,
            updated_at=?,
            version=? 
        where
            id=? 
            and version=?
    2026-08-18T15:15:12.589+02:00 DEBUG 18700 --- [openex] [ool-1-thread-17] org.hibernate.SQL                        : 
        select
            w1_0.id,
            w1_0.account_id,
            w1_0.asset,
            w1_0.balance,
            w1_0.reserved,
            w1_0.updated_at,
            w1_0.version 
        from
            wallets w1_0 
        where
            w1_0.account_id=? 
            and w1_0.asset=?
    2026-08-18T15:15:12.590+02:00 DEBUG 18700 --- [openex] [ool-1-thread-17] org.hibernate.SQL                        : 
        select
            w1_0.id,
            w1_0.account_id,
            w1_0.asset,
            w1_0.balance,
            w1_0.reserved,
            w1_0.updated_at,
            w1_0.version 
        from
            wallets w1_0 
        where
            w1_0.id=?
    2026-08-18T15:15:12.591+02:00 DEBUG 18700 --- [openex] [ool-1-thread-20] org.hibernate.SQL                        : 
        select
            o1_0.id,
            o1_0.account_id,
            o1_0.created_at,
            o1_0.idempotency_key,
            o1_0.price,
            o1_0.quantity,
            o1_0.remaining_quantity,
            o1_0.side,
            o1_0.status,
            o1_0.symbol,
            o1_0.type,
            o1_0.updated_at,
            o1_0.version 
        from
            orders o1_0 
        where
            o1_0.idempotency_key=?
    2026-08-18T15:15:12.591+02:00 DEBUG 18700 --- [openex] [ool-1-thread-17] org.hibernate.SQL                        : 
        select
            le1_0.id,
            le1_0.account_id,
            le1_0.amount,
            le1_0.asset,
            le1_0.created_at,
            le1_0.entry_type,
            le1_0.reference_id,
            le1_0.reference_type 
        from
            ledger_entries le1_0 
        where
            le1_0.id=?
    2026-08-18T15:15:12.593+02:00 DEBUG 18700 --- [openex] [ool-1-thread-17] org.hibernate.SQL                        : 
        select
            le1_0.id,
            le1_0.account_id,
            le1_0.amount,
            le1_0.asset,
            le1_0.created_at,
            le1_0.entry_type,
            le1_0.reference_id,
            le1_0.reference_type 
        from
            ledger_entries le1_0 
        where
            le1_0.id=?
    2026-08-18T15:15:12.594+02:00 DEBUG 18700 --- [openex] [ool-1-thread-20] org.hibernate.SQL                        : 
        select
            w1_0.id,
            w1_0.account_id,
            w1_0.asset,
            w1_0.balance,
            w1_0.reserved,
            w1_0.updated_at,
            w1_0.version 
        from
            wallets w1_0 
        where
            w1_0.account_id=? 
            and w1_0.asset=?
    2026-08-18T15:15:12.597+02:00 DEBUG 18700 --- [openex] [ool-1-thread-17] org.hibernate.SQL                        : 
        insert 
        into
            wallets
            (account_id, asset, balance, reserved, updated_at, version, id) 
        values
            (?, ?, ?, ?, ?, ?, ?)
    2026-08-18T15:15:12.597+02:00 DEBUG 18700 --- [openex] [ool-1-thread-20] org.hibernate.SQL                        : 
        select
            o1_0.id,
            o1_0.account_id,
            o1_0.created_at,
            o1_0.idempotency_key,
            o1_0.price,
            o1_0.quantity,
            o1_0.remaining_quantity,
            o1_0.side,
            o1_0.status,
            o1_0.symbol,
            o1_0.type,
            o1_0.updated_at,
            o1_0.version 
        from
            orders o1_0 
        where
            o1_0.id=?
    2026-08-18T15:15:12.599+02:00 DEBUG 18700 --- [openex] [ool-1-thread-17] org.hibernate.SQL                        : 
        insert 
        into
            ledger_entries
            (account_id, amount, asset, created_at, entry_type, reference_id, reference_type, id) 
        values
            (?, ?, ?, ?, ?, ?, ?, ?)
    2026-08-18T15:15:12.599+02:00  INFO 18700 --- [openex] [ool-1-thread-20] com.openex.core.service.OrderService     : Order placed: id=a79edb88-400e-4f6a-bc4f-1a1e5a52b3c9 account=7d94d066-27e7-41e2-b4b0-bf7c05f33c59 BUY 1 STRf73b43d8-USD @ 10.00
    2026-08-18T15:15:12.600+02:00 DEBUG 18700 --- [openex] [ool-1-thread-20] org.hibernate.SQL                        : 
        insert 
        into
            orders
            (account_id, created_at, idempotency_key, price, quantity, remaining_quantity, side, status, symbol, type, updated_at, version, id) 
        values
            (?, ?, ?, ?, ?, ?, ?, ?, ?, ?, ?, ?, ?)
    2026-08-18T15:15:12.601+02:00 DEBUG 18700 --- [openex] [ool-1-thread-17] org.hibernate.SQL                        : 
        insert 
        into
            ledger_entries
            (account_id, amount, asset, created_at, entry_type, reference_id, reference_type, id) 
        values
            (?, ?, ?, ?, ?, ?, ?, ?)
    2026-08-18T15:15:12.601+02:00 DEBUG 18700 --- [openex] [ool-1-thread-19] org.hibernate.SQL                        : 
        select
            o1_0.id,
            o1_0.account_id,
            o1_0.created_at,
            o1_0.idempotency_key,
            o1_0.price,
            o1_0.quantity,
            o1_0.remaining_quantity,
            o1_0.side,
            o1_0.status,
            o1_0.symbol,
            o1_0.type,
            o1_0.updated_at,
            o1_0.version 
        from
            orders o1_0 
        where
            o1_0.idempotency_key=?
    2026-08-18T15:15:12.602+02:00 DEBUG 18700 --- [openex] [ool-1-thread-17] org.hibernate.SQL                        : 
        update
            orders 
        set
            account_id=?,
            created_at=?,
            idempotency_key=?,
            price=?,
            quantity=?,
            remaining_quantity=?,
            side=?,
            status=?,
            symbol=?,
            type=?,
            updated_at=?,
            version=? 
        where
            id=? 
            and version=?
    2026-08-18T15:15:12.602+02:00 DEBUG 18700 --- [openex] [ool-1-thread-20] org.hibernate.SQL                        : 
        update
            wallets 
        set
            account_id=?,
            asset=?,
            balance=?,
            reserved=?,
            updated_at=?,
            version=? 
        where
            id=? 
            and version=?
    2026-08-18T15:15:12.604+02:00 DEBUG 18700 --- [openex] [ool-1-thread-19] org.hibernate.SQL                        : 
        select
            w1_0.id,
            w1_0.account_id,
            w1_0.asset,
            w1_0.balance,
            w1_0.reserved,
            w1_0.updated_at,
            w1_0.version 
        from
            wallets w1_0 
        where
            w1_0.account_id=? 
            and w1_0.asset=?
    2026-08-18T15:15:12.605+02:00 DEBUG 18700 --- [openex] [ool-1-thread-20] org.hibernate.SQL                        : 
        select
            o1_0.id,
            o1_0.account_id,
            o1_0.created_at,
            o1_0.idempotency_key,
            o1_0.price,
            o1_0.quantity,
            o1_0.remaining_quantity,
            o1_0.side,
            o1_0.status,
            o1_0.symbol,
            o1_0.type,
            o1_0.updated_at,
            o1_0.version 
        from
            orders o1_0
    2026-08-18T15:15:12.606+02:00 DEBUG 18700 --- [openex] [ool-1-thread-19] org.hibernate.SQL                        : 
        select
            o1_0.id,
            o1_0.account_id,
            o1_0.created_at,
            o1_0.idempotency_key,
            o1_0.price,
            o1_0.quantity,
            o1_0.remaining_quantity,
            o1_0.side,
            o1_0.status,
            o1_0.symbol,
            o1_0.type,
            o1_0.updated_at,
            o1_0.version 
        from
            orders o1_0 
        where
            o1_0.id=?
    2026-08-18T15:15:12.607+02:00  INFO 18700 --- [openex] [ool-1-thread-19] com.openex.core.service.OrderService     : Order placed: id=6045adf1-ff4c-4887-bf04-7641d74b91eb account=b28873a4-015d-4581-9aea-8327e59c2624 BUY 1 STRf73b43d8-USD @ 10.00
    2026-08-18T15:15:12.608+02:00 DEBUG 18700 --- [openex] [ool-1-thread-19] org.hibernate.SQL                        : 
        insert 
        into
            orders
            (account_id, created_at, idempotency_key, price, quantity, remaining_quantity, side, status, symbol, type, updated_at, version, id) 
        values
            (?, ?, ?, ?, ?, ?, ?, ?, ?, ?, ?, ?, ?)
    2026-08-18T15:15:12.609+02:00 DEBUG 18700 --- [openex] [ool-1-thread-19] org.hibernate.SQL                        : 
        update
            wallets 
        set
            account_id=?,
            asset=?,
            balance=?,
            reserved=?,
            updated_at=?,
            version=? 
        where
            id=? 
            and version=?
    2026-08-18T15:15:12.610+02:00 DEBUG 18700 --- [openex] [ool-1-thread-19] org.hibernate.SQL                        : 
        select
            o1_0.id,
            o1_0.account_id,
            o1_0.created_at,
            o1_0.idempotency_key,
            o1_0.price,
            o1_0.quantity,
            o1_0.remaining_quantity,
            o1_0.side,
            o1_0.status,
            o1_0.symbol,
            o1_0.type,
            o1_0.updated_at,
            o1_0.version 
        from
            orders o1_0
    2026-08-18T15:15:12.612+02:00 DEBUG 18700 --- [openex] [ool-1-thread-10] org.hibernate.SQL                        : 
        select
            o1_0.id,
            o1_0.account_id,
            o1_0.created_at,
            o1_0.idempotency_key,
            o1_0.price,
            o1_0.quantity,
            o1_0.remaining_quantity,
            o1_0.side,
            o1_0.status,
            o1_0.symbol,
            o1_0.type,
            o1_0.updated_at,
            o1_0.version 
        from
            orders o1_0 
        where
            o1_0.idempotency_key=?
    2026-08-18T15:15:12.614+02:00 DEBUG 18700 --- [openex] [ool-1-thread-10] org.hibernate.SQL                        : 
        select
            w1_0.id,
            w1_0.account_id,
            w1_0.asset,
            w1_0.balance,
            w1_0.reserved,
            w1_0.updated_at,
            w1_0.version 
        from
            wallets w1_0 
        where
            w1_0.account_id=? 
            and w1_0.asset=?
    2026-08-18T15:15:12.615+02:00 DEBUG 18700 --- [openex] [ool-1-thread-10] org.hibernate.SQL                        : 
        select
            o1_0.id,
            o1_0.account_id,
            o1_0.created_at,
            o1_0.idempotency_key,
            o1_0.price,
            o1_0.quantity,
            o1_0.remaining_quantity,
            o1_0.side,
            o1_0.status,
            o1_0.symbol,
            o1_0.type,
            o1_0.updated_at,
            o1_0.version 
        from
            orders o1_0 
        where
            o1_0.id=?
    2026-08-18T15:15:12.617+02:00  INFO 18700 --- [openex] [ool-1-thread-10] com.openex.core.service.OrderService     : Order placed: id=7ac0f226-e230-42ca-b9e0-01d775659920 account=5973bd45-0e4f-4d65-9626-d31a2114d19c BUY 1 STRf73b43d8-USD @ 10.00
    2026-08-18T15:15:12.618+02:00 DEBUG 18700 --- [openex] [ool-1-thread-10] org.hibernate.SQL                        : 
        insert 
        into
            orders
            (account_id, created_at, idempotency_key, price, quantity, remaining_quantity, side, status, symbol, type, updated_at, version, id) 
        values
            (?, ?, ?, ?, ?, ?, ?, ?, ?, ?, ?, ?, ?)
    2026-08-18T15:15:12.620+02:00 DEBUG 18700 --- [openex] [ool-1-thread-10] org.hibernate.SQL                        : 
        update
            wallets 
        set
            account_id=?,
            asset=?,
            balance=?,
            reserved=?,
            updated_at=?,
            version=? 
        where
            id=? 
            and version=?
    2026-08-18T15:15:12.621+02:00 DEBUG 18700 --- [openex] [ool-1-thread-10] org.hibernate.SQL                        : 
        select
            o1_0.id,
            o1_0.account_id,
            o1_0.created_at,
            o1_0.idempotency_key,
            o1_0.price,
            o1_0.quantity,
            o1_0.remaining_quantity,
            o1_0.side,
            o1_0.status,
            o1_0.symbol,
            o1_0.type,
            o1_0.updated_at,
            o1_0.version 
        from
            orders o1_0
    2026-08-18T15:15:12.624+02:00 DEBUG 18700 --- [openex] [pool-1-thread-5] org.hibernate.SQL                        : 
        select
            o1_0.id,
            o1_0.account_id,
            o1_0.created_at,
            o1_0.idempotency_key,
            o1_0.price,
            o1_0.quantity,
            o1_0.remaining_quantity,
            o1_0.side,
            o1_0.status,
            o1_0.symbol,
            o1_0.type,
            o1_0.updated_at,
            o1_0.version 
        from
            orders o1_0 
        where
            o1_0.idempotency_key=?
    2026-08-18T15:15:12.626+02:00 DEBUG 18700 --- [openex] [pool-1-thread-5] org.hibernate.SQL                        : 
        select
            w1_0.id,
            w1_0.account_id,
            w1_0.asset,
            w1_0.balance,
            w1_0.reserved,
            w1_0.updated_at,
            w1_0.version 
        from
            wallets w1_0 
        where
            w1_0.account_id=? 
            and w1_0.asset=?
    2026-08-18T15:15:12.627+02:00 DEBUG 18700 --- [openex] [pool-1-thread-5] org.hibernate.SQL                        : 
        select
            o1_0.id,
            o1_0.account_id,
            o1_0.created_at,
            o1_0.idempotency_key,
            o1_0.price,
            o1_0.quantity,
            o1_0.remaining_quantity,
            o1_0.side,
            o1_0.status,
            o1_0.symbol,
            o1_0.type,
            o1_0.updated_at,
            o1_0.version 
        from
            orders o1_0 
        where
            o1_0.id=?
    2026-08-18T15:15:12.628+02:00  INFO 18700 --- [openex] [pool-1-thread-5] com.openex.core.service.OrderService     : Order placed: id=e4d2703b-061b-4be5-bd78-b687710953a3 account=86982122-f4db-4b86-b67c-05d977b38ac0 BUY 1 STRf73b43d8-USD @ 10.00
    2026-08-18T15:15:12.629+02:00 DEBUG 18700 --- [openex] [pool-1-thread-5] org.hibernate.SQL                        : 
        insert 
        into
            orders
            (account_id, created_at, idempotency_key, price, quantity, remaining_quantity, side, status, symbol, type, updated_at, version, id) 
        values
            (?, ?, ?, ?, ?, ?, ?, ?, ?, ?, ?, ?, ?)
    2026-08-18T15:15:12.631+02:00 DEBUG 18700 --- [openex] [pool-1-thread-5] org.hibernate.SQL                        : 
        update
            wallets 
        set
            account_id=?,
            asset=?,
            balance=?,
            reserved=?,
            updated_at=?,
            version=? 
        where
            id=? 
            and version=?
    2026-08-18T15:15:12.632+02:00 DEBUG 18700 --- [openex] [pool-1-thread-5] org.hibernate.SQL                        : 
        select
            o1_0.id,
            o1_0.account_id,
            o1_0.created_at,
            o1_0.idempotency_key,
            o1_0.price,
            o1_0.quantity,
            o1_0.remaining_quantity,
            o1_0.side,
            o1_0.status,
            o1_0.symbol,
            o1_0.type,
            o1_0.updated_at,
            o1_0.version 
        from
            orders o1_0
    2026-08-18T15:15:12.642+02:00 DEBUG 18700 --- [openex] [pool-1-thread-4] org.hibernate.SQL                        : 
        select
            o1_0.id,
            o1_0.account_id,
            o1_0.created_at,
            o1_0.idempotency_key,
            o1_0.price,
            o1_0.quantity,
            o1_0.remaining_quantity,
            o1_0.side,
            o1_0.status,
            o1_0.symbol,
            o1_0.type,
            o1_0.updated_at,
            o1_0.version 
        from
            orders o1_0 
        where
            o1_0.idempotency_key=?
    2026-08-18T15:15:12.645+02:00 DEBUG 18700 --- [openex] [pool-1-thread-4] org.hibernate.SQL                        : 
        select
            w1_0.id,
            w1_0.account_id,
            w1_0.asset,
            w1_0.balance,
            w1_0.reserved,
            w1_0.updated_at,
            w1_0.version 
        from
            wallets w1_0 
        where
            w1_0.account_id=? 
            and w1_0.asset=?
    2026-08-18T15:15:12.646+02:00 DEBUG 18700 --- [openex] [pool-1-thread-4] org.hibernate.SQL                        : 
        select
            o1_0.id,
            o1_0.account_id,
            o1_0.created_at,
            o1_0.idempotency_key,
            o1_0.price,
            o1_0.quantity,
            o1_0.remaining_quantity,
            o1_0.side,
            o1_0.status,
            o1_0.symbol,
            o1_0.type,
            o1_0.updated_at,
            o1_0.version 
        from
            orders o1_0 
        where
            o1_0.id=?
    2026-08-18T15:15:12.647+02:00  INFO 18700 --- [openex] [pool-1-thread-4] com.openex.core.service.OrderService     : Order placed: id=59a1ea62-a495-4bd9-b7b2-e0e066ae9690 account=f4edd9be-9e67-4002-99ef-520e023742e9 BUY 1 STRf73b43d8-USD @ 10.00
    2026-08-18T15:15:12.649+02:00 DEBUG 18700 --- [openex] [pool-1-thread-4] org.hibernate.SQL                        : 
        insert 
        into
            orders
            (account_id, created_at, idempotency_key, price, quantity, remaining_quantity, side, status, symbol, type, updated_at, version, id) 
        values
            (?, ?, ?, ?, ?, ?, ?, ?, ?, ?, ?, ?, ?)
    2026-08-18T15:15:12.650+02:00 DEBUG 18700 --- [openex] [pool-1-thread-4] org.hibernate.SQL                        : 
        update
            wallets 
        set
            account_id=?,
            asset=?,
            balance=?,
            reserved=?,
            updated_at=?,
            version=? 
        where
            id=? 
            and version=?
    2026-08-18T15:15:12.651+02:00 DEBUG 18700 --- [openex] [pool-1-thread-4] org.hibernate.SQL                        : 
        select
            o1_0.id,
            o1_0.account_id,
            o1_0.created_at,
            o1_0.idempotency_key,
            o1_0.price,
            o1_0.quantity,
            o1_0.remaining_quantity,
            o1_0.side,
            o1_0.status,
            o1_0.symbol,
            o1_0.type,
            o1_0.updated_at,
            o1_0.version 
        from
            orders o1_0
    2026-08-18T15:15:12.666+02:00 DEBUG 18700 --- [openex] [ool-1-thread-15] org.hibernate.SQL                        : 
        update
            wallets 
        set
            account_id=?,
            asset=?,
            balance=?,
            reserved=?,
            updated_at=?,
            version=? 
        where
            id=? 
            and version=?
    2026-08-18T15:15:12.668+02:00 DEBUG 18700 --- [openex] [ool-1-thread-15] org.hibernate.SQL                        : 
        select
            o1_0.id,
            o1_0.account_id,
            o1_0.created_at,
            o1_0.idempotency_key,
            o1_0.price,
            o1_0.quantity,
            o1_0.remaining_quantity,
            o1_0.side,
            o1_0.status,
            o1_0.symbol,
            o1_0.type,
            o1_0.updated_at,
            o1_0.version 
        from
            orders o1_0
    2026-08-18T15:15:12.678+02:00 DEBUG 18700 --- [openex] [ool-1-thread-19] org.hibernate.SQL                        : 
        select
            t1_0.id,
            t1_0.buy_order_id,
            t1_0.executed_at,
            t1_0.price,
            t1_0.quantity,
            t1_0.sell_order_id,
            t1_0.symbol 
        from
            trades t1_0 
        where
            t1_0.id=?
    2026-08-18T15:15:12.679+02:00 DEBUG 18700 --- [openex] [ool-1-thread-20] org.hibernate.SQL                        : 
        select
            t1_0.id,
            t1_0.buy_order_id,
            t1_0.executed_at,
            t1_0.price,
            t1_0.quantity,
            t1_0.sell_order_id,
            t1_0.symbol 
        from
            trades t1_0 
        where
            t1_0.id=?
    2026-08-18T15:15:12.681+02:00 DEBUG 18700 --- [openex] [ool-1-thread-10] org.hibernate.SQL                        : 
        select
            t1_0.id,
            t1_0.buy_order_id,
            t1_0.executed_at,
            t1_0.price,
            t1_0.quantity,
            t1_0.sell_order_id,
            t1_0.symbol 
        from
            trades t1_0 
        where
            t1_0.id=?
    2026-08-18T15:15:12.682+02:00 DEBUG 18700 --- [openex] [ool-1-thread-19] org.hibernate.SQL                        : 
        select
            w1_0.id,
            w1_0.account_id,
            w1_0.asset,
            w1_0.balance,
            w1_0.reserved,
            w1_0.updated_at,
            w1_0.version 
        from
            wallets w1_0 
        where
            w1_0.account_id=? 
            and w1_0.asset=?
    2026-08-18T15:15:12.684+02:00 DEBUG 18700 --- [openex] [ool-1-thread-20] org.hibernate.SQL                        : 
        select
            w1_0.id,
            w1_0.account_id,
            w1_0.asset,
            w1_0.balance,
            w1_0.reserved,
            w1_0.updated_at,
            w1_0.version 
        from
            wallets w1_0 
        where
            w1_0.account_id=? 
            and w1_0.asset=?
    2026-08-18T15:15:12.687+02:00 DEBUG 18700 --- [openex] [ool-1-thread-20] org.hibernate.SQL                        : 
        insert 
        into
            trades
            (buy_order_id, executed_at, price, quantity, sell_order_id, symbol, id) 
        values
            (?, ?, ?, ?, ?, ?, ?)
    2026-08-18T15:15:12.689+02:00 DEBUG 18700 --- [openex] [ool-1-thread-10] org.hibernate.SQL                        : 
        select
            w1_0.id,
            w1_0.account_id,
            w1_0.asset,
            w1_0.balance,
            w1_0.reserved,
            w1_0.updated_at,
            w1_0.version 
        from
            wallets w1_0 
        where
            w1_0.account_id=? 
            and w1_0.asset=?
    2026-08-18T15:15:12.691+02:00 DEBUG 18700 --- [openex] [ool-1-thread-19] org.hibernate.SQL                        : 
        insert 
        into
            trades
            (buy_order_id, executed_at, price, quantity, sell_order_id, symbol, id) 
        values
            (?, ?, ?, ?, ?, ?, ?)
    2026-08-18T15:15:12.692+02:00 DEBUG 18700 --- [openex] [ool-1-thread-20] org.hibernate.SQL                        : 
        update
            wallets 
        set
            account_id=?,
            asset=?,
            balance=?,
            reserved=?,
            updated_at=?,
            version=? 
        where
            id=? 
            and version=?
    2026-08-18T15:15:12.692+02:00 DEBUG 18700 --- [openex] [ool-1-thread-19] org.hibernate.SQL                        : 
        update
            wallets 
        set
            account_id=?,
            asset=?,
            balance=?,
            reserved=?,
            updated_at=?,
            version=? 
        where
            id=? 
            and version=?
    2026-08-18T15:15:12.693+02:00 DEBUG 18700 --- [openex] [ool-1-thread-10] org.hibernate.SQL                        : 
        insert 
        into
            trades
            (buy_order_id, executed_at, price, quantity, sell_order_id, symbol, id) 
        values
            (?, ?, ?, ?, ?, ?, ?)
    2026-08-18T15:15:12.694+02:00 DEBUG 18700 --- [openex] [ool-1-thread-20] org.hibernate.SQL                        : 
        select
            w1_0.id,
            w1_0.account_id,
            w1_0.asset,
            w1_0.balance,
            w1_0.reserved,
            w1_0.updated_at,
            w1_0.version 
        from
            wallets w1_0 
        where
            w1_0.account_id=? 
            and w1_0.asset=?
    2026-08-18T15:15:12.694+02:00 DEBUG 18700 --- [openex] [ool-1-thread-19] org.hibernate.SQL                        : 
        select
            w1_0.id,
            w1_0.account_id,
            w1_0.asset,
            w1_0.balance,
            w1_0.reserved,
            w1_0.updated_at,
            w1_0.version 
        from
            wallets w1_0 
        where
            w1_0.account_id=? 
            and w1_0.asset=?
    2026-08-18T15:15:12.695+02:00 DEBUG 18700 --- [openex] [ool-1-thread-20] org.hibernate.SQL                        : 
        select
            le1_0.id,
            le1_0.account_id,
            le1_0.amount,
            le1_0.asset,
            le1_0.created_at,
            le1_0.entry_type,
            le1_0.reference_id,
            le1_0.reference_type 
        from
            ledger_entries le1_0 
        where
            le1_0.id=?
    2026-08-18T15:15:12.695+02:00 DEBUG 18700 --- [openex] [ool-1-thread-19] org.hibernate.SQL                        : 
        select
            le1_0.id,
            le1_0.account_id,
            le1_0.amount,
            le1_0.asset,
            le1_0.created_at,
            le1_0.entry_type,
            le1_0.reference_id,
            le1_0.reference_type 
        from
            ledger_entries le1_0 
        where
            le1_0.id=?
    2026-08-18T15:15:12.696+02:00 DEBUG 18700 --- [openex] [ool-1-thread-10] org.hibernate.SQL                        : 
        update
            wallets 
        set
            account_id=?,
            asset=?,
            balance=?,
            reserved=?,
            updated_at=?,
            version=? 
        where
            id=? 
            and version=?
    2026-08-18T15:15:12.698+02:00 DEBUG 18700 --- [openex] [ool-1-thread-20] org.hibernate.SQL                        : 
        select
            le1_0.id,
            le1_0.account_id,
            le1_0.amount,
            le1_0.asset,
            le1_0.created_at,
            le1_0.entry_type,
            le1_0.reference_id,
            le1_0.reference_type 
        from
            ledger_entries le1_0 
        where
            le1_0.id=?
    2026-08-18T15:15:12.698+02:00 DEBUG 18700 --- [openex] [ool-1-thread-19] org.hibernate.SQL                        : 
        select
            le1_0.id,
            le1_0.account_id,
            le1_0.amount,
            le1_0.asset,
            le1_0.created_at,
            le1_0.entry_type,
            le1_0.reference_id,
            le1_0.reference_type 
        from
            ledger_entries le1_0 
        where
            le1_0.id=?
    2026-08-18T15:15:12.698+02:00 DEBUG 18700 --- [openex] [ool-1-thread-10] org.hibernate.SQL                        : 
        select
            w1_0.id,
            w1_0.account_id,
            w1_0.asset,
            w1_0.balance,
            w1_0.reserved,
            w1_0.updated_at,
            w1_0.version 
        from
            wallets w1_0 
        where
            w1_0.account_id=? 
            and w1_0.asset=?
    2026-08-18T15:15:12.699+02:00 DEBUG 18700 --- [openex] [ool-1-thread-10] org.hibernate.SQL                        : 
        select
            le1_0.id,
            le1_0.account_id,
            le1_0.amount,
            le1_0.asset,
            le1_0.created_at,
            le1_0.entry_type,
            le1_0.reference_id,
            le1_0.reference_type 
        from
            ledger_entries le1_0 
        where
            le1_0.id=?
    2026-08-18T15:15:12.700+02:00 DEBUG 18700 --- [openex] [ool-1-thread-20] org.hibernate.SQL                        : 
        insert 
        into
            ledger_entries
            (account_id, amount, asset, created_at, entry_type, reference_id, reference_type, id) 
        values
            (?, ?, ?, ?, ?, ?, ?, ?)
    2026-08-18T15:15:12.700+02:00 DEBUG 18700 --- [openex] [ool-1-thread-19] org.hibernate.SQL                        : 
        insert 
        into
            ledger_entries
            (account_id, amount, asset, created_at, entry_type, reference_id, reference_type, id) 
        values
            (?, ?, ?, ?, ?, ?, ?, ?)
    2026-08-18T15:15:12.702+02:00 DEBUG 18700 --- [openex] [ool-1-thread-20] org.hibernate.SQL                        : 
        insert 
        into
            ledger_entries
            (account_id, amount, asset, created_at, entry_type, reference_id, reference_type, id) 
        values
            (?, ?, ?, ?, ?, ?, ?, ?)
    2026-08-18T15:15:12.702+02:00 DEBUG 18700 --- [openex] [ool-1-thread-10] org.hibernate.SQL                        : 
        select
            le1_0.id,
            le1_0.account_id,
            le1_0.amount,
            le1_0.asset,
            le1_0.created_at,
            le1_0.entry_type,
            le1_0.reference_id,
            le1_0.reference_type 
        from
            ledger_entries le1_0 
        where
            le1_0.id=?
    2026-08-18T15:15:12.702+02:00 DEBUG 18700 --- [openex] [ool-1-thread-19] org.hibernate.SQL                        : 
        insert 
        into
            ledger_entries
            (account_id, amount, asset, created_at, entry_type, reference_id, reference_type, id) 
        values
            (?, ?, ?, ?, ?, ?, ?, ?)
    2026-08-18T15:15:12.704+02:00 DEBUG 18700 --- [openex] [ool-1-thread-20] org.hibernate.SQL                        : 
        update
            wallets 
        set
            account_id=?,
            asset=?,
            balance=?,
            reserved=?,
            updated_at=?,
            version=? 
        where
            id=? 
            and version=?
    2026-08-18T15:15:12.705+02:00 DEBUG 18700 --- [openex] [ool-1-thread-10] org.hibernate.SQL                        : 
        insert 
        into
            ledger_entries
            (account_id, amount, asset, created_at, entry_type, reference_id, reference_type, id) 
        values
            (?, ?, ?, ?, ?, ?, ?, ?)
    2026-08-18T15:15:12.706+02:00 DEBUG 18700 --- [openex] [ool-1-thread-10] org.hibernate.SQL                        : 
        insert 
        into
            ledger_entries
            (account_id, amount, asset, created_at, entry_type, reference_id, reference_type, id) 
        values
            (?, ?, ?, ?, ?, ?, ?, ?)
    2026-08-18T15:15:12.707+02:00 DEBUG 18700 --- [openex] [ool-1-thread-10] org.hibernate.SQL                        : 
        update
            wallets 
        set
            account_id=?,
            asset=?,
            balance=?,
            reserved=?,
            updated_at=?,
            version=? 
        where
            id=? 
            and version=?
    2026-08-18T15:15:12.713+02:00 DEBUG 18700 --- [openex] [pool-1-thread-4] org.hibernate.SQL                        : 
        select
            t1_0.id,
            t1_0.buy_order_id,
            t1_0.executed_at,
            t1_0.price,
            t1_0.quantity,
            t1_0.sell_order_id,
            t1_0.symbol 
        from
            trades t1_0 
        where
            t1_0.id=?
    2026-08-18T15:15:12.713+02:00 DEBUG 18700 --- [openex] [pool-1-thread-5] org.hibernate.SQL                        : 
        select
            t1_0.id,
            t1_0.buy_order_id,
            t1_0.executed_at,
            t1_0.price,
            t1_0.quantity,
            t1_0.sell_order_id,
            t1_0.symbol 
        from
            trades t1_0 
        where
            t1_0.id=?
    2026-08-18T15:15:12.716+02:00 DEBUG 18700 --- [openex] [pool-1-thread-4] org.hibernate.SQL                        : 
        select
            w1_0.id,
            w1_0.account_id,
            w1_0.asset,
            w1_0.balance,
            w1_0.reserved,
            w1_0.updated_at,
            w1_0.version 
        from
            wallets w1_0 
        where
            w1_0.account_id=? 
            and w1_0.asset=?
    2026-08-18T15:15:12.717+02:00 DEBUG 18700 --- [openex] [pool-1-thread-5] org.hibernate.SQL                        : 
        select
            w1_0.id,
            w1_0.account_id,
            w1_0.asset,
            w1_0.balance,
            w1_0.reserved,
            w1_0.updated_at,
            w1_0.version 
        from
            wallets w1_0 
        where
            w1_0.account_id=? 
            and w1_0.asset=?
    2026-08-18T15:15:12.720+02:00 DEBUG 18700 --- [openex] [pool-1-thread-4] org.hibernate.SQL                        : 
        insert 
        into
            trades
            (buy_order_id, executed_at, price, quantity, sell_order_id, symbol, id) 
        values
            (?, ?, ?, ?, ?, ?, ?)
    2026-08-18T15:15:12.720+02:00 DEBUG 18700 --- [openex] [pool-1-thread-5] org.hibernate.SQL                        : 
        insert 
        into
            trades
            (buy_order_id, executed_at, price, quantity, sell_order_id, symbol, id) 
        values
            (?, ?, ?, ?, ?, ?, ?)
    2026-08-18T15:15:12.722+02:00 DEBUG 18700 --- [openex] [pool-1-thread-4] org.hibernate.SQL                        : 
        update
            wallets 
        set
            account_id=?,
            asset=?,
            balance=?,
            reserved=?,
            updated_at=?,
            version=? 
        where
            id=? 
            and version=?
    2026-08-18T15:15:12.723+02:00 DEBUG 18700 --- [openex] [pool-1-thread-4] org.hibernate.SQL                        : 
        select
            w1_0.id,
            w1_0.account_id,
            w1_0.asset,
            w1_0.balance,
            w1_0.reserved,
            w1_0.updated_at,
            w1_0.version 
        from
            wallets w1_0 
        where
            w1_0.account_id=? 
            and w1_0.asset=?
    2026-08-18T15:15:12.724+02:00 DEBUG 18700 --- [openex] [pool-1-thread-4] org.hibernate.SQL                        : 
        select
            le1_0.id,
            le1_0.account_id,
            le1_0.amount,
            le1_0.asset,
            le1_0.created_at,
            le1_0.entry_type,
            le1_0.reference_id,
            le1_0.reference_type 
        from
            ledger_entries le1_0 
        where
            le1_0.id=?
    2026-08-18T15:15:12.725+02:00 DEBUG 18700 --- [openex] [ool-1-thread-15] org.hibernate.SQL                        : 
        select
            t1_0.id,
            t1_0.buy_order_id,
            t1_0.executed_at,
            t1_0.price,
            t1_0.quantity,
            t1_0.sell_order_id,
            t1_0.symbol 
        from
            trades t1_0 
        where
            t1_0.id=?
    2026-08-18T15:15:12.726+02:00 DEBUG 18700 --- [openex] [pool-1-thread-4] org.hibernate.SQL                        : 
        select
            le1_0.id,
            le1_0.account_id,
            le1_0.amount,
            le1_0.asset,
            le1_0.created_at,
            le1_0.entry_type,
            le1_0.reference_id,
            le1_0.reference_type 
        from
            ledger_entries le1_0 
        where
            le1_0.id=?
    2026-08-18T15:15:12.728+02:00 DEBUG 18700 --- [openex] [pool-1-thread-4] org.hibernate.SQL                        : 
        insert 
        into
            ledger_entries
            (account_id, amount, asset, created_at, entry_type, reference_id, reference_type, id) 
        values
            (?, ?, ?, ?, ?, ?, ?, ?)
    2026-08-18T15:15:12.729+02:00 DEBUG 18700 --- [openex] [pool-1-thread-4] org.hibernate.SQL                        : 
        insert 
        into
            ledger_entries
            (account_id, amount, asset, created_at, entry_type, reference_id, reference_type, id) 
        values
            (?, ?, ?, ?, ?, ?, ?, ?)
    2026-08-18T15:15:12.730+02:00 DEBUG 18700 --- [openex] [pool-1-thread-4] org.hibernate.SQL                        : 
        update
            wallets 
        set
            account_id=?,
            asset=?,
            balance=?,
            reserved=?,
            updated_at=?,
            version=? 
        where
            id=? 
            and version=?
    2026-08-18T15:15:12.734+02:00 DEBUG 18700 --- [openex] [ool-1-thread-17] org.hibernate.SQL                        : 
        update
            orders 
        set
            account_id=?,
            created_at=?,
            idempotency_key=?,
            price=?,
            quantity=?,
            remaining_quantity=?,
            side=?,
            status=?,
            symbol=?,
            type=?,
            updated_at=?,
            version=? 
        where
            id=? 
            and version=?
    2026-08-18T15:15:12.738+02:00 DEBUG 18700 --- [openex] [ool-1-thread-20] org.hibernate.SQL                        : 
        select
            w1_0.id,
            w1_0.account_id,
            w1_0.asset,
            w1_0.balance,
            w1_0.reserved,
            w1_0.updated_at,
            w1_0.version 
        from
            wallets w1_0 
        where
            w1_0.account_id=? 
            and w1_0.asset=?
    2026-08-18T15:15:12.740+02:00 DEBUG 18700 --- [openex] [ool-1-thread-20] org.hibernate.SQL                        : 
        update
            wallets 
        set
            account_id=?,
            asset=?,
            balance=?,
            reserved=?,
            updated_at=?,
            version=? 
        where
            id=? 
            and version=?
    2026-08-18T15:15:12.741+02:00 DEBUG 18700 --- [openex] [ool-1-thread-20] org.hibernate.SQL                        : 
        select
            w1_0.id,
            w1_0.account_id,
            w1_0.asset,
            w1_0.balance,
            w1_0.reserved,
            w1_0.updated_at,
            w1_0.version 
        from
            wallets w1_0 
        where
            w1_0.account_id=? 
            and w1_0.asset=?
    2026-08-18T15:15:12.742+02:00 DEBUG 18700 --- [openex] [ool-1-thread-20] org.hibernate.SQL                        : 
        select
            w1_0.id,
            w1_0.account_id,
            w1_0.asset,
            w1_0.balance,
            w1_0.reserved,
            w1_0.updated_at,
            w1_0.version 
        from
            wallets w1_0 
        where
            w1_0.id=?
    2026-08-18T15:15:12.744+02:00 DEBUG 18700 --- [openex] [ool-1-thread-20] org.hibernate.SQL                        : 
        select
            le1_0.id,
            le1_0.account_id,
            le1_0.amount,
            le1_0.asset,
            le1_0.created_at,
            le1_0.entry_type,
            le1_0.reference_id,
            le1_0.reference_type 
        from
            ledger_entries le1_0 
        where
            le1_0.id=?
    2026-08-18T15:15:12.746+02:00 DEBUG 18700 --- [openex] [ool-1-thread-20] org.hibernate.SQL                        : 
        select
            le1_0.id,
            le1_0.account_id,
            le1_0.amount,
            le1_0.asset,
            le1_0.created_at,
            le1_0.entry_type,
            le1_0.reference_id,
            le1_0.reference_type 
        from
            ledger_entries le1_0 
        where
            le1_0.id=?
    2026-08-18T15:15:12.749+02:00 DEBUG 18700 --- [openex] [ool-1-thread-20] org.hibernate.SQL                        : 
        insert 
        into
            wallets
            (account_id, asset, balance, reserved, updated_at, version, id) 
        values
            (?, ?, ?, ?, ?, ?, ?)
    2026-08-18T15:15:12.750+02:00 DEBUG 18700 --- [openex] [ool-1-thread-18] org.hibernate.SQL                        : 
        select
            o1_0.id,
            o1_0.account_id,
            o1_0.created_at,
            o1_0.idempotency_key,
            o1_0.price,
            o1_0.quantity,
            o1_0.remaining_quantity,
            o1_0.side,
            o1_0.status,
            o1_0.symbol,
            o1_0.type,
            o1_0.updated_at,
            o1_0.version 
        from
            orders o1_0 
        where
            o1_0.idempotency_key=?
    2026-08-18T15:15:12.751+02:00 DEBUG 18700 --- [openex] [ool-1-thread-20] org.hibernate.SQL                        : 
        insert 
        into
            ledger_entries
            (account_id, amount, asset, created_at, entry_type, reference_id, reference_type, id) 
        values
            (?, ?, ?, ?, ?, ?, ?, ?)
    2026-08-18T15:15:12.753+02:00 DEBUG 18700 --- [openex] [ool-1-thread-17] org.hibernate.SQL                        : 
        select
            o1_0.id,
            o1_0.account_id,
            o1_0.created_at,
            o1_0.idempotency_key,
            o1_0.price,
            o1_0.quantity,
            o1_0.remaining_quantity,
            o1_0.side,
            o1_0.status,
            o1_0.symbol,
            o1_0.type,
            o1_0.updated_at,
            o1_0.version 
        from
            orders o1_0 
        where
            o1_0.idempotency_key=?
    2026-08-18T15:15:12.755+02:00 DEBUG 18700 --- [openex] [ool-1-thread-18] org.hibernate.SQL                        : 
        select
            w1_0.id,
            w1_0.account_id,
            w1_0.asset,
            w1_0.balance,
            w1_0.reserved,
            w1_0.updated_at,
            w1_0.version 
        from
            wallets w1_0 
        where
            w1_0.account_id=? 
            and w1_0.asset=?
    2026-08-18T15:15:12.755+02:00 DEBUG 18700 --- [openex] [ool-1-thread-20] org.hibernate.SQL                        : 
        insert 
        into
            ledger_entries
            (account_id, amount, asset, created_at, entry_type, reference_id, reference_type, id) 
        values
            (?, ?, ?, ?, ?, ?, ?, ?)
    2026-08-18T15:15:12.757+02:00 DEBUG 18700 --- [openex] [ool-1-thread-18] org.hibernate.SQL                        : 
        select
            o1_0.id,
            o1_0.account_id,
            o1_0.created_at,
            o1_0.idempotency_key,
            o1_0.price,
            o1_0.quantity,
            o1_0.remaining_quantity,
            o1_0.side,
            o1_0.status,
            o1_0.symbol,
            o1_0.type,
            o1_0.updated_at,
            o1_0.version 
        from
            orders o1_0 
        where
            o1_0.id=?
    2026-08-18T15:15:12.757+02:00 DEBUG 18700 --- [openex] [ool-1-thread-17] org.hibernate.SQL                        : 
        select
            w1_0.id,
            w1_0.account_id,
            w1_0.asset,
            w1_0.balance,
            w1_0.reserved,
            w1_0.updated_at,
            w1_0.version 
        from
            wallets w1_0 
        where
            w1_0.account_id=? 
            and w1_0.asset=?
    2026-08-18T15:15:12.758+02:00 DEBUG 18700 --- [openex] [ool-1-thread-20] org.hibernate.SQL                        : 
        update
            orders 
        set
            account_id=?,
            created_at=?,
            idempotency_key=?,
            price=?,
            quantity=?,
            remaining_quantity=?,
            side=?,
            status=?,
            symbol=?,
            type=?,
            updated_at=?,
            version=? 
        where
            id=? 
            and version=?
    2026-08-18T15:15:12.759+02:00  INFO 18700 --- [openex] [ool-1-thread-18] com.openex.core.service.OrderService     : Order placed: id=c02b3ced-8893-4184-95d8-3501c79b54c8 account=2309d2f0-d351-4f45-b273-6498ebab4360 BUY 1 STRf73b43d8-USD @ 10.00
    2026-08-18T15:15:12.760+02:00 DEBUG 18700 --- [openex] [ool-1-thread-17] org.hibernate.SQL                        : 
        select
            o1_0.id,
            o1_0.account_id,
            o1_0.created_at,
            o1_0.idempotency_key,
            o1_0.price,
            o1_0.quantity,
            o1_0.remaining_quantity,
            o1_0.side,
            o1_0.status,
            o1_0.symbol,
            o1_0.type,
            o1_0.updated_at,
            o1_0.version 
        from
            orders o1_0 
        where
            o1_0.id=?
    2026-08-18T15:15:12.760+02:00 DEBUG 18700 --- [openex] [ool-1-thread-18] org.hibernate.SQL                        : 
        insert 
        into
            orders
            (account_id, created_at, idempotency_key, price, quantity, remaining_quantity, side, status, symbol, type, updated_at, version, id) 
        values
            (?, ?, ?, ?, ?, ?, ?, ?, ?, ?, ?, ?, ?)
    2026-08-18T15:15:12.760+02:00 DEBUG 18700 --- [openex] [ool-1-thread-20] org.hibernate.SQL                        : 
        update
            orders 
        set
            account_id=?,
            created_at=?,
            idempotency_key=?,
            price=?,
            quantity=?,
            remaining_quantity=?,
            side=?,
            status=?,
            symbol=?,
            type=?,
            updated_at=?,
            version=? 
        where
            id=? 
            and version=?
    2026-08-18T15:15:12.761+02:00  INFO 18700 --- [openex] [ool-1-thread-17] com.openex.core.service.OrderService     : Order placed: id=2b686d54-2400-49c0-a664-51ef66a211c4 account=a5bd54b7-796e-4d11-af25-ba17555d610f BUY 1 STRf73b43d8-USD @ 10.00
    2026-08-18T15:15:12.762+02:00 DEBUG 18700 --- [openex] [ool-1-thread-18] org.hibernate.SQL                        : 
        update
            wallets 
        set
            account_id=?,
            asset=?,
            balance=?,
            reserved=?,
            updated_at=?,
            version=? 
        where
            id=? 
            and version=?
    2026-08-18T15:15:12.762+02:00 DEBUG 18700 --- [openex] [ool-1-thread-17] org.hibernate.SQL                        : 
        insert 
        into
            orders
            (account_id, created_at, idempotency_key, price, quantity, remaining_quantity, side, status, symbol, type, updated_at, version, id) 
        values
            (?, ?, ?, ?, ?, ?, ?, ?, ?, ?, ?, ?, ?)
    2026-08-18T15:15:12.763+02:00 DEBUG 18700 --- [openex] [ool-1-thread-20] org.hibernate.SQL                        : 
        select
            o1_0.id,
            o1_0.account_id,
            o1_0.created_at,
            o1_0.idempotency_key,
            o1_0.price,
            o1_0.quantity,
            o1_0.remaining_quantity,
            o1_0.side,
            o1_0.status,
            o1_0.symbol,
            o1_0.type,
            o1_0.updated_at,
            o1_0.version 
        from
            orders o1_0 
        where
            o1_0.symbol=? 
            and o1_0.status in (?, ?)
    2026-08-18T15:15:12.763+02:00 DEBUG 18700 --- [openex] [ool-1-thread-18] org.hibernate.SQL                        : 
        select
            o1_0.id,
            o1_0.account_id,
            o1_0.created_at,
            o1_0.idempotency_key,
            o1_0.price,
            o1_0.quantity,
            o1_0.remaining_quantity,
            o1_0.side,
            o1_0.status,
            o1_0.symbol,
            o1_0.type,
            o1_0.updated_at,
            o1_0.version 
        from
            orders o1_0
    2026-08-18T15:15:12.764+02:00 DEBUG 18700 --- [openex] [ool-1-thread-17] org.hibernate.SQL                        : 
        update
            wallets 
        set
            account_id=?,
            asset=?,
            balance=?,
            reserved=?,
            updated_at=?,
            version=? 
        where
            id=? 
            and version=?
    2026-08-18T15:15:12.765+02:00  INFO 18700 --- [openex] [ool-1-thread-20] com.openex.core.service.OrderService     : Order matched: id=a79edb88-400e-4f6a-bc4f-1a1e5a52b3c9 status=FILLED remaining=0
    2026-08-18T15:15:12.765+02:00 DEBUG 18700 --- [openex] [ool-1-thread-17] org.hibernate.SQL                        : 
        select
            o1_0.id,
            o1_0.account_id,
            o1_0.created_at,
            o1_0.idempotency_key,
            o1_0.price,
            o1_0.quantity,
            o1_0.remaining_quantity,
            o1_0.side,
            o1_0.status,
            o1_0.symbol,
            o1_0.type,
            o1_0.updated_at,
            o1_0.version 
        from
            orders o1_0
    2026-08-18T15:15:12.767+02:00 DEBUG 18700 --- [openex] [ool-1-thread-18] org.hibernate.SQL                        : 
        select
            t1_0.id,
            t1_0.buy_order_id,
            t1_0.executed_at,
            t1_0.price,
            t1_0.quantity,
            t1_0.sell_order_id,
            t1_0.symbol 
        from
            trades t1_0 
        where
            t1_0.id=?
    2026-08-18T15:15:12.769+02:00 DEBUG 18700 --- [openex] [ool-1-thread-17] org.hibernate.SQL                        : 
        select
            t1_0.id,
            t1_0.buy_order_id,
            t1_0.executed_at,
            t1_0.price,
            t1_0.quantity,
            t1_0.sell_order_id,
            t1_0.symbol 
        from
            trades t1_0 
        where
            t1_0.id=?
    2026-08-18T15:15:12.888+02:00 DEBUG 18700 --- [openex] [pool-1-thread-5] org.hibernate.SQL                        : 
        update
            wallets 
        set
            account_id=?,
            asset=?,
            balance=?,
            reserved=?,
            updated_at=?,
            version=? 
        where
            id=? 
            and version=?
    2026-08-18T15:15:12.890+02:00 DEBUG 18700 --- [openex] [pool-1-thread-5] org.hibernate.SQL                        : 
        select
            w1_0.id,
            w1_0.account_id,
            w1_0.asset,
            w1_0.balance,
            w1_0.reserved,
            w1_0.updated_at,
            w1_0.version 
        from
            wallets w1_0 
        where
            w1_0.account_id=? 
            and w1_0.asset=?
    2026-08-18T15:15:12.891+02:00 DEBUG 18700 --- [openex] [pool-1-thread-5] org.hibernate.SQL                        : 
        select
            le1_0.id,
            le1_0.account_id,
            le1_0.amount,
            le1_0.asset,
            le1_0.created_at,
            le1_0.entry_type,
            le1_0.reference_id,
            le1_0.reference_type 
        from
            ledger_entries le1_0 
        where
            le1_0.id=?
    2026-08-18T15:15:12.892+02:00 DEBUG 18700 --- [openex] [pool-1-thread-5] org.hibernate.SQL                        : 
        select
            le1_0.id,
            le1_0.account_id,
            le1_0.amount,
            le1_0.asset,
            le1_0.created_at,
            le1_0.entry_type,
            le1_0.reference_id,
            le1_0.reference_type 
        from
            ledger_entries le1_0 
        where
            le1_0.id=?
    2026-08-18T15:15:12.894+02:00 DEBUG 18700 --- [openex] [ool-1-thread-15] org.hibernate.SQL                        : 
        select
            w1_0.id,
            w1_0.account_id,
            w1_0.asset,
            w1_0.balance,
            w1_0.reserved,
            w1_0.updated_at,
            w1_0.version 
        from
            wallets w1_0 
        where
            w1_0.account_id=? 
            and w1_0.asset=?
    2026-08-18T15:15:12.896+02:00 DEBUG 18700 --- [openex] [pool-1-thread-5] org.hibernate.SQL                        : 
        insert 
        into
            ledger_entries
            (account_id, amount, asset, created_at, entry_type, reference_id, reference_type, id) 
        values
            (?, ?, ?, ?, ?, ?, ?, ?)
    2026-08-18T15:15:12.898+02:00 DEBUG 18700 --- [openex] [ool-1-thread-15] org.hibernate.SQL                        : 
        insert 
        into
            trades
            (buy_order_id, executed_at, price, quantity, sell_order_id, symbol, id) 
        values
            (?, ?, ?, ?, ?, ?, ?)
    2026-08-18T15:15:12.899+02:00 DEBUG 18700 --- [openex] [ool-1-thread-18] org.hibernate.SQL                        : 
        select
            w1_0.id,
            w1_0.account_id,
            w1_0.asset,
            w1_0.balance,
            w1_0.reserved,
            w1_0.updated_at,
            w1_0.version 
        from
            wallets w1_0 
        where
            w1_0.account_id=? 
            and w1_0.asset=?
    2026-08-18T15:15:12.901+02:00 DEBUG 18700 --- [openex] [ool-1-thread-15] org.hibernate.SQL                        : 
        update
            wallets 
        set
            account_id=?,
            asset=?,
            balance=?,
            reserved=?,
            updated_at=?,
            version=? 
        where
            id=? 
            and version=?
    2026-08-18T15:15:12.902+02:00 DEBUG 18700 --- [openex] [ool-1-thread-18] org.hibernate.SQL                        : 
        insert 
        into
            trades
            (buy_order_id, executed_at, price, quantity, sell_order_id, symbol, id) 
        values
            (?, ?, ?, ?, ?, ?, ?)
    2026-08-18T15:15:12.902+02:00 DEBUG 18700 --- [openex] [ool-1-thread-15] org.hibernate.SQL                        : 
        select
            w1_0.id,
            w1_0.account_id,
            w1_0.asset,
            w1_0.balance,
            w1_0.reserved,
            w1_0.updated_at,
            w1_0.version 
        from
            wallets w1_0 
        where
            w1_0.account_id=? 
            and w1_0.asset=?
    2026-08-18T15:15:12.903+02:00 DEBUG 18700 --- [openex] [ool-1-thread-15] org.hibernate.SQL                        : 
        select
            le1_0.id,
            le1_0.account_id,
            le1_0.amount,
            le1_0.asset,
            le1_0.created_at,
            le1_0.entry_type,
            le1_0.reference_id,
            le1_0.reference_type 
        from
            ledger_entries le1_0 
        where
            le1_0.id=?
    2026-08-18T15:15:12.904+02:00 DEBUG 18700 --- [openex] [ool-1-thread-18] org.hibernate.SQL                        : 
        update
            wallets 
        set
            account_id=?,
            asset=?,
            balance=?,
            reserved=?,
            updated_at=?,
            version=? 
        where
            id=? 
            and version=?
    2026-08-18T15:15:12.907+02:00 DEBUG 18700 --- [openex] [ool-1-thread-18] org.hibernate.SQL                        : 
        select
            w1_0.id,
            w1_0.account_id,
            w1_0.asset,
            w1_0.balance,
            w1_0.reserved,
            w1_0.updated_at,
            w1_0.version 
        from
            wallets w1_0 
        where
            w1_0.account_id=? 
            and w1_0.asset=?
    2026-08-18T15:15:12.907+02:00 DEBUG 18700 --- [openex] [ool-1-thread-17] org.hibernate.SQL                        : 
        select
            w1_0.id,
            w1_0.account_id,
            w1_0.asset,
            w1_0.balance,
            w1_0.reserved,
            w1_0.updated_at,
            w1_0.version 
        from
            wallets w1_0 
        where
            w1_0.account_id=? 
            and w1_0.asset=?
    2026-08-18T15:15:12.909+02:00 DEBUG 18700 --- [openex] [ool-1-thread-15] org.hibernate.SQL                        : 
        select
            le1_0.id,
            le1_0.account_id,
            le1_0.amount,
            le1_0.asset,
            le1_0.created_at,
            le1_0.entry_type,
            le1_0.reference_id,
            le1_0.reference_type 
        from
            ledger_entries le1_0 
        where
            le1_0.id=?
    2026-08-18T15:15:12.909+02:00 DEBUG 18700 --- [openex] [ool-1-thread-17] org.hibernate.SQL                        : 
        insert 
        into
            trades
            (buy_order_id, executed_at, price, quantity, sell_order_id, symbol, id) 
        values
            (?, ?, ?, ?, ?, ?, ?)
    2026-08-18T15:15:12.911+02:00 DEBUG 18700 --- [openex] [ool-1-thread-17] org.hibernate.SQL                        : 
        update
            wallets 
        set
            account_id=?,
            asset=?,
            balance=?,
            reserved=?,
            updated_at=?,
            version=? 
        where
            id=? 
            and version=?
    2026-08-18T15:15:12.911+02:00 DEBUG 18700 --- [openex] [ool-1-thread-15] org.hibernate.SQL                        : 
        insert 
        into
            ledger_entries
            (account_id, amount, asset, created_at, entry_type, reference_id, reference_type, id) 
        values
            (?, ?, ?, ?, ?, ?, ?, ?)
    2026-08-18T15:15:12.912+02:00 DEBUG 18700 --- [openex] [ool-1-thread-17] org.hibernate.SQL                        : 
        select
            w1_0.id,
            w1_0.account_id,
            w1_0.asset,
            w1_0.balance,
            w1_0.reserved,
            w1_0.updated_at,
            w1_0.version 
        from
            wallets w1_0 
        where
            w1_0.account_id=? 
            and w1_0.asset=?
    2026-08-18T15:15:12.913+02:00 DEBUG 18700 --- [openex] [ool-1-thread-15] org.hibernate.SQL                        : 
        insert 
        into
            ledger_entries
            (account_id, amount, asset, created_at, entry_type, reference_id, reference_type, id) 
        values
            (?, ?, ?, ?, ?, ?, ?, ?)
    2026-08-18T15:15:12.914+02:00 DEBUG 18700 --- [openex] [ool-1-thread-17] org.hibernate.SQL                        : 
        select
            le1_0.id,
            le1_0.account_id,
            le1_0.amount,
            le1_0.asset,
            le1_0.created_at,
            le1_0.entry_type,
            le1_0.reference_id,
            le1_0.reference_type 
        from
            ledger_entries le1_0 
        where
            le1_0.id=?
    2026-08-18T15:15:12.914+02:00 DEBUG 18700 --- [openex] [ool-1-thread-15] org.hibernate.SQL                        : 
        update
            wallets 
        set
            account_id=?,
            asset=?,
            balance=?,
            reserved=?,
            updated_at=?,
            version=? 
        where
            id=? 
            and version=?
    2026-08-18T15:15:12.915+02:00 DEBUG 18700 --- [openex] [ool-1-thread-17] org.hibernate.SQL                        : 
        select
            le1_0.id,
            le1_0.account_id,
            le1_0.amount,
            le1_0.asset,
            le1_0.created_at,
            le1_0.entry_type,
            le1_0.reference_id,
            le1_0.reference_type 
        from
            ledger_entries le1_0 
        where
            le1_0.id=?
    2026-08-18T15:15:12.916+02:00 DEBUG 18700 --- [openex] [ool-1-thread-18] org.hibernate.SQL                        : 
        select
            le1_0.id,
            le1_0.account_id,
            le1_0.amount,
            le1_0.asset,
            le1_0.created_at,
            le1_0.entry_type,
            le1_0.reference_id,
            le1_0.reference_type 
        from
            ledger_entries le1_0 
        where
            le1_0.id=?
    2026-08-18T15:15:12.917+02:00 DEBUG 18700 --- [openex] [ool-1-thread-18] org.hibernate.SQL                        : 
        select
            le1_0.id,
            le1_0.account_id,
            le1_0.amount,
            le1_0.asset,
            le1_0.created_at,
            le1_0.entry_type,
            le1_0.reference_id,
            le1_0.reference_type 
        from
            ledger_entries le1_0 
        where
            le1_0.id=?
    2026-08-18T15:15:12.917+02:00 DEBUG 18700 --- [openex] [ool-1-thread-17] org.hibernate.SQL                        : 
        insert 
        into
            ledger_entries
            (account_id, amount, asset, created_at, entry_type, reference_id, reference_type, id) 
        values
            (?, ?, ?, ?, ?, ?, ?, ?)
    2026-08-18T15:15:12.920+02:00 DEBUG 18700 --- [openex] [ool-1-thread-18] org.hibernate.SQL                        : 
        insert 
        into
            ledger_entries
            (account_id, amount, asset, created_at, entry_type, reference_id, reference_type, id) 
        values
            (?, ?, ?, ?, ?, ?, ?, ?)
    2026-08-18T15:15:12.927+02:00 DEBUG 18700 --- [openex] [ool-1-thread-17] org.hibernate.SQL                        : 
        insert 
        into
            ledger_entries
            (account_id, amount, asset, created_at, entry_type, reference_id, reference_type, id) 
        values
            (?, ?, ?, ?, ?, ?, ?, ?)
    2026-08-18T15:15:12.928+02:00 DEBUG 18700 --- [openex] [ool-1-thread-18] org.hibernate.SQL                        : 
        insert 
        into
            ledger_entries
            (account_id, amount, asset, created_at, entry_type, reference_id, reference_type, id) 
        values
            (?, ?, ?, ?, ?, ?, ?, ?)
    2026-08-18T15:15:12.929+02:00 DEBUG 18700 --- [openex] [ool-1-thread-17] org.hibernate.SQL                        : 
        update
            wallets 
        set
            account_id=?,
            asset=?,
            balance=?,
            reserved=?,
            updated_at=?,
            version=? 
        where
            id=? 
            and version=?
    2026-08-18T15:15:12.929+02:00 DEBUG 18700 --- [openex] [ool-1-thread-18] org.hibernate.SQL                        : 
        update
            wallets 
        set
            account_id=?,
            asset=?,
            balance=?,
            reserved=?,
            updated_at=?,
            version=? 
        where
            id=? 
            and version=?
    2026-08-18T15:15:12.931+02:00 DEBUG 18700 --- [openex] [ool-1-thread-19] org.hibernate.SQL                        : 
        update
            wallets 
        set
            account_id=?,
            asset=?,
            balance=?,
            reserved=?,
            updated_at=?,
            version=? 
        where
            id=? 
            and version=?
    2026-08-18T15:15:12.940+02:00 DEBUG 18700 --- [openex] [ool-1-thread-10] org.hibernate.SQL                        : 
        select
            o1_0.id,
            o1_0.account_id,
            o1_0.created_at,
            o1_0.idempotency_key,
            o1_0.price,
            o1_0.quantity,
            o1_0.remaining_quantity,
            o1_0.side,
            o1_0.status,
            o1_0.symbol,
            o1_0.type,
            o1_0.updated_at,
            o1_0.version 
        from
            orders o1_0 
        where
            o1_0.idempotency_key=?
    2026-08-18T15:15:12.941+02:00 DEBUG 18700 --- [openex] [pool-1-thread-4] org.hibernate.SQL                        : 
        select
            o1_0.id,
            o1_0.account_id,
            o1_0.created_at,
            o1_0.idempotency_key,
            o1_0.price,
            o1_0.quantity,
            o1_0.remaining_quantity,
            o1_0.side,
            o1_0.status,
            o1_0.symbol,
            o1_0.type,
            o1_0.updated_at,
            o1_0.version 
        from
            orders o1_0 
        where
            o1_0.idempotency_key=?
    2026-08-18T15:15:12.942+02:00 DEBUG 18700 --- [openex] [ool-1-thread-10] org.hibernate.SQL                        : 
        select
            w1_0.id,
            w1_0.account_id,
            w1_0.asset,
            w1_0.balance,
            w1_0.reserved,
            w1_0.updated_at,
            w1_0.version 
        from
            wallets w1_0 
        where
            w1_0.account_id=? 
            and w1_0.asset=?
    2026-08-18T15:15:12.943+02:00 DEBUG 18700 --- [openex] [pool-1-thread-4] org.hibernate.SQL                        : 
        select
            w1_0.id,
            w1_0.account_id,
            w1_0.asset,
            w1_0.balance,
            w1_0.reserved,
            w1_0.updated_at,
            w1_0.version 
        from
            wallets w1_0 
        where
            w1_0.account_id=? 
            and w1_0.asset=?
    2026-08-18T15:15:12.944+02:00 DEBUG 18700 --- [openex] [ool-1-thread-10] org.hibernate.SQL                        : 
        select
            o1_0.id,
            o1_0.account_id,
            o1_0.created_at,
            o1_0.idempotency_key,
            o1_0.price,
            o1_0.quantity,
            o1_0.remaining_quantity,
            o1_0.side,
            o1_0.status,
            o1_0.symbol,
            o1_0.type,
            o1_0.updated_at,
            o1_0.version 
        from
            orders o1_0 
        where
            o1_0.id=?
    2026-08-18T15:15:12.944+02:00 DEBUG 18700 --- [openex] [pool-1-thread-4] org.hibernate.SQL                        : 
        select
            o1_0.id,
            o1_0.account_id,
            o1_0.created_at,
            o1_0.idempotency_key,
            o1_0.price,
            o1_0.quantity,
            o1_0.remaining_quantity,
            o1_0.side,
            o1_0.status,
            o1_0.symbol,
            o1_0.type,
            o1_0.updated_at,
            o1_0.version 
        from
            orders o1_0 
        where
            o1_0.id=?
    2026-08-18T15:15:12.945+02:00  INFO 18700 --- [openex] [ool-1-thread-10] com.openex.core.service.OrderService     : Order placed: id=da5c976d-27cf-4716-911b-01b949f35101 account=5973bd45-0e4f-4d65-9626-d31a2114d19c BUY 1 STRf73b43d8-USD @ 10.00
    2026-08-18T15:15:12.946+02:00  INFO 18700 --- [openex] [pool-1-thread-4] com.openex.core.service.OrderService     : Order placed: id=8c94b987-e50a-4a41-84e7-a557a7e31fa6 account=f4edd9be-9e67-4002-99ef-520e023742e9 BUY 1 STRf73b43d8-USD @ 10.00
    2026-08-18T15:15:12.947+02:00 DEBUG 18700 --- [openex] [ool-1-thread-10] org.hibernate.SQL                        : 
        insert 
        into
            orders
            (account_id, created_at, idempotency_key, price, quantity, remaining_quantity, side, status, symbol, type, updated_at, version, id) 
        values
            (?, ?, ?, ?, ?, ?, ?, ?, ?, ?, ?, ?, ?)
    2026-08-18T15:15:12.947+02:00 DEBUG 18700 --- [openex] [pool-1-thread-4] org.hibernate.SQL                        : 
        insert 
        into
            orders
            (account_id, created_at, idempotency_key, price, quantity, remaining_quantity, side, status, symbol, type, updated_at, version, id) 
        values
            (?, ?, ?, ?, ?, ?, ?, ?, ?, ?, ?, ?, ?)
    2026-08-18T15:15:12.948+02:00 DEBUG 18700 --- [openex] [ool-1-thread-10] org.hibernate.SQL                        : 
        update
            wallets 
        set
            account_id=?,
            asset=?,
            balance=?,
            reserved=?,
            updated_at=?,
            version=? 
        where
            id=? 
            and version=?
    2026-08-18T15:15:12.949+02:00 DEBUG 18700 --- [openex] [pool-1-thread-4] org.hibernate.SQL                        : 
        update
            wallets 
        set
            account_id=?,
            asset=?,
            balance=?,
            reserved=?,
            updated_at=?,
            version=? 
        where
            id=? 
            and version=?
    2026-08-18T15:15:12.950+02:00 DEBUG 18700 --- [openex] [pool-1-thread-4] org.hibernate.SQL                        : 
        select
            o1_0.id,
            o1_0.account_id,
            o1_0.created_at,
            o1_0.idempotency_key,
            o1_0.price,
            o1_0.quantity,
            o1_0.remaining_quantity,
            o1_0.side,
            o1_0.status,
            o1_0.symbol,
            o1_0.type,
            o1_0.updated_at,
            o1_0.version 
        from
            orders o1_0
    2026-08-18T15:15:12.950+02:00 DEBUG 18700 --- [openex] [ool-1-thread-10] org.hibernate.SQL                        : 
        select
            o1_0.id,
            o1_0.account_id,
            o1_0.created_at,
            o1_0.idempotency_key,
            o1_0.price,
            o1_0.quantity,
            o1_0.remaining_quantity,
            o1_0.side,
            o1_0.status,
            o1_0.symbol,
            o1_0.type,
            o1_0.updated_at,
            o1_0.version 
        from
            orders o1_0
    2026-08-18T15:15:12.957+02:00 DEBUG 18700 --- [openex] [ool-1-thread-10] org.hibernate.SQL                        : 
        select
            t1_0.id,
            t1_0.buy_order_id,
            t1_0.executed_at,
            t1_0.price,
            t1_0.quantity,
            t1_0.sell_order_id,
            t1_0.symbol 
        from
            trades t1_0 
        where
            t1_0.id=?
    2026-08-18T15:15:12.957+02:00 DEBUG 18700 --- [openex] [pool-1-thread-4] org.hibernate.SQL                        : 
        select
            t1_0.id,
            t1_0.buy_order_id,
            t1_0.executed_at,
            t1_0.price,
            t1_0.quantity,
            t1_0.sell_order_id,
            t1_0.symbol 
        from
            trades t1_0 
        where
            t1_0.id=?
    2026-08-18T15:15:12.959+02:00 DEBUG 18700 --- [openex] [pool-1-thread-8] org.hibernate.SQL                        : 
        select
            o1_0.id,
            o1_0.account_id,
            o1_0.created_at,
            o1_0.idempotency_key,
            o1_0.price,
            o1_0.quantity,
            o1_0.remaining_quantity,
            o1_0.side,
            o1_0.status,
            o1_0.symbol,
            o1_0.type,
            o1_0.updated_at,
            o1_0.version 
        from
            orders o1_0 
        where
            o1_0.idempotency_key=?
    2026-08-18T15:15:12.962+02:00 DEBUG 18700 --- [openex] [ool-1-thread-10] org.hibernate.SQL                        : 
        select
            w1_0.id,
            w1_0.account_id,
            w1_0.asset,
            w1_0.balance,
            w1_0.reserved,
            w1_0.updated_at,
            w1_0.version 
        from
            wallets w1_0 
        where
            w1_0.account_id=? 
            and w1_0.asset=?
    2026-08-18T15:15:12.963+02:00 DEBUG 18700 --- [openex] [pool-1-thread-8] org.hibernate.SQL                        : 
        select
            w1_0.id,
            w1_0.account_id,
            w1_0.asset,
            w1_0.balance,
            w1_0.reserved,
            w1_0.updated_at,
            w1_0.version 
        from
            wallets w1_0 
        where
            w1_0.account_id=? 
            and w1_0.asset=?
    2026-08-18T15:15:12.965+02:00 DEBUG 18700 --- [openex] [pool-1-thread-4] org.hibernate.SQL                        : 
        select
            w1_0.id,
            w1_0.account_id,
            w1_0.asset,
            w1_0.balance,
            w1_0.reserved,
            w1_0.updated_at,
            w1_0.version 
        from
            wallets w1_0 
        where
            w1_0.account_id=? 
            and w1_0.asset=?
    2026-08-18T15:15:12.967+02:00 DEBUG 18700 --- [openex] [pool-1-thread-8] org.hibernate.SQL                        : 
        select
            o1_0.id,
            o1_0.account_id,
            o1_0.created_at,
            o1_0.idempotency_key,
            o1_0.price,
            o1_0.quantity,
            o1_0.remaining_quantity,
            o1_0.side,
            o1_0.status,
            o1_0.symbol,
            o1_0.type,
            o1_0.updated_at,
            o1_0.version 
        from
            orders o1_0 
        where
            o1_0.id=?
    2026-08-18T15:15:12.968+02:00 DEBUG 18700 --- [openex] [ool-1-thread-10] org.hibernate.SQL                        : 
        insert 
        into
            trades
            (buy_order_id, executed_at, price, quantity, sell_order_id, symbol, id) 
        values
            (?, ?, ?, ?, ?, ?, ?)
    2026-08-18T15:15:12.969+02:00 DEBUG 18700 --- [openex] [pool-1-thread-4] org.hibernate.SQL                        : 
        insert 
        into
            trades
            (buy_order_id, executed_at, price, quantity, sell_order_id, symbol, id) 
        values
            (?, ?, ?, ?, ?, ?, ?)
    2026-08-18T15:15:12.971+02:00  INFO 18700 --- [openex] [pool-1-thread-8] com.openex.core.service.OrderService     : Order placed: id=269b4116-ce55-4b9e-b57d-50ed2c1ce150 account=bde7a6ce-48de-43c5-9912-8da18d39039a BUY 1 STRf73b43d8-USD @ 10.00
    2026-08-18T15:15:12.972+02:00 DEBUG 18700 --- [openex] [ool-1-thread-10] org.hibernate.SQL                        : 
        update
            wallets 
        set
            account_id=?,
            asset=?,
            balance=?,
            reserved=?,
            updated_at=?,
            version=? 
        where
            id=? 
            and version=?
    2026-08-18T15:15:12.972+02:00 DEBUG 18700 --- [openex] [pool-1-thread-8] org.hibernate.SQL                        : 
        insert 
        into
            orders
            (account_id, created_at, idempotency_key, price, quantity, remaining_quantity, side, status, symbol, type, updated_at, version, id) 
        values
            (?, ?, ?, ?, ?, ?, ?, ?, ?, ?, ?, ?, ?)
    2026-08-18T15:15:12.973+02:00 DEBUG 18700 --- [openex] [pool-1-thread-4] org.hibernate.SQL                        : 
        update
            wallets 
        set
            account_id=?,
            asset=?,
            balance=?,
            reserved=?,
            updated_at=?,
            version=? 
        where
            id=? 
            and version=?
    2026-08-18T15:15:12.974+02:00 DEBUG 18700 --- [openex] [ool-1-thread-10] org.hibernate.SQL                        : 
        select
            w1_0.id,
            w1_0.account_id,
            w1_0.asset,
            w1_0.balance,
            w1_0.reserved,
            w1_0.updated_at,
            w1_0.version 
        from
            wallets w1_0 
        where
            w1_0.account_id=? 
            and w1_0.asset=?
    2026-08-18T15:15:12.974+02:00 DEBUG 18700 --- [openex] [pool-1-thread-8] org.hibernate.SQL                        : 
        update
            wallets 
        set
            account_id=?,
            asset=?,
            balance=?,
            reserved=?,
            updated_at=?,
            version=? 
        where
            id=? 
            and version=?
    2026-08-18T15:15:12.975+02:00 DEBUG 18700 --- [openex] [pool-1-thread-4] org.hibernate.SQL                        : 
        select
            w1_0.id,
            w1_0.account_id,
            w1_0.asset,
            w1_0.balance,
            w1_0.reserved,
            w1_0.updated_at,
            w1_0.version 
        from
            wallets w1_0 
        where
            w1_0.account_id=? 
            and w1_0.asset=?
    2026-08-18T15:15:12.975+02:00 DEBUG 18700 --- [openex] [pool-1-thread-8] org.hibernate.SQL                        : 
        select
            o1_0.id,
            o1_0.account_id,
            o1_0.created_at,
            o1_0.idempotency_key,
            o1_0.price,
            o1_0.quantity,
            o1_0.remaining_quantity,
            o1_0.side,
            o1_0.status,
            o1_0.symbol,
            o1_0.type,
            o1_0.updated_at,
            o1_0.version 
        from
            orders o1_0
    2026-08-18T15:15:12.978+02:00 DEBUG 18700 --- [openex] [pool-1-thread-8] org.hibernate.SQL                        : 
        select
            t1_0.id,
            t1_0.buy_order_id,
            t1_0.executed_at,
            t1_0.price,
            t1_0.quantity,
            t1_0.sell_order_id,
            t1_0.symbol 
        from
            trades t1_0 
        where
            t1_0.id=?
    2026-08-18T15:15:12.981+02:00 DEBUG 18700 --- [openex] [pool-1-thread-8] org.hibernate.SQL                        : 
        select
            w1_0.id,
            w1_0.account_id,
            w1_0.asset,
            w1_0.balance,
            w1_0.reserved,
            w1_0.updated_at,
            w1_0.version 
        from
            wallets w1_0 
        where
            w1_0.account_id=? 
            and w1_0.asset=?
    2026-08-18T15:15:12.987+02:00 DEBUG 18700 --- [openex] [pool-1-thread-8] org.hibernate.SQL                        : 
        insert 
        into
            trades
            (buy_order_id, executed_at, price, quantity, sell_order_id, symbol, id) 
        values
            (?, ?, ?, ?, ?, ?, ?)
    2026-08-18T15:15:12.989+02:00 DEBUG 18700 --- [openex] [pool-1-thread-8] org.hibernate.SQL                        : 
        update
            wallets 
        set
            account_id=?,
            asset=?,
            balance=?,
            reserved=?,
            updated_at=?,
            version=? 
        where
            id=? 
            and version=?
    2026-08-18T15:15:12.991+02:00 DEBUG 18700 --- [openex] [pool-1-thread-8] org.hibernate.SQL                        : 
        select
            w1_0.id,
            w1_0.account_id,
            w1_0.asset,
            w1_0.balance,
            w1_0.reserved,
            w1_0.updated_at,
            w1_0.version 
        from
            wallets w1_0 
        where
            w1_0.account_id=? 
            and w1_0.asset=?
    2026-08-18T15:15:13.078+02:00 DEBUG 18700 --- [openex] [ool-1-thread-11] org.hibernate.SQL                        : 
        select
            w1_0.id,
            w1_0.account_id,
            w1_0.asset,
            w1_0.balance,
            w1_0.reserved,
            w1_0.updated_at,
            w1_0.version 
        from
            wallets w1_0 
        where
            w1_0.account_id=? 
            and w1_0.asset=?
    2026-08-18T15:15:13.083+02:00 DEBUG 18700 --- [openex] [pool-1-thread-4] org.hibernate.SQL                        : 
        select
            le1_0.id,
            le1_0.account_id,
            le1_0.amount,
            le1_0.asset,
            le1_0.created_at,
            le1_0.entry_type,
            le1_0.reference_id,
            le1_0.reference_type 
        from
            ledger_entries le1_0 
        where
            le1_0.id=?
    2026-08-18T15:15:13.083+02:00 DEBUG 18700 --- [openex] [ool-1-thread-10] org.hibernate.SQL                        : 
        select
            le1_0.id,
            le1_0.account_id,
            le1_0.amount,
            le1_0.asset,
            le1_0.created_at,
            le1_0.entry_type,
            le1_0.reference_id,
            le1_0.reference_type 
        from
            ledger_entries le1_0 
        where
            le1_0.id=?
    2026-08-18T15:15:13.084+02:00 DEBUG 18700 --- [openex] [pool-1-thread-8] org.hibernate.SQL                        : 
        select
            le1_0.id,
            le1_0.account_id,
            le1_0.amount,
            le1_0.asset,
            le1_0.created_at,
            le1_0.entry_type,
            le1_0.reference_id,
            le1_0.reference_type 
        from
            ledger_entries le1_0 
        where
            le1_0.id=?
    2026-08-18T15:15:13.085+02:00 DEBUG 18700 --- [openex] [pool-1-thread-4] org.hibernate.SQL                        : 
        select
            le1_0.id,
            le1_0.account_id,
            le1_0.amount,
            le1_0.asset,
            le1_0.created_at,
            le1_0.entry_type,
            le1_0.reference_id,
            le1_0.reference_type 
        from
            ledger_entries le1_0 
        where
            le1_0.id=?
    2026-08-18T15:15:13.087+02:00 DEBUG 18700 --- [openex] [pool-1-thread-4] org.hibernate.SQL                        : 
        insert 
        into
            ledger_entries
            (account_id, amount, asset, created_at, entry_type, reference_id, reference_type, id) 
        values
            (?, ?, ?, ?, ?, ?, ?, ?)
    2026-08-18T15:15:13.089+02:00 DEBUG 18700 --- [openex] [pool-1-thread-4] org.hibernate.SQL                        : 
        insert 
        into
            ledger_entries
            (account_id, amount, asset, created_at, entry_type, reference_id, reference_type, id) 
        values
            (?, ?, ?, ?, ?, ?, ?, ?)
    2026-08-18T15:15:13.090+02:00 DEBUG 18700 --- [openex] [pool-1-thread-4] org.hibernate.SQL                        : 
        update
            wallets 
        set
            account_id=?,
            asset=?,
            balance=?,
            reserved=?,
            updated_at=?,
            version=? 
        where
            id=? 
            and version=?
    2026-08-18T15:15:13.091+02:00 DEBUG 18700 --- [openex] [pool-1-thread-4] org.hibernate.SQL                        : 
        select
            w1_0.id,
            w1_0.account_id,
            w1_0.asset,
            w1_0.balance,
            w1_0.reserved,
            w1_0.updated_at,
            w1_0.version 
        from
            wallets w1_0 
        where
            w1_0.account_id=? 
            and w1_0.asset=?
    2026-08-18T15:15:13.095+02:00 DEBUG 18700 --- [openex] [pool-1-thread-4] org.hibernate.SQL                        : 
        update
            wallets 
        set
            account_id=?,
            asset=?,
            balance=?,
            reserved=?,
            updated_at=?,
            version=? 
        where
            id=? 
            and version=?
    2026-08-18T15:15:13.096+02:00 DEBUG 18700 --- [openex] [pool-1-thread-4] org.hibernate.SQL                        : 
        select
            w1_0.id,
            w1_0.account_id,
            w1_0.asset,
            w1_0.balance,
            w1_0.reserved,
            w1_0.updated_at,
            w1_0.version 
        from
            wallets w1_0 
        where
            w1_0.account_id=? 
            and w1_0.asset=?
    2026-08-18T15:15:13.096+02:00 DEBUG 18700 --- [openex] [pool-1-thread-4] org.hibernate.SQL                        : 
        select
            w1_0.id,
            w1_0.account_id,
            w1_0.asset,
            w1_0.balance,
            w1_0.reserved,
            w1_0.updated_at,
            w1_0.version 
        from
            wallets w1_0 
        where
            w1_0.id=?
    2026-08-18T15:15:13.096+02:00 DEBUG 18700 --- [openex] [pool-1-thread-8] org.hibernate.SQL                        : 
        select
            le1_0.id,
            le1_0.account_id,
            le1_0.amount,
            le1_0.asset,
            le1_0.created_at,
            le1_0.entry_type,
            le1_0.reference_id,
            le1_0.reference_type 
        from
            ledger_entries le1_0 
        where
            le1_0.id=?
    2026-08-18T15:15:13.097+02:00 DEBUG 18700 --- [openex] [pool-1-thread-4] org.hibernate.SQL                        : 
        select
            le1_0.id,
            le1_0.account_id,
            le1_0.amount,
            le1_0.asset,
            le1_0.created_at,
            le1_0.entry_type,
            le1_0.reference_id,
            le1_0.reference_type 
        from
            ledger_entries le1_0 
        where
            le1_0.id=?
    2026-08-18T15:15:13.099+02:00 DEBUG 18700 --- [openex] [pool-1-thread-8] org.hibernate.SQL                        : 
        insert 
        into
            ledger_entries
            (account_id, amount, asset, created_at, entry_type, reference_id, reference_type, id) 
        values
            (?, ?, ?, ?, ?, ?, ?, ?)
    2026-08-18T15:15:13.100+02:00 DEBUG 18700 --- [openex] [pool-1-thread-8] org.hibernate.SQL                        : 
        insert 
        into
            ledger_entries
            (account_id, amount, asset, created_at, entry_type, reference_id, reference_type, id) 
        values
            (?, ?, ?, ?, ?, ?, ?, ?)
    2026-08-18T15:15:13.101+02:00 DEBUG 18700 --- [openex] [pool-1-thread-8] org.hibernate.SQL                        : 
        update
            wallets 
        set
            account_id=?,
            asset=?,
            balance=?,
            reserved=?,
            updated_at=?,
            version=? 
        where
            id=? 
            and version=?
    2026-08-18T15:15:13.105+02:00 DEBUG 18700 --- [openex] [pool-1-thread-4] org.hibernate.SQL                        : 
        select
            le1_0.id,
            le1_0.account_id,
            le1_0.amount,
            le1_0.asset,
            le1_0.created_at,
            le1_0.entry_type,
            le1_0.reference_id,
            le1_0.reference_type 
        from
            ledger_entries le1_0 
        where
            le1_0.id=?
    2026-08-18T15:15:13.105+02:00 DEBUG 18700 --- [openex] [ool-1-thread-10] org.hibernate.SQL                        : 
        select
            le1_0.id,
            le1_0.account_id,
            le1_0.amount,
            le1_0.asset,
            le1_0.created_at,
            le1_0.entry_type,
            le1_0.reference_id,
            le1_0.reference_type 
        from
            ledger_entries le1_0 
        where
            le1_0.id=?
    2026-08-18T15:15:13.108+02:00 DEBUG 18700 --- [openex] [ool-1-thread-10] org.hibernate.SQL                        : 
        insert 
        into
            ledger_entries
            (account_id, amount, asset, created_at, entry_type, reference_id, reference_type, id) 
        values
            (?, ?, ?, ?, ?, ?, ?, ?)
    2026-08-18T15:15:13.109+02:00 DEBUG 18700 --- [openex] [pool-1-thread-4] org.hibernate.SQL                        : 
        insert 
        into
            wallets
            (account_id, asset, balance, reserved, updated_at, version, id) 
        values
            (?, ?, ?, ?, ?, ?, ?)
    2026-08-18T15:15:13.110+02:00 DEBUG 18700 --- [openex] [ool-1-thread-18] org.hibernate.SQL                        : 
        select
            o1_0.id,
            o1_0.account_id,
            o1_0.created_at,
            o1_0.idempotency_key,
            o1_0.price,
            o1_0.quantity,
            o1_0.remaining_quantity,
            o1_0.side,
            o1_0.status,
            o1_0.symbol,
            o1_0.type,
            o1_0.updated_at,
            o1_0.version 
        from
            orders o1_0 
        where
            o1_0.idempotency_key=?
    2026-08-18T15:15:13.110+02:00 DEBUG 18700 --- [openex] [ool-1-thread-19] org.hibernate.SQL                        : 
        select
            o1_0.id,
            o1_0.account_id,
            o1_0.created_at,
            o1_0.idempotency_key,
            o1_0.price,
            o1_0.quantity,
            o1_0.remaining_quantity,
            o1_0.side,
            o1_0.status,
            o1_0.symbol,
            o1_0.type,
            o1_0.updated_at,
            o1_0.version 
        from
            orders o1_0 
        where
            o1_0.idempotency_key=?
    2026-08-18T15:15:13.111+02:00 DEBUG 18700 --- [openex] [ool-1-thread-10] org.hibernate.SQL                        : 
        insert 
        into
            ledger_entries
            (account_id, amount, asset, created_at, entry_type, reference_id, reference_type, id) 
        values
            (?, ?, ?, ?, ?, ?, ?, ?)
    2026-08-18T15:15:13.112+02:00 DEBUG 18700 --- [openex] [pool-1-thread-4] org.hibernate.SQL                        : 
        insert 
        into
            ledger_entries
            (account_id, amount, asset, created_at, entry_type, reference_id, reference_type, id) 
        values
            (?, ?, ?, ?, ?, ?, ?, ?)
    2026-08-18T15:15:13.113+02:00 DEBUG 18700 --- [openex] [ool-1-thread-18] org.hibernate.SQL                        : 
        select
            w1_0.id,
            w1_0.account_id,
            w1_0.asset,
            w1_0.balance,
            w1_0.reserved,
            w1_0.updated_at,
            w1_0.version 
        from
            wallets w1_0 
        where
            w1_0.account_id=? 
            and w1_0.asset=?
    2026-08-18T15:15:13.114+02:00 DEBUG 18700 --- [openex] [ool-1-thread-19] org.hibernate.SQL                        : 
        select
            w1_0.id,
            w1_0.account_id,
            w1_0.asset,
            w1_0.balance,
            w1_0.reserved,
            w1_0.updated_at,
            w1_0.version 
        from
            wallets w1_0 
        where
            w1_0.account_id=? 
            and w1_0.asset=?
    2026-08-18T15:15:13.115+02:00 DEBUG 18700 --- [openex] [ool-1-thread-10] org.hibernate.SQL                        : 
        update
            wallets 
        set
            account_id=?,
            asset=?,
            balance=?,
            reserved=?,
            updated_at=?,
            version=? 
        where
            id=? 
            and version=?
    2026-08-18T15:15:13.116+02:00 DEBUG 18700 --- [openex] [pool-1-thread-4] org.hibernate.SQL                        : 
        insert 
        into
            ledger_entries
            (account_id, amount, asset, created_at, entry_type, reference_id, reference_type, id) 
        values
            (?, ?, ?, ?, ?, ?, ?, ?)
    2026-08-18T15:15:13.118+02:00 DEBUG 18700 --- [openex] [ool-1-thread-18] org.hibernate.SQL                        : 
        select
            o1_0.id,
            o1_0.account_id,
            o1_0.created_at,
            o1_0.idempotency_key,
            o1_0.price,
            o1_0.quantity,
            o1_0.remaining_quantity,
            o1_0.side,
            o1_0.status,
            o1_0.symbol,
            o1_0.type,
            o1_0.updated_at,
            o1_0.version 
        from
            orders o1_0 
        where
            o1_0.id=?
    2026-08-18T15:15:13.119+02:00 DEBUG 18700 --- [openex] [ool-1-thread-19] org.hibernate.SQL                        : 
        select
            o1_0.id,
            o1_0.account_id,
            o1_0.created_at,
            o1_0.idempotency_key,
            o1_0.price,
            o1_0.quantity,
            o1_0.remaining_quantity,
            o1_0.side,
            o1_0.status,
            o1_0.symbol,
            o1_0.type,
            o1_0.updated_at,
            o1_0.version 
        from
            orders o1_0 
        where
            o1_0.id=?
    2026-08-18T15:15:13.120+02:00 DEBUG 18700 --- [openex] [pool-1-thread-4] org.hibernate.SQL                        : 
        update
            orders 
        set
            account_id=?,
            created_at=?,
            idempotency_key=?,
            price=?,
            quantity=?,
            remaining_quantity=?,
            side=?,
            status=?,
            symbol=?,
            type=?,
            updated_at=?,
            version=? 
        where
            id=? 
            and version=?
    2026-08-18T15:15:13.120+02:00  INFO 18700 --- [openex] [ool-1-thread-19] com.openex.core.service.OrderService     : Order placed: id=3d68a97f-ef50-437f-ae99-42623bb42caf account=b28873a4-015d-4581-9aea-8327e59c2624 BUY 1 STRf73b43d8-USD @ 10.00
    2026-08-18T15:15:13.120+02:00  INFO 18700 --- [openex] [ool-1-thread-18] com.openex.core.service.OrderService     : Order placed: id=dccce928-c0f2-452b-8fa6-a7efdab48130 account=2309d2f0-d351-4f45-b273-6498ebab4360 BUY 1 STRf73b43d8-USD @ 10.00
    2026-08-18T15:15:13.121+02:00 DEBUG 18700 --- [openex] [ool-1-thread-18] org.hibernate.SQL                        : 
        insert 
        into
            orders
            (account_id, created_at, idempotency_key, price, quantity, remaining_quantity, side, status, symbol, type, updated_at, version, id) 
        values
            (?, ?, ?, ?, ?, ?, ?, ?, ?, ?, ?, ?, ?)
    2026-08-18T15:15:13.121+02:00 DEBUG 18700 --- [openex] [ool-1-thread-19] org.hibernate.SQL                        : 
        insert 
        into
            orders
            (account_id, created_at, idempotency_key, price, quantity, remaining_quantity, side, status, symbol, type, updated_at, version, id) 
        values
            (?, ?, ?, ?, ?, ?, ?, ?, ?, ?, ?, ?, ?)
    2026-08-18T15:15:13.124+02:00 DEBUG 18700 --- [openex] [pool-1-thread-4] org.hibernate.SQL                        : 
        update
            orders 
        set
            account_id=?,
            created_at=?,
            idempotency_key=?,
            price=?,
            quantity=?,
            remaining_quantity=?,
            side=?,
            status=?,
            symbol=?,
            type=?,
            updated_at=?,
            version=? 
        where
            id=? 
            and version=?
    2026-08-18T15:15:13.125+02:00 DEBUG 18700 --- [openex] [ool-1-thread-18] org.hibernate.SQL                        : 
        update
            wallets 
        set
            account_id=?,
            asset=?,
            balance=?,
            reserved=?,
            updated_at=?,
            version=? 
        where
            id=? 
            and version=?
    2026-08-18T15:15:13.126+02:00 DEBUG 18700 --- [openex] [ool-1-thread-18] org.hibernate.SQL                        : 
        select
            o1_0.id,
            o1_0.account_id,
            o1_0.created_at,
            o1_0.idempotency_key,
            o1_0.price,
            o1_0.quantity,
            o1_0.remaining_quantity,
            o1_0.side,
            o1_0.status,
            o1_0.symbol,
            o1_0.type,
            o1_0.updated_at,
            o1_0.version 
        from
            orders o1_0
    2026-08-18T15:15:13.130+02:00 DEBUG 18700 --- [openex] [ool-1-thread-18] org.hibernate.SQL                        : 
        select
            t1_0.id,
            t1_0.buy_order_id,
            t1_0.executed_at,
            t1_0.price,
            t1_0.quantity,
            t1_0.sell_order_id,
            t1_0.symbol 
        from
            trades t1_0 
        where
            t1_0.id=?
    2026-08-18T15:15:13.140+02:00 DEBUG 18700 --- [openex] [ool-1-thread-18] org.hibernate.SQL                        : 
        select
            w1_0.id,
            w1_0.account_id,
            w1_0.asset,
            w1_0.balance,
            w1_0.reserved,
            w1_0.updated_at,
            w1_0.version 
        from
            wallets w1_0 
        where
            w1_0.account_id=? 
            and w1_0.asset=?
    2026-08-18T15:15:13.146+02:00 DEBUG 18700 --- [openex] [ool-1-thread-18] org.hibernate.SQL                        : 
        insert 
        into
            trades
            (buy_order_id, executed_at, price, quantity, sell_order_id, symbol, id) 
        values
            (?, ?, ?, ?, ?, ?, ?)
    2026-08-18T15:15:13.147+02:00 DEBUG 18700 --- [openex] [ool-1-thread-18] org.hibernate.SQL                        : 
        update
            wallets 
        set
            account_id=?,
            asset=?,
            balance=?,
            reserved=?,
            updated_at=?,
            version=? 
        where
            id=? 
            and version=?
    2026-08-18T15:15:13.148+02:00 DEBUG 18700 --- [openex] [ool-1-thread-18] org.hibernate.SQL                        : 
        select
            w1_0.id,
            w1_0.account_id,
            w1_0.asset,
            w1_0.balance,
            w1_0.reserved,
            w1_0.updated_at,
            w1_0.version 
        from
            wallets w1_0 
        where
            w1_0.account_id=? 
            and w1_0.asset=?
    2026-08-18T15:15:13.149+02:00 DEBUG 18700 --- [openex] [ool-1-thread-18] org.hibernate.SQL                        : 
        select
            le1_0.id,
            le1_0.account_id,
            le1_0.amount,
            le1_0.asset,
            le1_0.created_at,
            le1_0.entry_type,
            le1_0.reference_id,
            le1_0.reference_type 
        from
            ledger_entries le1_0 
        where
            le1_0.id=?
    2026-08-18T15:15:13.150+02:00 DEBUG 18700 --- [openex] [ool-1-thread-18] org.hibernate.SQL                        : 
        select
            le1_0.id,
            le1_0.account_id,
            le1_0.amount,
            le1_0.asset,
            le1_0.created_at,
            le1_0.entry_type,
            le1_0.reference_id,
            le1_0.reference_type 
        from
            ledger_entries le1_0 
        where
            le1_0.id=?
    2026-08-18T15:15:13.152+02:00 DEBUG 18700 --- [openex] [ool-1-thread-18] org.hibernate.SQL                        : 
        insert 
        into
            ledger_entries
            (account_id, amount, asset, created_at, entry_type, reference_id, reference_type, id) 
        values
            (?, ?, ?, ?, ?, ?, ?, ?)
    2026-08-18T15:15:13.153+02:00 DEBUG 18700 --- [openex] [ool-1-thread-18] org.hibernate.SQL                        : 
        insert 
        into
            ledger_entries
            (account_id, amount, asset, created_at, entry_type, reference_id, reference_type, id) 
        values
            (?, ?, ?, ?, ?, ?, ?, ?)
    2026-08-18T15:15:13.154+02:00 DEBUG 18700 --- [openex] [ool-1-thread-18] org.hibernate.SQL                        : 
        update
            wallets 
        set
            account_id=?,
            asset=?,
            balance=?,
            reserved=?,
            updated_at=?,
            version=? 
        where
            id=? 
            and version=?
    2026-08-18T15:15:13.162+02:00 DEBUG 18700 --- [openex] [ool-1-thread-17] org.hibernate.SQL                        : 
        select
            o1_0.id,
            o1_0.account_id,
            o1_0.created_at,
            o1_0.idempotency_key,
            o1_0.price,
            o1_0.quantity,
            o1_0.remaining_quantity,
            o1_0.side,
            o1_0.status,
            o1_0.symbol,
            o1_0.type,
            o1_0.updated_at,
            o1_0.version 
        from
            orders o1_0 
        where
            o1_0.idempotency_key=?
    2026-08-18T15:15:13.164+02:00 DEBUG 18700 --- [openex] [ool-1-thread-14] org.hibernate.SQL                        : 
        select
            o1_0.id,
            o1_0.account_id,
            o1_0.created_at,
            o1_0.idempotency_key,
            o1_0.price,
            o1_0.quantity,
            o1_0.remaining_quantity,
            o1_0.side,
            o1_0.status,
            o1_0.symbol,
            o1_0.type,
            o1_0.updated_at,
            o1_0.version 
        from
            orders o1_0 
        where
            o1_0.idempotency_key=?
    2026-08-18T15:15:13.164+02:00 DEBUG 18700 --- [openex] [ool-1-thread-17] org.hibernate.SQL                        : 
        select
            w1_0.id,
            w1_0.account_id,
            w1_0.asset,
            w1_0.balance,
            w1_0.reserved,
            w1_0.updated_at,
            w1_0.version 
        from
            wallets w1_0 
        where
            w1_0.account_id=? 
            and w1_0.asset=?
    2026-08-18T15:15:13.165+02:00 DEBUG 18700 --- [openex] [ool-1-thread-17] org.hibernate.SQL                        : 
        select
            o1_0.id,
            o1_0.account_id,
            o1_0.created_at,
            o1_0.idempotency_key,
            o1_0.price,
            o1_0.quantity,
            o1_0.remaining_quantity,
            o1_0.side,
            o1_0.status,
            o1_0.symbol,
            o1_0.type,
            o1_0.updated_at,
            o1_0.version 
        from
            orders o1_0 
        where
            o1_0.id=?
    2026-08-18T15:15:13.166+02:00 DEBUG 18700 --- [openex] [ool-1-thread-14] org.hibernate.SQL                        : 
        select
            w1_0.id,
            w1_0.account_id,
            w1_0.asset,
            w1_0.balance,
            w1_0.reserved,
            w1_0.updated_at,
            w1_0.version 
        from
            wallets w1_0 
        where
            w1_0.account_id=? 
            and w1_0.asset=?
    2026-08-18T15:15:13.166+02:00  INFO 18700 --- [openex] [ool-1-thread-17] com.openex.core.service.OrderService     : Order placed: id=e61a5643-13e1-4cb4-9712-c58c115a41ef account=a5bd54b7-796e-4d11-af25-ba17555d610f BUY 1 STRf73b43d8-USD @ 10.00
    2026-08-18T15:15:13.167+02:00 DEBUG 18700 --- [openex] [ool-1-thread-14] org.hibernate.SQL                        : 
        select
            o1_0.id,
            o1_0.account_id,
            o1_0.created_at,
            o1_0.idempotency_key,
            o1_0.price,
            o1_0.quantity,
            o1_0.remaining_quantity,
            o1_0.side,
            o1_0.status,
            o1_0.symbol,
            o1_0.type,
            o1_0.updated_at,
            o1_0.version 
        from
            orders o1_0 
        where
            o1_0.id=?
    2026-08-18T15:15:13.168+02:00 DEBUG 18700 --- [openex] [ool-1-thread-17] org.hibernate.SQL                        : 
        insert 
        into
            orders
            (account_id, created_at, idempotency_key, price, quantity, remaining_quantity, side, status, symbol, type, updated_at, version, id) 
        values
            (?, ?, ?, ?, ?, ?, ?, ?, ?, ?, ?, ?, ?)
    2026-08-18T15:15:13.168+02:00  INFO 18700 --- [openex] [ool-1-thread-14] com.openex.core.service.OrderService     : Order placed: id=4cc0d01d-be3e-425f-908d-e7ff94fe80a9 account=5c8cc19e-d1c6-46bd-ae97-3bcda6d3f7e4 BUY 1 STRf73b43d8-USD @ 10.00
    2026-08-18T15:15:13.169+02:00 DEBUG 18700 --- [openex] [ool-1-thread-14] org.hibernate.SQL                        : 
        insert 
        into
            orders
            (account_id, created_at, idempotency_key, price, quantity, remaining_quantity, side, status, symbol, type, updated_at, version, id) 
        values
            (?, ?, ?, ?, ?, ?, ?, ?, ?, ?, ?, ?, ?)
    2026-08-18T15:15:13.185+02:00 DEBUG 18700 --- [openex] [pool-1-thread-5] org.hibernate.SQL                        : 
        insert 
        into
            ledger_entries
            (account_id, amount, asset, created_at, entry_type, reference_id, reference_type, id) 
        values
            (?, ?, ?, ?, ?, ?, ?, ?)
    2026-08-18T15:15:13.186+02:00 DEBUG 18700 --- [openex] [pool-1-thread-5] org.hibernate.SQL                        : 
        update
            wallets 
        set
            account_id=?,
            asset=?,
            balance=?,
            reserved=?,
            updated_at=?,
            version=? 
        where
            id=? 
            and version=?
    2026-08-18T15:15:13.222+02:00 DEBUG 18700 --- [openex] [pool-1-thread-5] org.hibernate.SQL                        : 
        select
            o1_0.id,
            o1_0.account_id,
            o1_0.created_at,
            o1_0.idempotency_key,
            o1_0.price,
            o1_0.quantity,
            o1_0.remaining_quantity,
            o1_0.side,
            o1_0.status,
            o1_0.symbol,
            o1_0.type,
            o1_0.updated_at,
            o1_0.version 
        from
            orders o1_0 
        where
            o1_0.idempotency_key=?
    2026-08-18T15:15:13.229+02:00 DEBUG 18700 --- [openex] [pool-1-thread-5] org.hibernate.SQL                        : 
        select
            w1_0.id,
            w1_0.account_id,
            w1_0.asset,
            w1_0.balance,
            w1_0.reserved,
            w1_0.updated_at,
            w1_0.version 
        from
            wallets w1_0 
        where
            w1_0.account_id=? 
            and w1_0.asset=?
    2026-08-18T15:15:13.230+02:00 DEBUG 18700 --- [openex] [pool-1-thread-5] org.hibernate.SQL                        : 
        select
            o1_0.id,
            o1_0.account_id,
            o1_0.created_at,
            o1_0.idempotency_key,
            o1_0.price,
            o1_0.quantity,
            o1_0.remaining_quantity,
            o1_0.side,
            o1_0.status,
            o1_0.symbol,
            o1_0.type,
            o1_0.updated_at,
            o1_0.version 
        from
            orders o1_0 
        where
            o1_0.id=?
    2026-08-18T15:15:13.231+02:00  INFO 18700 --- [openex] [pool-1-thread-5] com.openex.core.service.OrderService     : Order placed: id=e4b680ce-5aa0-4460-9d90-25d08aaeb626 account=86982122-f4db-4b86-b67c-05d977b38ac0 BUY 1 STRf73b43d8-USD @ 10.00
    2026-08-18T15:15:13.233+02:00 DEBUG 18700 --- [openex] [pool-1-thread-5] org.hibernate.SQL                        : 
        insert 
        into
            orders
            (account_id, created_at, idempotency_key, price, quantity, remaining_quantity, side, status, symbol, type, updated_at, version, id) 
        values
            (?, ?, ?, ?, ?, ?, ?, ?, ?, ?, ?, ?, ?)
    2026-08-18T15:15:13.269+02:00 DEBUG 18700 --- [openex] [pool-1-thread-4] org.hibernate.SQL                        : 
        select
            o1_0.id,
            o1_0.account_id,
            o1_0.created_at,
            o1_0.idempotency_key,
            o1_0.price,
            o1_0.quantity,
            o1_0.remaining_quantity,
            o1_0.side,
            o1_0.status,
            o1_0.symbol,
            o1_0.type,
            o1_0.updated_at,
            o1_0.version 
        from
            orders o1_0 
        where
            o1_0.symbol=? 
            and o1_0.status in (?, ?)
    2026-08-18T15:15:13.269+02:00 DEBUG 18700 --- [openex] [ool-1-thread-17] org.hibernate.SQL                        : 
        update
            wallets 
        set
            account_id=?,
            asset=?,
            balance=?,
            reserved=?,
            updated_at=?,
            version=? 
        where
            id=? 
            and version=?
    2026-08-18T15:15:13.270+02:00 DEBUG 18700 --- [openex] [ool-1-thread-17] org.hibernate.SQL                        : 
        select
            o1_0.id,
            o1_0.account_id,
            o1_0.created_at,
            o1_0.idempotency_key,
            o1_0.price,
            o1_0.quantity,
            o1_0.remaining_quantity,
            o1_0.side,
            o1_0.status,
            o1_0.symbol,
            o1_0.type,
            o1_0.updated_at,
            o1_0.version 
        from
            orders o1_0
    2026-08-18T15:15:13.270+02:00  INFO 18700 --- [openex] [pool-1-thread-4] com.openex.core.service.OrderService     : Order matched: id=8c94b987-e50a-4a41-84e7-a557a7e31fa6 status=FILLED remaining=0
    2026-08-18T15:15:13.274+02:00 DEBUG 18700 --- [openex] [ool-1-thread-17] org.hibernate.SQL                        : 
        select
            t1_0.id,
            t1_0.buy_order_id,
            t1_0.executed_at,
            t1_0.price,
            t1_0.quantity,
            t1_0.sell_order_id,
            t1_0.symbol 
        from
            trades t1_0 
        where
            t1_0.id=?
    2026-08-18T15:15:13.276+02:00 DEBUG 18700 --- [openex] [ool-1-thread-17] org.hibernate.SQL                        : 
        select
            w1_0.id,
            w1_0.account_id,
            w1_0.asset,
            w1_0.balance,
            w1_0.reserved,
            w1_0.updated_at,
            w1_0.version 
        from
            wallets w1_0 
        where
            w1_0.account_id=? 
            and w1_0.asset=?
    2026-08-18T15:15:13.278+02:00 DEBUG 18700 --- [openex] [ool-1-thread-17] org.hibernate.SQL                        : 
        insert 
        into
            trades
            (buy_order_id, executed_at, price, quantity, sell_order_id, symbol, id) 
        values
            (?, ?, ?, ?, ?, ?, ?)
    2026-08-18T15:15:13.280+02:00 DEBUG 18700 --- [openex] [ool-1-thread-17] org.hibernate.SQL                        : 
        update
            wallets 
        set
            account_id=?,
            asset=?,
            balance=?,
            reserved=?,
            updated_at=?,
            version=? 
        where
            id=? 
            and version=?
    2026-08-18T15:15:13.281+02:00 DEBUG 18700 --- [openex] [ool-1-thread-17] org.hibernate.SQL                        : 
        select
            w1_0.id,
            w1_0.account_id,
            w1_0.asset,
            w1_0.balance,
            w1_0.reserved,
            w1_0.updated_at,
            w1_0.version 
        from
            wallets w1_0 
        where
            w1_0.account_id=? 
            and w1_0.asset=?
    2026-08-18T15:15:13.282+02:00 DEBUG 18700 --- [openex] [ool-1-thread-17] org.hibernate.SQL                        : 
        select
            le1_0.id,
            le1_0.account_id,
            le1_0.amount,
            le1_0.asset,
            le1_0.created_at,
            le1_0.entry_type,
            le1_0.reference_id,
            le1_0.reference_type 
        from
            ledger_entries le1_0 
        where
            le1_0.id=?
    2026-08-18T15:15:13.283+02:00 DEBUG 18700 --- [openex] [ool-1-thread-17] org.hibernate.SQL                        : 
        select
            le1_0.id,
            le1_0.account_id,
            le1_0.amount,
            le1_0.asset,
            le1_0.created_at,
            le1_0.entry_type,
            le1_0.reference_id,
            le1_0.reference_type 
        from
            ledger_entries le1_0 
        where
            le1_0.id=?
    2026-08-18T15:15:13.285+02:00 DEBUG 18700 --- [openex] [pool-1-thread-8] org.hibernate.SQL                        : 
        select
            o1_0.id,
            o1_0.account_id,
            o1_0.created_at,
            o1_0.idempotency_key,
            o1_0.price,
            o1_0.quantity,
            o1_0.remaining_quantity,
            o1_0.side,
            o1_0.status,
            o1_0.symbol,
            o1_0.type,
            o1_0.updated_at,
            o1_0.version 
        from
            orders o1_0 
        where
            o1_0.idempotency_key=?
    2026-08-18T15:15:13.287+02:00 DEBUG 18700 --- [openex] [ool-1-thread-17] org.hibernate.SQL                        : 
        insert 
        into
            ledger_entries
            (account_id, amount, asset, created_at, entry_type, reference_id, reference_type, id) 
        values
            (?, ?, ?, ?, ?, ?, ?, ?)
    2026-08-18T15:15:13.289+02:00 DEBUG 18700 --- [openex] [pool-1-thread-7] org.hibernate.SQL                        : 
        select
            o1_0.id,
            o1_0.account_id,
            o1_0.created_at,
            o1_0.idempotency_key,
            o1_0.price,
            o1_0.quantity,
            o1_0.remaining_quantity,
            o1_0.side,
            o1_0.status,
            o1_0.symbol,
            o1_0.type,
            o1_0.updated_at,
            o1_0.version 
        from
            orders o1_0 
        where
            o1_0.idempotency_key=?
    2026-08-18T15:15:13.290+02:00 DEBUG 18700 --- [openex] [ool-1-thread-16] org.hibernate.SQL                        : 
        select
            o1_0.id,
            o1_0.account_id,
            o1_0.created_at,
            o1_0.idempotency_key,
            o1_0.price,
            o1_0.quantity,
            o1_0.remaining_quantity,
            o1_0.side,
            o1_0.status,
            o1_0.symbol,
            o1_0.type,
            o1_0.updated_at,
            o1_0.version 
        from
            orders o1_0 
        where
            o1_0.idempotency_key=?
    2026-08-18T15:15:13.291+02:00 DEBUG 18700 --- [openex] [ool-1-thread-10] org.hibernate.SQL                        : 
        select
            o1_0.id,
            o1_0.account_id,
            o1_0.created_at,
            o1_0.idempotency_key,
            o1_0.price,
            o1_0.quantity,
            o1_0.remaining_quantity,
            o1_0.side,
            o1_0.status,
            o1_0.symbol,
            o1_0.type,
            o1_0.updated_at,
            o1_0.version 
        from
            orders o1_0 
        where
            o1_0.idempotency_key=?
    2026-08-18T15:15:13.291+02:00 DEBUG 18700 --- [openex] [ool-1-thread-17] org.hibernate.SQL                        : 
        insert 
        into
            ledger_entries
            (account_id, amount, asset, created_at, entry_type, reference_id, reference_type, id) 
        values
            (?, ?, ?, ?, ?, ?, ?, ?)
    2026-08-18T15:15:13.291+02:00 DEBUG 18700 --- [openex] [pool-1-thread-8] org.hibernate.SQL                        : 
        select
            w1_0.id,
            w1_0.account_id,
            w1_0.asset,
            w1_0.balance,
            w1_0.reserved,
            w1_0.updated_at,
            w1_0.version 
        from
            wallets w1_0 
        where
            w1_0.account_id=? 
            and w1_0.asset=?
    2026-08-18T15:15:13.293+02:00 DEBUG 18700 --- [openex] [ool-1-thread-16] org.hibernate.SQL                        : 
        select
            w1_0.id,
            w1_0.account_id,
            w1_0.asset,
            w1_0.balance,
            w1_0.reserved,
            w1_0.updated_at,
            w1_0.version 
        from
            wallets w1_0 
        where
            w1_0.account_id=? 
            and w1_0.asset=?
    2026-08-18T15:15:13.293+02:00 DEBUG 18700 --- [openex] [ool-1-thread-17] org.hibernate.SQL                        : 
        update
            wallets 
        set
            account_id=?,
            asset=?,
            balance=?,
            reserved=?,
            updated_at=?,
            version=? 
        where
            id=? 
            and version=?
    2026-08-18T15:15:13.293+02:00 DEBUG 18700 --- [openex] [ool-1-thread-10] org.hibernate.SQL                        : 
        select
            w1_0.id,
            w1_0.account_id,
            w1_0.asset,
            w1_0.balance,
            w1_0.reserved,
            w1_0.updated_at,
            w1_0.version 
        from
            wallets w1_0 
        where
            w1_0.account_id=? 
            and w1_0.asset=?
    2026-08-18T15:15:13.293+02:00 DEBUG 18700 --- [openex] [pool-1-thread-8] org.hibernate.SQL                        : 
        select
            o1_0.id,
            o1_0.account_id,
            o1_0.created_at,
            o1_0.idempotency_key,
            o1_0.price,
            o1_0.quantity,
            o1_0.remaining_quantity,
            o1_0.side,
            o1_0.status,
            o1_0.symbol,
            o1_0.type,
            o1_0.updated_at,
            o1_0.version 
        from
            orders o1_0 
        where
            o1_0.id=?
    2026-08-18T15:15:13.292+02:00 DEBUG 18700 --- [openex] [pool-1-thread-7] org.hibernate.SQL                        : 
        select
            w1_0.id,
            w1_0.account_id,
            w1_0.asset,
            w1_0.balance,
            w1_0.reserved,
            w1_0.updated_at,
            w1_0.version 
        from
            wallets w1_0 
        where
            w1_0.account_id=? 
            and w1_0.asset=?
    2026-08-18T15:15:13.295+02:00 DEBUG 18700 --- [openex] [ool-1-thread-16] org.hibernate.SQL                        : 
        select
            o1_0.id,
            o1_0.account_id,
            o1_0.created_at,
            o1_0.idempotency_key,
            o1_0.price,
            o1_0.quantity,
            o1_0.remaining_quantity,
            o1_0.side,
            o1_0.status,
            o1_0.symbol,
            o1_0.type,
            o1_0.updated_at,
            o1_0.version 
        from
            orders o1_0 
        where
            o1_0.id=?
    2026-08-18T15:15:13.295+02:00 DEBUG 18700 --- [openex] [pool-1-thread-7] org.hibernate.SQL                        : 
        select
            o1_0.id,
            o1_0.account_id,
            o1_0.created_at,
            o1_0.idempotency_key,
            o1_0.price,
            o1_0.quantity,
            o1_0.remaining_quantity,
            o1_0.side,
            o1_0.status,
            o1_0.symbol,
            o1_0.type,
            o1_0.updated_at,
            o1_0.version 
        from
            orders o1_0 
        where
            o1_0.id=?
    2026-08-18T15:15:13.295+02:00  INFO 18700 --- [openex] [pool-1-thread-8] com.openex.core.service.OrderService     : Order placed: id=57396429-8199-41d1-bc96-54000e7c9b86 account=bde7a6ce-48de-43c5-9912-8da18d39039a BUY 1 STRf73b43d8-USD @ 10.00
    2026-08-18T15:15:13.295+02:00 DEBUG 18700 --- [openex] [ool-1-thread-10] org.hibernate.SQL                        : 
        select
            o1_0.id,
            o1_0.account_id,
            o1_0.created_at,
            o1_0.idempotency_key,
            o1_0.price,
            o1_0.quantity,
            o1_0.remaining_quantity,
            o1_0.side,
            o1_0.status,
            o1_0.symbol,
            o1_0.type,
            o1_0.updated_at,
            o1_0.version 
        from
            orders o1_0 
        where
            o1_0.id=?
    2026-08-18T15:15:13.297+02:00 DEBUG 18700 --- [openex] [pool-1-thread-8] org.hibernate.SQL                        : 
        insert 
        into
            orders
            (account_id, created_at, idempotency_key, price, quantity, remaining_quantity, side, status, symbol, type, updated_at, version, id) 
        values
            (?, ?, ?, ?, ?, ?, ?, ?, ?, ?, ?, ?, ?)
    2026-08-18T15:15:13.297+02:00  INFO 18700 --- [openex] [ool-1-thread-10] com.openex.core.service.OrderService     : Order placed: id=e967d5af-1da9-46a1-9a4a-d3e6eeaf77b1 account=5973bd45-0e4f-4d65-9626-d31a2114d19c BUY 1 STRf73b43d8-USD @ 10.00
    2026-08-18T15:15:13.297+02:00  INFO 18700 --- [openex] [ool-1-thread-16] com.openex.core.service.OrderService     : Order placed: id=d8a059df-17b5-402e-8efe-834fc245b387 account=6f68f830-de5a-452a-8b8b-6a594e6bd084 BUY 1 STRf73b43d8-USD @ 10.00
    2026-08-18T15:15:13.297+02:00  INFO 18700 --- [openex] [pool-1-thread-7] com.openex.core.service.OrderService     : Order placed: id=f2d9ebaf-9c77-43cf-ac5c-127b86271769 account=25648af0-9ad0-4e9a-9f31-f297e698ab22 BUY 1 STRf73b43d8-USD @ 10.00
    2026-08-18T15:15:13.298+02:00 DEBUG 18700 --- [openex] [ool-1-thread-10] org.hibernate.SQL                        : 
        insert 
        into
            orders
            (account_id, created_at, idempotency_key, price, quantity, remaining_quantity, side, status, symbol, type, updated_at, version, id) 
        values
            (?, ?, ?, ?, ?, ?, ?, ?, ?, ?, ?, ?, ?)
    2026-08-18T15:15:13.298+02:00 DEBUG 18700 --- [openex] [pool-1-thread-7] org.hibernate.SQL                        : 
        insert 
        into
            orders
            (account_id, created_at, idempotency_key, price, quantity, remaining_quantity, side, status, symbol, type, updated_at, version, id) 
        values
            (?, ?, ?, ?, ?, ?, ?, ?, ?, ?, ?, ?, ?)
    2026-08-18T15:15:13.298+02:00 DEBUG 18700 --- [openex] [ool-1-thread-16] org.hibernate.SQL                        : 
        insert 
        into
            orders
            (account_id, created_at, idempotency_key, price, quantity, remaining_quantity, side, status, symbol, type, updated_at, version, id) 
        values
            (?, ?, ?, ?, ?, ?, ?, ?, ?, ?, ?, ?, ?)
    2026-08-18T15:15:13.299+02:00 DEBUG 18700 --- [openex] [pool-1-thread-8] org.hibernate.SQL                        : 
        update
            wallets 
        set
            account_id=?,
            asset=?,
            balance=?,
            reserved=?,
            updated_at=?,
            version=? 
        where
            id=? 
            and version=?
    2026-08-18T15:15:13.300+02:00 DEBUG 18700 --- [openex] [pool-1-thread-7] org.hibernate.SQL                        : 
        update
            wallets 
        set
            account_id=?,
            asset=?,
            balance=?,
            reserved=?,
            updated_at=?,
            version=? 
        where
            id=? 
            and version=?
    2026-08-18T15:15:13.300+02:00 DEBUG 18700 --- [openex] [ool-1-thread-10] org.hibernate.SQL                        : 
        update
            wallets 
        set
            account_id=?,
            asset=?,
            balance=?,
            reserved=?,
            updated_at=?,
            version=? 
        where
            id=? 
            and version=?
    2026-08-18T15:15:13.300+02:00 DEBUG 18700 --- [openex] [ool-1-thread-16] org.hibernate.SQL                        : 
        update
            wallets 
        set
            account_id=?,
            asset=?,
            balance=?,
            reserved=?,
            updated_at=?,
            version=? 
        where
            id=? 
            and version=?
    2026-08-18T15:15:13.301+02:00 DEBUG 18700 --- [openex] [ool-1-thread-10] org.hibernate.SQL                        : 
        select
            o1_0.id,
            o1_0.account_id,
            o1_0.created_at,
            o1_0.idempotency_key,
            o1_0.price,
            o1_0.quantity,
            o1_0.remaining_quantity,
            o1_0.side,
            o1_0.status,
            o1_0.symbol,
            o1_0.type,
            o1_0.updated_at,
            o1_0.version 
        from
            orders o1_0
    2026-08-18T15:15:13.301+02:00 DEBUG 18700 --- [openex] [pool-1-thread-8] org.hibernate.SQL                        : 
        select
            o1_0.id,
            o1_0.account_id,
            o1_0.created_at,
            o1_0.idempotency_key,
            o1_0.price,
            o1_0.quantity,
            o1_0.remaining_quantity,
            o1_0.side,
            o1_0.status,
            o1_0.symbol,
            o1_0.type,
            o1_0.updated_at,
            o1_0.version 
        from
            orders o1_0
    2026-08-18T15:15:13.302+02:00 DEBUG 18700 --- [openex] [ool-1-thread-16] org.hibernate.SQL                        : 
        select
            o1_0.id,
            o1_0.account_id,
            o1_0.created_at,
            o1_0.idempotency_key,
            o1_0.price,
            o1_0.quantity,
            o1_0.remaining_quantity,
            o1_0.side,
            o1_0.status,
            o1_0.symbol,
            o1_0.type,
            o1_0.updated_at,
            o1_0.version 
        from
            orders o1_0
    2026-08-18T15:15:13.302+02:00 DEBUG 18700 --- [openex] [pool-1-thread-7] org.hibernate.SQL                        : 
        select
            o1_0.id,
            o1_0.account_id,
            o1_0.created_at,
            o1_0.idempotency_key,
            o1_0.price,
            o1_0.quantity,
            o1_0.remaining_quantity,
            o1_0.side,
            o1_0.status,
            o1_0.symbol,
            o1_0.type,
            o1_0.updated_at,
            o1_0.version 
        from
            orders o1_0
    2026-08-18T15:15:13.305+02:00 DEBUG 18700 --- [openex] [pool-1-thread-8] org.hibernate.SQL                        : 
        select
            t1_0.id,
            t1_0.buy_order_id,
            t1_0.executed_at,
            t1_0.price,
            t1_0.quantity,
            t1_0.sell_order_id,
            t1_0.symbol 
        from
            trades t1_0 
        where
            t1_0.id=?
    2026-08-18T15:15:13.306+02:00 DEBUG 18700 --- [openex] [ool-1-thread-10] org.hibernate.SQL                        : 
        select
            t1_0.id,
            t1_0.buy_order_id,
            t1_0.executed_at,
            t1_0.price,
            t1_0.quantity,
            t1_0.sell_order_id,
            t1_0.symbol 
        from
            trades t1_0 
        where
            t1_0.id=?
    2026-08-18T15:15:13.308+02:00 DEBUG 18700 --- [openex] [ool-1-thread-16] org.hibernate.SQL                        : 
        select
            t1_0.id,
            t1_0.buy_order_id,
            t1_0.executed_at,
            t1_0.price,
            t1_0.quantity,
            t1_0.sell_order_id,
            t1_0.symbol 
        from
            trades t1_0 
        where
            t1_0.id=?
    2026-08-18T15:15:13.309+02:00 DEBUG 18700 --- [openex] [pool-1-thread-8] org.hibernate.SQL                        : 
        select
            w1_0.id,
            w1_0.account_id,
            w1_0.asset,
            w1_0.balance,
            w1_0.reserved,
            w1_0.updated_at,
            w1_0.version 
        from
            wallets w1_0 
        where
            w1_0.account_id=? 
            and w1_0.asset=?
    2026-08-18T15:15:13.310+02:00 DEBUG 18700 --- [openex] [pool-1-thread-7] org.hibernate.SQL                        : 
        select
            t1_0.id,
            t1_0.buy_order_id,
            t1_0.executed_at,
            t1_0.price,
            t1_0.quantity,
            t1_0.sell_order_id,
            t1_0.symbol 
        from
            trades t1_0 
        where
            t1_0.id=?
    2026-08-18T15:15:13.311+02:00 DEBUG 18700 --- [openex] [ool-1-thread-10] org.hibernate.SQL                        : 
        select
            w1_0.id,
            w1_0.account_id,
            w1_0.asset,
            w1_0.balance,
            w1_0.reserved,
            w1_0.updated_at,
            w1_0.version 
        from
            wallets w1_0 
        where
            w1_0.account_id=? 
            and w1_0.asset=?
    2026-08-18T15:15:13.312+02:00 DEBUG 18700 --- [openex] [ool-1-thread-16] org.hibernate.SQL                        : 
        select
            w1_0.id,
            w1_0.account_id,
            w1_0.asset,
            w1_0.balance,
            w1_0.reserved,
            w1_0.updated_at,
            w1_0.version 
        from
            wallets w1_0 
        where
            w1_0.account_id=? 
            and w1_0.asset=?
    2026-08-18T15:15:13.313+02:00 DEBUG 18700 --- [openex] [pool-1-thread-8] org.hibernate.SQL                        : 
        insert 
        into
            trades
            (buy_order_id, executed_at, price, quantity, sell_order_id, symbol, id) 
        values
            (?, ?, ?, ?, ?, ?, ?)
    2026-08-18T15:15:13.314+02:00 DEBUG 18700 --- [openex] [ool-1-thread-10] org.hibernate.SQL                        : 
        insert 
        into
            trades
            (buy_order_id, executed_at, price, quantity, sell_order_id, symbol, id) 
        values
            (?, ?, ?, ?, ?, ?, ?)
    2026-08-18T15:15:13.315+02:00 DEBUG 18700 --- [openex] [pool-1-thread-7] org.hibernate.SQL                        : 
        select
            w1_0.id,
            w1_0.account_id,
            w1_0.asset,
            w1_0.balance,
            w1_0.reserved,
            w1_0.updated_at,
            w1_0.version 
        from
            wallets w1_0 
        where
            w1_0.account_id=? 
            and w1_0.asset=?
    2026-08-18T15:15:13.316+02:00 DEBUG 18700 --- [openex] [ool-1-thread-16] org.hibernate.SQL                        : 
        insert 
        into
            trades
            (buy_order_id, executed_at, price, quantity, sell_order_id, symbol, id) 
        values
            (?, ?, ?, ?, ?, ?, ?)
    2026-08-18T15:15:13.317+02:00 DEBUG 18700 --- [openex] [pool-1-thread-8] org.hibernate.SQL                        : 
        update
            wallets 
        set
            account_id=?,
            asset=?,
            balance=?,
            reserved=?,
            updated_at=?,
            version=? 
        where
            id=? 
            and version=?
    2026-08-18T15:15:13.317+02:00 DEBUG 18700 --- [openex] [ool-1-thread-10] org.hibernate.SQL                        : 
        update
            wallets 
        set
            account_id=?,
            asset=?,
            balance=?,
            reserved=?,
            updated_at=?,
            version=? 
        where
            id=? 
            and version=?
    2026-08-18T15:15:13.319+02:00 DEBUG 18700 --- [openex] [pool-1-thread-7] org.hibernate.SQL                        : 
        insert 
        into
            trades
            (buy_order_id, executed_at, price, quantity, sell_order_id, symbol, id) 
        values
            (?, ?, ?, ?, ?, ?, ?)
    2026-08-18T15:15:13.320+02:00 DEBUG 18700 --- [openex] [ool-1-thread-16] org.hibernate.SQL                        : 
        update
            wallets 
        set
            account_id=?,
            asset=?,
            balance=?,
            reserved=?,
            updated_at=?,
            version=? 
        where
            id=? 
            and version=?
    2026-08-18T15:15:13.322+02:00 DEBUG 18700 --- [openex] [pool-1-thread-8] org.hibernate.SQL                        : 
        select
            w1_0.id,
            w1_0.account_id,
            w1_0.asset,
            w1_0.balance,
            w1_0.reserved,
            w1_0.updated_at,
            w1_0.version 
        from
            wallets w1_0 
        where
            w1_0.account_id=? 
            and w1_0.asset=?
    2026-08-18T15:15:13.323+02:00 DEBUG 18700 --- [openex] [pool-1-thread-7] org.hibernate.SQL                        : 
        update
            wallets 
        set
            account_id=?,
            asset=?,
            balance=?,
            reserved=?,
            updated_at=?,
            version=? 
        where
            id=? 
            and version=?
    2026-08-18T15:15:13.323+02:00 DEBUG 18700 --- [openex] [ool-1-thread-10] org.hibernate.SQL                        : 
        select
            w1_0.id,
            w1_0.account_id,
            w1_0.asset,
            w1_0.balance,
            w1_0.reserved,
            w1_0.updated_at,
            w1_0.version 
        from
            wallets w1_0 
        where
            w1_0.account_id=? 
            and w1_0.asset=?
    2026-08-18T15:15:13.324+02:00 DEBUG 18700 --- [openex] [ool-1-thread-16] org.hibernate.SQL                        : 
        select
            w1_0.id,
            w1_0.account_id,
            w1_0.asset,
            w1_0.balance,
            w1_0.reserved,
            w1_0.updated_at,
            w1_0.version 
        from
            wallets w1_0 
        where
            w1_0.account_id=? 
            and w1_0.asset=?
    2026-08-18T15:15:13.325+02:00 DEBUG 18700 --- [openex] [pool-1-thread-8] org.hibernate.SQL                        : 
        select
            le1_0.id,
            le1_0.account_id,
            le1_0.amount,
            le1_0.asset,
            le1_0.created_at,
            le1_0.entry_type,
            le1_0.reference_id,
            le1_0.reference_type 
        from
            ledger_entries le1_0 
        where
            le1_0.id=?
    2026-08-18T15:15:13.325+02:00 DEBUG 18700 --- [openex] [ool-1-thread-10] org.hibernate.SQL                        : 
        select
            le1_0.id,
            le1_0.account_id,
            le1_0.amount,
            le1_0.asset,
            le1_0.created_at,
            le1_0.entry_type,
            le1_0.reference_id,
            le1_0.reference_type 
        from
            ledger_entries le1_0 
        where
            le1_0.id=?
    2026-08-18T15:15:13.325+02:00 DEBUG 18700 --- [openex] [pool-1-thread-7] org.hibernate.SQL                        : 
        select
            w1_0.id,
            w1_0.account_id,
            w1_0.asset,
            w1_0.balance,
            w1_0.reserved,
            w1_0.updated_at,
            w1_0.version 
        from
            wallets w1_0 
        where
            w1_0.account_id=? 
            and w1_0.asset=?
    2026-08-18T15:15:13.325+02:00 DEBUG 18700 --- [openex] [ool-1-thread-16] org.hibernate.SQL                        : 
        select
            le1_0.id,
            le1_0.account_id,
            le1_0.amount,
            le1_0.asset,
            le1_0.created_at,
            le1_0.entry_type,
            le1_0.reference_id,
            le1_0.reference_type 
        from
            ledger_entries le1_0 
        where
            le1_0.id=?
    2026-08-18T15:15:13.326+02:00 DEBUG 18700 --- [openex] [pool-1-thread-8] org.hibernate.SQL                        : 
        select
            le1_0.id,
            le1_0.account_id,
            le1_0.amount,
            le1_0.asset,
            le1_0.created_at,
            le1_0.entry_type,
            le1_0.reference_id,
            le1_0.reference_type 
        from
            ledger_entries le1_0 
        where
            le1_0.id=?
    2026-08-18T15:15:13.326+02:00 DEBUG 18700 --- [openex] [ool-1-thread-16] org.hibernate.SQL                        : 
        select
            le1_0.id,
            le1_0.account_id,
            le1_0.amount,
            le1_0.asset,
            le1_0.created_at,
            le1_0.entry_type,
            le1_0.reference_id,
            le1_0.reference_type 
        from
            ledger_entries le1_0 
        where
            le1_0.id=?
    2026-08-18T15:15:13.327+02:00 DEBUG 18700 --- [openex] [ool-1-thread-10] org.hibernate.SQL                        : 
        select
            le1_0.id,
            le1_0.account_id,
            le1_0.amount,
            le1_0.asset,
            le1_0.created_at,
            le1_0.entry_type,
            le1_0.reference_id,
            le1_0.reference_type 
        from
            ledger_entries le1_0 
        where
            le1_0.id=?
    2026-08-18T15:15:13.327+02:00 DEBUG 18700 --- [openex] [pool-1-thread-7] org.hibernate.SQL                        : 
        select
            le1_0.id,
            le1_0.account_id,
            le1_0.amount,
            le1_0.asset,
            le1_0.created_at,
            le1_0.entry_type,
            le1_0.reference_id,
            le1_0.reference_type 
        from
            ledger_entries le1_0 
        where
            le1_0.id=?
    2026-08-18T15:15:13.329+02:00 DEBUG 18700 --- [openex] [ool-1-thread-16] org.hibernate.SQL                        : 
        insert 
        into
            ledger_entries
            (account_id, amount, asset, created_at, entry_type, reference_id, reference_type, id) 
        values
            (?, ?, ?, ?, ?, ?, ?, ?)
    2026-08-18T15:15:13.330+02:00 DEBUG 18700 --- [openex] [pool-1-thread-7] org.hibernate.SQL                        : 
        select
            le1_0.id,
            le1_0.account_id,
            le1_0.amount,
            le1_0.asset,
            le1_0.created_at,
            le1_0.entry_type,
            le1_0.reference_id,
            le1_0.reference_type 
        from
            ledger_entries le1_0 
        where
            le1_0.id=?
    2026-08-18T15:15:13.332+02:00 DEBUG 18700 --- [openex] [pool-1-thread-8] org.hibernate.SQL                        : 
        insert 
        into
            ledger_entries
            (account_id, amount, asset, created_at, entry_type, reference_id, reference_type, id) 
        values
            (?, ?, ?, ?, ?, ?, ?, ?)
    2026-08-18T15:15:13.332+02:00 DEBUG 18700 --- [openex] [ool-1-thread-10] org.hibernate.SQL                        : 
        insert 
        into
            ledger_entries
            (account_id, amount, asset, created_at, entry_type, reference_id, reference_type, id) 
        values
            (?, ?, ?, ?, ?, ?, ?, ?)
    2026-08-18T15:15:13.332+02:00 DEBUG 18700 --- [openex] [ool-1-thread-16] org.hibernate.SQL                        : 
        insert 
        into
            ledger_entries
            (account_id, amount, asset, created_at, entry_type, reference_id, reference_type, id) 
        values
            (?, ?, ?, ?, ?, ?, ?, ?)
    2026-08-18T15:15:13.333+02:00 DEBUG 18700 --- [openex] [ool-1-thread-10] org.hibernate.SQL                        : 
        insert 
        into
            ledger_entries
            (account_id, amount, asset, created_at, entry_type, reference_id, reference_type, id) 
        values
            (?, ?, ?, ?, ?, ?, ?, ?)
    2026-08-18T15:15:13.334+02:00 DEBUG 18700 --- [openex] [pool-1-thread-8] org.hibernate.SQL                        : 
        insert 
        into
            ledger_entries
            (account_id, amount, asset, created_at, entry_type, reference_id, reference_type, id) 
        values
            (?, ?, ?, ?, ?, ?, ?, ?)
    2026-08-18T15:15:13.334+02:00 DEBUG 18700 --- [openex] [pool-1-thread-7] org.hibernate.SQL                        : 
        insert 
        into
            ledger_entries
            (account_id, amount, asset, created_at, entry_type, reference_id, reference_type, id) 
        values
            (?, ?, ?, ?, ?, ?, ?, ?)
    2026-08-18T15:15:13.334+02:00 DEBUG 18700 --- [openex] [ool-1-thread-16] org.hibernate.SQL                        : 
        update
            wallets 
        set
            account_id=?,
            asset=?,
            balance=?,
            reserved=?,
            updated_at=?,
            version=? 
        where
            id=? 
            and version=?
    2026-08-18T15:15:13.335+02:00 DEBUG 18700 --- [openex] [ool-1-thread-10] org.hibernate.SQL                        : 
        update
            wallets 
        set
            account_id=?,
            asset=?,
            balance=?,
            reserved=?,
            updated_at=?,
            version=? 
        where
            id=? 
            and version=?
    2026-08-18T15:15:13.339+02:00 DEBUG 18700 --- [openex] [ool-1-thread-15] org.hibernate.SQL                        : 
        select
            o1_0.id,
            o1_0.account_id,
            o1_0.created_at,
            o1_0.idempotency_key,
            o1_0.price,
            o1_0.quantity,
            o1_0.remaining_quantity,
            o1_0.side,
            o1_0.status,
            o1_0.symbol,
            o1_0.type,
            o1_0.updated_at,
            o1_0.version 
        from
            orders o1_0 
        where
            o1_0.idempotency_key=?
    2026-08-18T15:15:13.340+02:00 DEBUG 18700 --- [openex] [ool-1-thread-17] org.hibernate.SQL                        : 
        select
            w1_0.id,
            w1_0.account_id,
            w1_0.asset,
            w1_0.balance,
            w1_0.reserved,
            w1_0.updated_at,
            w1_0.version 
        from
            wallets w1_0 
        where
            w1_0.account_id=? 
            and w1_0.asset=?
    2026-08-18T15:15:13.341+02:00 DEBUG 18700 --- [openex] [ool-1-thread-15] org.hibernate.SQL                        : 
        select
            w1_0.id,
            w1_0.account_id,
            w1_0.asset,
            w1_0.balance,
            w1_0.reserved,
            w1_0.updated_at,
            w1_0.version 
        from
            wallets w1_0 
        where
            w1_0.account_id=? 
            and w1_0.asset=?
    2026-08-18T15:15:13.342+02:00 DEBUG 18700 --- [openex] [ool-1-thread-17] org.hibernate.SQL                        : 
        update
            wallets 
        set
            account_id=?,
            asset=?,
            balance=?,
            reserved=?,
            updated_at=?,
            version=? 
        where
            id=? 
            and version=?
    2026-08-18T15:15:13.343+02:00 DEBUG 18700 --- [openex] [ool-1-thread-17] org.hibernate.SQL                        : 
        select
            w1_0.id,
            w1_0.account_id,
            w1_0.asset,
            w1_0.balance,
            w1_0.reserved,
            w1_0.updated_at,
            w1_0.version 
        from
            wallets w1_0 
        where
            w1_0.account_id=? 
            and w1_0.asset=?
    2026-08-18T15:15:13.343+02:00 DEBUG 18700 --- [openex] [ool-1-thread-15] org.hibernate.SQL                        : 
        select
            o1_0.id,
            o1_0.account_id,
            o1_0.created_at,
            o1_0.idempotency_key,
            o1_0.price,
            o1_0.quantity,
            o1_0.remaining_quantity,
            o1_0.side,
            o1_0.status,
            o1_0.symbol,
            o1_0.type,
            o1_0.updated_at,
            o1_0.version 
        from
            orders o1_0 
        where
            o1_0.id=?
    2026-08-18T15:15:13.343+02:00 DEBUG 18700 --- [openex] [ool-1-thread-17] org.hibernate.SQL                        : 
        select
            w1_0.id,
            w1_0.account_id,
            w1_0.asset,
            w1_0.balance,
            w1_0.reserved,
            w1_0.updated_at,
            w1_0.version 
        from
            wallets w1_0 
        where
            w1_0.id=?
    2026-08-18T15:15:13.344+02:00  INFO 18700 --- [openex] [ool-1-thread-15] com.openex.core.service.OrderService     : Order placed: id=f5fa74f3-0a0a-41fd-9165-8e6474e6552d account=19f63bbc-9ab1-414f-99ce-53abf498b42e BUY 1 STRf73b43d8-USD @ 10.00
    2026-08-18T15:15:13.344+02:00 DEBUG 18700 --- [openex] [ool-1-thread-17] org.hibernate.SQL                        : 
        select
            le1_0.id,
            le1_0.account_id,
            le1_0.amount,
            le1_0.asset,
            le1_0.created_at,
            le1_0.entry_type,
            le1_0.reference_id,
            le1_0.reference_type 
        from
            ledger_entries le1_0 
        where
            le1_0.id=?
    2026-08-18T15:15:13.345+02:00 DEBUG 18700 --- [openex] [ool-1-thread-15] org.hibernate.SQL                        : 
        insert 
        into
            orders
            (account_id, created_at, idempotency_key, price, quantity, remaining_quantity, side, status, symbol, type, updated_at, version, id) 
        values
            (?, ?, ?, ?, ?, ?, ?, ?, ?, ?, ?, ?, ?)
    2026-08-18T15:15:13.345+02:00 DEBUG 18700 --- [openex] [ool-1-thread-17] org.hibernate.SQL                        : 
        select
            le1_0.id,
            le1_0.account_id,
            le1_0.amount,
            le1_0.asset,
            le1_0.created_at,
            le1_0.entry_type,
            le1_0.reference_id,
            le1_0.reference_type 
        from
            ledger_entries le1_0 
        where
            le1_0.id=?
    2026-08-18T15:15:13.348+02:00 DEBUG 18700 --- [openex] [ool-1-thread-17] org.hibernate.SQL                        : 
        insert 
        into
            wallets
            (account_id, asset, balance, reserved, updated_at, version, id) 
        values
            (?, ?, ?, ?, ?, ?, ?)
    2026-08-18T15:15:13.362+02:00 DEBUG 18700 --- [openex] [ool-1-thread-18] org.hibernate.SQL                        : 
        select
            o1_0.id,
            o1_0.account_id,
            o1_0.created_at,
            o1_0.idempotency_key,
            o1_0.price,
            o1_0.quantity,
            o1_0.remaining_quantity,
            o1_0.side,
            o1_0.status,
            o1_0.symbol,
            o1_0.type,
            o1_0.updated_at,
            o1_0.version 
        from
            orders o1_0 
        where
            o1_0.idempotency_key=?
    2026-08-18T15:15:13.364+02:00 DEBUG 18700 --- [openex] [ool-1-thread-18] org.hibernate.SQL                        : 
        select
            w1_0.id,
            w1_0.account_id,
            w1_0.asset,
            w1_0.balance,
            w1_0.reserved,
            w1_0.updated_at,
            w1_0.version 
        from
            wallets w1_0 
        where
            w1_0.account_id=? 
            and w1_0.asset=?
    2026-08-18T15:15:13.365+02:00 DEBUG 18700 --- [openex] [ool-1-thread-18] org.hibernate.SQL                        : 
        select
            o1_0.id,
            o1_0.account_id,
            o1_0.created_at,
            o1_0.idempotency_key,
            o1_0.price,
            o1_0.quantity,
            o1_0.remaining_quantity,
            o1_0.side,
            o1_0.status,
            o1_0.symbol,
            o1_0.type,
            o1_0.updated_at,
            o1_0.version 
        from
            orders o1_0 
        where
            o1_0.id=?
    2026-08-18T15:15:13.366+02:00  INFO 18700 --- [openex] [ool-1-thread-18] com.openex.core.service.OrderService     : Order placed: id=3aeec99c-3b73-4632-b4dd-843fb36f150a account=2309d2f0-d351-4f45-b273-6498ebab4360 BUY 1 STRf73b43d8-USD @ 10.00
    2026-08-18T15:15:13.367+02:00 DEBUG 18700 --- [openex] [ool-1-thread-18] org.hibernate.SQL                        : 
        insert 
        into
            orders
            (account_id, created_at, idempotency_key, price, quantity, remaining_quantity, side, status, symbol, type, updated_at, version, id) 
        values
            (?, ?, ?, ?, ?, ?, ?, ?, ?, ?, ?, ?, ?)
    2026-08-18T15:15:13.388+02:00 DEBUG 18700 --- [openex] [pool-1-thread-7] org.hibernate.SQL                        : 
        insert 
        into
            ledger_entries
            (account_id, amount, asset, created_at, entry_type, reference_id, reference_type, id) 
        values
            (?, ?, ?, ?, ?, ?, ?, ?)
    2026-08-18T15:15:13.388+02:00 DEBUG 18700 --- [openex] [ool-1-thread-17] org.hibernate.SQL                        : 
        insert 
        into
            ledger_entries
            (account_id, amount, asset, created_at, entry_type, reference_id, reference_type, id) 
        values
            (?, ?, ?, ?, ?, ?, ?, ?)
    2026-08-18T15:15:13.388+02:00 DEBUG 18700 --- [openex] [ool-1-thread-15] org.hibernate.SQL                        : 
        update
            wallets 
        set
            account_id=?,
            asset=?,
            balance=?,
            reserved=?,
            updated_at=?,
            version=? 
        where
            id=? 
            and version=?
    2026-08-18T15:15:13.389+02:00 DEBUG 18700 --- [openex] [ool-1-thread-17] org.hibernate.SQL                        : 
        insert 
        into
            ledger_entries
            (account_id, amount, asset, created_at, entry_type, reference_id, reference_type, id) 
        values
            (?, ?, ?, ?, ?, ?, ?, ?)
    2026-08-18T15:15:13.389+02:00 DEBUG 18700 --- [openex] [pool-1-thread-7] org.hibernate.SQL                        : 
        update
            wallets 
        set
            account_id=?,
            asset=?,
            balance=?,
            reserved=?,
            updated_at=?,
            version=? 
        where
            id=? 
            and version=?
    2026-08-18T15:15:13.389+02:00 DEBUG 18700 --- [openex] [ool-1-thread-15] org.hibernate.SQL                        : 
        select
            o1_0.id,
            o1_0.account_id,
            o1_0.created_at,
            o1_0.idempotency_key,
            o1_0.price,
            o1_0.quantity,
            o1_0.remaining_quantity,
            o1_0.side,
            o1_0.status,
            o1_0.symbol,
            o1_0.type,
            o1_0.updated_at,
            o1_0.version 
        from
            orders o1_0
    2026-08-18T15:15:13.390+02:00 DEBUG 18700 --- [openex] [ool-1-thread-17] org.hibernate.SQL                        : 
        update
            orders 
        set
            account_id=?,
            created_at=?,
            idempotency_key=?,
            price=?,
            quantity=?,
            remaining_quantity=?,
            side=?,
            status=?,
            symbol=?,
            type=?,
            updated_at=?,
            version=? 
        where
            id=? 
            and version=?
    2026-08-18T15:15:13.391+02:00 DEBUG 18700 --- [openex] [ool-1-thread-17] org.hibernate.SQL                        : 
        update
            orders 
        set
            account_id=?,
            created_at=?,
            idempotency_key=?,
            price=?,
            quantity=?,
            remaining_quantity=?,
            side=?,
            status=?,
            symbol=?,
            type=?,
            updated_at=?,
            version=? 
        where
            id=? 
            and version=?
    2026-08-18T15:15:13.394+02:00 DEBUG 18700 --- [openex] [ool-1-thread-16] org.hibernate.SQL                        : 
        select
            w1_0.id,
            w1_0.account_id,
            w1_0.asset,
            w1_0.balance,
            w1_0.reserved,
            w1_0.updated_at,
            w1_0.version 
        from
            wallets w1_0 
        where
            w1_0.account_id=? 
            and w1_0.asset=?
    2026-08-18T15:15:13.394+02:00 DEBUG 18700 --- [openex] [ool-1-thread-15] org.hibernate.SQL                        : 
        select
            t1_0.id,
            t1_0.buy_order_id,
            t1_0.executed_at,
            t1_0.price,
            t1_0.quantity,
            t1_0.sell_order_id,
            t1_0.symbol 
        from
            trades t1_0 
        where
            t1_0.id=?
    2026-08-18T15:15:13.396+02:00 DEBUG 18700 --- [openex] [ool-1-thread-16] org.hibernate.SQL                        : 
        update
            wallets 
        set
            account_id=?,
            asset=?,
            balance=?,
            reserved=?,
            updated_at=?,
            version=? 
        where
            id=? 
            and version=?
    2026-08-18T15:15:13.396+02:00 DEBUG 18700 --- [openex] [ool-1-thread-15] org.hibernate.SQL                        : 
        select
            w1_0.id,
            w1_0.account_id,
            w1_0.asset,
            w1_0.balance,
            w1_0.reserved,
            w1_0.updated_at,
            w1_0.version 
        from
            wallets w1_0 
        where
            w1_0.account_id=? 
            and w1_0.asset=?
    2026-08-18T15:15:13.397+02:00 DEBUG 18700 --- [openex] [ool-1-thread-16] org.hibernate.SQL                        : 
        select
            w1_0.id,
            w1_0.account_id,
            w1_0.asset,
            w1_0.balance,
            w1_0.reserved,
            w1_0.updated_at,
            w1_0.version 
        from
            wallets w1_0 
        where
            w1_0.account_id=? 
            and w1_0.asset=?
    2026-08-18T15:15:13.398+02:00 DEBUG 18700 --- [openex] [ool-1-thread-16] org.hibernate.SQL                        : 
        select
            w1_0.id,
            w1_0.account_id,
            w1_0.asset,
            w1_0.balance,
            w1_0.reserved,
            w1_0.updated_at,
            w1_0.version 
        from
            wallets w1_0 
        where
            w1_0.id=?
    2026-08-18T15:15:13.399+02:00 DEBUG 18700 --- [openex] [ool-1-thread-15] org.hibernate.SQL                        : 
        insert 
        into
            trades
            (buy_order_id, executed_at, price, quantity, sell_order_id, symbol, id) 
        values
            (?, ?, ?, ?, ?, ?, ?)
    2026-08-18T15:15:13.401+02:00 DEBUG 18700 --- [openex] [ool-1-thread-16] org.hibernate.SQL                        : 
        select
            le1_0.id,
            le1_0.account_id,
            le1_0.amount,
            le1_0.asset,
            le1_0.created_at,
            le1_0.entry_type,
            le1_0.reference_id,
            le1_0.reference_type 
        from
            ledger_entries le1_0 
        where
            le1_0.id=?
    2026-08-18T15:15:13.401+02:00 DEBUG 18700 --- [openex] [ool-1-thread-15] org.hibernate.SQL                        : 
        update
            wallets 
        set
            account_id=?,
            asset=?,
            balance=?,
            reserved=?,
            updated_at=?,
            version=? 
        where
            id=? 
            and version=?
    2026-08-18T15:15:13.402+02:00 DEBUG 18700 --- [openex] [ool-1-thread-16] org.hibernate.SQL                        : 
        select
            le1_0.id,
            le1_0.account_id,
            le1_0.amount,
            le1_0.asset,
            le1_0.created_at,
            le1_0.entry_type,
            le1_0.reference_id,
            le1_0.reference_type 
        from
            ledger_entries le1_0 
        where
            le1_0.id=?
    2026-08-18T15:15:13.403+02:00 DEBUG 18700 --- [openex] [ool-1-thread-15] org.hibernate.SQL                        : 
        select
            w1_0.id,
            w1_0.account_id,
            w1_0.asset,
            w1_0.balance,
            w1_0.reserved,
            w1_0.updated_at,
            w1_0.version 
        from
            wallets w1_0 
        where
            w1_0.account_id=? 
            and w1_0.asset=?
    2026-08-18T15:15:13.405+02:00 DEBUG 18700 --- [openex] [ool-1-thread-16] org.hibernate.SQL                        : 
        insert 
        into
            wallets
            (account_id, asset, balance, reserved, updated_at, version, id) 
        values
            (?, ?, ?, ?, ?, ?, ?)
    2026-08-18T15:15:13.405+02:00 DEBUG 18700 --- [openex] [ool-1-thread-15] org.hibernate.SQL                        : 
        select
            le1_0.id,
            le1_0.account_id,
            le1_0.amount,
            le1_0.asset,
            le1_0.created_at,
            le1_0.entry_type,
            le1_0.reference_id,
            le1_0.reference_type 
        from
            ledger_entries le1_0 
        where
            le1_0.id=?
    2026-08-18T15:15:13.406+02:00 DEBUG 18700 --- [openex] [ool-1-thread-16] org.hibernate.SQL                        : 
        insert 
        into
            ledger_entries
            (account_id, amount, asset, created_at, entry_type, reference_id, reference_type, id) 
        values
            (?, ?, ?, ?, ?, ?, ?, ?)
    2026-08-18T15:15:13.406+02:00 DEBUG 18700 --- [openex] [ool-1-thread-15] org.hibernate.SQL                        : 
        select
            le1_0.id,
            le1_0.account_id,
            le1_0.amount,
            le1_0.asset,
            le1_0.created_at,
            le1_0.entry_type,
            le1_0.reference_id,
            le1_0.reference_type 
        from
            ledger_entries le1_0 
        where
            le1_0.id=?
    2026-08-18T15:15:13.407+02:00 DEBUG 18700 --- [openex] [ool-1-thread-16] org.hibernate.SQL                        : 
        insert 
        into
            ledger_entries
            (account_id, amount, asset, created_at, entry_type, reference_id, reference_type, id) 
        values
            (?, ?, ?, ?, ?, ?, ?, ?)
    2026-08-18T15:15:13.407+02:00 DEBUG 18700 --- [openex] [ool-1-thread-16] org.hibernate.SQL                        : 
        update
            orders 
        set
            account_id=?,
            created_at=?,
            idempotency_key=?,
            price=?,
            quantity=?,
            remaining_quantity=?,
            side=?,
            status=?,
            symbol=?,
            type=?,
            updated_at=?,
            version=? 
        where
            id=? 
            and version=?
    2026-08-18T15:15:13.408+02:00 DEBUG 18700 --- [openex] [ool-1-thread-15] org.hibernate.SQL                        : 
        insert 
        into
            ledger_entries
            (account_id, amount, asset, created_at, entry_type, reference_id, reference_type, id) 
        values
            (?, ?, ?, ?, ?, ?, ?, ?)
    2026-08-18T15:15:13.409+02:00 DEBUG 18700 --- [openex] [ool-1-thread-15] org.hibernate.SQL                        : 
        insert 
        into
            ledger_entries
            (account_id, amount, asset, created_at, entry_type, reference_id, reference_type, id) 
        values
            (?, ?, ?, ?, ?, ?, ?, ?)
    2026-08-18T15:15:13.409+02:00 DEBUG 18700 --- [openex] [ool-1-thread-16] org.hibernate.SQL                        : 
        update
            orders 
        set
            account_id=?,
            created_at=?,
            idempotency_key=?,
            price=?,
            quantity=?,
            remaining_quantity=?,
            side=?,
            status=?,
            symbol=?,
            type=?,
            updated_at=?,
            version=? 
        where
            id=? 
            and version=?
    2026-08-18T15:15:13.410+02:00 DEBUG 18700 --- [openex] [ool-1-thread-15] org.hibernate.SQL                        : 
        update
            wallets 
        set
            account_id=?,
            asset=?,
            balance=?,
            reserved=?,
            updated_at=?,
            version=? 
        where
            id=? 
            and version=?
    2026-08-18T15:15:13.411+02:00 DEBUG 18700 --- [openex] [ool-1-thread-16] org.hibernate.SQL                        : 
        select
            o1_0.id,
            o1_0.account_id,
            o1_0.created_at,
            o1_0.idempotency_key,
            o1_0.price,
            o1_0.quantity,
            o1_0.remaining_quantity,
            o1_0.side,
            o1_0.status,
            o1_0.symbol,
            o1_0.type,
            o1_0.updated_at,
            o1_0.version 
        from
            orders o1_0 
        where
            o1_0.symbol=? 
            and o1_0.status in (?, ?)
    2026-08-18T15:15:13.412+02:00  INFO 18700 --- [openex] [ool-1-thread-16] com.openex.core.service.OrderService     : Order matched: id=d8a059df-17b5-402e-8efe-834fc245b387 status=FILLED remaining=0
    2026-08-18T15:15:13.413+02:00 DEBUG 18700 --- [openex] [ool-1-thread-14] org.hibernate.SQL                        : 
        update
            wallets 
        set
            account_id=?,
            asset=?,
            balance=?,
            reserved=?,
            updated_at=?,
            version=? 
        where
            id=? 
            and version=?
    2026-08-18T15:15:13.414+02:00 DEBUG 18700 --- [openex] [pool-1-thread-5] org.hibernate.SQL                        : 
        update
            wallets 
        set
            account_id=?,
            asset=?,
            balance=?,
            reserved=?,
            updated_at=?,
            version=? 
        where
            id=? 
            and version=?
    2026-08-18T15:15:13.414+02:00 DEBUG 18700 --- [openex] [ool-1-thread-14] org.hibernate.SQL                        : 
        select
            o1_0.id,
            o1_0.account_id,
            o1_0.created_at,
            o1_0.idempotency_key,
            o1_0.price,
            o1_0.quantity,
            o1_0.remaining_quantity,
            o1_0.side,
            o1_0.status,
            o1_0.symbol,
            o1_0.type,
            o1_0.updated_at,
            o1_0.version 
        from
            orders o1_0
    2026-08-18T15:15:13.414+02:00 DEBUG 18700 --- [openex] [pool-1-thread-5] org.hibernate.SQL                        : 
        select
            o1_0.id,
            o1_0.account_id,
            o1_0.created_at,
            o1_0.idempotency_key,
            o1_0.price,
            o1_0.quantity,
            o1_0.remaining_quantity,
            o1_0.side,
            o1_0.status,
            o1_0.symbol,
            o1_0.type,
            o1_0.updated_at,
            o1_0.version 
        from
            orders o1_0
    2026-08-18T15:15:13.418+02:00 DEBUG 18700 --- [openex] [ool-1-thread-14] org.hibernate.SQL                        : 
        select
            o1_0.id,
            o1_0.account_id,
            o1_0.created_at,
            o1_0.idempotency_key,
            o1_0.price,
            o1_0.quantity,
            o1_0.remaining_quantity,
            o1_0.side,
            o1_0.status,
            o1_0.symbol,
            o1_0.type,
            o1_0.updated_at,
            o1_0.version 
        from
            orders o1_0 
        where
            o1_0.symbol=? 
            and o1_0.status in (?, ?)
    2026-08-18T15:15:13.419+02:00 DEBUG 18700 --- [openex] [pool-1-thread-5] org.hibernate.SQL                        : 
        select
            o1_0.id,
            o1_0.account_id,
            o1_0.created_at,
            o1_0.idempotency_key,
            o1_0.price,

2026-08-18T15:15:14.172+02:00  INFO 18700 --- [openex] [ionShutdownHook] o.s.m.s.b.SimpleBrokerMessageHandler     : Stopping...
2026-08-18T15:15:14.179+02:00  INFO 18700 --- [openex] [ionShutdownHook] o.s.m.s.b.SimpleBrokerMessageHandler     : BrokerAvailabilityEvent[available=false, SimpleBrokerMessageHandler [org.springframework.messaging.simp.broker.DefaultSubscriptionRegistry@56ed9270]]
2026-08-18T15:15:14.180+02:00  INFO 18700 --- [openex] [ionShutdownHook] o.s.m.s.b.SimpleBrokerMessageHandler     : Stopped.
2026-08-18T15:15:14.184+02:00  INFO 18700 --- [openex] [ionShutdownHook] j.LocalContainerEntityManagerFactoryBean : Closing JPA EntityManagerFactory for persistence unit 'default'
2026-08-18T15:15:14.187+02:00  INFO 18700 --- [openex] [ionShutdownHook] com.zaxxer.hikari.HikariDataSource       : HikariPool-1 - Shutdown initiated...
2026-08-18T15:15:14.299+02:00  INFO 18700 --- [openex] [ionShutdownHook] com.zaxxer.hikari.HikariDataSource       : HikariPool-1 - Shutdown completed.

> Task :test FAILED
            o1_0.quantity,
            o1_0.remaining_quantity,
            o1_0.side,
            o1_0.status,
            o1_0.symbol,
            o1_0.type,
            o1_0.updated_at,
            o1_0.version 
        from
            orders o1_0 
        where
            o1_0.symbol=? 
            and o1_0.status in (?, ?)
    2026-08-18T15:15:13.424+02:00 DEBUG 18700 --- [openex] [ool-1-thread-19] org.hibernate.SQL                        : 
        update
            wallets 
        set
            account_id=?,
            asset=?,
            balance=?,
            reserved=?,
            updated_at=?,
            version=? 
        where
            id=? 
            and version=?
    2026-08-18T15:15:13.424+02:00 DEBUG 18700 --- [openex] [ool-1-thread-18] org.hibernate.SQL                        : 
        update
            wallets 
        set
            account_id=?,
            asset=?,
            balance=?,
            reserved=?,
            updated_at=?,
            version=? 
        where
            id=? 
            and version=?
    2026-08-18T15:15:13.425+02:00 DEBUG 18700 --- [openex] [ool-1-thread-19] org.hibernate.SQL                        : 
        select
            o1_0.id,
            o1_0.account_id,
            o1_0.created_at,
            o1_0.idempotency_key,
            o1_0.price,
            o1_0.quantity,
            o1_0.remaining_quantity,
            o1_0.side,
            o1_0.status,
            o1_0.symbol,
            o1_0.type,
            o1_0.updated_at,
            o1_0.version 
        from
            orders o1_0
    2026-08-18T15:15:13.425+02:00 DEBUG 18700 --- [openex] [ool-1-thread-18] org.hibernate.SQL                        : 
        select
            o1_0.id,
            o1_0.account_id,
            o1_0.created_at,
            o1_0.idempotency_key,
            o1_0.price,
            o1_0.quantity,
            o1_0.remaining_quantity,
            o1_0.side,
            o1_0.status,
            o1_0.symbol,
            o1_0.type,
            o1_0.updated_at,
            o1_0.version 
        from
            orders o1_0
    2026-08-18T15:15:13.428+02:00 DEBUG 18700 --- [openex] [ool-1-thread-19] org.hibernate.SQL                        : 
        select
            o1_0.id,
            o1_0.account_id,
            o1_0.created_at,
            o1_0.idempotency_key,
            o1_0.price,
            o1_0.quantity,
            o1_0.remaining_quantity,
            o1_0.side,
            o1_0.status,
            o1_0.symbol,
            o1_0.type,
            o1_0.updated_at,
            o1_0.version 
        from
            orders o1_0 
        where
            o1_0.symbol=? 
            and o1_0.status in (?, ?)
    2026-08-18T15:15:13.430+02:00 DEBUG 18700 --- [openex] [pool-1-thread-7] org.hibernate.SQL                        : 
        select
            o1_0.id,
            o1_0.account_id,
            o1_0.created_at,
            o1_0.idempotency_key,
            o1_0.price,
            o1_0.quantity,
            o1_0.remaining_quantity,
            o1_0.side,
            o1_0.status,
            o1_0.symbol,
            o1_0.type,
            o1_0.updated_at,
            o1_0.version 
        from
            orders o1_0 
        where
            o1_0.idempotency_key=?
    2026-08-18T15:15:13.430+02:00 DEBUG 18700 --- [openex] [ool-1-thread-18] org.hibernate.SQL                        : 
        select
            o1_0.id,
            o1_0.account_id,
            o1_0.created_at,
            o1_0.idempotency_key,
            o1_0.price,
            o1_0.quantity,
            o1_0.remaining_quantity,
            o1_0.side,
            o1_0.status,
            o1_0.symbol,
            o1_0.type,
            o1_0.updated_at,
            o1_0.version 
        from
            orders o1_0 
        where
            o1_0.symbol=? 
            and o1_0.status in (?, ?)
    2026-08-18T15:15:13.432+02:00 DEBUG 18700 --- [openex] [pool-1-thread-7] org.hibernate.SQL                        : 
        select
            w1_0.id,
            w1_0.account_id,
            w1_0.asset,
            w1_0.balance,
            w1_0.reserved,
            w1_0.updated_at,
            w1_0.version 
        from
            wallets w1_0 
        where
            w1_0.account_id=? 
            and w1_0.asset=?
    2026-08-18T15:15:13.434+02:00 DEBUG 18700 --- [openex] [pool-1-thread-7] org.hibernate.SQL                        : 
        select
            o1_0.id,
            o1_0.account_id,
            o1_0.created_at,
            o1_0.idempotency_key,
            o1_0.price,
            o1_0.quantity,
            o1_0.remaining_quantity,
            o1_0.side,
            o1_0.status,
            o1_0.symbol,
            o1_0.type,
            o1_0.updated_at,
            o1_0.version 
        from
            orders o1_0 
        where
            o1_0.id=?
    2026-08-18T15:15:13.436+02:00  INFO 18700 --- [openex] [pool-1-thread-7] com.openex.core.service.OrderService     : Order placed: id=4c899af4-76e0-430d-9f2c-6f1dced1f3c8 account=25648af0-9ad0-4e9a-9f31-f297e698ab22 BUY 1 STRf73b43d8-USD @ 10.00
    2026-08-18T15:15:13.437+02:00 DEBUG 18700 --- [openex] [pool-1-thread-7] org.hibernate.SQL                        : 
        insert 
        into
            orders
            (account_id, created_at, idempotency_key, price, quantity, remaining_quantity, side, status, symbol, type, updated_at, version, id) 
        values
            (?, ?, ?, ?, ?, ?, ?, ?, ?, ?, ?, ?, ?)
    2026-08-18T15:15:13.438+02:00 DEBUG 18700 --- [openex] [pool-1-thread-7] org.hibernate.SQL                        : 
        update
            wallets 
        set
            account_id=?,
            asset=?,
            balance=?,
            reserved=?,
            updated_at=?,
            version=? 
        where
            id=? 
            and version=?
    2026-08-18T15:15:13.439+02:00 DEBUG 18700 --- [openex] [pool-1-thread-7] org.hibernate.SQL                        : 
        select
            o1_0.id,
            o1_0.account_id,
            o1_0.created_at,
            o1_0.idempotency_key,
            o1_0.price,
            o1_0.quantity,
            o1_0.remaining_quantity,
            o1_0.side,
            o1_0.status,
            o1_0.symbol,
            o1_0.type,
            o1_0.updated_at,
            o1_0.version 
        from
            orders o1_0
    2026-08-18T15:15:13.443+02:00 DEBUG 18700 --- [openex] [pool-1-thread-7] org.hibernate.SQL                        : 
        select
            o1_0.id,
            o1_0.account_id,
            o1_0.created_at,
            o1_0.idempotency_key,
            o1_0.price,
            o1_0.quantity,
            o1_0.remaining_quantity,
            o1_0.side,
            o1_0.status,
            o1_0.symbol,
            o1_0.type,
            o1_0.updated_at,
            o1_0.version 
        from
            orders o1_0 
        where
            o1_0.symbol=? 
            and o1_0.status in (?, ?)
    2026-08-18T15:15:13.445+02:00 DEBUG 18700 --- [openex] [pool-1-thread-8] org.hibernate.SQL                        : 
        update
            wallets 
        set
            account_id=?,
            asset=?,
            balance=?,
            reserved=?,
            updated_at=?,
            version=? 
        where
            id=? 
            and version=?
    2026-08-18T15:15:13.449+02:00 DEBUG 18700 --- [openex] [ool-1-thread-17] org.hibernate.SQL                        : 
        select
            o1_0.id,
            o1_0.account_id,
            o1_0.created_at,
            o1_0.idempotency_key,
            o1_0.price,
            o1_0.quantity,
            o1_0.remaining_quantity,
            o1_0.side,
            o1_0.status,
            o1_0.symbol,
            o1_0.type,
            o1_0.updated_at,
            o1_0.version 
        from
            orders o1_0 
        where
            o1_0.idempotency_key=?
    2026-08-18T15:15:13.451+02:00 DEBUG 18700 --- [openex] [ool-1-thread-17] org.hibernate.SQL                        : 
        select
            w1_0.id,
            w1_0.account_id,
            w1_0.asset,
            w1_0.balance,
            w1_0.reserved,
            w1_0.updated_at,
            w1_0.version 
        from
            wallets w1_0 
        where
            w1_0.account_id=? 
            and w1_0.asset=?
    2026-08-18T15:15:13.452+02:00 DEBUG 18700 --- [openex] [ool-1-thread-17] org.hibernate.SQL                        : 
        select
            o1_0.id,
            o1_0.account_id,
            o1_0.created_at,
            o1_0.idempotency_key,
            o1_0.price,
            o1_0.quantity,
            o1_0.remaining_quantity,
            o1_0.side,
            o1_0.status,
            o1_0.symbol,
            o1_0.type,
            o1_0.updated_at,
            o1_0.version 
        from
            orders o1_0 
        where
            o1_0.id=?
    2026-08-18T15:15:13.453+02:00  INFO 18700 --- [openex] [ool-1-thread-17] com.openex.core.service.OrderService     : Order placed: id=483828ea-57e8-4617-bcba-2b19de8a6d6c account=a5bd54b7-796e-4d11-af25-ba17555d610f BUY 1 STRf73b43d8-USD @ 10.00
    2026-08-18T15:15:13.454+02:00 DEBUG 18700 --- [openex] [ool-1-thread-17] org.hibernate.SQL                        : 
        insert 
        into
            orders
            (account_id, created_at, idempotency_key, price, quantity, remaining_quantity, side, status, symbol, type, updated_at, version, id) 
        values
            (?, ?, ?, ?, ?, ?, ?, ?, ?, ?, ?, ?, ?)
    2026-08-18T15:15:13.455+02:00 DEBUG 18700 --- [openex] [ool-1-thread-17] org.hibernate.SQL                        : 
        update
            wallets 
        set
            account_id=?,
            asset=?,
            balance=?,
            reserved=?,
            updated_at=?,
            version=? 
        where
            id=? 
            and version=?
    2026-08-18T15:15:13.455+02:00 DEBUG 18700 --- [openex] [ool-1-thread-17] org.hibernate.SQL                        : 
        select
            o1_0.id,
            o1_0.account_id,
            o1_0.created_at,
            o1_0.idempotency_key,
            o1_0.price,
            o1_0.quantity,
            o1_0.remaining_quantity,
            o1_0.side,
            o1_0.status,
            o1_0.symbol,
            o1_0.type,
            o1_0.updated_at,
            o1_0.version 
        from
            orders o1_0
    2026-08-18T15:15:13.460+02:00 DEBUG 18700 --- [openex] [ool-1-thread-17] org.hibernate.SQL                        : 
        select
            o1_0.id,
            o1_0.account_id,
            o1_0.created_at,
            o1_0.idempotency_key,
            o1_0.price,
            o1_0.quantity,
            o1_0.remaining_quantity,
            o1_0.side,
            o1_0.status,
            o1_0.symbol,
            o1_0.type,
            o1_0.updated_at,
            o1_0.version 
        from
            orders o1_0 
        where
            o1_0.symbol=? 
            and o1_0.status in (?, ?)
    2026-08-18T15:15:13.465+02:00 DEBUG 18700 --- [openex] [ool-1-thread-15] org.hibernate.SQL                        : 
        select
            o1_0.id,
            o1_0.account_id,
            o1_0.created_at,
            o1_0.idempotency_key,
            o1_0.price,
            o1_0.quantity,
            o1_0.remaining_quantity,
            o1_0.side,
            o1_0.status,
            o1_0.symbol,
            o1_0.type,
            o1_0.updated_at,
            o1_0.version 
        from
            orders o1_0 
        where
            o1_0.idempotency_key=?
    2026-08-18T15:15:13.466+02:00 DEBUG 18700 --- [openex] [ool-1-thread-10] org.hibernate.SQL                        : 
        select
            o1_0.id,
            o1_0.account_id,
            o1_0.created_at,
            o1_0.idempotency_key,
            o1_0.price,
            o1_0.quantity,
            o1_0.remaining_quantity,
            o1_0.side,
            o1_0.status,
            o1_0.symbol,
            o1_0.type,
            o1_0.updated_at,
            o1_0.version 
        from
            orders o1_0 
        where
            o1_0.idempotency_key=?
    2026-08-18T15:15:13.467+02:00 DEBUG 18700 --- [openex] [ool-1-thread-15] org.hibernate.SQL                        : 
        select
            w1_0.id,
            w1_0.account_id,
            w1_0.asset,
            w1_0.balance,
            w1_0.reserved,
            w1_0.updated_at,
            w1_0.version 
        from
            wallets w1_0 
        where
            w1_0.account_id=? 
            and w1_0.asset=?
    2026-08-18T15:15:13.468+02:00 DEBUG 18700 --- [openex] [ool-1-thread-15] org.hibernate.SQL                        : 
        select
            o1_0.id,
            o1_0.account_id,
            o1_0.created_at,
            o1_0.idempotency_key,
            o1_0.price,
            o1_0.quantity,
            o1_0.remaining_quantity,
            o1_0.side,
            o1_0.status,
            o1_0.symbol,
            o1_0.type,
            o1_0.updated_at,
            o1_0.version 
        from
            orders o1_0 
        where
            o1_0.id=?
    2026-08-18T15:15:13.469+02:00  INFO 18700 --- [openex] [ool-1-thread-15] com.openex.core.service.OrderService     : Order placed: id=610067de-8464-4fcb-8980-b51d8d02dc30 account=19f63bbc-9ab1-414f-99ce-53abf498b42e BUY 1 STRf73b43d8-USD @ 10.00
    2026-08-18T15:15:13.470+02:00 DEBUG 18700 --- [openex] [ool-1-thread-15] org.hibernate.SQL                        : 
        insert 
        into
            orders
            (account_id, created_at, idempotency_key, price, quantity, remaining_quantity, side, status, symbol, type, updated_at, version, id) 
        values
            (?, ?, ?, ?, ?, ?, ?, ?, ?, ?, ?, ?, ?)
    2026-08-18T15:15:13.471+02:00 DEBUG 18700 --- [openex] [ool-1-thread-15] org.hibernate.SQL                        : 
        update
            wallets 
        set
            account_id=?,
            asset=?,
            balance=?,
            reserved=?,
            updated_at=?,
            version=? 
        where
            id=? 
            and version=?
    2026-08-18T15:15:13.471+02:00 DEBUG 18700 --- [openex] [ool-1-thread-10] org.hibernate.SQL                        : 
        select
            w1_0.id,
            w1_0.account_id,
            w1_0.asset,
            w1_0.balance,
            w1_0.reserved,
            w1_0.updated_at,
            w1_0.version 
        from
            wallets w1_0 
        where
            w1_0.account_id=? 
            and w1_0.asset=?
    2026-08-18T15:15:13.472+02:00 DEBUG 18700 --- [openex] [ool-1-thread-15] org.hibernate.SQL                        : 
        select
            o1_0.id,
            o1_0.account_id,
            o1_0.created_at,
            o1_0.idempotency_key,
            o1_0.price,
            o1_0.quantity,
            o1_0.remaining_quantity,
            o1_0.side,
            o1_0.status,
            o1_0.symbol,
            o1_0.type,
            o1_0.updated_at,
            o1_0.version 
        from
            orders o1_0
    2026-08-18T15:15:13.473+02:00 DEBUG 18700 --- [openex] [ool-1-thread-10] org.hibernate.SQL                        : 
        select
            o1_0.id,
            o1_0.account_id,
            o1_0.created_at,
            o1_0.idempotency_key,
            o1_0.price,
            o1_0.quantity,
            o1_0.remaining_quantity,
            o1_0.side,
            o1_0.status,
            o1_0.symbol,
            o1_0.type,
            o1_0.updated_at,
            o1_0.version 
        from
            orders o1_0 
        where
            o1_0.id=?
    2026-08-18T15:15:13.475+02:00  INFO 18700 --- [openex] [ool-1-thread-10] com.openex.core.service.OrderService     : Order placed: id=3f4b3bed-c7fb-4d4e-a55d-1cfc774ab47c account=5973bd45-0e4f-4d65-9626-d31a2114d19c BUY 1 STRf73b43d8-USD @ 10.00
    2026-08-18T15:15:13.476+02:00 DEBUG 18700 --- [openex] [ool-1-thread-15] org.hibernate.SQL                        : 
        select
            o1_0.id,
            o1_0.account_id,
            o1_0.created_at,
            o1_0.idempotency_key,
            o1_0.price,
            o1_0.quantity,
            o1_0.remaining_quantity,
            o1_0.side,
            o1_0.status,
            o1_0.symbol,
            o1_0.type,
            o1_0.updated_at,
            o1_0.version 
        from
            orders o1_0 
        where
            o1_0.symbol=? 
            and o1_0.status in (?, ?)
    2026-08-18T15:15:13.477+02:00 DEBUG 18700 --- [openex] [ool-1-thread-10] org.hibernate.SQL                        : 
        insert 
        into
            orders
            (account_id, created_at, idempotency_key, price, quantity, remaining_quantity, side, status, symbol, type, updated_at, version, id) 
        values
            (?, ?, ?, ?, ?, ?, ?, ?, ?, ?, ?, ?, ?)
    2026-08-18T15:15:13.480+02:00 DEBUG 18700 --- [openex] [ool-1-thread-10] org.hibernate.SQL                        : 
        update
            wallets 
        set
            account_id=?,
            asset=?,
            balance=?,
            reserved=?,
            updated_at=?,
            version=? 
        where
            id=? 
            and version=?
    2026-08-18T15:15:13.481+02:00 DEBUG 18700 --- [openex] [ool-1-thread-10] org.hibernate.SQL                        : 
        select
            o1_0.id,
            o1_0.account_id,
            o1_0.created_at,
            o1_0.idempotency_key,
            o1_0.price,
            o1_0.quantity,
            o1_0.remaining_quantity,
            o1_0.side,
            o1_0.status,
            o1_0.symbol,
            o1_0.type,
            o1_0.updated_at,
            o1_0.version 
        from
            orders o1_0
    2026-08-18T15:15:13.485+02:00 DEBUG 18700 --- [openex] [ool-1-thread-10] org.hibernate.SQL                        : 
        select
            o1_0.id,
            o1_0.account_id,
            o1_0.created_at,
            o1_0.idempotency_key,
            o1_0.price,
            o1_0.quantity,
            o1_0.remaining_quantity,
            o1_0.side,
            o1_0.status,
            o1_0.symbol,
            o1_0.type,
            o1_0.updated_at,
            o1_0.version 
        from
            orders o1_0 
        where
            o1_0.symbol=? 
            and o1_0.status in (?, ?)
    2026-08-18T15:15:13.499+02:00 DEBUG 18700 --- [openex] [pool-1-thread-8] org.hibernate.SQL                        : 
        select
            o1_0.id,
            o1_0.account_id,
            o1_0.created_at,
            o1_0.idempotency_key,
            o1_0.price,
            o1_0.quantity,
            o1_0.remaining_quantity,
            o1_0.side,
            o1_0.status,
            o1_0.symbol,
            o1_0.type,
            o1_0.updated_at,
            o1_0.version 
        from
            orders o1_0 
        where
            o1_0.idempotency_key=?
    2026-08-18T15:15:13.501+02:00 DEBUG 18700 --- [openex] [pool-1-thread-8] org.hibernate.SQL                        : 
        select
            w1_0.id,
            w1_0.account_id,
            w1_0.asset,
            w1_0.balance,
            w1_0.reserved,
            w1_0.updated_at,
            w1_0.version 
        from
            wallets w1_0 
        where
            w1_0.account_id=? 
            and w1_0.asset=?
    2026-08-18T15:15:13.502+02:00 DEBUG 18700 --- [openex] [pool-1-thread-8] org.hibernate.SQL                        : 
        select
            o1_0.id,
            o1_0.account_id,
            o1_0.created_at,
            o1_0.idempotency_key,
            o1_0.price,
            o1_0.quantity,
            o1_0.remaining_quantity,
            o1_0.side,
            o1_0.status,
            o1_0.symbol,
            o1_0.type,
            o1_0.updated_at,
            o1_0.version 
        from
            orders o1_0 
        where
            o1_0.id=?
    2026-08-18T15:15:13.503+02:00  INFO 18700 --- [openex] [pool-1-thread-8] com.openex.core.service.OrderService     : Order placed: id=e0134430-6fed-4f77-8597-7bb6c024e7a9 account=bde7a6ce-48de-43c5-9912-8da18d39039a BUY 1 STRf73b43d8-USD @ 10.00
    2026-08-18T15:15:13.504+02:00 DEBUG 18700 --- [openex] [pool-1-thread-8] org.hibernate.SQL                        : 
        insert 
        into
            orders
            (account_id, created_at, idempotency_key, price, quantity, remaining_quantity, side, status, symbol, type, updated_at, version, id) 
        values
            (?, ?, ?, ?, ?, ?, ?, ?, ?, ?, ?, ?, ?)
    2026-08-18T15:15:13.505+02:00 DEBUG 18700 --- [openex] [pool-1-thread-8] org.hibernate.SQL                        : 
        update
            wallets 
        set
            account_id=?,
            asset=?,
            balance=?,
            reserved=?,
            updated_at=?,
            version=? 
        where
            id=? 
            and version=?
    2026-08-18T15:15:13.506+02:00 DEBUG 18700 --- [openex] [pool-1-thread-8] org.hibernate.SQL                        : 
        select
            o1_0.id,
            o1_0.account_id,
            o1_0.created_at,
            o1_0.idempotency_key,
            o1_0.price,
            o1_0.quantity,
            o1_0.remaining_quantity,
            o1_0.side,
            o1_0.status,
            o1_0.symbol,
            o1_0.type,
            o1_0.updated_at,
            o1_0.version 
        from
            orders o1_0
    2026-08-18T15:15:13.511+02:00 DEBUG 18700 --- [openex] [pool-1-thread-8] org.hibernate.SQL                        : 
        select
            o1_0.id,
            o1_0.account_id,
            o1_0.created_at,
            o1_0.idempotency_key,
            o1_0.price,
            o1_0.quantity,
            o1_0.remaining_quantity,
            o1_0.side,
            o1_0.status,
            o1_0.symbol,
            o1_0.type,
            o1_0.updated_at,
            o1_0.version 
        from
            orders o1_0 
        where
            o1_0.symbol=? 
            and o1_0.status in (?, ?)
    2026-08-18T15:15:13.537+02:00 DEBUG 18700 --- [openex] [ool-1-thread-11] org.hibernate.SQL                        : 
        select
            o1_0.id,
            o1_0.account_id,
            o1_0.created_at,
            o1_0.idempotency_key,
            o1_0.price,
            o1_0.quantity,
            o1_0.remaining_quantity,
            o1_0.side,
            o1_0.status,
            o1_0.symbol,
            o1_0.type,
            o1_0.updated_at,
            o1_0.version 
        from
            orders o1_0 
        where
            o1_0.id=?
    2026-08-18T15:15:13.538+02:00  INFO 18700 --- [openex] [ool-1-thread-11] com.openex.core.service.OrderService     : Order placed: id=83f63f22-d6af-4ae2-8f50-78795c3289aa account=df2527a4-e081-43a9-a0e6-b4fb26388e0e BUY 1 STRf73b43d8-USD @ 10.00
    2026-08-18T15:15:13.540+02:00 DEBUG 18700 --- [openex] [ool-1-thread-11] org.hibernate.SQL                        : 
        insert 
        into
            orders
            (account_id, created_at, idempotency_key, price, quantity, remaining_quantity, side, status, symbol, type, updated_at, version, id) 
        values
            (?, ?, ?, ?, ?, ?, ?, ?, ?, ?, ?, ?, ?)
    2026-08-18T15:15:13.545+02:00 DEBUG 18700 --- [openex] [ool-1-thread-11] org.hibernate.SQL                        : 
        update
            wallets 
        set
            account_id=?,
            asset=?,
            balance=?,
            reserved=?,
            updated_at=?,
            version=? 
        where
            id=? 
            and version=?
    2026-08-18T15:15:13.547+02:00 DEBUG 18700 --- [openex] [ool-1-thread-11] org.hibernate.SQL                        : 
        select
            o1_0.id,
            o1_0.account_id,
            o1_0.created_at,
            o1_0.idempotency_key,
            o1_0.price,
            o1_0.quantity,
            o1_0.remaining_quantity,
            o1_0.side,
            o1_0.status,
            o1_0.symbol,
            o1_0.type,
            o1_0.updated_at,
            o1_0.version 
        from
            orders o1_0
    2026-08-18T15:15:13.551+02:00 DEBUG 18700 --- [openex] [ool-1-thread-11] org.hibernate.SQL                        : 
        select
            o1_0.id,
            o1_0.account_id,
            o1_0.created_at,
            o1_0.idempotency_key,
            o1_0.price,
            o1_0.quantity,
            o1_0.remaining_quantity,
            o1_0.side,
            o1_0.status,
            o1_0.symbol,
            o1_0.type,
            o1_0.updated_at,
            o1_0.version 
        from
            orders o1_0 
        where
            o1_0.symbol=? 
            and o1_0.status in (?, ?)
    2026-08-18T15:15:13.556+02:00 DEBUG 18700 --- [openex] [    Test worker] org.hibernate.SQL                        : 
        select
            o1_0.id,
            o1_0.account_id,
            o1_0.created_at,
            o1_0.idempotency_key,
            o1_0.price,
            o1_0.quantity,
            o1_0.remaining_quantity,
            o1_0.side,
            o1_0.status,
            o1_0.symbol,
            o1_0.type,
            o1_0.updated_at,
            o1_0.version 
        from
            orders o1_0 
        where
            o1_0.id=?
    2026-08-18T15:15:13.603+02:00 DEBUG 18700 --- [openex] [    Test worker] org.hibernate.SQL                        : 
        select
            w1_0.id,
            w1_0.account_id,
            w1_0.asset,
            w1_0.balance,
            w1_0.reserved,
            w1_0.updated_at,
            w1_0.version 
        from
            wallets w1_0 
        where
            w1_0.account_id=? 
            and w1_0.asset=?
    2026-08-18T15:15:13.604+02:00 DEBUG 18700 --- [openex] [    Test worker] org.hibernate.SQL                        : 
        select
            w1_0.id,
            w1_0.account_id,
            w1_0.asset,
            w1_0.balance,
            w1_0.reserved,
            w1_0.updated_at,
            w1_0.version 
        from
            wallets w1_0 
        where
            w1_0.account_id=? 
            and w1_0.asset=?
    2026-08-18T15:15:13.606+02:00 DEBUG 18700 --- [openex] [    Test worker] org.hibernate.SQL                        : 
        select
            w1_0.id,
            w1_0.account_id,
            w1_0.asset,
            w1_0.balance,
            w1_0.reserved,
            w1_0.updated_at,
            w1_0.version 
        from
            wallets w1_0 
        where
            w1_0.account_id=? 
            and w1_0.asset=?
    2026-08-18T15:15:13.608+02:00 DEBUG 18700 --- [openex] [    Test worker] org.hibernate.SQL                        : 
        select
            w1_0.id,
            w1_0.account_id,
            w1_0.asset,
            w1_0.balance,
            w1_0.reserved,
            w1_0.updated_at,
            w1_0.version 
        from
            wallets w1_0 
        where
            w1_0.account_id=? 
            and w1_0.asset=?
    2026-08-18T15:15:13.609+02:00 DEBUG 18700 --- [openex] [    Test worker] org.hibernate.SQL                        : 
        select
            w1_0.id,
            w1_0.account_id,
            w1_0.asset,
            w1_0.balance,
            w1_0.reserved,
            w1_0.updated_at,
            w1_0.version 
        from
            wallets w1_0 
        where
            w1_0.account_id=? 
            and w1_0.asset=?
    2026-08-18T15:15:13.611+02:00 DEBUG 18700 --- [openex] [    Test worker] org.hibernate.SQL                        : 
        select
            w1_0.id,
            w1_0.account_id,
            w1_0.asset,
            w1_0.balance,
            w1_0.reserved,
            w1_0.updated_at,
            w1_0.version 
        from
            wallets w1_0 
        where
            w1_0.account_id=? 
            and w1_0.asset=?
    2026-08-18T15:15:13.612+02:00 DEBUG 18700 --- [openex] [    Test worker] org.hibernate.SQL                        : 
        select
            w1_0.id,
            w1_0.account_id,
            w1_0.asset,
            w1_0.balance,
            w1_0.reserved,
            w1_0.updated_at,
            w1_0.version 
        from
            wallets w1_0 
        where
            w1_0.account_id=? 
            and w1_0.asset=?
    2026-08-18T15:15:13.614+02:00 DEBUG 18700 --- [openex] [    Test worker] org.hibernate.SQL                        : 
        select
            w1_0.id,
            w1_0.account_id,
            w1_0.asset,
            w1_0.balance,
            w1_0.reserved,
            w1_0.updated_at,
            w1_0.version 
        from
            wallets w1_0 
        where
            w1_0.account_id=? 
            and w1_0.asset=?
    2026-08-18T15:15:13.616+02:00 DEBUG 18700 --- [openex] [    Test worker] org.hibernate.SQL                        : 
        select
            w1_0.id,
            w1_0.account_id,
            w1_0.asset,
            w1_0.balance,
            w1_0.reserved,
            w1_0.updated_at,
            w1_0.version 
        from
            wallets w1_0 
        where
            w1_0.account_id=? 
            and w1_0.asset=?
    2026-08-18T15:15:13.618+02:00 DEBUG 18700 --- [openex] [    Test worker] org.hibernate.SQL                        : 
        select
            w1_0.id,
            w1_0.account_id,
            w1_0.asset,
            w1_0.balance,
            w1_0.reserved,
            w1_0.updated_at,
            w1_0.version 
        from
            wallets w1_0 
        where
            w1_0.account_id=? 
            and w1_0.asset=?
    2026-08-18T15:15:13.620+02:00 DEBUG 18700 --- [openex] [    Test worker] org.hibernate.SQL                        : 
        select
            w1_0.id,
            w1_0.account_id,
            w1_0.asset,
            w1_0.balance,
            w1_0.reserved,
            w1_0.updated_at,
            w1_0.version 
        from
            wallets w1_0 
        where
            w1_0.account_id=? 
            and w1_0.asset=?
    2026-08-18T15:15:13.623+02:00 DEBUG 18700 --- [openex] [    Test worker] org.hibernate.SQL                        : 
        select
            w1_0.id,
            w1_0.account_id,
            w1_0.asset,
            w1_0.balance,
            w1_0.reserved,
            w1_0.updated_at,
            w1_0.version 
        from
            wallets w1_0 
        where
            w1_0.account_id=? 
            and w1_0.asset=?
    2026-08-18T15:15:13.626+02:00 DEBUG 18700 --- [openex] [    Test worker] org.hibernate.SQL                        : 
        select
            w1_0.id,
            w1_0.account_id,
            w1_0.asset,
            w1_0.balance,
            w1_0.reserved,
            w1_0.updated_at,
            w1_0.version 
        from
            wallets w1_0 
        where
            w1_0.account_id=? 
            and w1_0.asset=?
    2026-08-18T15:15:13.628+02:00 DEBUG 18700 --- [openex] [    Test worker] org.hibernate.SQL                        : 
        select
            w1_0.id,
            w1_0.account_id,
            w1_0.asset,
            w1_0.balance,
            w1_0.reserved,
            w1_0.updated_at,
            w1_0.version 
        from
            wallets w1_0 
        where
            w1_0.account_id=? 
            and w1_0.asset=?
    2026-08-18T15:15:13.630+02:00 DEBUG 18700 --- [openex] [    Test worker] org.hibernate.SQL                        : 
        select
            w1_0.id,
            w1_0.account_id,
            w1_0.asset,
            w1_0.balance,
            w1_0.reserved,
            w1_0.updated_at,
            w1_0.version 
        from
            wallets w1_0 
        where
            w1_0.account_id=? 
            and w1_0.asset=?
    2026-08-18T15:15:13.632+02:00 DEBUG 18700 --- [openex] [    Test worker] org.hibernate.SQL                        : 
        select
            w1_0.id,
            w1_0.account_id,
            w1_0.asset,
            w1_0.balance,
            w1_0.reserved,
            w1_0.updated_at,
            w1_0.version 
        from
            wallets w1_0 
        where
            w1_0.account_id=? 
            and w1_0.asset=?
    2026-08-18T15:15:13.634+02:00 DEBUG 18700 --- [openex] [    Test worker] org.hibernate.SQL                        : 
        select
            w1_0.id,
            w1_0.account_id,
            w1_0.asset,
            w1_0.balance,
            w1_0.reserved,
            w1_0.updated_at,
            w1_0.version 
        from
            wallets w1_0 
        where
            w1_0.account_id=? 
            and w1_0.asset=?
    2026-08-18T15:15:13.636+02:00 DEBUG 18700 --- [openex] [    Test worker] org.hibernate.SQL                        : 
        select
            w1_0.id,
            w1_0.account_id,
            w1_0.asset,
            w1_0.balance,
            w1_0.reserved,
            w1_0.updated_at,
            w1_0.version 
        from
            wallets w1_0 
        where
            w1_0.account_id=? 
            and w1_0.asset=?
    2026-08-18T15:15:13.638+02:00 DEBUG 18700 --- [openex] [    Test worker] org.hibernate.SQL                        : 
        select
            w1_0.id,
            w1_0.account_id,
            w1_0.asset,
            w1_0.balance,
            w1_0.reserved,
            w1_0.updated_at,
            w1_0.version 
        from
            wallets w1_0 
        where
            w1_0.account_id=? 
            and w1_0.asset=?
    2026-08-18T15:15:13.640+02:00 DEBUG 18700 --- [openex] [    Test worker] org.hibernate.SQL                        : 
        select
            w1_0.id,
            w1_0.account_id,
            w1_0.asset,
            w1_0.balance,
            w1_0.reserved,
            w1_0.updated_at,
            w1_0.version 
        from
            wallets w1_0 
        where
            w1_0.account_id=? 
            and w1_0.asset=?
    2026-08-18T15:15:13.642+02:00 DEBUG 18700 --- [openex] [    Test worker] org.hibernate.SQL                        : 
        select
            w1_0.id,
            w1_0.account_id,
            w1_0.asset,
            w1_0.balance,
            w1_0.reserved,
            w1_0.updated_at,
            w1_0.version 
        from
            wallets w1_0 
        where
            w1_0.account_id=? 
            and w1_0.asset=?

StressTest > 20 concurrent buy orders against one resting sell order never over-fill or corrupt balances() PASSED

WalletServiceTest STANDARD_OUT
    2026-08-18T15:15:13.649+02:00  INFO 18700 --- [openex] [    Test worker] t.c.s.AnnotationConfigContextLoaderUtils : Could not detect default configuration classes for test class [com.openex.core.service.WalletServiceTest]: WalletServiceTest does not declare any static, non-private, non-final, nested classes annotated with @Configuration.
    2026-08-18T15:15:13.651+02:00  INFO 18700 --- [openex] [    Test worker] .b.t.c.SpringBootTestContextBootstrapper : Found @SpringBootConfiguration com.openex.core.OpenExApplication for test class com.openex.core.service.WalletServiceTest

WalletServiceTest > withdraw rejects insufficient funds() STANDARD_OUT
    2026-08-18T15:15:13.660+02:00 DEBUG 18700 --- [openex] [    Test worker] org.hibernate.SQL                        : 
        select
            w1_0.id,
            w1_0.account_id,
            w1_0.asset,
            w1_0.balance,
            w1_0.reserved,
            w1_0.updated_at,
            w1_0.version 
        from
            wallets w1_0 
        where
            w1_0.account_id=? 
            and w1_0.asset=?
    2026-08-18T15:15:13.662+02:00 DEBUG 18700 --- [openex] [    Test worker] org.hibernate.SQL                        : 
        select
            w1_0.id,
            w1_0.account_id,
            w1_0.asset,
            w1_0.balance,
            w1_0.reserved,
            w1_0.updated_at,
            w1_0.version 
        from
            wallets w1_0 
        where
            w1_0.account_id=? 
            and w1_0.asset=?
    2026-08-18T15:15:13.664+02:00 DEBUG 18700 --- [openex] [    Test worker] org.hibernate.SQL                        : 
        select
            w1_0.id,
            w1_0.account_id,
            w1_0.asset,
            w1_0.balance,
            w1_0.reserved,
            w1_0.updated_at,
            w1_0.version 
        from
            wallets w1_0 
        where
            w1_0.account_id=? 
            and w1_0.asset=?

WalletServiceTest > withdraw rejects insufficient funds() PASSED

WalletServiceTest > withdraw writes two balanced ledger entries() STANDARD_OUT
    2026-08-18T15:15:13.670+02:00 DEBUG 18700 --- [openex] [    Test worker] org.hibernate.SQL                        : 
        select
            w1_0.id,
            w1_0.account_id,
            w1_0.asset,
            w1_0.balance,
            w1_0.reserved,
            w1_0.updated_at,
            w1_0.version 
        from
            wallets w1_0 
        where
            w1_0.account_id=? 
            and w1_0.asset=?
    2026-08-18T15:15:13.671+02:00 DEBUG 18700 --- [openex] [    Test worker] org.hibernate.SQL                        : 
        select
            le1_0.id,
            le1_0.account_id,
            le1_0.amount,
            le1_0.asset,
            le1_0.created_at,
            le1_0.entry_type,
            le1_0.reference_id,
            le1_0.reference_type 
        from
            ledger_entries le1_0 
        where
            le1_0.id=?
    2026-08-18T15:15:13.672+02:00 DEBUG 18700 --- [openex] [    Test worker] org.hibernate.SQL                        : 
        select
            le1_0.id,
            le1_0.account_id,
            le1_0.amount,
            le1_0.asset,
            le1_0.created_at,
            le1_0.entry_type,
            le1_0.reference_id,
            le1_0.reference_type 
        from
            ledger_entries le1_0 
        where
            le1_0.id=?
    2026-08-18T15:15:13.675+02:00 DEBUG 18700 --- [openex] [    Test worker] org.hibernate.SQL                        : 
        insert 
        into
            ledger_entries
            (account_id, amount, asset, created_at, entry_type, reference_id, reference_type, id) 
        values
            (?, ?, ?, ?, ?, ?, ?, ?)
    2026-08-18T15:15:13.676+02:00 DEBUG 18700 --- [openex] [    Test worker] org.hibernate.SQL                        : 
        insert 
        into
            ledger_entries
            (account_id, amount, asset, created_at, entry_type, reference_id, reference_type, id) 
        values
            (?, ?, ?, ?, ?, ?, ?, ?)
    2026-08-18T15:15:13.677+02:00 DEBUG 18700 --- [openex] [    Test worker] org.hibernate.SQL                        : 
        update
            wallets 
        set
            account_id=?,
            asset=?,
            balance=?,
            reserved=?,
            updated_at=?,
            version=? 
        where
            id=? 
            and version=?
    2026-08-18T15:15:13.677+02:00 DEBUG 18700 --- [openex] [    Test worker] org.hibernate.SQL                        : 
        select
            le1_0.id,
            le1_0.account_id,
            le1_0.amount,
            le1_0.asset,
            le1_0.created_at,
            le1_0.entry_type,
            le1_0.reference_id,
            le1_0.reference_type 
        from
            ledger_entries le1_0 
        where
            le1_0.reference_id=?

WalletServiceTest > withdraw writes two balanced ledger entries() PASSED

WalletServiceTest > deposit writes two balanced ledger entries() STANDARD_OUT
    2026-08-18T15:15:13.684+02:00 DEBUG 18700 --- [openex] [    Test worker] org.hibernate.SQL                        : 
        select
            le1_0.id,
            le1_0.account_id,
            le1_0.amount,
            le1_0.asset,
            le1_0.created_at,
            le1_0.entry_type,
            le1_0.reference_id,
            le1_0.reference_type 
        from
            ledger_entries le1_0 
        where
            le1_0.id=?
    2026-08-18T15:15:13.685+02:00 DEBUG 18700 --- [openex] [    Test worker] org.hibernate.SQL                        : 
        select
            le1_0.id,
            le1_0.account_id,
            le1_0.amount,
            le1_0.asset,
            le1_0.created_at,
            le1_0.entry_type,
            le1_0.reference_id,
            le1_0.reference_type 
        from
            ledger_entries le1_0 
        where
            le1_0.id=?
    2026-08-18T15:15:13.687+02:00 DEBUG 18700 --- [openex] [    Test worker] org.hibernate.SQL                        : 
        select
            w1_0.id,
            w1_0.account_id,
            w1_0.asset,
            w1_0.balance,
            w1_0.reserved,
            w1_0.updated_at,
            w1_0.version 
        from
            wallets w1_0 
        where
            w1_0.account_id=? 
            and w1_0.asset=?
    2026-08-18T15:15:13.688+02:00 DEBUG 18700 --- [openex] [    Test worker] org.hibernate.SQL                        : 
        insert 
        into
            ledger_entries
            (account_id, amount, asset, created_at, entry_type, reference_id, reference_type, id) 
        values
            (?, ?, ?, ?, ?, ?, ?, ?)
    2026-08-18T15:15:13.689+02:00 DEBUG 18700 --- [openex] [    Test worker] org.hibernate.SQL                        : 
        insert 
        into
            ledger_entries
            (account_id, amount, asset, created_at, entry_type, reference_id, reference_type, id) 
        values
            (?, ?, ?, ?, ?, ?, ?, ?)
    2026-08-18T15:15:13.690+02:00 DEBUG 18700 --- [openex] [    Test worker] org.hibernate.SQL                        : 
        update
            wallets 
        set
            account_id=?,
            asset=?,
            balance=?,
            reserved=?,
            updated_at=?,
            version=? 
        where
            id=? 
            and version=?
    2026-08-18T15:15:13.691+02:00 DEBUG 18700 --- [openex] [    Test worker] org.hibernate.SQL                        : 
        select
            le1_0.id,
            le1_0.account_id,
            le1_0.amount,
            le1_0.asset,
            le1_0.created_at,
            le1_0.entry_type,
            le1_0.reference_id,
            le1_0.reference_type 
        from
            ledger_entries le1_0 
        where
            le1_0.reference_id=?

WalletServiceTest > deposit writes two balanced ledger entries() PASSED

WalletServiceTest > withdraw decreases wallet balance() STANDARD_OUT
    2026-08-18T15:15:13.703+02:00 DEBUG 18700 --- [openex] [    Test worker] org.hibernate.SQL                        : 
        select
            w1_0.id,
            w1_0.account_id,
            w1_0.asset,
            w1_0.balance,
            w1_0.reserved,
            w1_0.updated_at,
            w1_0.version 
        from
            wallets w1_0 
        where
            w1_0.account_id=? 
            and w1_0.asset=?
    2026-08-18T15:15:13.705+02:00 DEBUG 18700 --- [openex] [    Test worker] org.hibernate.SQL                        : 
        select
            w1_0.id,
            w1_0.account_id,
            w1_0.asset,
            w1_0.balance,
            w1_0.reserved,
            w1_0.updated_at,
            w1_0.version 
        from
            wallets w1_0 
        where
            w1_0.account_id=? 
            and w1_0.asset=?
    2026-08-18T15:15:13.706+02:00 DEBUG 18700 --- [openex] [    Test worker] org.hibernate.SQL                        : 
        select
            le1_0.id,
            le1_0.account_id,
            le1_0.amount,
            le1_0.asset,
            le1_0.created_at,
            le1_0.entry_type,
            le1_0.reference_id,
            le1_0.reference_type 
        from
            ledger_entries le1_0 
        where
            le1_0.id=?
    2026-08-18T15:15:13.707+02:00 DEBUG 18700 --- [openex] [    Test worker] org.hibernate.SQL                        : 
        select
            le1_0.id,
            le1_0.account_id,
            le1_0.amount,
            le1_0.asset,
            le1_0.created_at,
            le1_0.entry_type,
            le1_0.reference_id,
            le1_0.reference_type 
        from
            ledger_entries le1_0 
        where
            le1_0.id=?
    2026-08-18T15:15:13.708+02:00 DEBUG 18700 --- [openex] [    Test worker] org.hibernate.SQL                        : 
        insert 
        into
            ledger_entries
            (account_id, amount, asset, created_at, entry_type, reference_id, reference_type, id) 
        values
            (?, ?, ?, ?, ?, ?, ?, ?)
    2026-08-18T15:15:13.709+02:00 DEBUG 18700 --- [openex] [    Test worker] org.hibernate.SQL                        : 
        insert 
        into
            ledger_entries
            (account_id, amount, asset, created_at, entry_type, reference_id, reference_type, id) 
        values
            (?, ?, ?, ?, ?, ?, ?, ?)
    2026-08-18T15:15:13.710+02:00 DEBUG 18700 --- [openex] [    Test worker] org.hibernate.SQL                        : 
        update
            wallets 
        set
            account_id=?,
            asset=?,
            balance=?,
            reserved=?,
            updated_at=?,
            version=? 
        where
            id=? 
            and version=?
    2026-08-18T15:15:13.711+02:00 DEBUG 18700 --- [openex] [    Test worker] org.hibernate.SQL                        : 
        select
            w1_0.id,
            w1_0.account_id,
            w1_0.asset,
            w1_0.balance,
            w1_0.reserved,
            w1_0.updated_at,
            w1_0.version 
        from
            wallets w1_0 
        where
            w1_0.account_id=? 
            and w1_0.asset=?

WalletServiceTest > withdraw decreases wallet balance() PASSED

WalletServiceTest > settleTrade at exact buyer limit price moves funds correctly with no refund() STANDARD_OUT
    2026-08-18T15:15:13.716+02:00 DEBUG 18700 --- [openex] [    Test worker] org.hibernate.SQL                        : 
        select
            le1_0.id,
            le1_0.account_id,
            le1_0.amount,
            le1_0.asset,
            le1_0.created_at,
            le1_0.entry_type,
            le1_0.reference_id,
            le1_0.reference_type 
        from
            ledger_entries le1_0 
        where
            le1_0.id=?
    2026-08-18T15:15:13.717+02:00 DEBUG 18700 --- [openex] [    Test worker] org.hibernate.SQL                        : 
        select
            le1_0.id,
            le1_0.account_id,
            le1_0.amount,
            le1_0.asset,
            le1_0.created_at,
            le1_0.entry_type,
            le1_0.reference_id,
            le1_0.reference_type 
        from
            ledger_entries le1_0 
        where
            le1_0.id=?
    2026-08-18T15:15:13.719+02:00 DEBUG 18700 --- [openex] [    Test worker] org.hibernate.SQL                        : 
        select
            w1_0.id,
            w1_0.account_id,
            w1_0.asset,
            w1_0.balance,
            w1_0.reserved,
            w1_0.updated_at,
            w1_0.version 
        from
            wallets w1_0 
        where
            w1_0.account_id=? 
            and w1_0.asset=?
    2026-08-18T15:15:13.719+02:00 DEBUG 18700 --- [openex] [    Test worker] org.hibernate.SQL                        : 
        select
            w1_0.id,
            w1_0.account_id,
            w1_0.asset,
            w1_0.balance,
            w1_0.reserved,
            w1_0.updated_at,
            w1_0.version 
        from
            wallets w1_0 
        where
            w1_0.id=?
    2026-08-18T15:15:13.721+02:00 DEBUG 18700 --- [openex] [    Test worker] org.hibernate.SQL                        : 
        insert 
        into
            ledger_entries
            (account_id, amount, asset, created_at, entry_type, reference_id, reference_type, id) 
        values
            (?, ?, ?, ?, ?, ?, ?, ?)
    2026-08-18T15:15:13.722+02:00 DEBUG 18700 --- [openex] [    Test worker] org.hibernate.SQL                        : 
        insert 
        into
            ledger_entries
            (account_id, amount, asset, created_at, entry_type, reference_id, reference_type, id) 
        values
            (?, ?, ?, ?, ?, ?, ?, ?)
    2026-08-18T15:15:13.722+02:00 DEBUG 18700 --- [openex] [    Test worker] org.hibernate.SQL                        : 
        insert 
        into
            wallets
            (account_id, asset, balance, reserved, updated_at, version, id) 
        values
            (?, ?, ?, ?, ?, ?, ?)
    2026-08-18T15:15:13.724+02:00 DEBUG 18700 --- [openex] [    Test worker] org.hibernate.SQL                        : 
        select
            w1_0.id,
            w1_0.account_id,
            w1_0.asset,
            w1_0.balance,
            w1_0.reserved,
            w1_0.updated_at,
            w1_0.version 
        from
            wallets w1_0 
        where
            w1_0.account_id=? 
            and w1_0.asset=?
    2026-08-18T15:15:13.724+02:00 DEBUG 18700 --- [openex] [    Test worker] org.hibernate.SQL                        : 
        select
            le1_0.id,
            le1_0.account_id,
            le1_0.amount,
            le1_0.asset,
            le1_0.created_at,
            le1_0.entry_type,
            le1_0.reference_id,
            le1_0.reference_type 
        from
            ledger_entries le1_0 
        where
            le1_0.id=?
    2026-08-18T15:15:13.725+02:00 DEBUG 18700 --- [openex] [    Test worker] org.hibernate.SQL                        : 
        select
            le1_0.id,
            le1_0.account_id,
            le1_0.amount,
            le1_0.asset,
            le1_0.created_at,
            le1_0.entry_type,
            le1_0.reference_id,
            le1_0.reference_type 
        from
            ledger_entries le1_0 
        where
            le1_0.id=?
    2026-08-18T15:15:13.727+02:00 DEBUG 18700 --- [openex] [    Test worker] org.hibernate.SQL                        : 
        insert 
        into
            ledger_entries
            (account_id, amount, asset, created_at, entry_type, reference_id, reference_type, id) 
        values
            (?, ?, ?, ?, ?, ?, ?, ?)
    2026-08-18T15:15:13.727+02:00 DEBUG 18700 --- [openex] [    Test worker] org.hibernate.SQL                        : 
        insert 
        into
            ledger_entries
            (account_id, amount, asset, created_at, entry_type, reference_id, reference_type, id) 
        values
            (?, ?, ?, ?, ?, ?, ?, ?)
    2026-08-18T15:15:13.728+02:00 DEBUG 18700 --- [openex] [    Test worker] org.hibernate.SQL                        : 
        update
            wallets 
        set
            account_id=?,
            asset=?,
            balance=?,
            reserved=?,
            updated_at=?,
            version=? 
        where
            id=? 
            and version=?
    2026-08-18T15:15:13.729+02:00 DEBUG 18700 --- [openex] [    Test worker] org.hibernate.SQL                        : 
        select
            w1_0.id,
            w1_0.account_id,
            w1_0.asset,
            w1_0.balance,
            w1_0.reserved,
            w1_0.updated_at,
            w1_0.version 
        from
            wallets w1_0 
        where
            w1_0.account_id=? 
            and w1_0.asset=?
    2026-08-18T15:15:13.730+02:00 DEBUG 18700 --- [openex] [    Test worker] org.hibernate.SQL                        : 
        select
            w1_0.id,
            w1_0.account_id,
            w1_0.asset,
            w1_0.balance,
            w1_0.reserved,
            w1_0.updated_at,
            w1_0.version 
        from
            wallets w1_0 
        where
            w1_0.id=?
    2026-08-18T15:15:13.731+02:00 DEBUG 18700 --- [openex] [    Test worker] org.hibernate.SQL                        : 
        insert 
        into
            wallets
            (account_id, asset, balance, reserved, updated_at, version, id) 
        values
            (?, ?, ?, ?, ?, ?, ?)
    2026-08-18T15:15:13.732+02:00 DEBUG 18700 --- [openex] [    Test worker] org.hibernate.SQL                        : 
        select
            w1_0.id,
            w1_0.account_id,
            w1_0.asset,
            w1_0.balance,
            w1_0.reserved,
            w1_0.updated_at,
            w1_0.version 
        from
            wallets w1_0 
        where
            w1_0.account_id=? 
            and w1_0.asset=?
    2026-08-18T15:15:13.733+02:00 DEBUG 18700 --- [openex] [    Test worker] org.hibernate.SQL                        : 
        update
            wallets 
        set
            account_id=?,
            asset=?,
            balance=?,
            reserved=?,
            updated_at=?,
            version=? 
        where
            id=? 
            and version=?
    2026-08-18T15:15:13.734+02:00 DEBUG 18700 --- [openex] [    Test worker] org.hibernate.SQL                        : 
        select
            w1_0.id,
            w1_0.account_id,
            w1_0.asset,
            w1_0.balance,
            w1_0.reserved,
            w1_0.updated_at,
            w1_0.version 
        from
            wallets w1_0 
        where
            w1_0.account_id=? 
            and w1_0.asset=?
    2026-08-18T15:15:13.736+02:00 DEBUG 18700 --- [openex] [    Test worker] org.hibernate.SQL                        : 
        select
            w1_0.id,
            w1_0.account_id,
            w1_0.asset,
            w1_0.balance,
            w1_0.reserved,
            w1_0.updated_at,
            w1_0.version 
        from
            wallets w1_0 
        where
            w1_0.account_id=? 
            and w1_0.asset=?
    2026-08-18T15:15:13.738+02:00 DEBUG 18700 --- [openex] [    Test worker] org.hibernate.SQL                        : 
        select
            w1_0.id,
            w1_0.account_id,
            w1_0.asset,
            w1_0.balance,
            w1_0.reserved,
            w1_0.updated_at,
            w1_0.version 
        from
            wallets w1_0 
        where
            w1_0.account_id=? 
            and w1_0.asset=?
    2026-08-18T15:15:13.740+02:00 DEBUG 18700 --- [openex] [    Test worker] org.hibernate.SQL                        : 
        select
            w1_0.id,
            w1_0.account_id,
            w1_0.asset,
            w1_0.balance,
            w1_0.reserved,
            w1_0.updated_at,
            w1_0.version 
        from
            wallets w1_0 
        where
            w1_0.account_id=? 
            and w1_0.asset=?
    2026-08-18T15:15:13.743+02:00 DEBUG 18700 --- [openex] [    Test worker] org.hibernate.SQL                        : 
        update
            wallets 
        set
            account_id=?,
            asset=?,
            balance=?,
            reserved=?,
            updated_at=?,
            version=? 
        where
            id=? 
            and version=?
    2026-08-18T15:15:13.744+02:00 DEBUG 18700 --- [openex] [    Test worker] org.hibernate.SQL                        : 
        select
            w1_0.id,
            w1_0.account_id,
            w1_0.asset,
            w1_0.balance,
            w1_0.reserved,
            w1_0.updated_at,
            w1_0.version 
        from
            wallets w1_0 
        where
            w1_0.account_id=? 
            and w1_0.asset=?
    2026-08-18T15:15:13.745+02:00 DEBUG 18700 --- [openex] [    Test worker] org.hibernate.SQL                        : 
        select
            w1_0.id,
            w1_0.account_id,
            w1_0.asset,
            w1_0.balance,
            w1_0.reserved,
            w1_0.updated_at,
            w1_0.version 
        from
            wallets w1_0 
        where
            w1_0.id=?
    2026-08-18T15:15:13.746+02:00 DEBUG 18700 --- [openex] [    Test worker] org.hibernate.SQL                        : 
        select
            le1_0.id,
            le1_0.account_id,
            le1_0.amount,
            le1_0.asset,
            le1_0.created_at,
            le1_0.entry_type,
            le1_0.reference_id,
            le1_0.reference_type 
        from
            ledger_entries le1_0 
        where
            le1_0.id=?
    2026-08-18T15:15:13.747+02:00 DEBUG 18700 --- [openex] [    Test worker] org.hibernate.SQL                        : 
        select
            le1_0.id,
            le1_0.account_id,
            le1_0.amount,
            le1_0.asset,
            le1_0.created_at,
            le1_0.entry_type,
            le1_0.reference_id,
            le1_0.reference_type 
        from
            ledger_entries le1_0 
        where
            le1_0.id=?
    2026-08-18T15:15:13.748+02:00 DEBUG 18700 --- [openex] [    Test worker] org.hibernate.SQL                        : 
        insert 
        into
            wallets
            (account_id, asset, balance, reserved, updated_at, version, id) 
        values
            (?, ?, ?, ?, ?, ?, ?)
    2026-08-18T15:15:13.749+02:00 DEBUG 18700 --- [openex] [    Test worker] org.hibernate.SQL                        : 
        insert 
        into
            ledger_entries
            (account_id, amount, asset, created_at, entry_type, reference_id, reference_type, id) 
        values
            (?, ?, ?, ?, ?, ?, ?, ?)
    2026-08-18T15:15:13.750+02:00 DEBUG 18700 --- [openex] [    Test worker] org.hibernate.SQL                        : 
        insert 
        into
            ledger_entries
            (account_id, amount, asset, created_at, entry_type, reference_id, reference_type, id) 
        values
            (?, ?, ?, ?, ?, ?, ?, ?)
    2026-08-18T15:15:13.750+02:00 DEBUG 18700 --- [openex] [    Test worker] org.hibernate.SQL                        : 
        select
            w1_0.id,
            w1_0.account_id,
            w1_0.asset,
            w1_0.balance,
            w1_0.reserved,
            w1_0.updated_at,
            w1_0.version 
        from
            wallets w1_0 
        where
            w1_0.account_id=? 
            and w1_0.asset=?
    2026-08-18T15:15:13.752+02:00 DEBUG 18700 --- [openex] [    Test worker] org.hibernate.SQL                        : 
        update
            wallets 
        set
            account_id=?,
            asset=?,
            balance=?,
            reserved=?,
            updated_at=?,
            version=? 
        where
            id=? 
            and version=?
    2026-08-18T15:15:13.753+02:00 DEBUG 18700 --- [openex] [    Test worker] org.hibernate.SQL                        : 
        select
            w1_0.id,
            w1_0.account_id,
            w1_0.asset,
            w1_0.balance,
            w1_0.reserved,
            w1_0.updated_at,
            w1_0.version 
        from
            wallets w1_0 
        where
            w1_0.account_id=? 
            and w1_0.asset=?
    2026-08-18T15:15:13.754+02:00 DEBUG 18700 --- [openex] [    Test worker] org.hibernate.SQL                        : 
        select
            w1_0.id,
            w1_0.account_id,
            w1_0.asset,
            w1_0.balance,
            w1_0.reserved,
            w1_0.updated_at,
            w1_0.version 
        from
            wallets w1_0 
        where
            w1_0.id=?
    2026-08-18T15:15:13.754+02:00 DEBUG 18700 --- [openex] [    Test worker] org.hibernate.SQL                        : 
        select
            le1_0.id,
            le1_0.account_id,
            le1_0.amount,
            le1_0.asset,
            le1_0.created_at,
            le1_0.entry_type,
            le1_0.reference_id,
            le1_0.reference_type 
        from
            ledger_entries le1_0 
        where
            le1_0.id=?
    2026-08-18T15:15:13.755+02:00 DEBUG 18700 --- [openex] [    Test worker] org.hibernate.SQL                        : 
        select
            le1_0.id,
            le1_0.account_id,
            le1_0.amount,
            le1_0.asset,
            le1_0.created_at,
            le1_0.entry_type,
            le1_0.reference_id,
            le1_0.reference_type 
        from
            ledger_entries le1_0 
        where
            le1_0.id=?
    2026-08-18T15:15:13.758+02:00 DEBUG 18700 --- [openex] [    Test worker] org.hibernate.SQL                        : 
        insert 
        into
            wallets
            (account_id, asset, balance, reserved, updated_at, version, id) 
        values
            (?, ?, ?, ?, ?, ?, ?)
    2026-08-18T15:15:13.758+02:00 DEBUG 18700 --- [openex] [    Test worker] org.hibernate.SQL                        : 
        insert 
        into
            ledger_entries
            (account_id, amount, asset, created_at, entry_type, reference_id, reference_type, id) 
        values
            (?, ?, ?, ?, ?, ?, ?, ?)
    2026-08-18T15:15:13.759+02:00 DEBUG 18700 --- [openex] [    Test worker] org.hibernate.SQL                        : 
        insert 
        into
            ledger_entries
            (account_id, amount, asset, created_at, entry_type, reference_id, reference_type, id) 
        values
            (?, ?, ?, ?, ?, ?, ?, ?)
    2026-08-18T15:15:13.760+02:00 DEBUG 18700 --- [openex] [    Test worker] org.hibernate.SQL                        : 
        select
            w1_0.id,
            w1_0.account_id,
            w1_0.asset,
            w1_0.balance,
            w1_0.reserved,
            w1_0.updated_at,
            w1_0.version 
        from
            wallets w1_0 
        where
            w1_0.account_id=? 
            and w1_0.asset=?
    2026-08-18T15:15:13.761+02:00 DEBUG 18700 --- [openex] [    Test worker] org.hibernate.SQL                        : 
        select
            w1_0.id,
            w1_0.account_id,
            w1_0.asset,
            w1_0.balance,
            w1_0.reserved,
            w1_0.updated_at,
            w1_0.version 
        from
            wallets w1_0 
        where
            w1_0.account_id=? 
            and w1_0.asset=?
    2026-08-18T15:15:13.763+02:00 DEBUG 18700 --- [openex] [    Test worker] org.hibernate.SQL                        : 
        select
            w1_0.id,
            w1_0.account_id,
            w1_0.asset,
            w1_0.balance,
            w1_0.reserved,
            w1_0.updated_at,
            w1_0.version 
        from
            wallets w1_0 
        where
            w1_0.account_id=? 
            and w1_0.asset=?
    2026-08-18T15:15:13.764+02:00 DEBUG 18700 --- [openex] [    Test worker] org.hibernate.SQL                        : 
        select
            w1_0.id,
            w1_0.account_id,
            w1_0.asset,
            w1_0.balance,
            w1_0.reserved,
            w1_0.updated_at,
            w1_0.version 
        from
            wallets w1_0 
        where
            w1_0.account_id=? 
            and w1_0.asset=?
    2026-08-18T15:15:13.766+02:00 DEBUG 18700 --- [openex] [    Test worker] org.hibernate.SQL                        : 
        select
            le1_0.id,
            le1_0.account_id,
            le1_0.amount,
            le1_0.asset,
            le1_0.created_at,
            le1_0.entry_type,
            le1_0.reference_id,
            le1_0.reference_type 
        from
            ledger_entries le1_0 
        where
            le1_0.reference_id=?

WalletServiceTest > settleTrade at exact buyer limit price moves funds correctly with no refund() PASSED

WalletServiceTest > settleTrade below buyer limit price refunds the price improvement to the buyer() STANDARD_OUT
    2026-08-18T15:15:13.774+02:00 DEBUG 18700 --- [openex] [    Test worker] org.hibernate.SQL                        : 
        select
            le1_0.id,
            le1_0.account_id,
            le1_0.amount,
            le1_0.asset,
            le1_0.created_at,
            le1_0.entry_type,
            le1_0.reference_id,
            le1_0.reference_type 
        from
            ledger_entries le1_0 
        where
            le1_0.id=?
    2026-08-18T15:15:13.774+02:00 DEBUG 18700 --- [openex] [    Test worker] org.hibernate.SQL                        : 
        select
            le1_0.id,
            le1_0.account_id,
            le1_0.amount,
            le1_0.asset,
            le1_0.created_at,
            le1_0.entry_type,
            le1_0.reference_id,
            le1_0.reference_type 
        from
            ledger_entries le1_0 
        where
            le1_0.id=?
    2026-08-18T15:15:13.776+02:00 DEBUG 18700 --- [openex] [    Test worker] org.hibernate.SQL                        : 
        select
            w1_0.id,
            w1_0.account_id,
            w1_0.asset,
            w1_0.balance,
            w1_0.reserved,
            w1_0.updated_at,
            w1_0.version 
        from
            wallets w1_0 
        where
            w1_0.account_id=? 
            and w1_0.asset=?
    2026-08-18T15:15:13.778+02:00 DEBUG 18700 --- [openex] [    Test worker] org.hibernate.SQL                        : 
        select
            w1_0.id,
            w1_0.account_id,
            w1_0.asset,
            w1_0.balance,
            w1_0.reserved,
            w1_0.updated_at,
            w1_0.version 
        from
            wallets w1_0 
        where
            w1_0.id=?
    2026-08-18T15:15:13.780+02:00 DEBUG 18700 --- [openex] [    Test worker] org.hibernate.SQL                        : 
        insert 
        into
            ledger_entries
            (account_id, amount, asset, created_at, entry_type, reference_id, reference_type, id) 
        values
            (?, ?, ?, ?, ?, ?, ?, ?)
    2026-08-18T15:15:13.781+02:00 DEBUG 18700 --- [openex] [    Test worker] org.hibernate.SQL                        : 
        insert 
        into
            ledger_entries
            (account_id, amount, asset, created_at, entry_type, reference_id, reference_type, id) 
        values
            (?, ?, ?, ?, ?, ?, ?, ?)
    2026-08-18T15:15:13.782+02:00 DEBUG 18700 --- [openex] [    Test worker] org.hibernate.SQL                        : 
        insert 
        into
            wallets
            (account_id, asset, balance, reserved, updated_at, version, id) 
        values
            (?, ?, ?, ?, ?, ?, ?)
    2026-08-18T15:15:13.782+02:00 DEBUG 18700 --- [openex] [    Test worker] org.hibernate.SQL                        : 
        select
            w1_0.id,
            w1_0.account_id,
            w1_0.asset,
            w1_0.balance,
            w1_0.reserved,
            w1_0.updated_at,
            w1_0.version 
        from
            wallets w1_0 
        where
            w1_0.account_id=? 
            and w1_0.asset=?
    2026-08-18T15:15:13.783+02:00 DEBUG 18700 --- [openex] [    Test worker] org.hibernate.SQL                        : 
        select
            le1_0.id,
            le1_0.account_id,
            le1_0.amount,
            le1_0.asset,
            le1_0.created_at,
            le1_0.entry_type,
            le1_0.reference_id,
            le1_0.reference_type 
        from
            ledger_entries le1_0 
        where
            le1_0.id=?
    2026-08-18T15:15:13.784+02:00 DEBUG 18700 --- [openex] [    Test worker] org.hibernate.SQL                        : 
        select
            le1_0.id,
            le1_0.account_id,
            le1_0.amount,
            le1_0.asset,
            le1_0.created_at,
            le1_0.entry_type,
            le1_0.reference_id,
            le1_0.reference_type 
        from
            ledger_entries le1_0 
        where
            le1_0.id=?
    2026-08-18T15:15:13.786+02:00 DEBUG 18700 --- [openex] [    Test worker] org.hibernate.SQL                        : 
        insert 
        into
            ledger_entries
            (account_id, amount, asset, created_at, entry_type, reference_id, reference_type, id) 
        values
            (?, ?, ?, ?, ?, ?, ?, ?)
    2026-08-18T15:15:13.787+02:00 DEBUG 18700 --- [openex] [    Test worker] org.hibernate.SQL                        : 
        insert 
        into
            ledger_entries
            (account_id, amount, asset, created_at, entry_type, reference_id, reference_type, id) 
        values
            (?, ?, ?, ?, ?, ?, ?, ?)
    2026-08-18T15:15:13.788+02:00 DEBUG 18700 --- [openex] [    Test worker] org.hibernate.SQL                        : 
        update
            wallets 
        set
            account_id=?,
            asset=?,
            balance=?,
            reserved=?,
            updated_at=?,
            version=? 
        where
            id=? 
            and version=?
    2026-08-18T15:15:13.788+02:00 DEBUG 18700 --- [openex] [    Test worker] org.hibernate.SQL                        : 
        select
            w1_0.id,
            w1_0.account_id,
            w1_0.asset,
            w1_0.balance,
            w1_0.reserved,
            w1_0.updated_at,
            w1_0.version 
        from
            wallets w1_0 
        where
            w1_0.account_id=? 
            and w1_0.asset=?
    2026-08-18T15:15:13.789+02:00 DEBUG 18700 --- [openex] [    Test worker] org.hibernate.SQL                        : 
        select
            w1_0.id,
            w1_0.account_id,
            w1_0.asset,
            w1_0.balance,
            w1_0.reserved,
            w1_0.updated_at,
            w1_0.version 
        from
            wallets w1_0 
        where
            w1_0.id=?
    2026-08-18T15:15:13.791+02:00 DEBUG 18700 --- [openex] [    Test worker] org.hibernate.SQL                        : 
        insert 
        into
            wallets
            (account_id, asset, balance, reserved, updated_at, version, id) 
        values
            (?, ?, ?, ?, ?, ?, ?)
    2026-08-18T15:15:13.792+02:00 DEBUG 18700 --- [openex] [    Test worker] org.hibernate.SQL                        : 
        select
            w1_0.id,
            w1_0.account_id,
            w1_0.asset,
            w1_0.balance,
            w1_0.reserved,
            w1_0.updated_at,
            w1_0.version 
        from
            wallets w1_0 
        where
            w1_0.account_id=? 
            and w1_0.asset=?
    2026-08-18T15:15:13.794+02:00 DEBUG 18700 --- [openex] [    Test worker] org.hibernate.SQL                        : 
        update
            wallets 
        set
            account_id=?,
            asset=?,
            balance=?,
            reserved=?,
            updated_at=?,
            version=? 
        where
            id=? 
            and version=?
    2026-08-18T15:15:13.795+02:00 DEBUG 18700 --- [openex] [    Test worker] org.hibernate.SQL                        : 
        select
            w1_0.id,
            w1_0.account_id,
            w1_0.asset,
            w1_0.balance,
            w1_0.reserved,
            w1_0.updated_at,
            w1_0.version 
        from
            wallets w1_0 
        where
            w1_0.account_id=? 
            and w1_0.asset=?
    2026-08-18T15:15:13.796+02:00 DEBUG 18700 --- [openex] [    Test worker] org.hibernate.SQL                        : 
        select
            w1_0.id,
            w1_0.account_id,
            w1_0.asset,
            w1_0.balance,
            w1_0.reserved,
            w1_0.updated_at,
            w1_0.version 
        from
            wallets w1_0 
        where
            w1_0.account_id=? 
            and w1_0.asset=?
    2026-08-18T15:15:13.797+02:00 DEBUG 18700 --- [openex] [    Test worker] org.hibernate.SQL                        : 
        select
            w1_0.id,
            w1_0.account_id,
            w1_0.asset,
            w1_0.balance,
            w1_0.reserved,
            w1_0.updated_at,
            w1_0.version 
        from
            wallets w1_0 
        where
            w1_0.account_id=? 
            and w1_0.asset=?
    2026-08-18T15:15:13.799+02:00 DEBUG 18700 --- [openex] [    Test worker] org.hibernate.SQL                        : 
        update
            wallets 
        set
            account_id=?,
            asset=?,
            balance=?,
            reserved=?,
            updated_at=?,
            version=? 
        where
            id=? 
            and version=?
    2026-08-18T15:15:13.800+02:00 DEBUG 18700 --- [openex] [    Test worker] org.hibernate.SQL                        : 
        select
            w1_0.id,
            w1_0.account_id,
            w1_0.asset,
            w1_0.balance,
            w1_0.reserved,
            w1_0.updated_at,
            w1_0.version 
        from
            wallets w1_0 
        where
            w1_0.account_id=? 
            and w1_0.asset=?
    2026-08-18T15:15:13.802+02:00 DEBUG 18700 --- [openex] [    Test worker] org.hibernate.SQL                        : 
        update
            wallets 
        set
            account_id=?,
            asset=?,
            balance=?,
            reserved=?,
            updated_at=?,
            version=? 
        where
            id=? 
            and version=?
    2026-08-18T15:15:13.802+02:00 DEBUG 18700 --- [openex] [    Test worker] org.hibernate.SQL                        : 
        select
            w1_0.id,
            w1_0.account_id,
            w1_0.asset,
            w1_0.balance,
            w1_0.reserved,
            w1_0.updated_at,
            w1_0.version 
        from
            wallets w1_0 
        where
            w1_0.account_id=? 
            and w1_0.asset=?
    2026-08-18T15:15:13.803+02:00 DEBUG 18700 --- [openex] [    Test worker] org.hibernate.SQL                        : 
        select
            w1_0.id,
            w1_0.account_id,
            w1_0.asset,
            w1_0.balance,
            w1_0.reserved,
            w1_0.updated_at,
            w1_0.version 
        from
            wallets w1_0 
        where
            w1_0.id=?
    2026-08-18T15:15:13.804+02:00 DEBUG 18700 --- [openex] [    Test worker] org.hibernate.SQL                        : 
        select
            le1_0.id,
            le1_0.account_id,
            le1_0.amount,
            le1_0.asset,
            le1_0.created_at,
            le1_0.entry_type,
            le1_0.reference_id,
            le1_0.reference_type 
        from
            ledger_entries le1_0 
        where
            le1_0.id=?
    2026-08-18T15:15:13.805+02:00 DEBUG 18700 --- [openex] [    Test worker] org.hibernate.SQL                        : 
        select
            le1_0.id,
            le1_0.account_id,
            le1_0.amount,
            le1_0.asset,
            le1_0.created_at,
            le1_0.entry_type,
            le1_0.reference_id,
            le1_0.reference_type 
        from
            ledger_entries le1_0 
        where
            le1_0.id=?
    2026-08-18T15:15:13.806+02:00 DEBUG 18700 --- [openex] [    Test worker] org.hibernate.SQL                        : 
        insert 
        into
            wallets
            (account_id, asset, balance, reserved, updated_at, version, id) 
        values
            (?, ?, ?, ?, ?, ?, ?)
    2026-08-18T15:15:13.807+02:00 DEBUG 18700 --- [openex] [    Test worker] org.hibernate.SQL                        : 
        insert 
        into
            ledger_entries
            (account_id, amount, asset, created_at, entry_type, reference_id, reference_type, id) 
        values
            (?, ?, ?, ?, ?, ?, ?, ?)
    2026-08-18T15:15:13.808+02:00 DEBUG 18700 --- [openex] [    Test worker] org.hibernate.SQL                        : 
        insert 
        into
            ledger_entries
            (account_id, amount, asset, created_at, entry_type, reference_id, reference_type, id) 
        values
            (?, ?, ?, ?, ?, ?, ?, ?)
    2026-08-18T15:15:13.808+02:00 DEBUG 18700 --- [openex] [    Test worker] org.hibernate.SQL                        : 
        select
            w1_0.id,
            w1_0.account_id,
            w1_0.asset,
            w1_0.balance,
            w1_0.reserved,
            w1_0.updated_at,
            w1_0.version 
        from
            wallets w1_0 
        where
            w1_0.account_id=? 
            and w1_0.asset=?
    2026-08-18T15:15:13.810+02:00 DEBUG 18700 --- [openex] [    Test worker] org.hibernate.SQL                        : 
        update
            wallets 
        set
            account_id=?,
            asset=?,
            balance=?,
            reserved=?,
            updated_at=?,
            version=? 
        where
            id=? 
            and version=?
    2026-08-18T15:15:13.811+02:00 DEBUG 18700 --- [openex] [    Test worker] org.hibernate.SQL                        : 
        select
            w1_0.id,
            w1_0.account_id,
            w1_0.asset,
            w1_0.balance,
            w1_0.reserved,
            w1_0.updated_at,
            w1_0.version 
        from
            wallets w1_0 
        where
            w1_0.account_id=? 
            and w1_0.asset=?
    2026-08-18T15:15:13.812+02:00 DEBUG 18700 --- [openex] [    Test worker] org.hibernate.SQL                        : 
        select
            w1_0.id,
            w1_0.account_id,
            w1_0.asset,
            w1_0.balance,
            w1_0.reserved,
            w1_0.updated_at,
            w1_0.version 
        from
            wallets w1_0 
        where
            w1_0.id=?
    2026-08-18T15:15:13.812+02:00 DEBUG 18700 --- [openex] [    Test worker] org.hibernate.SQL                        : 
        select
            le1_0.id,
            le1_0.account_id,
            le1_0.amount,
            le1_0.asset,
            le1_0.created_at,
            le1_0.entry_type,
            le1_0.reference_id,
            le1_0.reference_type 
        from
            ledger_entries le1_0 
        where
            le1_0.id=?
    2026-08-18T15:15:13.813+02:00 DEBUG 18700 --- [openex] [    Test worker] org.hibernate.SQL                        : 
        select
            le1_0.id,
            le1_0.account_id,
            le1_0.amount,
            le1_0.asset,
            le1_0.created_at,
            le1_0.entry_type,
            le1_0.reference_id,
            le1_0.reference_type 
        from
            ledger_entries le1_0 
        where
            le1_0.id=?
    2026-08-18T15:15:13.815+02:00 DEBUG 18700 --- [openex] [    Test worker] org.hibernate.SQL                        : 
        insert 
        into
            wallets
            (account_id, asset, balance, reserved, updated_at, version, id) 
        values
            (?, ?, ?, ?, ?, ?, ?)
    2026-08-18T15:15:13.816+02:00 DEBUG 18700 --- [openex] [    Test worker] org.hibernate.SQL                        : 
        insert 
        into
            ledger_entries
            (account_id, amount, asset, created_at, entry_type, reference_id, reference_type, id) 
        values
            (?, ?, ?, ?, ?, ?, ?, ?)
    2026-08-18T15:15:13.816+02:00 DEBUG 18700 --- [openex] [    Test worker] org.hibernate.SQL                        : 
        insert 
        into
            ledger_entries
            (account_id, amount, asset, created_at, entry_type, reference_id, reference_type, id) 
        values
            (?, ?, ?, ?, ?, ?, ?, ?)
    2026-08-18T15:15:13.817+02:00 DEBUG 18700 --- [openex] [    Test worker] org.hibernate.SQL                        : 
        select
            w1_0.id,
            w1_0.account_id,
            w1_0.asset,
            w1_0.balance,
            w1_0.reserved,
            w1_0.updated_at,
            w1_0.version 
        from
            wallets w1_0 
        where
            w1_0.account_id=? 
            and w1_0.asset=?
    2026-08-18T15:15:13.819+02:00 DEBUG 18700 --- [openex] [    Test worker] org.hibernate.SQL                        : 
        select
            w1_0.id,
            w1_0.account_id,
            w1_0.asset,
            w1_0.balance,
            w1_0.reserved,
            w1_0.updated_at,
            w1_0.version 
        from
            wallets w1_0 
        where
            w1_0.account_id=? 
            and w1_0.asset=?

WalletServiceTest > settleTrade below buyer limit price refunds the price improvement to the buyer() PASSED

WalletServiceTest > concurrent withdrawals cannot double-spend() STANDARD_OUT
    2026-08-18T15:15:13.826+02:00 DEBUG 18700 --- [openex] [    Test worker] org.hibernate.SQL                        : 
        select
            w1_0.id,
            w1_0.account_id,
            w1_0.asset,
            w1_0.balance,
            w1_0.reserved,
            w1_0.updated_at,
            w1_0.version 
        from
            wallets w1_0 
        where
            w1_0.account_id=? 
            and w1_0.asset=?
    2026-08-18T15:15:13.827+02:00 DEBUG 18700 --- [openex] [    Test worker] org.hibernate.SQL                        : 
        select
            le1_0.id,
            le1_0.account_id,
            le1_0.amount,
            le1_0.asset,
            le1_0.created_at,
            le1_0.entry_type,
            le1_0.reference_id,
            le1_0.reference_type 
        from
            ledger_entries le1_0 
        where
            le1_0.id=?
    2026-08-18T15:15:13.828+02:00 DEBUG 18700 --- [openex] [    Test worker] org.hibernate.SQL                        : 
        select
            le1_0.id,
            le1_0.account_id,
            le1_0.amount,
            le1_0.asset,
            le1_0.created_at,
            le1_0.entry_type,
            le1_0.reference_id,
            le1_0.reference_type 
        from
            ledger_entries le1_0 
        where
            le1_0.id=?
    2026-08-18T15:15:13.829+02:00 DEBUG 18700 --- [openex] [    Test worker] org.hibernate.SQL                        : 
        select
            w1_0.id,
            w1_0.account_id,
            w1_0.asset,
            w1_0.balance,
            w1_0.reserved,
            w1_0.updated_at,
            w1_0.version 
        from
            wallets w1_0 
        where
            w1_0.account_id=? 
            and w1_0.asset=?
    2026-08-18T15:15:13.830+02:00 DEBUG 18700 --- [openex] [    Test worker] org.hibernate.SQL                        : 
        select
            w1_0.id,
            w1_0.account_id,
            w1_0.asset,
            w1_0.balance,
            w1_0.reserved,
            w1_0.updated_at,
            w1_0.version 
        from
            wallets w1_0 
        where
            w1_0.id=?
    2026-08-18T15:15:13.831+02:00 DEBUG 18700 --- [openex] [    Test worker] org.hibernate.SQL                        : 
        insert 
        into
            ledger_entries
            (account_id, amount, asset, created_at, entry_type, reference_id, reference_type, id) 
        values
            (?, ?, ?, ?, ?, ?, ?, ?)
    2026-08-18T15:15:13.831+02:00 DEBUG 18700 --- [openex] [    Test worker] org.hibernate.SQL                        : 
        insert 
        into
            ledger_entries
            (account_id, amount, asset, created_at, entry_type, reference_id, reference_type, id) 
        values
            (?, ?, ?, ?, ?, ?, ?, ?)
    2026-08-18T15:15:13.832+02:00 DEBUG 18700 --- [openex] [    Test worker] org.hibernate.SQL                        : 
        insert 
        into
            wallets
            (account_id, asset, balance, reserved, updated_at, version, id) 
        values
            (?, ?, ?, ?, ?, ?, ?)
    2026-08-18T15:15:13.837+02:00 DEBUG 18700 --- [openex] [       Thread-5] org.hibernate.SQL                        : 
        select
            w1_0.id,
            w1_0.account_id,
            w1_0.asset,
            w1_0.balance,
            w1_0.reserved,
            w1_0.updated_at,
            w1_0.version 
        from
            wallets w1_0 
        where
            w1_0.account_id=? 
            and w1_0.asset=?
    2026-08-18T15:15:13.838+02:00 DEBUG 18700 --- [openex] [       Thread-5] org.hibernate.SQL                        : 
        select
            le1_0.id,
            le1_0.account_id,
            le1_0.amount,
            le1_0.asset,
            le1_0.created_at,
            le1_0.entry_type,
            le1_0.reference_id,
            le1_0.reference_type 
        from
            ledger_entries le1_0 
        where
            le1_0.id=?
    2026-08-18T15:15:13.839+02:00 DEBUG 18700 --- [openex] [       Thread-5] org.hibernate.SQL                        : 
        select
            le1_0.id,
            le1_0.account_id,
            le1_0.amount,
            le1_0.asset,
            le1_0.created_at,
            le1_0.entry_type,
            le1_0.reference_id,
            le1_0.reference_type 
        from
            ledger_entries le1_0 
        where
            le1_0.id=?
    2026-08-18T15:15:13.840+02:00 DEBUG 18700 --- [openex] [       Thread-5] org.hibernate.SQL                        : 
        insert 
        into
            ledger_entries
            (account_id, amount, asset, created_at, entry_type, reference_id, reference_type, id) 
        values
            (?, ?, ?, ?, ?, ?, ?, ?)
    2026-08-18T15:15:13.841+02:00 DEBUG 18700 --- [openex] [       Thread-5] org.hibernate.SQL                        : 
        insert 
        into
            ledger_entries
            (account_id, amount, asset, created_at, entry_type, reference_id, reference_type, id) 
        values
            (?, ?, ?, ?, ?, ?, ?, ?)
    2026-08-18T15:15:13.841+02:00 DEBUG 18700 --- [openex] [       Thread-4] org.hibernate.SQL                        : 
        select
            w1_0.id,
            w1_0.account_id,
            w1_0.asset,
            w1_0.balance,
            w1_0.reserved,
            w1_0.updated_at,
            w1_0.version 
        from
            wallets w1_0 
        where
            w1_0.account_id=? 
            and w1_0.asset=?
    2026-08-18T15:15:13.842+02:00 DEBUG 18700 --- [openex] [       Thread-5] org.hibernate.SQL                        : 
        update
            wallets 
        set
            account_id=?,
            asset=?,
            balance=?,
            reserved=?,
            updated_at=?,
            version=? 
        where
            id=? 
            and version=?
    2026-08-18T15:15:13.842+02:00 DEBUG 18700 --- [openex] [       Thread-4] org.hibernate.SQL                        : 
        select
            le1_0.id,
            le1_0.account_id,
            le1_0.amount,
            le1_0.asset,
            le1_0.created_at,
            le1_0.entry_type,
            le1_0.reference_id,
            le1_0.reference_type 
        from
            ledger_entries le1_0 
        where
            le1_0.id=?
    2026-08-18T15:15:13.843+02:00 DEBUG 18700 --- [openex] [       Thread-4] org.hibernate.SQL                        : 
        select
            le1_0.id,
            le1_0.account_id,
            le1_0.amount,
            le1_0.asset,
            le1_0.created_at,
            le1_0.entry_type,
            le1_0.reference_id,
            le1_0.reference_type 
        from
            ledger_entries le1_0 
        where
            le1_0.id=?
    2026-08-18T15:15:13.844+02:00 DEBUG 18700 --- [openex] [       Thread-4] org.hibernate.SQL                        : 
        insert 
        into
            ledger_entries
            (account_id, amount, asset, created_at, entry_type, reference_id, reference_type, id) 
        values
            (?, ?, ?, ?, ?, ?, ?, ?)
    2026-08-18T15:15:13.845+02:00 DEBUG 18700 --- [openex] [       Thread-4] org.hibernate.SQL                        : 
        insert 
        into
            ledger_entries
            (account_id, amount, asset, created_at, entry_type, reference_id, reference_type, id) 
        values
            (?, ?, ?, ?, ?, ?, ?, ?)
    2026-08-18T15:15:13.846+02:00 DEBUG 18700 --- [openex] [       Thread-4] org.hibernate.SQL                        : 
        update
            wallets 
        set
            account_id=?,
            asset=?,
            balance=?,
            reserved=?,
            updated_at=?,
            version=? 
        where
            id=? 
            and version=?
    2026-08-18T15:15:13.849+02:00 DEBUG 18700 --- [openex] [       Thread-4] org.hibernate.SQL                        : 
        select
            w1_0.id,
            w1_0.account_id,
            w1_0.asset,
            w1_0.balance,
            w1_0.reserved,
            w1_0.updated_at,
            w1_0.version 
        from
            wallets w1_0 
        where
            w1_0.id=?
    2026-08-18T15:15:13.853+02:00 DEBUG 18700 --- [openex] [    Test worker] org.hibernate.SQL                        : 
        select
            w1_0.id,
            w1_0.account_id,
            w1_0.asset,
            w1_0.balance,
            w1_0.reserved,
            w1_0.updated_at,
            w1_0.version 
        from
            wallets w1_0 
        where
            w1_0.account_id=? 
            and w1_0.asset=?
    2026-08-18T15:15:13.855+02:00 DEBUG 18700 --- [openex] [    Test worker] org.hibernate.SQL                        : 
        select
            le1_0.id,
            le1_0.account_id,
            le1_0.amount,
            le1_0.asset,
            le1_0.created_at,
            le1_0.entry_type,
            le1_0.reference_id,
            le1_0.reference_type 
        from
            ledger_entries le1_0
    2026-08-18T15:15:13.868+02:00 DEBUG 18700 --- [openex] [    Test worker] org.hibernate.SQL                        : 
        select
            le1_0.id,
            le1_0.account_id,
            le1_0.amount,
            le1_0.asset,
            le1_0.created_at,
            le1_0.entry_type,
            le1_0.reference_id,
            le1_0.reference_type 
        from
            ledger_entries le1_0 
        where
            le1_0.id=?
    2026-08-18T15:15:13.879+02:00 DEBUG 18700 --- [openex] [    Test worker] org.hibernate.SQL                        : 
        delete 
        from
            ledger_entries 
        where
            id=?
    2026-08-18T15:15:13.886+02:00 DEBUG 18700 --- [openex] [    Test worker] org.hibernate.SQL                        : 
        select
            le1_0.id,
            le1_0.account_id,
            le1_0.amount,
            le1_0.asset,
            le1_0.created_at,
            le1_0.entry_type,
            le1_0.reference_id,
            le1_0.reference_type 
        from
            ledger_entries le1_0 
        where
            le1_0.id=?
    2026-08-18T15:15:13.888+02:00 DEBUG 18700 --- [openex] [    Test worker] org.hibernate.SQL                        : 
        delete 
        from
            ledger_entries 
        where
            id=?
    2026-08-18T15:15:13.889+02:00 DEBUG 18700 --- [openex] [    Test worker] org.hibernate.SQL                        : 
        select
            le1_0.id,
            le1_0.account_id,
            le1_0.amount,
            le1_0.asset,
            le1_0.created_at,
            le1_0.entry_type,
            le1_0.reference_id,
            le1_0.reference_type 
        from
            ledger_entries le1_0 
        where
            le1_0.id=?
    2026-08-18T15:15:13.892+02:00 DEBUG 18700 --- [openex] [    Test worker] org.hibernate.SQL                        : 
        delete 
        from
            ledger_entries 
        where
            id=?
    2026-08-18T15:15:13.894+02:00 DEBUG 18700 --- [openex] [    Test worker] org.hibernate.SQL                        : 
        select
            le1_0.id,
            le1_0.account_id,
            le1_0.amount,
            le1_0.asset,
            le1_0.created_at,
            le1_0.entry_type,
            le1_0.reference_id,
            le1_0.reference_type 
        from
            ledger_entries le1_0 
        where
            le1_0.id=?
    2026-08-18T15:15:13.895+02:00 DEBUG 18700 --- [openex] [    Test worker] org.hibernate.SQL                        : 
        delete 
        from
            ledger_entries 
        where
            id=?
    2026-08-18T15:15:13.897+02:00 DEBUG 18700 --- [openex] [    Test worker] org.hibernate.SQL                        : 
        select
            w1_0.id,
            w1_0.account_id,
            w1_0.asset,
            w1_0.balance,
            w1_0.reserved,
            w1_0.updated_at,
            w1_0.version 
        from
            wallets w1_0 
        where
            w1_0.account_id=? 
            and w1_0.asset=?
    2026-08-18T15:15:13.899+02:00 DEBUG 18700 --- [openex] [    Test worker] org.hibernate.SQL                        : 
        select
            w1_0.id,
            w1_0.account_id,
            w1_0.asset,
            w1_0.balance,
            w1_0.reserved,
            w1_0.updated_at,
            w1_0.version 
        from
            wallets w1_0 
        where
            w1_0.id=?
    2026-08-18T15:15:13.900+02:00 DEBUG 18700 --- [openex] [    Test worker] org.hibernate.SQL                        : 
        delete 
        from
            wallets 
        where
            id=? 
            and version=?

WalletServiceTest > concurrent withdrawals cannot double-spend() PASSED

WalletServiceTest > consumeReserved signals a retryable conflict when reserved is less than requested amount() STANDARD_OUT
    2026-08-18T15:15:13.906+02:00 DEBUG 18700 --- [openex] [    Test worker] org.hibernate.SQL                        : 
        select
            le1_0.id,
            le1_0.account_id,
            le1_0.amount,
            le1_0.asset,
            le1_0.created_at,
            le1_0.entry_type,
            le1_0.reference_id,
            le1_0.reference_type 
        from
            ledger_entries le1_0 
        where
            le1_0.id=?
    2026-08-18T15:15:13.908+02:00 DEBUG 18700 --- [openex] [    Test worker] org.hibernate.SQL                        : 
        select
            le1_0.id,
            le1_0.account_id,
            le1_0.amount,
            le1_0.asset,
            le1_0.created_at,
            le1_0.entry_type,
            le1_0.reference_id,
            le1_0.reference_type 
        from
            ledger_entries le1_0 
        where
            le1_0.id=?
    2026-08-18T15:15:13.909+02:00 DEBUG 18700 --- [openex] [    Test worker] org.hibernate.SQL                        : 
        select
            w1_0.id,
            w1_0.account_id,
            w1_0.asset,
            w1_0.balance,
            w1_0.reserved,
            w1_0.updated_at,
            w1_0.version 
        from
            wallets w1_0 
        where
            w1_0.account_id=? 
            and w1_0.asset=?
    2026-08-18T15:15:13.910+02:00 DEBUG 18700 --- [openex] [    Test worker] org.hibernate.SQL                        : 
        select
            w1_0.id,
            w1_0.account_id,
            w1_0.asset,
            w1_0.balance,
            w1_0.reserved,
            w1_0.updated_at,
            w1_0.version 
        from
            wallets w1_0 
        where
            w1_0.id=?
    2026-08-18T15:15:13.912+02:00 DEBUG 18700 --- [openex] [    Test worker] org.hibernate.SQL                        : 
        insert 
        into
            ledger_entries
            (account_id, amount, asset, created_at, entry_type, reference_id, reference_type, id) 
        values
            (?, ?, ?, ?, ?, ?, ?, ?)
    2026-08-18T15:15:13.913+02:00 DEBUG 18700 --- [openex] [    Test worker] org.hibernate.SQL                        : 
        insert 
        into
            ledger_entries
            (account_id, amount, asset, created_at, entry_type, reference_id, reference_type, id) 
        values
            (?, ?, ?, ?, ?, ?, ?, ?)
    2026-08-18T15:15:13.914+02:00 DEBUG 18700 --- [openex] [    Test worker] org.hibernate.SQL                        : 
        insert 
        into
            wallets
            (account_id, asset, balance, reserved, updated_at, version, id) 
        values
            (?, ?, ?, ?, ?, ?, ?)
    2026-08-18T15:15:13.914+02:00 DEBUG 18700 --- [openex] [    Test worker] org.hibernate.SQL                        : 
        select
            w1_0.id,
            w1_0.account_id,
            w1_0.asset,
            w1_0.balance,
            w1_0.reserved,
            w1_0.updated_at,
            w1_0.version 
        from
            wallets w1_0 
        where
            w1_0.account_id=? 
            and w1_0.asset=?
    2026-08-18T15:15:13.917+02:00 DEBUG 18700 --- [openex] [    Test worker] org.hibernate.SQL                        : 
        update
            wallets 
        set
            account_id=?,
            asset=?,
            balance=?,
            reserved=?,
            updated_at=?,
            version=? 
        where
            id=? 
            and version=?
    2026-08-18T15:15:13.917+02:00 DEBUG 18700 --- [openex] [    Test worker] org.hibernate.SQL                        : 
        select
            w1_0.id,
            w1_0.account_id,
            w1_0.asset,
            w1_0.balance,
            w1_0.reserved,
            w1_0.updated_at,
            w1_0.version 
        from
            wallets w1_0 
        where
            w1_0.account_id=? 
            and w1_0.asset=?

WalletServiceTest > consumeReserved signals a retryable conflict when reserved is less than requested amount() PASSED

WalletServiceTest > consumeReserved decreases reserved without touching balance() STANDARD_OUT
    2026-08-18T15:15:13.925+02:00 DEBUG 18700 --- [openex] [    Test worker] org.hibernate.SQL                        : 
        select
            w1_0.id,
            w1_0.account_id,
            w1_0.asset,
            w1_0.balance,
            w1_0.reserved,
            w1_0.updated_at,
            w1_0.version 
        from
            wallets w1_0 
        where
            w1_0.account_id=? 
            and w1_0.asset=?
    2026-08-18T15:15:13.926+02:00 DEBUG 18700 --- [openex] [    Test worker] org.hibernate.SQL                        : 
        select
            w1_0.id,
            w1_0.account_id,
            w1_0.asset,
            w1_0.balance,
            w1_0.reserved,
            w1_0.updated_at,
            w1_0.version 
        from
            wallets w1_0 
        where
            w1_0.account_id=? 
            and w1_0.asset=?
    2026-08-18T15:15:13.928+02:00 DEBUG 18700 --- [openex] [    Test worker] org.hibernate.SQL                        : 
        update
            wallets 
        set
            account_id=?,
            asset=?,
            balance=?,
            reserved=?,
            updated_at=?,
            version=? 
        where
            id=? 
            and version=?
    2026-08-18T15:15:13.929+02:00 DEBUG 18700 --- [openex] [    Test worker] org.hibernate.SQL                        : 
        select
            w1_0.id,
            w1_0.account_id,
            w1_0.asset,
            w1_0.balance,
            w1_0.reserved,
            w1_0.updated_at,
            w1_0.version 
        from
            wallets w1_0 
        where
            w1_0.account_id=? 
            and w1_0.asset=?
    2026-08-18T15:15:13.930+02:00 DEBUG 18700 --- [openex] [    Test worker] org.hibernate.SQL                        : 
        select
            w1_0.id,
            w1_0.account_id,
            w1_0.asset,
            w1_0.balance,
            w1_0.reserved,
            w1_0.updated_at,
            w1_0.version 
        from
            wallets w1_0 
        where
            w1_0.account_id=? 
            and w1_0.asset=?
    2026-08-18T15:15:13.932+02:00 DEBUG 18700 --- [openex] [    Test worker] org.hibernate.SQL                        : 
        update
            wallets 
        set
            account_id=?,
            asset=?,
            balance=?,
            reserved=?,
            updated_at=?,
            version=? 
        where
            id=? 
            and version=?
    2026-08-18T15:15:13.933+02:00 DEBUG 18700 --- [openex] [    Test worker] org.hibernate.SQL                        : 
        select
            w1_0.id,
            w1_0.account_id,
            w1_0.asset,
            w1_0.balance,
            w1_0.reserved,
            w1_0.updated_at,
            w1_0.version 
        from
            wallets w1_0 
        where
            w1_0.account_id=? 
            and w1_0.asset=?

WalletServiceTest > consumeReserved decreases reserved without touching balance() PASSED

WalletServiceTest > reserve moves funds from balance to reserved without changing total() STANDARD_OUT
    2026-08-18T15:15:13.940+02:00 DEBUG 18700 --- [openex] [    Test worker] org.hibernate.SQL                        : 
        select
            w1_0.id,
            w1_0.account_id,
            w1_0.asset,
            w1_0.balance,
            w1_0.reserved,
            w1_0.updated_at,
            w1_0.version 
        from
            wallets w1_0 
        where
            w1_0.account_id=? 
            and w1_0.asset=?
    2026-08-18T15:15:13.942+02:00 DEBUG 18700 --- [openex] [    Test worker] org.hibernate.SQL                        : 
        select
            w1_0.id,
            w1_0.account_id,
            w1_0.asset,
            w1_0.balance,
            w1_0.reserved,
            w1_0.updated_at,
            w1_0.version 
        from
            wallets w1_0 
        where
            w1_0.account_id=? 
            and w1_0.asset=?
    2026-08-18T15:15:13.944+02:00 DEBUG 18700 --- [openex] [    Test worker] org.hibernate.SQL                        : 
        update
            wallets 
        set
            account_id=?,
            asset=?,
            balance=?,
            reserved=?,
            updated_at=?,
            version=? 
        where
            id=? 
            and version=?
    2026-08-18T15:15:13.944+02:00 DEBUG 18700 --- [openex] [    Test worker] org.hibernate.SQL                        : 
        select
            w1_0.id,
            w1_0.account_id,
            w1_0.asset,
            w1_0.balance,
            w1_0.reserved,
            w1_0.updated_at,
            w1_0.version 
        from
            wallets w1_0 
        where
            w1_0.account_id=? 
            and w1_0.asset=?

WalletServiceTest > reserve moves funds from balance to reserved without changing total() PASSED

WalletServiceTest > reserve rejects when available balance is too low() STANDARD_OUT
    2026-08-18T15:15:13.951+02:00 DEBUG 18700 --- [openex] [    Test worker] org.hibernate.SQL                        : 
        select
            w1_0.id,
            w1_0.account_id,
            w1_0.asset,
            w1_0.balance,
            w1_0.reserved,
            w1_0.updated_at,
            w1_0.version 
        from
            wallets w1_0 
        where
            w1_0.account_id=? 
            and w1_0.asset=?

WalletServiceTest > reserve rejects when available balance is too low() FAILED
    org.opentest4j.AssertionFailedError: Unexpected exception type thrown, expected: <com.openex.core.service.InsufficientFundsException> but was: <java.lang.IllegalArgumentException>
        at app//org.junit.jupiter.api.AssertionFailureBuilder.build(AssertionFailureBuilder.java:151)
        at app//org.junit.jupiter.api.AssertThrows.assertThrows(AssertThrows.java:67)
        at app//org.junit.jupiter.api.AssertThrows.assertThrows(AssertThrows.java:35)
        at app//org.junit.jupiter.api.Assertions.assertThrows(Assertions.java:3115)
        at app//com.openex.core.service.WalletServiceTest.reserve rejects when available balance is too low(WalletServiceTest.kt:149)

        Caused by:
        java.lang.IllegalArgumentException: Reserve amount must be positive
            at com.openex.core.service.WalletService.reserve(WalletService.kt:128)
            at java.base/jdk.internal.reflect.DirectMethodHandleAccessor.invoke(DirectMethodHandleAccessor.java:103)
            at java.base/java.lang.reflect.Method.invoke(Method.java:580)
            at org.springframework.aop.support.AopUtils.invokeJoinpointUsingReflection(AopUtils.java:354)
            at org.springframework.aop.framework.ReflectiveMethodInvocation.invokeJoinpoint(ReflectiveMethodInvocation.java:196)
            at org.springframework.aop.framework.ReflectiveMethodInvocation.proceed(ReflectiveMethodInvocation.java:163)
            at org.springframework.aop.framework.CglibAopProxy$CglibMethodInvocation.proceed(CglibAopProxy.java:768)
            at org.springframework.transaction.interceptor.TransactionAspectSupport.invokeWithinTransaction(TransactionAspectSupport.java:379)
            at org.springframework.transaction.interceptor.TransactionInterceptor.invoke(TransactionInterceptor.java:119)
            at org.springframework.aop.framework.ReflectiveMethodInvocation.proceed(ReflectiveMethodInvocation.java:184)
            at org.springframework.aop.framework.CglibAopProxy$CglibMethodInvocation.proceed(CglibAopProxy.java:768)
            at org.springframework.aop.framework.CglibAopProxy$DynamicAdvisedInterceptor.intercept(CglibAopProxy.java:720)
            at com.openex.core.service.WalletService$$SpringCGLIB$$0.reserve(<generated>)
            at com.openex.core.service.WalletServiceTest.reserve_rejects_when_available_balance_is_too_low$lambda$12(WalletServiceTest.kt:150)
            at org.junit.jupiter.api.AssertThrows.assertThrows(AssertThrows.java:53)
            ... 3 more

WalletServiceTest > release moves funds from reserved back to balance() STANDARD_OUT
    2026-08-18T15:15:13.961+02:00 DEBUG 18700 --- [openex] [    Test worker] org.hibernate.SQL                        : 
        select
            w1_0.id,
            w1_0.account_id,
            w1_0.asset,
            w1_0.balance,
            w1_0.reserved,
            w1_0.updated_at,
            w1_0.version 
        from
            wallets w1_0 
        where
            w1_0.account_id=? 
            and w1_0.asset=?
    2026-08-18T15:15:13.963+02:00 DEBUG 18700 --- [openex] [    Test worker] org.hibernate.SQL                        : 
        select
            w1_0.id,
            w1_0.account_id,
            w1_0.asset,
            w1_0.balance,
            w1_0.reserved,
            w1_0.updated_at,
            w1_0.version 
        from
            wallets w1_0 
        where
            w1_0.account_id=? 
            and w1_0.asset=?
    2026-08-18T15:15:13.964+02:00 DEBUG 18700 --- [openex] [    Test worker] org.hibernate.SQL                        : 
        update
            wallets 
        set
            account_id=?,
            asset=?,
            balance=?,
            reserved=?,
            updated_at=?,
            version=? 
        where
            id=? 
            and version=?
    2026-08-18T15:15:13.965+02:00 DEBUG 18700 --- [openex] [    Test worker] org.hibernate.SQL                        : 
        select
            w1_0.id,
            w1_0.account_id,
            w1_0.asset,
            w1_0.balance,
            w1_0.reserved,
            w1_0.updated_at,
            w1_0.version 
        from
            wallets w1_0 
        where
            w1_0.account_id=? 
            and w1_0.asset=?
    2026-08-18T15:15:13.967+02:00 DEBUG 18700 --- [openex] [    Test worker] org.hibernate.SQL                        : 
        select
            w1_0.id,
            w1_0.account_id,
            w1_0.asset,
            w1_0.balance,
            w1_0.reserved,
            w1_0.updated_at,
            w1_0.version 
        from
            wallets w1_0 
        where
            w1_0.account_id=? 
            and w1_0.asset=?
    2026-08-18T15:15:13.968+02:00 DEBUG 18700 --- [openex] [    Test worker] org.hibernate.SQL                        : 
        update
            wallets 
        set
            account_id=?,
            asset=?,
            balance=?,
            reserved=?,
            updated_at=?,
            version=? 
        where
            id=? 
            and version=?
    2026-08-18T15:15:13.969+02:00 DEBUG 18700 --- [openex] [    Test worker] org.hibernate.SQL                        : 
        select
            w1_0.id,
            w1_0.account_id,
            w1_0.asset,
            w1_0.balance,
            w1_0.reserved,
            w1_0.updated_at,
            w1_0.version 
        from
            wallets w1_0 
        where
            w1_0.account_id=? 
            and w1_0.asset=?

WalletServiceTest > release moves funds from reserved back to balance() PASSED

WalletServiceTest > deposit increases wallet balance() STANDARD_OUT
    2026-08-18T15:15:13.975+02:00 DEBUG 18700 --- [openex] [    Test worker] org.hibernate.SQL                        : 
        select
            w1_0.id,
            w1_0.account_id,
            w1_0.asset,
            w1_0.balance,
            w1_0.reserved,
            w1_0.updated_at,
            w1_0.version 
        from
            wallets w1_0 
        where
            w1_0.account_id=? 
            and w1_0.asset=?
    2026-08-18T15:15:13.976+02:00 DEBUG 18700 --- [openex] [    Test worker] org.hibernate.SQL                        : 
        select
            le1_0.id,
            le1_0.account_id,
            le1_0.amount,
            le1_0.asset,
            le1_0.created_at,
            le1_0.entry_type,
            le1_0.reference_id,
            le1_0.reference_type 
        from
            ledger_entries le1_0 
        where
            le1_0.id=?
    2026-08-18T15:15:13.976+02:00 DEBUG 18700 --- [openex] [    Test worker] org.hibernate.SQL                        : 
        select
            le1_0.id,
            le1_0.account_id,
            le1_0.amount,
            le1_0.asset,
            le1_0.created_at,
            le1_0.entry_type,
            le1_0.reference_id,
            le1_0.reference_type 
        from
            ledger_entries le1_0 
        where
            le1_0.id=?
    2026-08-18T15:15:13.978+02:00 DEBUG 18700 --- [openex] [    Test worker] org.hibernate.SQL                        : 
        select
            w1_0.id,
            w1_0.account_id,
            w1_0.asset,
            w1_0.balance,
            w1_0.reserved,
            w1_0.updated_at,
            w1_0.version 
        from
            wallets w1_0 
        where
            w1_0.account_id=? 
            and w1_0.asset=?
    2026-08-18T15:15:13.979+02:00 DEBUG 18700 --- [openex] [    Test worker] org.hibernate.SQL                        : 
        insert 
        into
            ledger_entries
            (account_id, amount, asset, created_at, entry_type, reference_id, reference_type, id) 
        values
            (?, ?, ?, ?, ?, ?, ?, ?)
    2026-08-18T15:15:13.980+02:00 DEBUG 18700 --- [openex] [    Test worker] org.hibernate.SQL                        : 
        insert 
        into
            ledger_entries
            (account_id, amount, asset, created_at, entry_type, reference_id, reference_type, id) 
        values
            (?, ?, ?, ?, ?, ?, ?, ?)
    2026-08-18T15:15:13.981+02:00 DEBUG 18700 --- [openex] [    Test worker] org.hibernate.SQL                        : 
        update
            wallets 
        set
            account_id=?,
            asset=?,
            balance=?,
            reserved=?,
            updated_at=?,
            version=? 
        where
            id=? 
            and version=?
    2026-08-18T15:15:13.982+02:00 DEBUG 18700 --- [openex] [    Test worker] org.hibernate.SQL                        : 
        select
            w1_0.id,
            w1_0.account_id,
            w1_0.asset,
            w1_0.balance,
            w1_0.reserved,
            w1_0.updated_at,
            w1_0.version 
        from
            wallets w1_0 
        where
            w1_0.account_id=? 
            and w1_0.asset=?

WalletServiceTest > deposit increases wallet balance() PASSED

31 tests completed, 8 failed

FAILURE: Build failed with an exception.

* What went wrong:
Execution failed for task ':test'.
> There were failing tests. See the report at: file:///C:/Users/Capaciti/Documents/Openex/Openx3.0/build/reports/tests/test/index.html

* Try:
> Run with --scan to get full insights.

Deprecated Gradle features were used in this build, making it incompatible with Gradle 9.0.

You can use '--warning-mode all' to show the individual deprecation warnings and determine if they come from your own scripts or plugins.

For more on this, please refer to https://docs.gradle.org/8.8/userguide/command_line_interface.html#sec:command_line_warnings in the Gradle documentation.

BUILD FAILED in 49s
6 actionable tasks: 6 executed
